=== Running multi benchmark: MULTI_SPOT ===
    warmup=2s duration=5s
    recv_mode=recv
Reusing build directory: /home/hep7/project/kairos/zlink/core/build
Using CMake source directory: /home/hep7/project/kairos/zlink

## Effective Options (runner)
- patterns: MULTI_SPOT
- build_dir: /home/hep7/project/kairos/zlink/core/build
- build_mode: reuse
- reuse_build: 1
- clean_build: 0
- runs: 1
- recv_mode: recv
- duration_seconds: 5
- warmup_seconds: 2
- hwm: default(binary)
- send_hwm: default(binary)
- recv_hwm: default(binary)
- sndbuf: default(os)
- rcvbuf: default(os)
- sndtimeo_ms: 200
- rcvtimeo_ms: 200
- pin_cpu: 0
- io_threads: default(policy)
- msg_sizes: 131072
- transports: tls
- results_dir: /home/hep7/project/kairos/zlink/core/perf/results
- results_tag: none
- result_file: /home/hep7/project/kairos/zlink/core/perf/results/multi/report/perf_linux_recv_20260327_101322.txt
- output_file: none
- comparison_script: /home/hep7/project/kairos/zlink/core/perf/run_comparison.py
- python: python3

## Effective Env (runner)
- PYTHONUNBUFFERED: 1
- PERF_RECV_MODE: recv
- PERF_MSG_SIZES: 131072
- PERF_TRANSPORTS: tls
- PERF_NO_AUTOBUILD: 1
- PERF_DISABLE_RESOURCE_METRICS: 0

META,os,Linux 6.6.87.2-microsoft-standard-WSL2
META,cpu,Intel(R) Core(TM) Ultra 7 265K
META,cores,20
META,build,Release
META,commit,b7a68af7
META,timestamp,2026-03-27T10:13:22+09:00
META,load_avg,0.40 3.03 4.01
META,runs,1
META,clients,100

## Effective Options (start)
- runs: 1
- recv_mode: recv
- patterns: MULTI_SPOT
- transports: tls
- msg_sizes: 131072
- warmup_seconds: 2
- active_warmup: 0
- duration_seconds: 5
- clients: 100
- default_clients: 100
- default_stream_clients: 10000
- service_clients: auto
- server_io_threads: 4 (default)
- client_io_threads: 4 (default)
- hwm: 100 (default)
- sndhwm: 100 (default)
- rcvhwm: 100 (default)
- sndbuf: default(os)
- rcvbuf: default(os)
- sndtimeo_ms: 200
- rcvtimeo_ms: 200
- connect_concurrency: 128 (default)
- settle_ms: 500
- connect_ready_timeout_ms: 5000
- monitor_hwm: 1000
- server_ready_timeout_ms: 10000
- server_shutdown_timeout_ms: 5000
- server_bind_port: 0
- transport_transition_ms: 3000
- pattern_transition_ms: 3000
- lat_timeout_ms: 5000
- stream_non_tcp_clients_max: 10000
- disable_resource_metrics: 0
- timeout_seconds: auto
## PATTERN: MULTI_SPOT (one-way)
  > Benchmarking current for MULTI_SPOT...
    Testing tls | 131072B:
      | Size     |         Throughput |      Bandwidth |  Lat.Mean(ms) |   Lat.P95(ms) |   Lat.P99(ms) |  S.CPU% | S.Mem MB | Q.Snd.Max | Q.Rcv.Max | Q.Rcv.End |
      |----------|--------------------|----------------|---------------|---------------|---------------|---------|----------|-----------|-----------|-----------|
[server] [multi-spot-server] phase gate open ts_us=1774574002183521
[server] [multi-spot-server] start wait begin ts_us=1774574002183524 size=131072 timeout_ms=30000
[server] [multi-spot-server] start wait done ts_us=1774574003934628 size=131072
[server] [multi-spot-server] phase start ts_us=1774574003934632 size=131072 phase=1 send=1
[server] [multi-spot-server] phase done ts_us=1774574005934662 size=131072 phase=1 sent=1260484 stop=0 fatal_errno=0
[server] [multi-spot-server] phase start ts_us=1774574005934673 size=131072 phase=2 send=1
[server] [multi-spot-server] phase done ts_us=1774574010934691 size=131072 phase=2 sent=3260823 stop=0 fatal_errno=0
[server] [multi-spot-server] benchmark done ok=1 stop=0 fatal_errno=0
      | 131072B  |    17.428 Kmsg/s |   2284.270 MB/s |   192.870 ms |   243.435 ms |   249.590 ms | 13.311 |  497.523 |         0 |         0 |         0 |
[multi-spot-client] create slots begin ts_us=1774574002185434 slots=100 mode=recv
[multi-spot-client] create slots progress ts_us=1774574002277202 ready_slots=25/100
[multi-spot-client] create slots progress ts_us=1774574002317331 ready_slots=50/100
[multi-spot-client] create slots progress ts_us=1774574002348258 ready_slots=75/100
[multi-spot-client] create slots progress ts_us=1774574002364640 ready_slots=100/100
[multi-spot-client] create slots done ts_us=1774574003922219 slots=100
[multi-spot-client] size wait start ts_us=1774574003922459 size=131072 timeout_ms=30000
[multi-spot-client] transition recv ts_us=1774574003936182 size=131072 phase=1 prev_size=0 prev_phase=0
[multi-spot-client] collect start ts_us=1774574003936218 size=131072
[multi-spot-client] collect done ts_us=1774574011118068 size=131072
[multi-spot-client] metrics merge start ts_us=1774574011118283 size=131072
[multi-spot-client] metrics merge done ts_us=1774574011118444 size=131072 received=87138
    Testing tls: Done

## Effective Options (result)
- runs: 1
- recv_mode: recv
- patterns: MULTI_SPOT
- transports: tls
- msg_sizes: 131072
- warmup_seconds: 2
- active_warmup: 0
- duration_seconds: 5
- clients: 100
- default_clients: 100
- default_stream_clients: 10000
- service_clients: auto
- server_io_threads: 4 (default)
- client_io_threads: 4 (default)
- hwm: 100 (default)
- sndhwm: 100 (default)
- rcvhwm: 100 (default)
- sndbuf: default(os)
- rcvbuf: default(os)
- sndtimeo_ms: 200
- rcvtimeo_ms: 200
- connect_concurrency: 128 (default)
- settle_ms: 500
- connect_ready_timeout_ms: 5000
- monitor_hwm: 1000
- server_ready_timeout_ms: 10000
- server_shutdown_timeout_ms: 5000
- server_bind_port: 0
- transport_transition_ms: 3000
- pattern_transition_ms: 3000
- lat_timeout_ms: 5000
- stream_non_tcp_clients_max: 10000
- disable_resource_metrics: 0
- timeout_seconds: auto

## Result Data
RESULT,current,MULTI_SPOT,tls,131072,bandwidth,2284.270
RESULT,current,MULTI_SPOT,tls,131072,latency,192870.300
RESULT,current,MULTI_SPOT,tls,131072,latency_p95,243434.700
RESULT,current,MULTI_SPOT,tls,131072,latency_p99,249589.910
RESULT,current,MULTI_SPOT,tls,131072,server_cpu_pct,13.540
RESULT,current,MULTI_SPOT,tls,131072,server_mem_mb,497.700
RESULT,current,MULTI_SPOT,tls,131072,server_rcv_pending_end,0.000
RESULT,current,MULTI_SPOT,tls,131072,server_rcv_pending_max,0.000
RESULT,current,MULTI_SPOT,tls,131072,server_snd_pending_max,0.000
RESULT,current,MULTI_SPOT,tls,131072,throughput,17427.600

Saved result file: /home/hep7/project/kairos/zlink/core/perf/results/multi/report/perf_linux_recv_20260327_101322.txt (status=complete)

## Status Summary
- success: 1
- unsupported: 0
- skip: 0
- fail: 0
- expected result lines: 5
- actual result lines: 5
- status: complete
Total benchmark time: 9s (9s, exit=0)
