
This GDB supports auto-downloading debuginfo from the following URLs:
  <https://debuginfod.ubuntu.com>
Enable debuginfod for this session? (y or [n]) [answered N; input not from terminal]
Debuginfod has been disabled.
To make this setting permanent, add 'set debuginfod enabled off' to .gdbinit.
[Thread debugging using libthread_db enabled]
Using host libthread_db library "/lib/x86_64-linux-gnu/libthread_db.so.1".
[New Thread 0x7ffff6dff6c0 (LWP 98693)]
[New Thread 0x7ffff65fe6c0 (LWP 98694)]
[New Thread 0x7ffff5dfd6c0 (LWP 98695)]
[New Thread 0x7ffff55fc6c0 (LWP 98696)]
READY,tcp://127.0.0.1:15557

Thread 3 "ZLINKbg/IO/0" received signal SIGABRT, Aborted.
[Switching to Thread 0x7ffff65fe6c0 (LWP 98694)]
__pthread_kill_implementation (no_tid=0, signo=6, threadid=<optimized out>) at ./nptl/pthread_kill.c:44
#0  __pthread_kill_implementation (no_tid=0, signo=6, threadid=<optimized out>) at ./nptl/pthread_kill.c:44
#1  __pthread_kill_internal (signo=6, threadid=<optimized out>) at ./nptl/pthread_kill.c:78
#2  __GI___pthread_kill (threadid=<optimized out>, signo=signo@entry=6) at ./nptl/pthread_kill.c:89
#3  0x00007ffff744527e in __GI_raise (sig=sig@entry=6) at ../sysdeps/posix/raise.c:26
#4  0x00007ffff74288ff in __GI_abort () at ./stdlib/abort.c:79
#5  0x00007ffff74297b6 in __libc_message_impl (fmt=fmt@entry=0x7ffff75ce8d7 "%s\n") at ../sysdeps/posix/libc_fatal.c:134
#6  0x00007ffff74a8ff5 in malloc_printerr (str=str@entry=0x7ffff75d1b30 "corrupted size vs. prev_size while consolidating") at ./malloc/malloc.c:5775
#7  0x00007ffff74ab154 in _int_free_merge_chunk (av=0x7fffec000030, p=0x7fffed3e96b0, size=2256) at ./malloc/malloc.c:4695
#8  0x00007ffff74ab43a in _int_free (av=0x7fffec000030, p=<optimized out>, have_lock=<optimized out>) at ./malloc/malloc.c:4646
#9  0x00007ffff74addce in __GI___libc_free (mem=0x7fffed3e9b40) at ./malloc/malloc.c:3398
#10 0x00007ffff7cb22d6 in zlink::mailbox_t::recv(zlink::command_t*, int) () from /home/hep7/project/kairos/zlink/core/build/lib/libzlink.so.5
#11 0x00007ffff7cdd95e in zlink::socket_base_t::process_commands(int, bool) () from /home/hep7/project/kairos/zlink/core/build/lib/libzlink.so.5
#12 0x00007ffff7cde490 in zlink::socket_base_t::send(zlink::msg_t*, int) () from /home/hep7/project/kairos/zlink/core/build/lib/libzlink.so.5
#13 0x00007ffff7ca5930 in zlink_stream_send () from /home/hep7/project/kairos/zlink/core/build/lib/libzlink.so.5
#14 0x000055555555a389 in (anonymous namespace)::on_stream_packet(zlink_routing_id_t const*, zlink_msg_t*) ()
#15 0x00007ffff7ce95b0 in zlink::stream_t::xstream_dispatch_msg(zlink::msg_t*, zlink::pipe_t*) () from /home/hep7/project/kairos/zlink/core/build/lib/libzlink.so.5
#16 0x00007ffff7cbc347 in zlink::session_base_t::push_msg(zlink::msg_t*) () from /home/hep7/project/kairos/zlink/core/build/lib/libzlink.so.5
#17 0x00007ffff7cf5a1d in zlink::asio_engine_t::decode_and_push(zlink::msg_t*) () from /home/hep7/project/kairos/zlink/core/build/lib/libzlink.so.5
#18 0x00007ffff7cf3e2f in zlink::asio_engine_t::process_input() () from /home/hep7/project/kairos/zlink/core/build/lib/libzlink.so.5
#19 0x00007ffff7cf47ff in zlink::asio_engine_t::on_read_complete(boost::system::error_code const&, unsigned long) () from /home/hep7/project/kairos/zlink/core/build/lib/libzlink.so.5
#20 0x00007ffff7d0fee3 in boost::asio::detail::reactive_socket_recv_op<boost::asio::mutable_buffer, zlink::tcp_transport_t::async_read_some(unsigned char*, unsigned long, std::function<void (boost::system::error_code const&, unsigned long)>)::{lambda(boost::system::error_code const&, unsigned long)#2}, boost::asio::any_io_executor>::do_complete(void*, boost::asio::detail::scheduler_operation*, boost::system::error_code const&, unsigned long) () from /home/hep7/project/kairos/zlink/core/build/lib/libzlink.so.5
#21 0x00007ffff7d00048 in zlink::asio_poller_t::loop() () from /home/hep7/project/kairos/zlink/core/build/lib/libzlink.so.5
#22 0x00007ffff7cb2a40 in thread_routine () from /home/hep7/project/kairos/zlink/core/build/lib/libzlink.so.5
#23 0x00007ffff749caa4 in start_thread (arg=<optimized out>) at ./nptl/pthread_create.c:447
#24 0x00007ffff7529c6c in clone3 () at ../sysdeps/unix/sysv/linux/x86_64/clone3.S:78
