=== Verifying stress test registration ===
=== Stress test registration verified ===
=== Repeating test_service_introspection_discovery_control_path (1 iterations) ===
--- test_service_introspection_discovery_control_path iteration 1/1 ---
Internal ctest changing into directory: /home/hep7/project/kairos/zlink/core/build
Test project /home/hep7/project/kairos/zlink/core/build
    Start 57: test_service_introspection_discovery_control_path
1/1 Test #57: test_service_introspection_discovery_control_path ...   Passed    0.02 sec

100% tests passed, 0 tests failed out of 1

Total Test time (real) =   0.02 sec
=== Repeating test_service_introspection_discovery_ordering (1 iterations) ===
--- test_service_introspection_discovery_ordering iteration 1/1 ---
Internal ctest changing into directory: /home/hep7/project/kairos/zlink/core/build
Test project /home/hep7/project/kairos/zlink/core/build
    Start 50: test_service_introspection_discovery_ordering
1/1 Test #50: test_service_introspection_discovery_ordering ...   Passed    0.04 sec

100% tests passed, 0 tests failed out of 1

Total Test time (real) =   0.04 sec
=== Repeating test_service_introspection_discovery_self_close (1 iterations) ===
--- test_service_introspection_discovery_self_close iteration 1/1 ---
Internal ctest changing into directory: /home/hep7/project/kairos/zlink/core/build
Test project /home/hep7/project/kairos/zlink/core/build
    Start 51: test_service_introspection_discovery_self_close
1/1 Test #51: test_service_introspection_discovery_self_close ...   Passed    0.03 sec

100% tests passed, 0 tests failed out of 1

Total Test time (real) =   0.03 sec
=== Repeating test_service_introspection_discovery_lifecycle (1 iterations) ===
--- test_service_introspection_discovery_lifecycle iteration 1/1 ---
Internal ctest changing into directory: /home/hep7/project/kairos/zlink/core/build
Test project /home/hep7/project/kairos/zlink/core/build
    Start 53: test_service_introspection_discovery_lifecycle
1/1 Test #53: test_service_introspection_discovery_lifecycle ...   Passed    0.01 sec

100% tests passed, 0 tests failed out of 1

Total Test time (real) =   0.01 sec
=== Repeating test_service_introspection_registry_lifecycle (1 iterations) ===
--- test_service_introspection_registry_lifecycle iteration 1/1 ---
Internal ctest changing into directory: /home/hep7/project/kairos/zlink/core/build
Test project /home/hep7/project/kairos/zlink/core/build
    Start 54: test_service_introspection_registry_lifecycle
1/1 Test #54: test_service_introspection_registry_lifecycle ...   Passed    0.01 sec

100% tests passed, 0 tests failed out of 1

Total Test time (real) =   0.01 sec
=== Repeating test_service_introspection_registry_query_lifecycle (1 iterations) ===
--- test_service_introspection_registry_query_lifecycle iteration 1/1 ---
Internal ctest changing into directory: /home/hep7/project/kairos/zlink/core/build
Test project /home/hep7/project/kairos/zlink/core/build
    Start 55: test_service_introspection_registry_query_lifecycle
1/1 Test #55: test_service_introspection_registry_query_lifecycle ...   Passed    0.01 sec

100% tests passed, 0 tests failed out of 1

Total Test time (real) =   0.01 sec
=== Repeating test_gateway_runtime_reads (1 iterations) ===
--- test_gateway_runtime_reads iteration 1/1 ---
Internal ctest changing into directory: /home/hep7/project/kairos/zlink/core/build
Test project /home/hep7/project/kairos/zlink/core/build
    Start 100: test_gateway_runtime_reads
1/1 Test #100: test_gateway_runtime_reads .......   Passed    0.03 sec

100% tests passed, 0 tests failed out of 1

Label Time Summary:
integration    =   0.03 sec*proc (1 test)
serial         =   0.03 sec*proc (1 test)

Total Test time (real) =   0.03 sec
=== Repeating test_gateway_send_plane_updates (1 iterations) ===
--- test_gateway_send_plane_updates iteration 1/1 ---
Internal ctest changing into directory: /home/hep7/project/kairos/zlink/core/build
Test project /home/hep7/project/kairos/zlink/core/build
    Start 102: test_gateway_send_plane_updates
1/1 Test #102: test_gateway_send_plane_updates ...   Passed   22.22 sec

100% tests passed, 0 tests failed out of 1

Label Time Summary:
regression    =  22.22 sec*proc (1 test)
serial        =  22.22 sec*proc (1 test)

Total Test time (real) =  22.23 sec
=== Repeating test_gateway_attach_query_ordering (1 iterations) ===
--- test_gateway_attach_query_ordering iteration 1/1 ---
Internal ctest changing into directory: /home/hep7/project/kairos/zlink/core/build
Test project /home/hep7/project/kairos/zlink/core/build
    Start 103: test_gateway_attach_query_ordering
1/1 Test #103: test_gateway_attach_query_ordering ...   Passed    0.01 sec

100% tests passed, 0 tests failed out of 1

Label Time Summary:
integration    =   0.01 sec*proc (1 test)
serial         =   0.01 sec*proc (1 test)

Total Test time (real) =   0.02 sec
=== Repeating test_gateway_send_ready_self_close (1 iterations) ===
--- test_gateway_send_ready_self_close iteration 1/1 ---
Internal ctest changing into directory: /home/hep7/project/kairos/zlink/core/build
Test project /home/hep7/project/kairos/zlink/core/build
    Start 99: test_gateway_send_ready_self_close
1/1 Test #99: test_gateway_send_ready_self_close ...   Passed    0.03 sec

100% tests passed, 0 tests failed out of 1

Label Time Summary:
integration    =   0.03 sec*proc (1 test)
serial         =   0.03 sec*proc (1 test)

Total Test time (real) =   0.03 sec
=== Repeating test_gateway_monitor_self_close (1 iterations) ===
--- test_gateway_monitor_self_close iteration 1/1 ---
Internal ctest changing into directory: /home/hep7/project/kairos/zlink/core/build
Test project /home/hep7/project/kairos/zlink/core/build
    Start 104: test_gateway_monitor_self_close
1/1 Test #104: test_gateway_monitor_self_close ...   Passed    0.03 sec

100% tests passed, 0 tests failed out of 1

Label Time Summary:
integration    =   0.03 sec*proc (1 test)
serial         =   0.03 sec*proc (1 test)

Total Test time (real) =   0.03 sec
=== Repeating test_spot_service_introspection_monitors (1 iterations) ===
--- test_spot_service_introspection_monitors iteration 1/1 ---
Internal ctest changing into directory: /home/hep7/project/kairos/zlink/core/build
Test project /home/hep7/project/kairos/zlink/core/build
    Start 73: test_spot_service_introspection_monitors
1/1 Test #73: test_spot_service_introspection_monitors ...   Passed    4.57 sec

100% tests passed, 0 tests failed out of 1

Label Time Summary:
integration    =   4.57 sec*proc (1 test)
serial         =   4.57 sec*proc (1 test)

Total Test time (real) =   4.58 sec
=== Repeating test_spot_service_introspection_late_connect (1 iterations) ===
--- test_spot_service_introspection_late_connect iteration 1/1 ---
Internal ctest changing into directory: /home/hep7/project/kairos/zlink/core/build
Test project /home/hep7/project/kairos/zlink/core/build
    Start 74: test_spot_service_introspection_late_connect
1/1 Test #74: test_spot_service_introspection_late_connect ...   Passed    4.59 sec

100% tests passed, 0 tests failed out of 1

Label Time Summary:
integration    =   4.59 sec*proc (1 test)
serial         =   4.59 sec*proc (1 test)

Total Test time (real) =   4.59 sec
=== Repeating test_spot_service_introspection_subscription_ready_loss (1 iterations) ===
--- test_spot_service_introspection_subscription_ready_loss iteration 1/1 ---
Internal ctest changing into directory: /home/hep7/project/kairos/zlink/core/build
Test project /home/hep7/project/kairos/zlink/core/build
    Start 75: test_spot_service_introspection_subscription_ready_loss
1/1 Test #75: test_spot_service_introspection_subscription_ready_loss ...   Passed    4.57 sec

100% tests passed, 0 tests failed out of 1

Label Time Summary:
integration    =   4.57 sec*proc (1 test)
serial         =   4.57 sec*proc (1 test)

Total Test time (real) =   4.58 sec
=== Repeating test_spot_service_introspection_handler_monitor_close (1 iterations) ===
--- test_spot_service_introspection_handler_monitor_close iteration 1/1 ---
Internal ctest changing into directory: /home/hep7/project/kairos/zlink/core/build
Test project /home/hep7/project/kairos/zlink/core/build
    Start 76: test_spot_service_introspection_handler_monitor_close
1/1 Test #76: test_spot_service_introspection_handler_monitor_close ...   Passed   21.25 sec

100% tests passed, 0 tests failed out of 1

Label Time Summary:
integration    =  21.25 sec*proc (1 test)
serial         =  21.25 sec*proc (1 test)

Total Test time (real) =  21.26 sec
=== Repeating test_spot_service_introspection_snapshots (1 iterations) ===
--- test_spot_service_introspection_snapshots iteration 1/1 ---
Internal ctest changing into directory: /home/hep7/project/kairos/zlink/core/build
Test project /home/hep7/project/kairos/zlink/core/build
    Start 82: test_spot_service_introspection_snapshots
1/1 Test #82: test_spot_service_introspection_snapshots ...   Passed    4.61 sec

100% tests passed, 0 tests failed out of 1

Label Time Summary:
integration    =   4.61 sec*proc (1 test)
serial         =   4.61 sec*proc (1 test)

Total Test time (real) =   4.62 sec
=== Thread-safe contract stress completed ===
