=== Verifying stress test registration ===
=== Stress test registration verified ===
=== Repeating test_service_introspection_discovery_control_path (1 iterations) ===
Internal ctest changing into directory: /home/hep7/project/kairos/zlink/core/build
Test project /home/hep7/project/kairos/zlink/core/build
    Start 57: test_service_introspection_discovery_control_path
1/1 Test #57: test_service_introspection_discovery_control_path ...   Passed    0.03 sec

100% tests passed, 0 tests failed out of 1

Total Test time (real) =   0.03 sec
=== Repeating test_service_introspection_discovery_ordering (1 iterations) ===
Internal ctest changing into directory: /home/hep7/project/kairos/zlink/core/build
Test project /home/hep7/project/kairos/zlink/core/build
    Start 50: test_service_introspection_discovery_ordering
1/1 Test #50: test_service_introspection_discovery_ordering ...   Passed    0.04 sec

100% tests passed, 0 tests failed out of 1

Total Test time (real) =   0.04 sec
=== Repeating test_service_introspection_discovery_self_close (1 iterations) ===
Internal ctest changing into directory: /home/hep7/project/kairos/zlink/core/build
Test project /home/hep7/project/kairos/zlink/core/build
    Start 51: test_service_introspection_discovery_self_close
1/1 Test #51: test_service_introspection_discovery_self_close ...   Passed    0.03 sec

100% tests passed, 0 tests failed out of 1

Total Test time (real) =   0.03 sec
=== Repeating test_service_introspection_discovery_lifecycle (1 iterations) ===
Internal ctest changing into directory: /home/hep7/project/kairos/zlink/core/build
Test project /home/hep7/project/kairos/zlink/core/build
    Start 53: test_service_introspection_discovery_lifecycle
1/1 Test #53: test_service_introspection_discovery_lifecycle ...   Passed    0.01 sec

100% tests passed, 0 tests failed out of 1

Total Test time (real) =   0.01 sec
=== Repeating test_service_introspection_registry_lifecycle (1 iterations) ===
Internal ctest changing into directory: /home/hep7/project/kairos/zlink/core/build
Test project /home/hep7/project/kairos/zlink/core/build
    Start 54: test_service_introspection_registry_lifecycle
1/1 Test #54: test_service_introspection_registry_lifecycle ...   Passed    0.01 sec

100% tests passed, 0 tests failed out of 1

Total Test time (real) =   0.01 sec
=== Repeating test_service_introspection_registry_query_lifecycle (1 iterations) ===
Internal ctest changing into directory: /home/hep7/project/kairos/zlink/core/build
Test project /home/hep7/project/kairos/zlink/core/build
    Start 55: test_service_introspection_registry_query_lifecycle
1/1 Test #55: test_service_introspection_registry_query_lifecycle ...   Passed    0.01 sec

100% tests passed, 0 tests failed out of 1

Total Test time (real) =   0.01 sec
=== Repeating test_gateway_runtime_reads (1 iterations) ===
Internal ctest changing into directory: /home/hep7/project/kairos/zlink/core/build
Test project /home/hep7/project/kairos/zlink/core/build
    Start 97: test_gateway_runtime_reads
1/1 Test #97: test_gateway_runtime_reads .......   Passed    0.03 sec

100% tests passed, 0 tests failed out of 1

Label Time Summary:
integration    =   0.03 sec*proc (1 test)
serial         =   0.03 sec*proc (1 test)

Total Test time (real) =   0.03 sec
=== Repeating test_gateway_send_plane_updates (1 iterations) ===
Internal ctest changing into directory: /home/hep7/project/kairos/zlink/core/build
Test project /home/hep7/project/kairos/zlink/core/build
    Start 98: test_gateway_send_plane_updates
1/1 Test #98: test_gateway_send_plane_updates ...   Passed   24.28 sec

100% tests passed, 0 tests failed out of 1

Label Time Summary:
regression    =  24.28 sec*proc (1 test)
serial        =  24.28 sec*proc (1 test)

Total Test time (real) =  24.29 sec
=== Repeating test_gateway_attach_query_ordering (1 iterations) ===
Internal ctest changing into directory: /home/hep7/project/kairos/zlink/core/build
Test project /home/hep7/project/kairos/zlink/core/build
    Start 99: test_gateway_attach_query_ordering
1/1 Test #99: test_gateway_attach_query_ordering ...   Passed    0.02 sec

100% tests passed, 0 tests failed out of 1

Label Time Summary:
integration    =   0.02 sec*proc (1 test)
serial         =   0.02 sec*proc (1 test)

Total Test time (real) =   0.03 sec
=== Repeating test_gateway_send_ready_self_close (1 iterations) ===
Internal ctest changing into directory: /home/hep7/project/kairos/zlink/core/build
Test project /home/hep7/project/kairos/zlink/core/build
    Start 96: test_gateway_send_ready_self_close
1/1 Test #96: test_gateway_send_ready_self_close ...   Passed    2.03 sec

100% tests passed, 0 tests failed out of 1

Label Time Summary:
integration    =   2.03 sec*proc (1 test)
serial         =   2.03 sec*proc (1 test)

Total Test time (real) =   2.03 sec
=== Repeating test_gateway_monitor_self_close (1 iterations) ===
Internal ctest changing into directory: /home/hep7/project/kairos/zlink/core/build
Test project /home/hep7/project/kairos/zlink/core/build
    Start 100: test_gateway_monitor_self_close
1/1 Test #100: test_gateway_monitor_self_close ...   Passed    0.03 sec

100% tests passed, 0 tests failed out of 1

Label Time Summary:
integration    =   0.03 sec*proc (1 test)
serial         =   0.03 sec*proc (1 test)

Total Test time (real) =   0.03 sec
=== Repeating test_spot_service_introspection_monitors (1 iterations) ===
Internal ctest changing into directory: /home/hep7/project/kairos/zlink/core/build
Test project /home/hep7/project/kairos/zlink/core/build
    Start 72: test_spot_service_introspection_monitors
1/1 Test #72: test_spot_service_introspection_monitors ...   Passed    4.57 sec

100% tests passed, 0 tests failed out of 1

Label Time Summary:
integration    =   4.57 sec*proc (1 test)
serial         =   4.57 sec*proc (1 test)

Total Test time (real) =   4.57 sec
=== Repeating test_spot_service_introspection_late_connect (1 iterations) ===
Internal ctest changing into directory: /home/hep7/project/kairos/zlink/core/build
Test project /home/hep7/project/kairos/zlink/core/build
    Start 73: test_spot_service_introspection_late_connect
1/1 Test #73: test_spot_service_introspection_late_connect ...   Passed    4.63 sec

100% tests passed, 0 tests failed out of 1

Label Time Summary:
integration    =   4.63 sec*proc (1 test)
serial         =   4.63 sec*proc (1 test)

Total Test time (real) =   4.63 sec
=== Repeating test_spot_service_introspection_subscription_ready_loss (1 iterations) ===
Internal ctest changing into directory: /home/hep7/project/kairos/zlink/core/build
Test project /home/hep7/project/kairos/zlink/core/build
    Start 74: test_spot_service_introspection_subscription_ready_loss
1/1 Test #74: test_spot_service_introspection_subscription_ready_loss ...   Passed    4.62 sec

100% tests passed, 0 tests failed out of 1

Label Time Summary:
integration    =   4.62 sec*proc (1 test)
serial         =   4.62 sec*proc (1 test)

Total Test time (real) =   4.62 sec
=== Repeating test_spot_service_introspection_snapshots (1 iterations) ===
Internal ctest changing into directory: /home/hep7/project/kairos/zlink/core/build
Test project /home/hep7/project/kairos/zlink/core/build
    Start 79: test_spot_service_introspection_snapshots
1/1 Test #79: test_spot_service_introspection_snapshots ...   Passed    4.61 sec

100% tests passed, 0 tests failed out of 1

Label Time Summary:
integration    =   4.61 sec*proc (1 test)
serial         =   4.61 sec*proc (1 test)

Total Test time (real) =   4.61 sec
=== Thread-safe contract stress completed ===
