=== iteration 1 start 2026-03-24 05:50:25 +0900 ===
[gateway] destroy_server_gateway: gateway destroy begin
[gateway] destroy_server_gateway: gateway destroy end
[gateway] destroy_server_gateway: discovery destroy begin
[gateway] destroy_server_gateway: discovery destroy end
/home/hep7/project/kairos/zlink/core/tests/e2e/discovery/test_gateway.cpp:2481:test_gateway_send_ready_handler_self_close_is_safe:PASS

-----------------------
1 Tests 0 Failures 0 Ignored 
OK
=== iteration 1 ok 2026-03-24 05:50:25 +0900 ===
=== iteration 2 start 2026-03-24 05:50:25 +0900 ===
[gateway] destroy_server_gateway: gateway destroy begin
[gateway] destroy_server_gateway: gateway destroy end
[gateway] destroy_server_gateway: discovery destroy begin
[gateway] destroy_server_gateway: discovery destroy end
/home/hep7/project/kairos/zlink/core/tests/e2e/discovery/test_gateway.cpp:2481:test_gateway_send_ready_handler_self_close_is_safe:PASS

-----------------------
1 Tests 0 Failures 0 Ignored 
OK
=== iteration 2 ok 2026-03-24 05:50:33 +0900 ===
=== iteration 3 start 2026-03-24 05:50:33 +0900 ===
[gateway] destroy_server_gateway: gateway destroy begin
[gateway] destroy_server_gateway: gateway destroy end
[gateway] destroy_server_gateway: discovery destroy begin
[gateway] destroy_server_gateway: discovery destroy end
/home/hep7/project/kairos/zlink/core/tests/e2e/discovery/test_gateway.cpp:2481:test_gateway_send_ready_handler_self_close_is_safe:PASS

-----------------------
1 Tests 0 Failures 0 Ignored 
OK
=== iteration 3 ok 2026-03-24 05:50:33 +0900 ===
=== iteration 4 start 2026-03-24 05:50:33 +0900 ===
[gateway] destroy_server_gateway: gateway destroy begin
[gateway] destroy_server_gateway: gateway destroy end
[gateway] destroy_server_gateway: discovery destroy begin
[gateway] destroy_server_gateway: discovery destroy end
/home/hep7/project/kairos/zlink/core/tests/e2e/discovery/test_gateway.cpp:2481:test_gateway_send_ready_handler_self_close_is_safe:PASS

-----------------------
1 Tests 0 Failures 0 Ignored 
OK
=== iteration 4 ok 2026-03-24 05:50:35 +0900 ===
=== iteration 5 start 2026-03-24 05:50:35 +0900 ===
[gateway] destroy_server_gateway: gateway destroy begin
[gateway] destroy_server_gateway: gateway destroy end
[gateway] destroy_server_gateway: discovery destroy begin
[gateway] destroy_server_gateway: discovery destroy end
/home/hep7/project/kairos/zlink/core/tests/e2e/discovery/test_gateway.cpp:2481:test_gateway_send_ready_handler_self_close_is_safe:PASS

-----------------------
1 Tests 0 Failures 0 Ignored 
OK
=== iteration 5 ok 2026-03-24 05:50:40 +0900 ===
=== iteration 6 start 2026-03-24 05:50:40 +0900 ===
[gateway] destroy_server_gateway: gateway destroy begin
[gateway] destroy_server_gateway: gateway destroy end
[gateway] destroy_server_gateway: discovery destroy begin
[gateway] destroy_server_gateway: discovery destroy end
/home/hep7/project/kairos/zlink/core/tests/e2e/discovery/test_gateway.cpp:2481:test_gateway_send_ready_handler_self_close_is_safe:PASS

-----------------------
1 Tests 0 Failures 0 Ignored 
OK
=== iteration 6 ok 2026-03-24 05:50:42 +0900 ===
=== iteration 7 start 2026-03-24 05:50:42 +0900 ===
[gateway] destroy_server_gateway: gateway destroy begin
[gateway] destroy_server_gateway: gateway destroy end
[gateway] destroy_server_gateway: discovery destroy begin
[gateway] destroy_server_gateway: discovery destroy end
/home/hep7/project/kairos/zlink/core/tests/e2e/discovery/test_gateway.cpp:2481:test_gateway_send_ready_handler_self_close_is_safe:PASS

-----------------------
1 Tests 0 Failures 0 Ignored 
OK
=== iteration 7 ok 2026-03-24 05:50:42 +0900 ===
=== iteration 8 start 2026-03-24 05:50:42 +0900 ===
[gateway] destroy_server_gateway: gateway destroy begin
[gateway] destroy_server_gateway: gateway destroy end
[gateway] destroy_server_gateway: discovery destroy begin
[gateway] destroy_server_gateway: discovery destroy end
/home/hep7/project/kairos/zlink/core/tests/e2e/discovery/test_gateway.cpp:2481:test_gateway_send_ready_handler_self_close_is_safe:PASS

-----------------------
1 Tests 0 Failures 0 Ignored 
OK
=== iteration 8 ok 2026-03-24 05:50:42 +0900 ===
=== iteration 9 start 2026-03-24 05:50:42 +0900 ===
[gateway] destroy_server_gateway: gateway destroy begin
[gateway] destroy_server_gateway: gateway destroy end
[gateway] destroy_server_gateway: discovery destroy begin
[gateway] destroy_server_gateway: discovery destroy end
/home/hep7/project/kairos/zlink/core/tests/e2e/discovery/test_gateway.cpp:2481:test_gateway_send_ready_handler_self_close_is_safe:PASS

-----------------------
1 Tests 0 Failures 0 Ignored 
OK
=== iteration 9 ok 2026-03-24 05:50:42 +0900 ===
=== iteration 10 start 2026-03-24 05:50:42 +0900 ===
[gateway] destroy_server_gateway: gateway destroy begin
[gateway] destroy_server_gateway: gateway destroy end
[gateway] destroy_server_gateway: discovery destroy begin
[gateway] destroy_server_gateway: discovery destroy end
/home/hep7/project/kairos/zlink/core/tests/e2e/discovery/test_gateway.cpp:2481:test_gateway_send_ready_handler_self_close_is_safe:PASS

-----------------------
1 Tests 0 Failures 0 Ignored 
OK
=== iteration 10 ok 2026-03-24 05:50:44 +0900 ===
=== iteration 11 start 2026-03-24 05:50:44 +0900 ===
[gateway] destroy_server_gateway: gateway destroy begin
[gateway] destroy_server_gateway: gateway destroy end
[gateway] destroy_server_gateway: discovery destroy begin
[gateway] destroy_server_gateway: discovery destroy end
/home/hep7/project/kairos/zlink/core/tests/e2e/discovery/test_gateway.cpp:2481:test_gateway_send_ready_handler_self_close_is_safe:PASS

-----------------------
1 Tests 0 Failures 0 Ignored 
OK
=== iteration 11 ok 2026-03-24 05:50:46 +0900 ===
=== iteration 12 start 2026-03-24 05:50:46 +0900 ===
[gateway] destroy_server_gateway: gateway destroy begin
[gateway] destroy_server_gateway: gateway destroy end
[gateway] destroy_server_gateway: discovery destroy begin
[gateway] destroy_server_gateway: discovery destroy end
/home/hep7/project/kairos/zlink/core/tests/e2e/discovery/test_gateway.cpp:2481:test_gateway_send_ready_handler_self_close_is_safe:PASS

-----------------------
1 Tests 0 Failures 0 Ignored 
OK
=== iteration 12 ok 2026-03-24 05:50:48 +0900 ===
=== iteration 13 start 2026-03-24 05:50:48 +0900 ===
[gateway] destroy_server_gateway: gateway destroy begin
[gateway] destroy_server_gateway: gateway destroy end
[gateway] destroy_server_gateway: discovery destroy begin
[gateway] destroy_server_gateway: discovery destroy end
/home/hep7/project/kairos/zlink/core/tests/e2e/discovery/test_gateway.cpp:2481:test_gateway_send_ready_handler_self_close_is_safe:PASS

-----------------------
1 Tests 0 Failures 0 Ignored 
OK
=== iteration 13 ok 2026-03-24 05:50:48 +0900 ===
=== iteration 14 start 2026-03-24 05:50:48 +0900 ===
[gateway] destroy_server_gateway: gateway destroy begin
[gateway] destroy_server_gateway: gateway destroy end
[gateway] destroy_server_gateway: discovery destroy begin
[gateway] destroy_server_gateway: discovery destroy end
/home/hep7/project/kairos/zlink/core/tests/e2e/discovery/test_gateway.cpp:2481:test_gateway_send_ready_handler_self_close_is_safe:PASS

-----------------------
1 Tests 0 Failures 0 Ignored 
OK
=== iteration 14 ok 2026-03-24 05:50:50 +0900 ===
=== iteration 15 start 2026-03-24 05:50:50 +0900 ===
[gateway] destroy_server_gateway: gateway destroy begin
[gateway] destroy_server_gateway: gateway destroy end
[gateway] destroy_server_gateway: discovery destroy begin
[gateway] destroy_server_gateway: discovery destroy end
/home/hep7/project/kairos/zlink/core/tests/e2e/discovery/test_gateway.cpp:2481:test_gateway_send_ready_handler_self_close_is_safe:PASS

-----------------------
1 Tests 0 Failures 0 Ignored 
OK
=== iteration 15 ok 2026-03-24 05:50:52 +0900 ===
=== iteration 16 start 2026-03-24 05:50:52 +0900 ===
[gateway] destroy_server_gateway: gateway destroy begin
[gateway] destroy_server_gateway: gateway destroy end
[gateway] destroy_server_gateway: discovery destroy begin
[gateway] destroy_server_gateway: discovery destroy end
/home/hep7/project/kairos/zlink/core/tests/e2e/discovery/test_gateway.cpp:2481:test_gateway_send_ready_handler_self_close_is_safe:PASS

-----------------------
1 Tests 0 Failures 0 Ignored 
OK
=== iteration 16 ok 2026-03-24 05:50:52 +0900 ===
=== iteration 17 start 2026-03-24 05:50:52 +0900 ===
[gateway] destroy_server_gateway: gateway destroy begin
[gateway] destroy_server_gateway: gateway destroy end
[gateway] destroy_server_gateway: discovery destroy begin
[gateway] destroy_server_gateway: discovery destroy end
/home/hep7/project/kairos/zlink/core/tests/e2e/discovery/test_gateway.cpp:2481:test_gateway_send_ready_handler_self_close_is_safe:PASS

-----------------------
1 Tests 0 Failures 0 Ignored 
OK
=== iteration 17 ok 2026-03-24 05:50:56 +0900 ===
=== iteration 18 start 2026-03-24 05:50:56 +0900 ===
[gateway] destroy_server_gateway: gateway destroy begin
[gateway] destroy_server_gateway: gateway destroy end
[gateway] destroy_server_gateway: discovery destroy begin
[gateway] destroy_server_gateway: discovery destroy end
/home/hep7/project/kairos/zlink/core/tests/e2e/discovery/test_gateway.cpp:2481:test_gateway_send_ready_handler_self_close_is_safe:PASS

-----------------------
1 Tests 0 Failures 0 Ignored 
OK
=== iteration 18 ok 2026-03-24 05:51:00 +0900 ===
=== iteration 19 start 2026-03-24 05:51:00 +0900 ===
[gateway] destroy_server_gateway: gateway destroy begin
[gateway] destroy_server_gateway: gateway destroy end
[gateway] destroy_server_gateway: discovery destroy begin
[gateway] destroy_server_gateway: discovery destroy end
/home/hep7/project/kairos/zlink/core/tests/e2e/discovery/test_gateway.cpp:2481:test_gateway_send_ready_handler_self_close_is_safe:PASS

-----------------------
1 Tests 0 Failures 0 Ignored 
OK
=== iteration 19 ok 2026-03-24 05:51:04 +0900 ===
=== iteration 20 start 2026-03-24 05:51:04 +0900 ===
[gateway] destroy_server_gateway: gateway destroy begin
[gateway] destroy_server_gateway: gateway destroy end
[gateway] destroy_server_gateway: discovery destroy begin
[gateway] destroy_server_gateway: discovery destroy end
/home/hep7/project/kairos/zlink/core/tests/e2e/discovery/test_gateway.cpp:2481:test_gateway_send_ready_handler_self_close_is_safe:PASS

-----------------------
1 Tests 0 Failures 0 Ignored 
OK
=== iteration 20 ok 2026-03-24 05:51:07 +0900 ===
=== iteration 21 start 2026-03-24 05:51:07 +0900 ===
[gateway] destroy_server_gateway: gateway destroy begin
[gateway] destroy_server_gateway: gateway destroy end
[gateway] destroy_server_gateway: discovery destroy begin
[gateway] destroy_server_gateway: discovery destroy end
/home/hep7/project/kairos/zlink/core/tests/e2e/discovery/test_gateway.cpp:2481:test_gateway_send_ready_handler_self_close_is_safe:PASS

-----------------------
1 Tests 0 Failures 0 Ignored 
OK
=== iteration 21 ok 2026-03-24 05:51:09 +0900 ===
=== iteration 22 start 2026-03-24 05:51:09 +0900 ===
[gateway] destroy_server_gateway: gateway destroy begin
[gateway] destroy_server_gateway: gateway destroy end
[gateway] destroy_server_gateway: discovery destroy begin
[gateway] destroy_server_gateway: discovery destroy end
/home/hep7/project/kairos/zlink/core/tests/e2e/discovery/test_gateway.cpp:2481:test_gateway_send_ready_handler_self_close_is_safe:PASS

-----------------------
1 Tests 0 Failures 0 Ignored 
OK
=== iteration 22 ok 2026-03-24 05:51:09 +0900 ===
=== iteration 23 start 2026-03-24 05:51:09 +0900 ===
[gateway] destroy_server_gateway: gateway destroy begin
[gateway] destroy_server_gateway: gateway destroy end
[gateway] destroy_server_gateway: discovery destroy begin
[gateway] destroy_server_gateway: discovery destroy end
/home/hep7/project/kairos/zlink/core/tests/e2e/discovery/test_gateway.cpp:2481:test_gateway_send_ready_handler_self_close_is_safe:PASS

-----------------------
1 Tests 0 Failures 0 Ignored 
OK
=== iteration 23 ok 2026-03-24 05:51:08 +0900 ===
=== iteration 24 start 2026-03-24 05:51:08 +0900 ===
[gateway] destroy_server_gateway: gateway destroy begin
[gateway] destroy_server_gateway: gateway destroy end
[gateway] destroy_server_gateway: discovery destroy begin
[gateway] destroy_server_gateway: discovery destroy end
/home/hep7/project/kairos/zlink/core/tests/e2e/discovery/test_gateway.cpp:2481:test_gateway_send_ready_handler_self_close_is_safe:PASS

-----------------------
1 Tests 0 Failures 0 Ignored 
OK
=== iteration 24 ok 2026-03-24 05:51:12 +0900 ===
=== iteration 25 start 2026-03-24 05:51:12 +0900 ===
[gateway] destroy_server_gateway: gateway destroy begin
[gateway] destroy_server_gateway: gateway destroy end
[gateway] destroy_server_gateway: discovery destroy begin
[gateway] destroy_server_gateway: discovery destroy end
/home/hep7/project/kairos/zlink/core/tests/e2e/discovery/test_gateway.cpp:2481:test_gateway_send_ready_handler_self_close_is_safe:PASS

-----------------------
1 Tests 0 Failures 0 Ignored 
OK
=== iteration 25 ok 2026-03-24 05:51:14 +0900 ===
=== iteration 26 start 2026-03-24 05:51:14 +0900 ===
[gateway] destroy_server_gateway: gateway destroy begin
[gateway] destroy_server_gateway: gateway destroy end
[gateway] destroy_server_gateway: discovery destroy begin
[gateway] destroy_server_gateway: discovery destroy end
/home/hep7/project/kairos/zlink/core/tests/e2e/discovery/test_gateway.cpp:2481:test_gateway_send_ready_handler_self_close_is_safe:PASS

-----------------------
1 Tests 0 Failures 0 Ignored 
OK
=== iteration 26 ok 2026-03-24 05:51:18 +0900 ===
=== iteration 27 start 2026-03-24 05:51:18 +0900 ===
[gateway] destroy_server_gateway: gateway destroy begin
[gateway] destroy_server_gateway: gateway destroy end
[gateway] destroy_server_gateway: discovery destroy begin
[gateway] destroy_server_gateway: discovery destroy end
/home/hep7/project/kairos/zlink/core/tests/e2e/discovery/test_gateway.cpp:2481:test_gateway_send_ready_handler_self_close_is_safe:PASS

-----------------------
1 Tests 0 Failures 0 Ignored 
OK
=== iteration 27 ok 2026-03-24 05:51:20 +0900 ===
=== iteration 28 start 2026-03-24 05:51:20 +0900 ===
[gateway] destroy_server_gateway: gateway destroy begin
[gateway] destroy_server_gateway: gateway destroy end
[gateway] destroy_server_gateway: discovery destroy begin
[gateway] destroy_server_gateway: discovery destroy end
/home/hep7/project/kairos/zlink/core/tests/e2e/discovery/test_gateway.cpp:2481:test_gateway_send_ready_handler_self_close_is_safe:PASS

-----------------------
1 Tests 0 Failures 0 Ignored 
OK
=== iteration 28 ok 2026-03-24 05:51:20 +0900 ===
=== iteration 29 start 2026-03-24 05:51:20 +0900 ===
[gateway] destroy_server_gateway: gateway destroy begin
[gateway] destroy_server_gateway: gateway destroy end
[gateway] destroy_server_gateway: discovery destroy begin
[gateway] destroy_server_gateway: discovery destroy end
/home/hep7/project/kairos/zlink/core/tests/e2e/discovery/test_gateway.cpp:2481:test_gateway_send_ready_handler_self_close_is_safe:PASS

-----------------------
1 Tests 0 Failures 0 Ignored 
OK
=== iteration 29 ok 2026-03-24 05:51:26 +0900 ===
=== iteration 30 start 2026-03-24 05:51:26 +0900 ===
[gateway] destroy_server_gateway: gateway destroy begin
[gateway] destroy_server_gateway: gateway destroy end
[gateway] destroy_server_gateway: discovery destroy begin
[gateway] destroy_server_gateway: discovery destroy end
/home/hep7/project/kairos/zlink/core/tests/e2e/discovery/test_gateway.cpp:2481:test_gateway_send_ready_handler_self_close_is_safe:PASS

-----------------------
1 Tests 0 Failures 0 Ignored 
OK
=== iteration 30 ok 2026-03-24 05:51:32 +0900 ===
=== iteration 31 start 2026-03-24 05:51:32 +0900 ===
[gateway] destroy_server_gateway: gateway destroy begin
[gateway] destroy_server_gateway: gateway destroy end
[gateway] destroy_server_gateway: discovery destroy begin
[gateway] destroy_server_gateway: discovery destroy end
/home/hep7/project/kairos/zlink/core/tests/e2e/discovery/test_gateway.cpp:2481:test_gateway_send_ready_handler_self_close_is_safe:PASS

-----------------------
1 Tests 0 Failures 0 Ignored 
OK
=== iteration 31 ok 2026-03-24 05:51:36 +0900 ===
=== iteration 32 start 2026-03-24 05:51:36 +0900 ===
[gateway] destroy_server_gateway: gateway destroy begin
[gateway] destroy_server_gateway: gateway destroy end
[gateway] destroy_server_gateway: discovery destroy begin
[gateway] destroy_server_gateway: discovery destroy end
/home/hep7/project/kairos/zlink/core/tests/e2e/discovery/test_gateway.cpp:2481:test_gateway_send_ready_handler_self_close_is_safe:PASS

-----------------------
1 Tests 0 Failures 0 Ignored 
OK
=== iteration 32 ok 2026-03-24 05:51:36 +0900 ===
=== iteration 33 start 2026-03-24 05:51:36 +0900 ===
[gateway] destroy_server_gateway: gateway destroy begin
[gateway] destroy_server_gateway: gateway destroy end
[gateway] destroy_server_gateway: discovery destroy begin
[gateway] destroy_server_gateway: discovery destroy end
/home/hep7/project/kairos/zlink/core/tests/e2e/discovery/test_gateway.cpp:2481:test_gateway_send_ready_handler_self_close_is_safe:PASS

-----------------------
1 Tests 0 Failures 0 Ignored 
OK
=== iteration 33 ok 2026-03-24 05:51:36 +0900 ===
=== iteration 34 start 2026-03-24 05:51:36 +0900 ===
[gateway] destroy_server_gateway: gateway destroy begin
[gateway] destroy_server_gateway: gateway destroy end
[gateway] destroy_server_gateway: discovery destroy begin
[gateway] destroy_server_gateway: discovery destroy end
/home/hep7/project/kairos/zlink/core/tests/e2e/discovery/test_gateway.cpp:2481:test_gateway_send_ready_handler_self_close_is_safe:PASS

-----------------------
1 Tests 0 Failures 0 Ignored 
OK
=== iteration 34 ok 2026-03-24 05:51:48 +0900 ===
=== iteration 35 start 2026-03-24 05:51:48 +0900 ===
[gateway] destroy_server_gateway: gateway destroy begin
[gateway] destroy_server_gateway: gateway destroy end
[gateway] destroy_server_gateway: discovery destroy begin
[gateway] destroy_server_gateway: discovery destroy end
/home/hep7/project/kairos/zlink/core/tests/e2e/discovery/test_gateway.cpp:2481:test_gateway_send_ready_handler_self_close_is_safe:PASS

-----------------------
1 Tests 0 Failures 0 Ignored 
OK
=== iteration 35 ok 2026-03-24 05:51:54 +0900 ===
=== iteration 36 start 2026-03-24 05:51:54 +0900 ===
[gateway] destroy_server_gateway: gateway destroy begin
[gateway] destroy_server_gateway: gateway destroy end
[gateway] destroy_server_gateway: discovery destroy begin
[gateway] destroy_server_gateway: discovery destroy end
/home/hep7/project/kairos/zlink/core/tests/e2e/discovery/test_gateway.cpp:2481:test_gateway_send_ready_handler_self_close_is_safe:PASS

-----------------------
1 Tests 0 Failures 0 Ignored 
OK
=== iteration 36 ok 2026-03-24 05:52:00 +0900 ===
=== iteration 37 start 2026-03-24 05:52:00 +0900 ===
[gateway] destroy_server_gateway: gateway destroy begin
[gateway] destroy_server_gateway: gateway destroy end
[gateway] destroy_server_gateway: discovery destroy begin
[gateway] destroy_server_gateway: discovery destroy end
/home/hep7/project/kairos/zlink/core/tests/e2e/discovery/test_gateway.cpp:2481:test_gateway_send_ready_handler_self_close_is_safe:PASS

-----------------------
1 Tests 0 Failures 0 Ignored 
OK
=== iteration 37 ok 2026-03-24 05:52:00 +0900 ===
=== iteration 38 start 2026-03-24 05:52:00 +0900 ===
[gateway] destroy_server_gateway: gateway destroy begin
[gateway] destroy_server_gateway: gateway destroy end
[gateway] destroy_server_gateway: discovery destroy begin
[gateway] destroy_server_gateway: discovery destroy end
/home/hep7/project/kairos/zlink/core/tests/e2e/discovery/test_gateway.cpp:2481:test_gateway_send_ready_handler_self_close_is_safe:PASS

-----------------------
1 Tests 0 Failures 0 Ignored 
OK
=== iteration 38 ok 2026-03-24 05:52:00 +0900 ===
=== iteration 39 start 2026-03-24 05:52:00 +0900 ===
[gateway] destroy_server_gateway: gateway destroy begin
[gateway] destroy_server_gateway: gateway destroy end
[gateway] destroy_server_gateway: discovery destroy begin
[gateway] destroy_server_gateway: discovery destroy end
/home/hep7/project/kairos/zlink/core/tests/e2e/discovery/test_gateway.cpp:2481:test_gateway_send_ready_handler_self_close_is_safe:PASS

-----------------------
1 Tests 0 Failures 0 Ignored 
OK
=== iteration 39 ok 2026-03-24 05:52:03 +0900 ===
=== iteration 40 start 2026-03-24 05:52:03 +0900 ===
[gateway] destroy_server_gateway: gateway destroy begin
[gateway] destroy_server_gateway: gateway destroy end
[gateway] destroy_server_gateway: discovery destroy begin
[gateway] destroy_server_gateway: discovery destroy end
/home/hep7/project/kairos/zlink/core/tests/e2e/discovery/test_gateway.cpp:2481:test_gateway_send_ready_handler_self_close_is_safe:PASS

-----------------------
1 Tests 0 Failures 0 Ignored 
OK
=== iteration 40 ok 2026-03-24 05:52:05 +0900 ===
=== iteration 41 start 2026-03-24 05:52:05 +0900 ===
[gateway] destroy_server_gateway: gateway destroy begin
[gateway] destroy_server_gateway: gateway destroy end
[gateway] destroy_server_gateway: discovery destroy begin
[gateway] destroy_server_gateway: discovery destroy end
/home/hep7/project/kairos/zlink/core/tests/e2e/discovery/test_gateway.cpp:2481:test_gateway_send_ready_handler_self_close_is_safe:PASS

-----------------------
1 Tests 0 Failures 0 Ignored 
OK
=== iteration 41 ok 2026-03-24 05:52:09 +0900 ===
=== iteration 42 start 2026-03-24 05:52:09 +0900 ===
[gateway] destroy_server_gateway: gateway destroy begin
[gateway] destroy_server_gateway: gateway destroy end
[gateway] destroy_server_gateway: discovery destroy begin
[gateway] destroy_server_gateway: discovery destroy end
/home/hep7/project/kairos/zlink/core/tests/e2e/discovery/test_gateway.cpp:2481:test_gateway_send_ready_handler_self_close_is_safe:PASS

-----------------------
1 Tests 0 Failures 0 Ignored 
OK
=== iteration 42 ok 2026-03-24 05:52:15 +0900 ===
=== iteration 43 start 2026-03-24 05:52:15 +0900 ===
[gateway] destroy_server_gateway: gateway destroy begin
[gateway] destroy_server_gateway: gateway destroy end
[gateway] destroy_server_gateway: discovery destroy begin
[gateway] destroy_server_gateway: discovery destroy end
/home/hep7/project/kairos/zlink/core/tests/e2e/discovery/test_gateway.cpp:2481:test_gateway_send_ready_handler_self_close_is_safe:PASS

-----------------------
1 Tests 0 Failures 0 Ignored 
OK
=== iteration 43 ok 2026-03-24 05:52:17 +0900 ===
=== iteration 44 start 2026-03-24 05:52:17 +0900 ===
[gateway] destroy_server_gateway: gateway destroy begin
[gateway] destroy_server_gateway: gateway destroy end
[gateway] destroy_server_gateway: discovery destroy begin
[gateway] destroy_server_gateway: discovery destroy end
/home/hep7/project/kairos/zlink/core/tests/e2e/discovery/test_gateway.cpp:2481:test_gateway_send_ready_handler_self_close_is_safe:PASS

-----------------------
1 Tests 0 Failures 0 Ignored 
OK
=== iteration 44 ok 2026-03-24 05:52:19 +0900 ===
=== iteration 45 start 2026-03-24 05:52:19 +0900 ===
[gateway] destroy_server_gateway: gateway destroy begin
[gateway] destroy_server_gateway: gateway destroy end
[gateway] destroy_server_gateway: discovery destroy begin
[gateway] destroy_server_gateway: discovery destroy end
/home/hep7/project/kairos/zlink/core/tests/e2e/discovery/test_gateway.cpp:2481:test_gateway_send_ready_handler_self_close_is_safe:PASS

-----------------------
1 Tests 0 Failures 0 Ignored 
OK
=== iteration 45 ok 2026-03-24 05:52:19 +0900 ===
=== iteration 46 start 2026-03-24 05:52:19 +0900 ===
[gateway] destroy_server_gateway: gateway destroy begin
[gateway] destroy_server_gateway: gateway destroy end
[gateway] destroy_server_gateway: discovery destroy begin
[gateway] destroy_server_gateway: discovery destroy end
/home/hep7/project/kairos/zlink/core/tests/e2e/discovery/test_gateway.cpp:2481:test_gateway_send_ready_handler_self_close_is_safe:PASS

-----------------------
1 Tests 0 Failures 0 Ignored 
OK
=== iteration 46 ok 2026-03-24 05:52:23 +0900 ===
=== iteration 47 start 2026-03-24 05:52:23 +0900 ===
[gateway] destroy_server_gateway: gateway destroy begin
[gateway] destroy_server_gateway: gateway destroy end
[gateway] destroy_server_gateway: discovery destroy begin
[gateway] destroy_server_gateway: discovery destroy end
/home/hep7/project/kairos/zlink/core/tests/e2e/discovery/test_gateway.cpp:2481:test_gateway_send_ready_handler_self_close_is_safe:PASS

-----------------------
1 Tests 0 Failures 0 Ignored 
OK
=== iteration 47 ok 2026-03-24 05:52:23 +0900 ===
=== iteration 48 start 2026-03-24 05:52:23 +0900 ===
[gateway] destroy_server_gateway: gateway destroy begin
[gateway] destroy_server_gateway: gateway destroy end
[gateway] destroy_server_gateway: discovery destroy begin
[gateway] destroy_server_gateway: discovery destroy end
/home/hep7/project/kairos/zlink/core/tests/e2e/discovery/test_gateway.cpp:2481:test_gateway_send_ready_handler_self_close_is_safe:PASS

-----------------------
1 Tests 0 Failures 0 Ignored 
OK
=== iteration 48 ok 2026-03-24 05:52:23 +0900 ===
=== iteration 49 start 2026-03-24 05:52:23 +0900 ===
[gateway] destroy_server_gateway: gateway destroy begin
[gateway] destroy_server_gateway: gateway destroy end
[gateway] destroy_server_gateway: discovery destroy begin
[gateway] destroy_server_gateway: discovery destroy end
/home/hep7/project/kairos/zlink/core/tests/e2e/discovery/test_gateway.cpp:2481:test_gateway_send_ready_handler_self_close_is_safe:PASS

-----------------------
1 Tests 0 Failures 0 Ignored 
OK
=== iteration 49 ok 2026-03-24 05:52:25 +0900 ===
=== iteration 50 start 2026-03-24 05:52:25 +0900 ===
[gateway] destroy_server_gateway: gateway destroy begin
[gateway] destroy_server_gateway: gateway destroy end
[gateway] destroy_server_gateway: discovery destroy begin
[gateway] destroy_server_gateway: discovery destroy end
/home/hep7/project/kairos/zlink/core/tests/e2e/discovery/test_gateway.cpp:2481:test_gateway_send_ready_handler_self_close_is_safe:PASS

-----------------------
1 Tests 0 Failures 0 Ignored 
OK
=== iteration 50 ok 2026-03-24 05:52:29 +0900 ===
=== iteration 51 start 2026-03-24 05:52:29 +0900 ===
[gateway] destroy_server_gateway: gateway destroy begin
[gateway] destroy_server_gateway: gateway destroy end
[gateway] destroy_server_gateway: discovery destroy begin
[gateway] destroy_server_gateway: discovery destroy end
/home/hep7/project/kairos/zlink/core/tests/e2e/discovery/test_gateway.cpp:2481:test_gateway_send_ready_handler_self_close_is_safe:PASS

-----------------------
1 Tests 0 Failures 0 Ignored 
OK
=== iteration 51 ok 2026-03-24 05:52:33 +0900 ===
=== iteration 52 start 2026-03-24 05:52:33 +0900 ===
[gateway] destroy_server_gateway: gateway destroy begin
[gateway] destroy_server_gateway: gateway destroy end
[gateway] destroy_server_gateway: discovery destroy begin
[gateway] destroy_server_gateway: discovery destroy end
/home/hep7/project/kairos/zlink/core/tests/e2e/discovery/test_gateway.cpp:2481:test_gateway_send_ready_handler_self_close_is_safe:PASS

-----------------------
1 Tests 0 Failures 0 Ignored 
OK
=== iteration 52 ok 2026-03-24 05:52:35 +0900 ===
=== iteration 53 start 2026-03-24 05:52:35 +0900 ===
[gateway] destroy_server_gateway: gateway destroy begin
[gateway] destroy_server_gateway: gateway destroy end
[gateway] destroy_server_gateway: discovery destroy begin
[gateway] destroy_server_gateway: discovery destroy end
/home/hep7/project/kairos/zlink/core/tests/e2e/discovery/test_gateway.cpp:2481:test_gateway_send_ready_handler_self_close_is_safe:PASS

-----------------------
1 Tests 0 Failures 0 Ignored 
OK
=== iteration 53 ok 2026-03-24 05:52:41 +0900 ===
=== iteration 54 start 2026-03-24 05:52:41 +0900 ===
[gateway] destroy_server_gateway: gateway destroy begin
[gateway] destroy_server_gateway: gateway destroy end
[gateway] destroy_server_gateway: discovery destroy begin
[gateway] destroy_server_gateway: discovery destroy end
/home/hep7/project/kairos/zlink/core/tests/e2e/discovery/test_gateway.cpp:2481:test_gateway_send_ready_handler_self_close_is_safe:PASS

-----------------------
1 Tests 0 Failures 0 Ignored 
OK
=== iteration 54 ok 2026-03-24 05:52:41 +0900 ===
=== iteration 55 start 2026-03-24 05:52:41 +0900 ===
[gateway] destroy_server_gateway: gateway destroy begin
[gateway] destroy_server_gateway: gateway destroy end
[gateway] destroy_server_gateway: discovery destroy begin
[gateway] destroy_server_gateway: discovery destroy end
/home/hep7/project/kairos/zlink/core/tests/e2e/discovery/test_gateway.cpp:2481:test_gateway_send_ready_handler_self_close_is_safe:PASS

-----------------------
1 Tests 0 Failures 0 Ignored 
OK
=== iteration 55 ok 2026-03-24 05:52:43 +0900 ===
=== iteration 56 start 2026-03-24 05:52:43 +0900 ===
[gateway] destroy_server_gateway: gateway destroy begin
[gateway] destroy_server_gateway: gateway destroy end
[gateway] destroy_server_gateway: discovery destroy begin
[gateway] destroy_server_gateway: discovery destroy end
/home/hep7/project/kairos/zlink/core/tests/e2e/discovery/test_gateway.cpp:2481:test_gateway_send_ready_handler_self_close_is_safe:PASS

-----------------------
1 Tests 0 Failures 0 Ignored 
OK
=== iteration 56 ok 2026-03-24 05:52:49 +0900 ===
=== iteration 57 start 2026-03-24 05:52:49 +0900 ===
[gateway] destroy_server_gateway: gateway destroy begin
[gateway] destroy_server_gateway: gateway destroy end
[gateway] destroy_server_gateway: discovery destroy begin
[gateway] destroy_server_gateway: discovery destroy end
/home/hep7/project/kairos/zlink/core/tests/e2e/discovery/test_gateway.cpp:2481:test_gateway_send_ready_handler_self_close_is_safe:PASS

-----------------------
1 Tests 0 Failures 0 Ignored 
OK
=== iteration 57 ok 2026-03-24 05:52:51 +0900 ===
=== iteration 58 start 2026-03-24 05:52:51 +0900 ===
[gateway] destroy_server_gateway: gateway destroy begin
[gateway] destroy_server_gateway: gateway destroy end
[gateway] destroy_server_gateway: discovery destroy begin
[gateway] destroy_server_gateway: discovery destroy end
/home/hep7/project/kairos/zlink/core/tests/e2e/discovery/test_gateway.cpp:2481:test_gateway_send_ready_handler_self_close_is_safe:PASS

-----------------------
1 Tests 0 Failures 0 Ignored 
OK
=== iteration 58 ok 2026-03-24 05:52:55 +0900 ===
=== iteration 59 start 2026-03-24 05:52:55 +0900 ===
[gateway] destroy_server_gateway: gateway destroy begin
[gateway] destroy_server_gateway: gateway destroy end
[gateway] destroy_server_gateway: discovery destroy begin
[gateway] destroy_server_gateway: discovery destroy end
/home/hep7/project/kairos/zlink/core/tests/e2e/discovery/test_gateway.cpp:2481:test_gateway_send_ready_handler_self_close_is_safe:PASS

-----------------------
1 Tests 0 Failures 0 Ignored 
OK
=== iteration 59 ok 2026-03-24 05:52:55 +0900 ===
=== iteration 60 start 2026-03-24 05:52:55 +0900 ===
[gateway] destroy_server_gateway: gateway destroy begin
[gateway] destroy_server_gateway: gateway destroy end
[gateway] destroy_server_gateway: discovery destroy begin
[gateway] destroy_server_gateway: discovery destroy end
/home/hep7/project/kairos/zlink/core/tests/e2e/discovery/test_gateway.cpp:2481:test_gateway_send_ready_handler_self_close_is_safe:PASS

-----------------------
1 Tests 0 Failures 0 Ignored 
OK
=== iteration 60 ok 2026-03-24 05:52:57 +0900 ===
=== iteration 61 start 2026-03-24 05:52:57 +0900 ===
[gateway] destroy_server_gateway: gateway destroy begin
[gateway] destroy_server_gateway: gateway destroy end
[gateway] destroy_server_gateway: discovery destroy begin
[gateway] destroy_server_gateway: discovery destroy end
/home/hep7/project/kairos/zlink/core/tests/e2e/discovery/test_gateway.cpp:2481:test_gateway_send_ready_handler_self_close_is_safe:PASS

-----------------------
1 Tests 0 Failures 0 Ignored 
OK
=== iteration 61 ok 2026-03-24 05:53:00 +0900 ===
=== iteration 62 start 2026-03-24 05:53:00 +0900 ===
[gateway] destroy_server_gateway: gateway destroy begin
[gateway] destroy_server_gateway: gateway destroy end
[gateway] destroy_server_gateway: discovery destroy begin
[gateway] destroy_server_gateway: discovery destroy end
/home/hep7/project/kairos/zlink/core/tests/e2e/discovery/test_gateway.cpp:2481:test_gateway_send_ready_handler_self_close_is_safe:PASS

-----------------------
1 Tests 0 Failures 0 Ignored 
OK
=== iteration 62 ok 2026-03-24 05:53:02 +0900 ===
=== iteration 63 start 2026-03-24 05:53:02 +0900 ===
[gateway] destroy_server_gateway: gateway destroy begin
[gateway] destroy_server_gateway: gateway destroy end
[gateway] destroy_server_gateway: discovery destroy begin
[gateway] destroy_server_gateway: discovery destroy end
/home/hep7/project/kairos/zlink/core/tests/e2e/discovery/test_gateway.cpp:2481:test_gateway_send_ready_handler_self_close_is_safe:PASS

-----------------------
1 Tests 0 Failures 0 Ignored 
OK
=== iteration 63 ok 2026-03-24 05:53:02 +0900 ===
=== iteration 64 start 2026-03-24 05:53:02 +0900 ===
[gateway] destroy_server_gateway: gateway destroy begin
[gateway] destroy_server_gateway: gateway destroy end
[gateway] destroy_server_gateway: discovery destroy begin
[gateway] destroy_server_gateway: discovery destroy end
/home/hep7/project/kairos/zlink/core/tests/e2e/discovery/test_gateway.cpp:2481:test_gateway_send_ready_handler_self_close_is_safe:PASS

-----------------------
1 Tests 0 Failures 0 Ignored 
OK
=== iteration 64 ok 2026-03-24 05:53:05 +0900 ===
=== iteration 65 start 2026-03-24 05:53:05 +0900 ===
[gateway] destroy_server_gateway: gateway destroy begin
[gateway] destroy_server_gateway: gateway destroy end
[gateway] destroy_server_gateway: discovery destroy begin
[gateway] destroy_server_gateway: discovery destroy end
/home/hep7/project/kairos/zlink/core/tests/e2e/discovery/test_gateway.cpp:2481:test_gateway_send_ready_handler_self_close_is_safe:PASS

-----------------------
1 Tests 0 Failures 0 Ignored 
OK
=== iteration 65 ok 2026-03-24 05:53:05 +0900 ===
=== iteration 66 start 2026-03-24 05:53:05 +0900 ===
[gateway] destroy_server_gateway: gateway destroy begin
[gateway] destroy_server_gateway: gateway destroy end
[gateway] destroy_server_gateway: discovery destroy begin
[gateway] destroy_server_gateway: discovery destroy end
/home/hep7/project/kairos/zlink/core/tests/e2e/discovery/test_gateway.cpp:2481:test_gateway_send_ready_handler_self_close_is_safe:PASS

-----------------------
1 Tests 0 Failures 0 Ignored 
OK
=== iteration 66 ok 2026-03-24 05:53:09 +0900 ===
=== iteration 67 start 2026-03-24 05:53:09 +0900 ===
[gateway] destroy_server_gateway: gateway destroy begin
[gateway] destroy_server_gateway: gateway destroy end
[gateway] destroy_server_gateway: discovery destroy begin
[gateway] destroy_server_gateway: discovery destroy end
/home/hep7/project/kairos/zlink/core/tests/e2e/discovery/test_gateway.cpp:2481:test_gateway_send_ready_handler_self_close_is_safe:PASS

-----------------------
1 Tests 0 Failures 0 Ignored 
OK
=== iteration 67 ok 2026-03-24 05:53:24 +0900 ===
=== iteration 68 start 2026-03-24 05:53:24 +0900 ===
[gateway] destroy_server_gateway: gateway destroy begin
[gateway] destroy_server_gateway: gateway destroy end
[gateway] destroy_server_gateway: discovery destroy begin
[gateway] destroy_server_gateway: discovery destroy end
/home/hep7/project/kairos/zlink/core/tests/e2e/discovery/test_gateway.cpp:2481:test_gateway_send_ready_handler_self_close_is_safe:PASS

-----------------------
1 Tests 0 Failures 0 Ignored 
OK
=== iteration 68 ok 2026-03-24 05:53:28 +0900 ===
=== iteration 69 start 2026-03-24 05:53:28 +0900 ===
[gateway] destroy_server_gateway: gateway destroy begin
[gateway] destroy_server_gateway: gateway destroy end
[gateway] destroy_server_gateway: discovery destroy begin
[gateway] destroy_server_gateway: discovery destroy end
/home/hep7/project/kairos/zlink/core/tests/e2e/discovery/test_gateway.cpp:2481:test_gateway_send_ready_handler_self_close_is_safe:PASS

-----------------------
1 Tests 0 Failures 0 Ignored 
OK
=== iteration 69 ok 2026-03-24 05:53:30 +0900 ===
=== iteration 70 start 2026-03-24 05:53:30 +0900 ===
[gateway] destroy_server_gateway: gateway destroy begin
[gateway] destroy_server_gateway: gateway destroy end
[gateway] destroy_server_gateway: discovery destroy begin
[gateway] destroy_server_gateway: discovery destroy end
/home/hep7/project/kairos/zlink/core/tests/e2e/discovery/test_gateway.cpp:2481:test_gateway_send_ready_handler_self_close_is_safe:PASS

-----------------------
1 Tests 0 Failures 0 Ignored 
OK
=== iteration 70 ok 2026-03-24 05:53:40 +0900 ===
=== iteration 71 start 2026-03-24 05:53:40 +0900 ===
[gateway] destroy_server_gateway: gateway destroy begin
[gateway] destroy_server_gateway: gateway destroy end
[gateway] destroy_server_gateway: discovery destroy begin
[gateway] destroy_server_gateway: discovery destroy end
/home/hep7/project/kairos/zlink/core/tests/e2e/discovery/test_gateway.cpp:2481:test_gateway_send_ready_handler_self_close_is_safe:PASS

-----------------------
1 Tests 0 Failures 0 Ignored 
OK
=== iteration 71 ok 2026-03-24 05:53:40 +0900 ===
=== iteration 72 start 2026-03-24 05:53:40 +0900 ===
[gateway] destroy_server_gateway: gateway destroy begin
[gateway] destroy_server_gateway: gateway destroy end
[gateway] destroy_server_gateway: discovery destroy begin
[gateway] destroy_server_gateway: discovery destroy end
/home/hep7/project/kairos/zlink/core/tests/e2e/discovery/test_gateway.cpp:2481:test_gateway_send_ready_handler_self_close_is_safe:PASS

-----------------------
1 Tests 0 Failures 0 Ignored 
OK
=== iteration 72 ok 2026-03-24 05:53:40 +0900 ===
=== iteration 73 start 2026-03-24 05:53:40 +0900 ===
[gateway] destroy_server_gateway: gateway destroy begin
[gateway] destroy_server_gateway: gateway destroy end
[gateway] destroy_server_gateway: discovery destroy begin
[gateway] destroy_server_gateway: discovery destroy end
/home/hep7/project/kairos/zlink/core/tests/e2e/discovery/test_gateway.cpp:2481:test_gateway_send_ready_handler_self_close_is_safe:PASS

-----------------------
1 Tests 0 Failures 0 Ignored 
OK
=== iteration 73 ok 2026-03-24 05:53:44 +0900 ===
=== iteration 74 start 2026-03-24 05:53:44 +0900 ===
[gateway] destroy_server_gateway: gateway destroy begin
[gateway] destroy_server_gateway: gateway destroy end
[gateway] destroy_server_gateway: discovery destroy begin
[gateway] destroy_server_gateway: discovery destroy end
/home/hep7/project/kairos/zlink/core/tests/e2e/discovery/test_gateway.cpp:2481:test_gateway_send_ready_handler_self_close_is_safe:PASS

-----------------------
1 Tests 0 Failures 0 Ignored 
OK
=== iteration 74 ok 2026-03-24 05:53:46 +0900 ===
=== iteration 75 start 2026-03-24 05:53:46 +0900 ===
[gateway] destroy_server_gateway: gateway destroy begin
[gateway] destroy_server_gateway: gateway destroy end
[gateway] destroy_server_gateway: discovery destroy begin
[gateway] destroy_server_gateway: discovery destroy end
/home/hep7/project/kairos/zlink/core/tests/e2e/discovery/test_gateway.cpp:2481:test_gateway_send_ready_handler_self_close_is_safe:PASS

-----------------------
1 Tests 0 Failures 0 Ignored 
OK
=== iteration 75 ok 2026-03-24 05:53:46 +0900 ===
=== iteration 76 start 2026-03-24 05:53:46 +0900 ===
[gateway] destroy_server_gateway: gateway destroy begin
[gateway] destroy_server_gateway: gateway destroy end
[gateway] destroy_server_gateway: discovery destroy begin
[gateway] destroy_server_gateway: discovery destroy end
/home/hep7/project/kairos/zlink/core/tests/e2e/discovery/test_gateway.cpp:2481:test_gateway_send_ready_handler_self_close_is_safe:PASS

-----------------------
1 Tests 0 Failures 0 Ignored 
OK
=== iteration 76 ok 2026-03-24 05:53:48 +0900 ===
=== iteration 77 start 2026-03-24 05:53:48 +0900 ===
[gateway] destroy_server_gateway: gateway destroy begin
[gateway] destroy_server_gateway: gateway destroy end
[gateway] destroy_server_gateway: discovery destroy begin
[gateway] destroy_server_gateway: discovery destroy end
/home/hep7/project/kairos/zlink/core/tests/e2e/discovery/test_gateway.cpp:2481:test_gateway_send_ready_handler_self_close_is_safe:PASS

-----------------------
1 Tests 0 Failures 0 Ignored 
OK
=== iteration 77 ok 2026-03-24 05:54:00 +0900 ===
=== iteration 78 start 2026-03-24 05:54:00 +0900 ===
[gateway] destroy_server_gateway: gateway destroy begin
[gateway] destroy_server_gateway: gateway destroy end
[gateway] destroy_server_gateway: discovery destroy begin
[gateway] destroy_server_gateway: discovery destroy end
/home/hep7/project/kairos/zlink/core/tests/e2e/discovery/test_gateway.cpp:2481:test_gateway_send_ready_handler_self_close_is_safe:PASS

-----------------------
1 Tests 0 Failures 0 Ignored 
OK
=== iteration 78 ok 2026-03-24 05:54:02 +0900 ===
=== iteration 79 start 2026-03-24 05:54:02 +0900 ===
[gateway] destroy_server_gateway: gateway destroy begin
[gateway] destroy_server_gateway: gateway destroy end
[gateway] destroy_server_gateway: discovery destroy begin
[gateway] destroy_server_gateway: discovery destroy end
/home/hep7/project/kairos/zlink/core/tests/e2e/discovery/test_gateway.cpp:2481:test_gateway_send_ready_handler_self_close_is_safe:PASS

-----------------------
1 Tests 0 Failures 0 Ignored 
OK
=== iteration 79 ok 2026-03-24 05:54:08 +0900 ===
=== iteration 80 start 2026-03-24 05:54:08 +0900 ===
[gateway] destroy_server_gateway: gateway destroy begin
[gateway] destroy_server_gateway: gateway destroy end
[gateway] destroy_server_gateway: discovery destroy begin
[gateway] destroy_server_gateway: discovery destroy end
/home/hep7/project/kairos/zlink/core/tests/e2e/discovery/test_gateway.cpp:2481:test_gateway_send_ready_handler_self_close_is_safe:PASS

-----------------------
1 Tests 0 Failures 0 Ignored 
OK
=== iteration 80 ok 2026-03-24 05:54:08 +0900 ===
=== iteration 81 start 2026-03-24 05:54:08 +0900 ===
[gateway] destroy_server_gateway: gateway destroy begin
[gateway] destroy_server_gateway: gateway destroy end
[gateway] destroy_server_gateway: discovery destroy begin
[gateway] destroy_server_gateway: discovery destroy end
/home/hep7/project/kairos/zlink/core/tests/e2e/discovery/test_gateway.cpp:2481:test_gateway_send_ready_handler_self_close_is_safe:PASS

-----------------------
1 Tests 0 Failures 0 Ignored 
OK
=== iteration 81 ok 2026-03-24 05:54:12 +0900 ===
=== iteration 82 start 2026-03-24 05:54:12 +0900 ===
=== iteration 82 failed rc=124 2026-03-24 05:55:14 +0900 ===
