=== Verifying stress test registration ===
=== Stress test registration verified ===
=== Repeating test_monitor_enhanced (1 iterations) ===
--- test_monitor_enhanced iteration 1/1 ---
Internal ctest changing into directory: /home/hep7/project/kairos/zlink/core/build
Test project /home/hep7/project/kairos/zlink/core/build
    Start 3: test_monitor_enhanced
1/1 Test #3: test_monitor_enhanced ............   Passed    0.01 sec

100% tests passed, 0 tests failed out of 1

Label Time Summary:
integration    =   0.01 sec*proc (1 test)
serial         =   0.01 sec*proc (1 test)

Total Test time (real) =   0.01 sec
=== Repeating test_monitor_perf_contract (1 iterations) ===
--- test_monitor_perf_contract iteration 1/1 ---
Internal ctest changing into directory: /home/hep7/project/kairos/zlink/core/build
Test project /home/hep7/project/kairos/zlink/core/build
    Start 5: test_monitor_perf_contract
1/1 Test #5: test_monitor_perf_contract .......   Passed    0.24 sec

100% tests passed, 0 tests failed out of 1

Label Time Summary:
integration    =   0.24 sec*proc (1 test)
serial         =   0.24 sec*proc (1 test)

Total Test time (real) =   0.24 sec
=== Repeating test_spot_service_introspection_monitors (1 iterations) ===
--- test_spot_service_introspection_monitors iteration 1/1 ---
Internal ctest changing into directory: /home/hep7/project/kairos/zlink/core/build
Test project /home/hep7/project/kairos/zlink/core/build
    Start 35: test_spot_service_introspection_monitors
1/1 Test #35: test_spot_service_introspection_monitors ...   Passed    4.60 sec

100% tests passed, 0 tests failed out of 1

Label Time Summary:
integration    =   4.60 sec*proc (1 test)
serial         =   4.60 sec*proc (1 test)

Total Test time (real) =   4.60 sec
=== Repeating test_spot_service_introspection_late_connect (1 iterations) ===
--- test_spot_service_introspection_late_connect iteration 1/1 ---
Internal ctest changing into directory: /home/hep7/project/kairos/zlink/core/build
Test project /home/hep7/project/kairos/zlink/core/build
    Start 36: test_spot_service_introspection_late_connect
1/1 Test #36: test_spot_service_introspection_late_connect ...   Passed    4.61 sec

100% tests passed, 0 tests failed out of 1

Label Time Summary:
integration    =   4.61 sec*proc (1 test)
serial         =   4.61 sec*proc (1 test)

Total Test time (real) =   4.61 sec
=== Repeating test_spot_service_introspection_subscription_ready_loss (1 iterations) ===
--- test_spot_service_introspection_subscription_ready_loss iteration 1/1 ---
Internal ctest changing into directory: /home/hep7/project/kairos/zlink/core/build
Test project /home/hep7/project/kairos/zlink/core/build
    Start 37: test_spot_service_introspection_subscription_ready_loss
1/1 Test #37: test_spot_service_introspection_subscription_ready_loss ...   Passed    4.58 sec

100% tests passed, 0 tests failed out of 1

Label Time Summary:
integration    =   4.58 sec*proc (1 test)
serial         =   4.58 sec*proc (1 test)

Total Test time (real) =   4.58 sec
=== Repeating test_spot_service_introspection_handler_monitor_close (1 iterations) ===
--- test_spot_service_introspection_handler_monitor_close iteration 1/1 ---
Internal ctest changing into directory: /home/hep7/project/kairos/zlink/core/build
Test project /home/hep7/project/kairos/zlink/core/build
    Start 38: test_spot_service_introspection_handler_monitor_close
1/1 Test #38: test_spot_service_introspection_handler_monitor_close ...   Passed   21.74 sec

100% tests passed, 0 tests failed out of 1

Label Time Summary:
integration    =  21.74 sec*proc (1 test)
serial         =  21.74 sec*proc (1 test)

Total Test time (real) =  21.74 sec
=== Repeating test_spot_service_introspection_snapshots (1 iterations) ===
--- test_spot_service_introspection_snapshots iteration 1/1 ---
Internal ctest changing into directory: /home/hep7/project/kairos/zlink/core/build
Test project /home/hep7/project/kairos/zlink/core/build
    Start 44: test_spot_service_introspection_snapshots
1/1 Test #44: test_spot_service_introspection_snapshots ...   Passed    4.65 sec

100% tests passed, 0 tests failed out of 1

Label Time Summary:
integration    =   4.65 sec*proc (1 test)
serial         =   4.65 sec*proc (1 test)

Total Test time (real) =   4.65 sec
=== Thread-safe contract stress completed ===
