=== Running multi benchmark: MULTI_SPOT ===
    warmup=2s duration=5s
    recv_mode=recv
Reusing build directory: /home/hep7/project/kairos/zlink/core/build
Using CMake source directory: /home/hep7/project/kairos/zlink

## Effective Options (runner)
- patterns: MULTI_SPOT
- build_dir: /home/hep7/project/kairos/zlink/core/build
- build_mode: reuse
- reuse_build: 1
- clean_build: 0
- runs: 1
- recv_mode: recv
- duration_seconds: 5
- warmup_seconds: 2
- hwm: default(binary)
- send_hwm: default(binary)
- recv_hwm: default(binary)
- sndbuf: default(os)
- rcvbuf: default(os)
- sndtimeo_ms: 200
- rcvtimeo_ms: 200
- pin_cpu: 0
- io_threads: default(policy)
- msg_sizes: 64,256,1024,65536,131072,262144
- transports: tcp,tls,ws,wss
- results_dir: /home/hep7/project/kairos/zlink/core/perf/results
- results_tag: spot-multi-connected-fallback
- result_file: /home/hep7/project/kairos/zlink/core/perf/results/multi/report/perf_linux_recv_20260324_164629_spot-multi-connected-fallback.txt
- output_file: none
- comparison_script: /home/hep7/project/kairos/zlink/core/perf/run_comparison.py
- python: python3

## Effective Env (runner)
- PYTHONUNBUFFERED: 1
- PERF_RECV_MODE: recv
- PERF_MSG_SIZES: 64,256,1024,65536,131072,262144
- PERF_TRANSPORTS: tcp,tls,ws,wss
- PERF_NO_AUTOBUILD: 1
- PERF_DISABLE_RESOURCE_METRICS: 0

META,os,Linux 6.6.87.2-microsoft-standard-WSL2
META,cpu,Intel(R) Core(TM) Ultra 7 265K
META,cores,20
META,build,Release
META,commit,45bdf7dc
META,timestamp,2026-03-24T16:46:29+09:00
META,load_avg,4.97 4.75 5.14
META,runs,1
META,clients,100

## Effective Options (start)
- runs: 1
- recv_mode: recv
- patterns: MULTI_SPOT
- transports: tcp,tls,ws,wss
- msg_sizes: 64,256,1024,65536,131072,262144
- warmup_seconds: 2
- active_warmup: 0
- duration_seconds: 5
- clients: 100
- default_clients: 100
- default_stream_clients: 10000
- service_clients: auto
- server_io_threads: 4 (default)
- client_io_threads: 4 (default)
- hwm: 100 (default)
- sndhwm: 100 (default)
- rcvhwm: 100 (default)
- sndbuf: default(os)
- rcvbuf: default(os)
- sndtimeo_ms: 200
- rcvtimeo_ms: 200
- connect_concurrency: 128 (default)
- settle_ms: 500
- connect_ready_timeout_ms: 5000
- monitor_hwm: 1000
- server_ready_timeout_ms: 10000
- server_shutdown_timeout_ms: 5000
- server_bind_port: 0
- transport_transition_ms: 3000
- pattern_transition_ms: 3000
- lat_timeout_ms: 5000
- stream_non_tcp_clients_max: 10000
- disable_resource_metrics: 0
- timeout_seconds: auto
## PATTERN: MULTI_SPOT (one-way)
  > Benchmarking current for MULTI_SPOT...
    Testing tcp | 64B,256B,1024B,65536B,131072B,262144B:
      | Size     |         Throughput |      Bandwidth |  Lat.Mean(ms) |   Lat.P95(ms) |   Lat.P99(ms) |  S.CPU% | S.Mem MB | Q.Snd.Max | Q.Rcv.Max | Q.Rcv.End |
      |----------|--------------------|----------------|---------------|---------------|---------------|---------|----------|-----------|-----------|-----------|
      | 64B      |  3633.386 Kmsg/s |    232.537 MB/s |  1257.216 ms |  2009.319 ms |  2127.408 ms | 14.142 |   19.844 |         0 |         0 |         0 |
      | 256B     |  2239.107 Kmsg/s |    573.211 MB/s |   939.157 ms |  2099.146 ms |  2366.231 ms | 11.524 |   21.875 |         0 |         0 |         0 |
      | 1024B    |  1015.559 Kmsg/s |   1039.932 MB/s |   278.476 ms |   422.404 ms |   442.296 ms |  9.003 |   31.828 |         0 |         0 |         0 |
      | 65536B   |    49.340 Kmsg/s |   3233.546 MB/s |   363.287 ms |   591.309 ms |   667.544 ms | 10.091 |  264.816 |         0 |         0 |         0 |
      | 131072B  |    31.402 Kmsg/s |   4115.975 MB/s |   465.152 ms |   616.991 ms |   665.885 ms | 11.242 |  319.227 |         0 |         0 |         0 |
      | 262144B  |     9.393 Kmsg/s |   2462.423 MB/s |  1017.013 ms |  1289.808 ms |  1351.376 ms |  9.347 |  162.945 |         0 |         0 |         0 |
    Testing tcp: Done
    [transport cooldown 3000ms]
    Testing tls | 64B,256B,1024B,65536B,131072B,262144B:
      | Size     |         Throughput |      Bandwidth |  Lat.Mean(ms) |   Lat.P95(ms) |   Lat.P99(ms) |  S.CPU% | S.Mem MB | Q.Snd.Max | Q.Rcv.Max | Q.Rcv.End |
      |----------|--------------------|----------------|---------------|---------------|---------------|---------|----------|-----------|-----------|-----------|
      | 64B      |  1608.097 Kmsg/s |    102.918 MB/s |   634.276 ms |  2589.524 ms |  3360.474 ms | 12.718 |   60.871 |         0 |         0 |         0 |
      | 256B     |  2627.118 Kmsg/s |    672.542 MB/s |   828.198 ms |  2686.663 ms |  3733.773 ms | 14.083 |   71.797 |         0 |         0 |         0 |
      | 1024B    |   761.345 Kmsg/s |    779.617 MB/s |   969.688 ms |  2687.601 ms |  3040.152 ms | 11.370 |  119.746 |         0 |         0 |         0 |
      | 65536B   |    21.489 Kmsg/s |   1408.329 MB/s |  1097.674 ms |  3845.856 ms |  4295.394 ms | 10.921 |  566.293 |         0 |         0 |         0 |
      | 131072B  |    16.204 Kmsg/s |   2123.838 MB/s |   384.491 ms |   324.003 ms |  4324.336 ms | 13.042 |  616.633 |         0 |         0 |         0 |
      | 262144B  |    13.012 Kmsg/s |   3411.123 MB/s |   423.868 ms |   715.250 ms |   764.079 ms | 15.549 |  719.148 |         0 |         0 |         0 |
    Testing tls: Done
    [transport cooldown 3000ms]
    Testing ws | 64B,256B,1024B,65536B,131072B,262144B:
      | Size     |         Throughput |      Bandwidth |  Lat.Mean(ms) |   Lat.P95(ms) |   Lat.P99(ms) |  S.CPU% | S.Mem MB | Q.Snd.Max | Q.Rcv.Max | Q.Rcv.End |
      |----------|--------------------|----------------|---------------|---------------|---------------|---------|----------|-----------|-----------|-----------|
      | 64B      |  1108.408 Kmsg/s |     70.938 MB/s |  2522.672 ms |  4319.239 ms |  5336.255 ms |  7.896 |   22.129 |         0 |         0 |         0 |
      | 256B     |   818.406 Kmsg/s |    209.512 MB/s |  1272.832 ms |  3200.088 ms |  3804.997 ms |  9.107 |   23.438 |         0 |         0 |         0 |
      | 1024B    |   666.610 Kmsg/s |    682.608 MB/s |   477.845 ms |   720.499 ms |   868.395 ms |  8.448 |   32.520 |         0 |         0 |         0 |
      | 65536B   |    38.375 Kmsg/s |   2514.944 MB/s |   366.645 ms |   627.535 ms |   730.898 ms |  9.331 |  254.836 |         0 |         0 |         0 |
      | 131072B  |    20.890 Kmsg/s |   2738.042 MB/s |   548.129 ms |   842.569 ms |   944.411 ms |  9.535 |  271.031 |         0 |         0 |         0 |
      | 262144B  |    11.230 Kmsg/s |   2943.982 MB/s |   801.246 ms |  1090.705 ms |  1159.538 ms |  9.538 |  158.598 |         0 |         0 |         0 |
    Testing ws: Done
    [transport cooldown 3000ms]
    Testing wss | 64B,256B,1024B,65536B,131072B,262144B:
      | Size     |         Throughput |      Bandwidth |  Lat.Mean(ms) |   Lat.P95(ms) |   Lat.P99(ms) |  S.CPU% | S.Mem MB | Q.Snd.Max | Q.Rcv.Max | Q.Rcv.End |
      |----------|--------------------|----------------|---------------|---------------|---------------|---------|----------|-----------|-----------|-----------|
      | 64B      |   564.804 Kmsg/s |     36.147 MB/s |   590.228 ms |  1646.038 ms |  2180.083 ms |  7.979 |   45.859 |         0 |         0 |         0 |
      | 256B     |   689.251 Kmsg/s |    176.448 MB/s |  1118.233 ms |  4010.066 ms |  4425.142 ms |  7.641 |   48.594 |         0 |         0 |         0 |
      | 1024B    |   471.663 Kmsg/s |    482.983 MB/s |  1322.323 ms |  3225.703 ms |  3401.681 ms |  7.460 |   58.020 |         0 |         0 |         0 |
      | 65536B   |    34.007 Kmsg/s |   2228.670 MB/s |   468.868 ms |  1984.846 ms |  2347.578 ms |  8.491 |  248.824 |         0 |         0 |         0 |
      | 131072B  |    18.420 Kmsg/s |   2414.346 MB/s |   533.317 ms |  1993.294 ms |  2276.231 ms |  8.791 |  203.828 |         0 |         0 |         0 |
      | 262144B  |     6.288 Kmsg/s |   1648.309 MB/s |   804.310 ms |  2758.576 ms |  2933.947 ms |  7.971 |  238.152 |         0 |         0 |         0 |
    Testing wss: Done

## Effective Options (result)
- runs: 1
- recv_mode: recv
- patterns: MULTI_SPOT
- transports: tcp,tls,ws,wss
- msg_sizes: 64,256,1024,65536,131072,262144
- warmup_seconds: 2
- active_warmup: 0
- duration_seconds: 5
- clients: 100
- default_clients: 100
- default_stream_clients: 10000
- service_clients: auto
- server_io_threads: 4 (default)
- client_io_threads: 4 (default)
- hwm: 100 (default)
- sndhwm: 100 (default)
- rcvhwm: 100 (default)
- sndbuf: default(os)
- rcvbuf: default(os)
- sndtimeo_ms: 200
- rcvtimeo_ms: 200
- connect_concurrency: 128 (default)
- settle_ms: 500
- connect_ready_timeout_ms: 5000
- monitor_hwm: 1000
- server_ready_timeout_ms: 10000
- server_shutdown_timeout_ms: 5000
- server_bind_port: 0
- transport_transition_ms: 3000
- pattern_transition_ms: 3000
- lat_timeout_ms: 5000
- stream_non_tcp_clients_max: 10000
- disable_resource_metrics: 0
- timeout_seconds: auto

## Result Data
RESULT,current,MULTI_SPOT,tcp,64,bandwidth,232.537
RESULT,current,MULTI_SPOT,tcp,64,latency,1257215.969
RESULT,current,MULTI_SPOT,tcp,64,latency_p95,2009319.000
RESULT,current,MULTI_SPOT,tcp,64,latency_p99,2127408.070
RESULT,current,MULTI_SPOT,tcp,64,server_cpu_pct,15.140
RESULT,current,MULTI_SPOT,tcp,64,server_mem_mb,19.840
RESULT,current,MULTI_SPOT,tcp,64,server_rcv_pending_end,0.000
RESULT,current,MULTI_SPOT,tcp,64,server_rcv_pending_max,0.000
RESULT,current,MULTI_SPOT,tcp,64,server_snd_pending_max,0.000
RESULT,current,MULTI_SPOT,tcp,64,throughput,3633385.600
RESULT,current,MULTI_SPOT,tcp,256,bandwidth,573.211
RESULT,current,MULTI_SPOT,tcp,256,latency,939157.046
RESULT,current,MULTI_SPOT,tcp,256,latency_p95,2099146.100
RESULT,current,MULTI_SPOT,tcp,256,latency_p99,2366231.300
RESULT,current,MULTI_SPOT,tcp,256,server_cpu_pct,12.030
RESULT,current,MULTI_SPOT,tcp,256,server_mem_mb,21.880
RESULT,current,MULTI_SPOT,tcp,256,server_rcv_pending_end,0.000
RESULT,current,MULTI_SPOT,tcp,256,server_rcv_pending_max,0.000
RESULT,current,MULTI_SPOT,tcp,256,server_snd_pending_max,0.000
RESULT,current,MULTI_SPOT,tcp,256,throughput,2239107.000
RESULT,current,MULTI_SPOT,tcp,1024,bandwidth,1039.932
RESULT,current,MULTI_SPOT,tcp,1024,latency,278476.387
RESULT,current,MULTI_SPOT,tcp,1024,latency_p95,422403.900
RESULT,current,MULTI_SPOT,tcp,1024,latency_p99,442296.180
RESULT,current,MULTI_SPOT,tcp,1024,server_cpu_pct,9.200
RESULT,current,MULTI_SPOT,tcp,1024,server_mem_mb,31.830
RESULT,current,MULTI_SPOT,tcp,1024,server_rcv_pending_end,0.000
RESULT,current,MULTI_SPOT,tcp,1024,server_rcv_pending_max,0.000
RESULT,current,MULTI_SPOT,tcp,1024,server_snd_pending_max,0.000
RESULT,current,MULTI_SPOT,tcp,1024,throughput,1015558.800
RESULT,current,MULTI_SPOT,tcp,65536,bandwidth,3233.546
RESULT,current,MULTI_SPOT,tcp,65536,latency,363286.738
RESULT,current,MULTI_SPOT,tcp,65536,latency_p95,591309.000
RESULT,current,MULTI_SPOT,tcp,65536,latency_p99,667544.400
RESULT,current,MULTI_SPOT,tcp,65536,server_cpu_pct,10.420
RESULT,current,MULTI_SPOT,tcp,65536,server_mem_mb,264.820
RESULT,current,MULTI_SPOT,tcp,65536,server_rcv_pending_end,0.000
RESULT,current,MULTI_SPOT,tcp,65536,server_rcv_pending_max,0.000
RESULT,current,MULTI_SPOT,tcp,65536,server_snd_pending_max,0.000
RESULT,current,MULTI_SPOT,tcp,65536,throughput,49340.000
RESULT,current,MULTI_SPOT,tcp,131072,bandwidth,4115.975
RESULT,current,MULTI_SPOT,tcp,131072,latency,465151.574
RESULT,current,MULTI_SPOT,tcp,131072,latency_p95,616990.550
RESULT,current,MULTI_SPOT,tcp,131072,latency_p99,665884.910
RESULT,current,MULTI_SPOT,tcp,131072,server_cpu_pct,11.610
RESULT,current,MULTI_SPOT,tcp,131072,server_mem_mb,319.540
RESULT,current,MULTI_SPOT,tcp,131072,server_rcv_pending_end,0.000
RESULT,current,MULTI_SPOT,tcp,131072,server_rcv_pending_max,0.000
RESULT,current,MULTI_SPOT,tcp,131072,server_snd_pending_max,0.000
RESULT,current,MULTI_SPOT,tcp,131072,throughput,31402.400
RESULT,current,MULTI_SPOT,tcp,262144,bandwidth,2462.423
RESULT,current,MULTI_SPOT,tcp,262144,latency,1017013.091
RESULT,current,MULTI_SPOT,tcp,262144,latency_p95,1289807.900
RESULT,current,MULTI_SPOT,tcp,262144,latency_p99,1351376.080
RESULT,current,MULTI_SPOT,tcp,262144,server_cpu_pct,10.300
RESULT,current,MULTI_SPOT,tcp,262144,server_mem_mb,162.950
RESULT,current,MULTI_SPOT,tcp,262144,server_rcv_pending_end,0.000
RESULT,current,MULTI_SPOT,tcp,262144,server_rcv_pending_max,0.000
RESULT,current,MULTI_SPOT,tcp,262144,server_snd_pending_max,0.000
RESULT,current,MULTI_SPOT,tcp,262144,throughput,9393.400
RESULT,current,MULTI_SPOT,tls,64,bandwidth,102.918
RESULT,current,MULTI_SPOT,tls,64,latency,634276.467
RESULT,current,MULTI_SPOT,tls,64,latency_p95,2589523.750
RESULT,current,MULTI_SPOT,tls,64,latency_p99,3360474.380
RESULT,current,MULTI_SPOT,tls,64,server_cpu_pct,12.820
RESULT,current,MULTI_SPOT,tls,64,server_mem_mb,60.870
RESULT,current,MULTI_SPOT,tls,64,server_rcv_pending_end,0.000
RESULT,current,MULTI_SPOT,tls,64,server_rcv_pending_max,0.000
RESULT,current,MULTI_SPOT,tls,64,server_snd_pending_max,0.000
RESULT,current,MULTI_SPOT,tls,64,throughput,1608097.000
RESULT,current,MULTI_SPOT,tls,256,bandwidth,672.542
RESULT,current,MULTI_SPOT,tls,256,latency,828197.932
RESULT,current,MULTI_SPOT,tls,256,latency_p95,2686663.100
RESULT,current,MULTI_SPOT,tls,256,latency_p99,3733772.730
RESULT,current,MULTI_SPOT,tls,256,server_cpu_pct,14.180
RESULT,current,MULTI_SPOT,tls,256,server_mem_mb,71.800
RESULT,current,MULTI_SPOT,tls,256,server_rcv_pending_end,0.000
RESULT,current,MULTI_SPOT,tls,256,server_rcv_pending_max,0.000
RESULT,current,MULTI_SPOT,tls,256,server_snd_pending_max,0.000
RESULT,current,MULTI_SPOT,tls,256,throughput,2627118.200
RESULT,current,MULTI_SPOT,tls,1024,bandwidth,779.617
RESULT,current,MULTI_SPOT,tls,1024,latency,969688.420
RESULT,current,MULTI_SPOT,tls,1024,latency_p95,2687600.800
RESULT,current,MULTI_SPOT,tls,1024,latency_p99,3040152.160
RESULT,current,MULTI_SPOT,tls,1024,server_cpu_pct,11.370
RESULT,current,MULTI_SPOT,tls,1024,server_mem_mb,119.750
RESULT,current,MULTI_SPOT,tls,1024,server_rcv_pending_end,0.000
RESULT,current,MULTI_SPOT,tls,1024,server_rcv_pending_max,0.000
RESULT,current,MULTI_SPOT,tls,1024,server_snd_pending_max,0.000
RESULT,current,MULTI_SPOT,tls,1024,throughput,761345.200
RESULT,current,MULTI_SPOT,tls,65536,bandwidth,1408.329
RESULT,current,MULTI_SPOT,tls,65536,latency,1097673.653
RESULT,current,MULTI_SPOT,tls,65536,latency_p95,3845856.300
RESULT,current,MULTI_SPOT,tls,65536,latency_p99,4295394.140
RESULT,current,MULTI_SPOT,tls,65536,server_cpu_pct,11.010
RESULT,current,MULTI_SPOT,tls,65536,server_mem_mb,566.290
RESULT,current,MULTI_SPOT,tls,65536,server_rcv_pending_end,0.000
RESULT,current,MULTI_SPOT,tls,65536,server_rcv_pending_max,0.000
RESULT,current,MULTI_SPOT,tls,65536,server_snd_pending_max,0.000
RESULT,current,MULTI_SPOT,tls,65536,throughput,21489.400
RESULT,current,MULTI_SPOT,tls,131072,bandwidth,2123.838
RESULT,current,MULTI_SPOT,tls,131072,latency,384491.096
RESULT,current,MULTI_SPOT,tls,131072,latency_p95,324003.250
RESULT,current,MULTI_SPOT,tls,131072,latency_p99,4324336.010
RESULT,current,MULTI_SPOT,tls,131072,server_cpu_pct,13.240
RESULT,current,MULTI_SPOT,tls,131072,server_mem_mb,616.790
RESULT,current,MULTI_SPOT,tls,131072,server_rcv_pending_end,0.000
RESULT,current,MULTI_SPOT,tls,131072,server_rcv_pending_max,0.000
RESULT,current,MULTI_SPOT,tls,131072,server_snd_pending_max,0.000
RESULT,current,MULTI_SPOT,tls,131072,throughput,16203.600
RESULT,current,MULTI_SPOT,tls,262144,bandwidth,3411.123
RESULT,current,MULTI_SPOT,tls,262144,latency,423868.437
RESULT,current,MULTI_SPOT,tls,262144,latency_p95,715250.000
RESULT,current,MULTI_SPOT,tls,262144,latency_p99,764079.080
RESULT,current,MULTI_SPOT,tls,262144,server_cpu_pct,15.810
RESULT,current,MULTI_SPOT,tls,262144,server_mem_mb,718.980
RESULT,current,MULTI_SPOT,tls,262144,server_rcv_pending_end,0.000
RESULT,current,MULTI_SPOT,tls,262144,server_rcv_pending_max,0.000
RESULT,current,MULTI_SPOT,tls,262144,server_snd_pending_max,0.000
RESULT,current,MULTI_SPOT,tls,262144,throughput,13012.400
RESULT,current,MULTI_SPOT,ws,64,bandwidth,70.938
RESULT,current,MULTI_SPOT,ws,64,latency,2522672.124
RESULT,current,MULTI_SPOT,ws,64,latency_p95,4319239.000
RESULT,current,MULTI_SPOT,ws,64,latency_p99,5336255.200
RESULT,current,MULTI_SPOT,ws,64,server_cpu_pct,9.970
RESULT,current,MULTI_SPOT,ws,64,server_mem_mb,22.130
RESULT,current,MULTI_SPOT,ws,64,server_rcv_pending_end,0.000
RESULT,current,MULTI_SPOT,ws,64,server_rcv_pending_max,0.000
RESULT,current,MULTI_SPOT,ws,64,server_snd_pending_max,0.000
RESULT,current,MULTI_SPOT,ws,64,throughput,1108408.200
RESULT,current,MULTI_SPOT,ws,256,bandwidth,209.512
RESULT,current,MULTI_SPOT,ws,256,latency,1272832.342
RESULT,current,MULTI_SPOT,ws,256,latency_p95,3200087.850
RESULT,current,MULTI_SPOT,ws,256,latency_p99,3804997.250
RESULT,current,MULTI_SPOT,ws,256,server_cpu_pct,9.410
RESULT,current,MULTI_SPOT,ws,256,server_mem_mb,23.440
RESULT,current,MULTI_SPOT,ws,256,server_rcv_pending_end,0.000
RESULT,current,MULTI_SPOT,ws,256,server_rcv_pending_max,0.000
RESULT,current,MULTI_SPOT,ws,256,server_snd_pending_max,0.000
RESULT,current,MULTI_SPOT,ws,256,throughput,818405.600
RESULT,current,MULTI_SPOT,ws,1024,bandwidth,682.608
RESULT,current,MULTI_SPOT,ws,1024,latency,477844.767
RESULT,current,MULTI_SPOT,ws,1024,latency_p95,720498.750
RESULT,current,MULTI_SPOT,ws,1024,latency_p99,868394.620
RESULT,current,MULTI_SPOT,ws,1024,server_cpu_pct,8.700
RESULT,current,MULTI_SPOT,ws,1024,server_mem_mb,32.520
RESULT,current,MULTI_SPOT,ws,1024,server_rcv_pending_end,0.000
RESULT,current,MULTI_SPOT,ws,1024,server_rcv_pending_max,0.000
RESULT,current,MULTI_SPOT,ws,1024,server_snd_pending_max,0.000
RESULT,current,MULTI_SPOT,ws,1024,throughput,666609.600
RESULT,current,MULTI_SPOT,ws,65536,bandwidth,2514.944
RESULT,current,MULTI_SPOT,ws,65536,latency,366645.176
RESULT,current,MULTI_SPOT,ws,65536,latency_p95,627535.300
RESULT,current,MULTI_SPOT,ws,65536,latency_p99,730898.280
RESULT,current,MULTI_SPOT,ws,65536,server_cpu_pct,9.710
RESULT,current,MULTI_SPOT,ws,65536,server_mem_mb,254.990
RESULT,current,MULTI_SPOT,ws,65536,server_rcv_pending_end,0.000
RESULT,current,MULTI_SPOT,ws,65536,server_rcv_pending_max,0.000
RESULT,current,MULTI_SPOT,ws,65536,server_snd_pending_max,0.000
RESULT,current,MULTI_SPOT,ws,65536,throughput,38375.000
RESULT,current,MULTI_SPOT,ws,131072,bandwidth,2738.042
RESULT,current,MULTI_SPOT,ws,131072,latency,548128.836
RESULT,current,MULTI_SPOT,ws,131072,latency_p95,842569.250
RESULT,current,MULTI_SPOT,ws,131072,latency_p99,944411.150
RESULT,current,MULTI_SPOT,ws,131072,server_cpu_pct,10.030
RESULT,current,MULTI_SPOT,ws,131072,server_mem_mb,271.030
RESULT,current,MULTI_SPOT,ws,131072,server_rcv_pending_end,0.000
RESULT,current,MULTI_SPOT,ws,131072,server_rcv_pending_max,0.000
RESULT,current,MULTI_SPOT,ws,131072,server_snd_pending_max,0.000
RESULT,current,MULTI_SPOT,ws,131072,throughput,20889.600
RESULT,current,MULTI_SPOT,ws,262144,bandwidth,2943.982
RESULT,current,MULTI_SPOT,ws,262144,latency,801245.948
RESULT,current,MULTI_SPOT,ws,262144,latency_p95,1090705.000
RESULT,current,MULTI_SPOT,ws,262144,latency_p99,1159538.400
RESULT,current,MULTI_SPOT,ws,262144,server_cpu_pct,10.370
RESULT,current,MULTI_SPOT,ws,262144,server_mem_mb,158.750
RESULT,current,MULTI_SPOT,ws,262144,server_rcv_pending_end,0.000
RESULT,current,MULTI_SPOT,ws,262144,server_rcv_pending_max,0.000
RESULT,current,MULTI_SPOT,ws,262144,server_snd_pending_max,0.000
RESULT,current,MULTI_SPOT,ws,262144,throughput,11230.400
RESULT,current,MULTI_SPOT,wss,64,bandwidth,36.147
RESULT,current,MULTI_SPOT,wss,64,latency,590227.936
RESULT,current,MULTI_SPOT,wss,64,latency_p95,1646038.200
RESULT,current,MULTI_SPOT,wss,64,latency_p99,2180083.000
RESULT,current,MULTI_SPOT,wss,64,server_cpu_pct,8.000
RESULT,current,MULTI_SPOT,wss,64,server_mem_mb,45.860
RESULT,current,MULTI_SPOT,wss,64,server_rcv_pending_end,0.000
RESULT,current,MULTI_SPOT,wss,64,server_rcv_pending_max,0.000
RESULT,current,MULTI_SPOT,wss,64,server_snd_pending_max,0.000
RESULT,current,MULTI_SPOT,wss,64,throughput,564804.000
RESULT,current,MULTI_SPOT,wss,256,bandwidth,176.448
RESULT,current,MULTI_SPOT,wss,256,latency,1118233.274
RESULT,current,MULTI_SPOT,wss,256,latency_p95,4010066.400
RESULT,current,MULTI_SPOT,wss,256,latency_p99,4425142.240
RESULT,current,MULTI_SPOT,wss,256,server_cpu_pct,7.650
RESULT,current,MULTI_SPOT,wss,256,server_mem_mb,48.590
RESULT,current,MULTI_SPOT,wss,256,server_rcv_pending_end,0.000
RESULT,current,MULTI_SPOT,wss,256,server_rcv_pending_max,0.000
RESULT,current,MULTI_SPOT,wss,256,server_snd_pending_max,0.000
RESULT,current,MULTI_SPOT,wss,256,throughput,689250.600
RESULT,current,MULTI_SPOT,wss,1024,bandwidth,482.983
RESULT,current,MULTI_SPOT,wss,1024,latency,1322323.127
RESULT,current,MULTI_SPOT,wss,1024,latency_p95,3225703.300
RESULT,current,MULTI_SPOT,wss,1024,latency_p99,3401681.280
RESULT,current,MULTI_SPOT,wss,1024,server_cpu_pct,7.460
RESULT,current,MULTI_SPOT,wss,1024,server_mem_mb,58.020
RESULT,current,MULTI_SPOT,wss,1024,server_rcv_pending_end,0.000
RESULT,current,MULTI_SPOT,wss,1024,server_rcv_pending_max,0.000
RESULT,current,MULTI_SPOT,wss,1024,server_snd_pending_max,0.000
RESULT,current,MULTI_SPOT,wss,1024,throughput,471663.000
RESULT,current,MULTI_SPOT,wss,65536,bandwidth,2228.670
RESULT,current,MULTI_SPOT,wss,65536,latency,468868.120
RESULT,current,MULTI_SPOT,wss,65536,latency_p95,1984846.250
RESULT,current,MULTI_SPOT,wss,65536,latency_p99,2347578.000
RESULT,current,MULTI_SPOT,wss,65536,server_cpu_pct,8.490
RESULT,current,MULTI_SPOT,wss,65536,server_mem_mb,249.140
RESULT,current,MULTI_SPOT,wss,65536,server_rcv_pending_end,0.000
RESULT,current,MULTI_SPOT,wss,65536,server_rcv_pending_max,0.000
RESULT,current,MULTI_SPOT,wss,65536,server_snd_pending_max,0.000
RESULT,current,MULTI_SPOT,wss,65536,throughput,34006.800
RESULT,current,MULTI_SPOT,wss,131072,bandwidth,2414.346
RESULT,current,MULTI_SPOT,wss,131072,latency,533317.373
RESULT,current,MULTI_SPOT,wss,131072,latency_p95,1993294.000
RESULT,current,MULTI_SPOT,wss,131072,latency_p99,2276230.800
RESULT,current,MULTI_SPOT,wss,131072,server_cpu_pct,8.820
RESULT,current,MULTI_SPOT,wss,131072,server_mem_mb,204.140
RESULT,current,MULTI_SPOT,wss,131072,server_rcv_pending_end,0.000
RESULT,current,MULTI_SPOT,wss,131072,server_rcv_pending_max,0.000
RESULT,current,MULTI_SPOT,wss,131072,server_snd_pending_max,0.000
RESULT,current,MULTI_SPOT,wss,131072,throughput,18420.000
RESULT,current,MULTI_SPOT,wss,262144,bandwidth,1648.309
RESULT,current,MULTI_SPOT,wss,262144,latency,804310.008
RESULT,current,MULTI_SPOT,wss,262144,latency_p95,2758575.800
RESULT,current,MULTI_SPOT,wss,262144,latency_p99,2933947.180
RESULT,current,MULTI_SPOT,wss,262144,server_cpu_pct,8.000
RESULT,current,MULTI_SPOT,wss,262144,server_mem_mb,238.150
RESULT,current,MULTI_SPOT,wss,262144,server_rcv_pending_end,0.000
RESULT,current,MULTI_SPOT,wss,262144,server_rcv_pending_max,0.000
RESULT,current,MULTI_SPOT,wss,262144,server_snd_pending_max,0.000
RESULT,current,MULTI_SPOT,wss,262144,throughput,6287.800

Saved result file: /home/hep7/project/kairos/zlink/core/perf/results/multi/report/perf_linux_recv_20260324_164629_spot-multi-connected-fallback.txt (status=complete)

## Status Summary
- success: 24
- unsupported: 0
- skip: 0
- fail: 0
- expected result lines: 120
- actual result lines: 120
- status: complete
Total benchmark time: 3m 35s (215s, exit=0)
