Reusing build directory: /home/hep7/project/kairos/zlink/core/build
Using CMake source directory: /home/hep7/project/kairos/zlink

## Effective Options (runner)
- patterns: SPOT
- build_dir: /home/hep7/project/kairos/zlink/core/build
- build_mode: reuse
- reuse_build: 1
- clean_build: 0
- runs: 1
- recv_mode: callback
- duration_seconds: 5
- warmup_seconds: 2
- hwm: default(binary)
- send_hwm: default(binary)
- recv_hwm: default(binary)
- sndbuf: default(os)
- rcvbuf: default(os)
- sndtimeo_ms: 200
- rcvtimeo_ms: 200
- pin_cpu: 0
- io_threads: default(binary=1)
- msg_sizes: 256
- transports: tcp
- results_dir: /home/hep7/project/kairos/zlink/core/perf/results
- results_tag: triage-single-tcp256-iso
- result_file: /home/hep7/project/kairos/zlink/core/perf/results/single/report/perf_linux_callback_20260324_174738_triage-single-tcp256-iso.txt
- output_file: none
- comparison_script: /home/hep7/project/kairos/zlink/core/perf/single/run_comparison.py
- python: python3

## Effective Env (runner)
- PYTHONUNBUFFERED: 1
- PERF_RECV_MODE: callback
- PERF_MSG_SIZES: 256
- PERF_TRANSPORTS: tcp
- PERF_SINGLE_DURATION_SECONDS: 5
- PERF_SINGLE_WARMUP_SECONDS: 2
- PERF_SINGLE_SNDTIMEO_MS: 200
- PERF_SINGLE_RCVTIMEO_MS: 200
- PERF_NO_AUTOBUILD: 1


## Effective Options (start)
- runs: 1
- recv_mode: callback
- duration_seconds: 5
- timeout_seconds: 45
- io_threads: 1
- hwm: 1000
- sndhwm: 1000
- rcvhwm: 1000
- sndtimeo_ms: 200
- rcvtimeo_ms: 200
- patterns: SPOT
- transports: tcp
- msg_sizes: 256
## PATTERN: SPOT (one-way)
  > Benchmarking current for SPOT...
    Testing tcp:
      | Size     |       Throughput |    Bandwidth |  Lat.Mean(ms) |   Lat.P95(ms) |   Lat.P99(ms) | CPU% | Mem MB | Q.Snd.Max | Q.Rcv.Max | Q.Rcv.End |
      |----------|------------------|--------------|--------------|--------------|--------------|------|--------|-----------|-----------|-----------|
      | 256B     |    398.84 Kmsg/s |   102.10 MB/s |      2.21 ms |      7.53 ms |      9.84 ms |  5.3 |   15.9 |       N/A |       N/A |       N/A |
    Testing tcp: Done

## Effective Options (result)
- runs: 1
- recv_mode: callback
- duration_seconds: 5
- timeout_seconds: 45
- io_threads: 1
- hwm: 1000
- sndhwm: 1000
- rcvhwm: 1000
- sndtimeo_ms: 200
- rcvtimeo_ms: 200
- patterns: SPOT
- transports: tcp
- msg_sizes: 256

## Result Data
RESULT,current,SPOT,tcp,256,throughput,398836.800
RESULT,current,SPOT,tcp,256,bandwidth,102.100
RESULT,current,SPOT,tcp,256,latency,2212.790
RESULT,current,SPOT,tcp,256,latency_p95,7525.000
RESULT,current,SPOT,tcp,256,latency_p99,9844.010
RESULT,current,SPOT,tcp,256,cpu_pct,5.337
RESULT,current,SPOT,tcp,256,mem_mb,15.926

## Completion
- status: complete
- expected_result_lines: 5
- actual_result_lines: 5

Saved result file: /home/hep7/project/kairos/zlink/core/perf/results/single/report/perf_linux_callback_20260324_174738_triage-single-tcp256-iso.txt (status=complete)
Total benchmark time: 11s (11s, exit=0)
