Reusing build directory: /home/hep7/project/kairos/zlink/core/build
Using CMake source directory: /home/hep7/project/kairos/zlink

## Effective Options (runner)
- patterns: PAIR,PUBSUB,DEALER_DEALER,DEALER_ROUTER,ROUTER_ROUTER,GATEWAY,SPOT
- build_dir: /home/hep7/project/kairos/zlink/core/build
- build_mode: reuse
- reuse_build: 1
- clean_build: 0
- runs: 1
- recv_mode: callback
- duration_seconds: 5
- warmup_seconds: 2
- hwm: default(binary)
- send_hwm: default(binary)
- recv_hwm: default(binary)
- sndbuf: default(os)
- rcvbuf: default(os)
- sndtimeo_ms: 200
- rcvtimeo_ms: 200
- pin_cpu: 0
- io_threads: default(binary=1)
- msg_sizes: default(benchmark)
- transports: default(benchmark)
- results_dir: /home/hep7/project/kairos/zlink/core/perf/results
- results_tag: none
- result_file: /home/hep7/project/kairos/zlink/core/perf/results/single/report/perf_linux_callback_20260324_115121.txt
- output_file: none
- comparison_script: /home/hep7/project/kairos/zlink/core/perf/single/run_comparison.py
- python: python3

## Effective Env (runner)
- PYTHONUNBUFFERED: 1
- PERF_RECV_MODE: callback
- PERF_SINGLE_DURATION_SECONDS: 5
- PERF_SINGLE_WARMUP_SECONDS: 2
- PERF_SINGLE_SNDTIMEO_MS: 200
- PERF_SINGLE_RCVTIMEO_MS: 200
- PERF_NO_AUTOBUILD: 1


## Effective Options (start)
- runs: 1
- recv_mode: callback
- duration_seconds: 5
- timeout_seconds: 45
- io_threads: 1
- hwm: 1000
- sndhwm: 1000
- rcvhwm: 1000
- sndtimeo_ms: 200
- rcvtimeo_ms: 200
- patterns: PAIR,PUBSUB,DEALER_DEALER,DEALER_ROUTER,ROUTER_ROUTER,GATEWAY,SPOT
- transports: inproc,ipc,tcp,tls,ws,wss
- msg_sizes: 64,256,1024,65536,131072,262144
## PATTERN: PAIR (one-way)
  > Benchmarking current for PAIR...
    Testing tcp:
      | Size     |       Throughput |    Bandwidth |  Lat.Mean(ms) |   Lat.P95(ms) |   Lat.P99(ms) | CPU% | Mem MB | Q.Snd.Max | Q.Rcv.Max | Q.Rcv.End |
      |----------|------------------|--------------|--------------|--------------|--------------|------|--------|-----------|-----------|-----------|
      | 64B      |    627.10 Kmsg/s |    40.13 MB/s |      0.07 ms |      0.19 ms |      0.30 ms |  2.7 |    9.7 |       561 |         0 |         0 |
      | 256B     |    618.36 Kmsg/s |   158.30 MB/s |      0.24 ms |      0.34 ms |      0.43 ms |  2.9 |    9.8 |       826 |         0 |         0 |
      | 1024B    |    603.50 Kmsg/s |   617.98 MB/s |      0.34 ms |      0.47 ms |      0.54 ms |  4.0 |   10.6 |       997 |         0 |         0 |
      | 65536B   |     84.80 Kmsg/s |  5557.45 MB/s |      7.44 ms |      9.37 ms |     10.07 ms |  6.8 |   59.5 |       977 |         0 |         0 |
      | 131072B  |     47.66 Kmsg/s |  6247.05 MB/s |     13.36 ms |     16.30 ms |     16.87 ms |  7.0 |   74.5 |       999 |         0 |         0 |
      | 262144B  |     26.50 Kmsg/s |  6946.82 MB/s |     24.18 ms |     29.28 ms |     30.30 ms |  6.9 |   81.2 |       997 |         0 |         0 |
    Testing tcp: Done
    Testing tls:
      | Size     |       Throughput |    Bandwidth |  Lat.Mean(ms) |   Lat.P95(ms) |   Lat.P99(ms) | CPU% | Mem MB | Q.Snd.Max | Q.Rcv.Max | Q.Rcv.End |
      |----------|------------------|--------------|--------------|--------------|--------------|------|--------|-----------|-----------|-----------|
      | 64B      |    632.36 Kmsg/s |    40.47 MB/s |      0.11 ms |      0.21 ms |      0.31 ms |  2.8 |   13.6 |       597 |         0 |         0 |
      | 256B     |    622.30 Kmsg/s |   159.31 MB/s |      0.27 ms |      0.37 ms |      0.47 ms |  3.3 |   13.8 |       977 |         0 |         0 |
      | 1024B    |    625.93 Kmsg/s |   640.95 MB/s |      0.56 ms |      0.89 ms |      0.97 ms |  5.4 |   14.5 |       945 |         0 |         0 |
      | 65536B   |     23.10 Kmsg/s |  1513.88 MB/s |     31.06 ms |     40.09 ms |     41.78 ms |  5.3 |   73.9 |       561 |         0 |         0 |
      | 131072B  |     12.30 Kmsg/s |  1612.19 MB/s |     59.17 ms |     76.09 ms |     77.77 ms |  5.2 |  131.5 |       561 |         0 |         0 |
      | 262144B  |      6.44 Kmsg/s |  1687.95 MB/s |    112.30 ms |    146.40 ms |    149.65 ms |  5.2 |  127.0 |       728 |         0 |         0 |
    Testing tls: Done
    Testing ws:
      | Size     |       Throughput |    Bandwidth |  Lat.Mean(ms) |   Lat.P95(ms) |   Lat.P99(ms) | CPU% | Mem MB | Q.Snd.Max | Q.Rcv.Max | Q.Rcv.End |
      |----------|------------------|--------------|--------------|--------------|--------------|------|--------|-----------|-----------|-----------|
      | 64B      |    630.89 Kmsg/s |    40.38 MB/s |      0.15 ms |      0.22 ms |      0.32 ms |  3.0 |   10.5 |       489 |         0 |         0 |
      | 256B     |    607.49 Kmsg/s |   155.52 MB/s |      0.35 ms |      0.46 ms |      0.55 ms |  3.3 |   10.6 |       983 |         0 |         0 |
      | 1024B    |    612.18 Kmsg/s |   626.87 MB/s |      0.66 ms |      0.93 ms |      1.04 ms |  5.3 |   11.4 |       930 |         0 |         0 |
      | 65536B   |     39.64 Kmsg/s |  2597.69 MB/s |     23.43 ms |     28.31 ms |     29.86 ms |  5.1 |   19.8 |       885 |         0 |         0 |
      | 131072B  |     27.08 Kmsg/s |  3548.96 MB/s |     25.30 ms |     32.00 ms |     32.77 ms |  5.9 |  118.3 |       883 |         0 |         0 |
      | 262144B  |     15.00 Kmsg/s |  3932.16 MB/s |     45.70 ms |     57.36 ms |     59.39 ms |  6.0 |   87.3 |       977 |         0 |         0 |
    Testing ws: Done
    Testing wss:
      | Size     |       Throughput |    Bandwidth |  Lat.Mean(ms) |   Lat.P95(ms) |   Lat.P99(ms) | CPU% | Mem MB | Q.Snd.Max | Q.Rcv.Max | Q.Rcv.End |
      |----------|------------------|--------------|--------------|--------------|--------------|------|--------|-----------|-----------|-----------|
      | 64B      |    637.30 Kmsg/s |    40.79 MB/s |      0.18 ms |      0.30 ms |      0.43 ms |  3.0 |   15.0 |       461 |         0 |         0 |
      | 256B     |    637.20 Kmsg/s |   163.12 MB/s |      0.45 ms |      0.61 ms |      0.72 ms |  3.9 |   15.2 |       153 |         0 |         0 |
      | 1024B    |    484.60 Kmsg/s |   496.23 MB/s |     34.80 ms |     40.21 ms |     41.10 ms |  6.1 |   15.8 |       741 |         0 |         0 |
      | 65536B   |     16.40 Kmsg/s |  1074.79 MB/s |     57.32 ms |     70.60 ms |     72.61 ms |  5.1 |   70.4 |       561 |         0 |         0 |
      | 131072B  |      9.60 Kmsg/s |  1258.29 MB/s |     83.56 ms |    106.12 ms |    108.58 ms |  5.1 |   22.1 |       561 |         0 |         0 |
      | 262144B  |      5.20 Kmsg/s |  1363.15 MB/s |    149.21 ms |    191.53 ms |    196.59 ms |  5.1 |  140.1 |       997 |         0 |         0 |
    Testing wss: Done
    Testing inproc:
      | Size     |       Throughput |    Bandwidth |  Lat.Mean(ms) |   Lat.P95(ms) |   Lat.P99(ms) | CPU% | Mem MB | Q.Snd.Max | Q.Rcv.Max | Q.Rcv.End |
      |----------|------------------|--------------|--------------|--------------|--------------|------|--------|-----------|-----------|-----------|
      | 64B      |   1167.48 Kmsg/s |    74.72 MB/s |      0.02 ms |      0.07 ms |      0.17 ms |  5.0 |    9.7 |       960 |       223 |         0 |
      | 256B     |   1017.94 Kmsg/s |   260.59 MB/s |      0.32 ms |      0.54 ms |      0.60 ms |  5.1 |    9.8 |     1,843 |     1,111 |         0 |
      | 1024B    |   1093.72 Kmsg/s |  1119.97 MB/s |      0.25 ms |      0.47 ms |      0.56 ms |  6.0 |   10.6 |     1,794 |       859 |         0 |
      | 65536B   |    633.21 Kmsg/s | 41497.79 MB/s |      0.02 ms |      0.03 ms |      0.12 ms |  7.6 |   13.0 |       997 |        26 |         0 |
      | 131072B  |    371.32 Kmsg/s | 48669.16 MB/s |      0.02 ms |      0.04 ms |      0.12 ms |  7.0 |   13.0 |       993 |        18 |         0 |
      | 262144B  |    199.10 Kmsg/s | 52193.08 MB/s |      0.02 ms |      0.04 ms |      0.11 ms |  6.6 |   12.6 |       948 |         8 |         0 |
    Testing inproc: Done
    Testing ipc:
      | Size     |       Throughput |    Bandwidth |  Lat.Mean(ms) |   Lat.P95(ms) |   Lat.P99(ms) | CPU% | Mem MB | Q.Snd.Max | Q.Rcv.Max | Q.Rcv.End |
      |----------|------------------|--------------|--------------|--------------|--------------|------|--------|-----------|-----------|-----------|
      | 64B      |    624.10 Kmsg/s |    39.94 MB/s |      0.07 ms |      0.15 ms |      0.26 ms |  2.7 |    9.8 |       477 |         0 |         0 |
      | 256B     |    614.17 Kmsg/s |   157.23 MB/s |      0.20 ms |      0.29 ms |      0.35 ms |  2.9 |    9.8 |       969 |         0 |         0 |
      | 1024B    |    597.63 Kmsg/s |   611.97 MB/s |      0.30 ms |      0.41 ms |      0.49 ms |  3.8 |   10.8 |       998 |         0 |         0 |
      | 65536B   |     79.32 Kmsg/s |  5198.58 MB/s |      8.01 ms |     10.02 ms |     10.40 ms |  6.7 |   60.2 |       921 |         0 |         0 |
      | 131072B  |     44.10 Kmsg/s |  5780.28 MB/s |     14.65 ms |     17.95 ms |     18.46 ms |  6.9 |   70.5 |       597 |         0 |         0 |
      | 262144B  |     23.85 Kmsg/s |  6251.77 MB/s |     27.31 ms |     33.53 ms |     34.26 ms |  6.7 |   70.6 |       869 |         0 |         0 |
    Testing ipc: Done

===============================================================================

## PATTERN: PUBSUB (one-way)
  > Benchmarking current for PUBSUB...
    Testing tcp:
      | Size     |       Throughput |    Bandwidth |  Lat.Mean(ms) |   Lat.P95(ms) |   Lat.P99(ms) | CPU% | Mem MB | Q.Snd.Max | Q.Rcv.Max | Q.Rcv.End |
      |----------|------------------|--------------|--------------|--------------|--------------|------|--------|-----------|-----------|-----------|
      | 64B      |    580.10 Kmsg/s |    37.13 MB/s |      0.12 ms |      0.20 ms |      0.29 ms |  3.3 |    9.8 |       505 |         0 |         0 |
      | 256B     |    573.37 Kmsg/s |   146.78 MB/s |      0.30 ms |      0.41 ms |      0.48 ms |  3.7 |   10.0 |       949 |         0 |         0 |
      | 1024B    |    569.55 Kmsg/s |   583.22 MB/s |      0.46 ms |      0.67 ms |      0.73 ms |  5.1 |   10.6 |       885 |         0 |         0 |
      | 65536B   |     75.70 Kmsg/s |  4961.38 MB/s |      8.47 ms |     10.70 ms |     11.22 ms |  6.6 |   61.9 |       998 |         0 |         0 |
      | 131072B  |     45.10 Kmsg/s |  5911.35 MB/s |     14.30 ms |     17.60 ms |     18.27 ms |  6.8 |  114.6 |       977 |         0 |         0 |
      | 262144B  |     25.59 Kmsg/s |  6708.89 MB/s |     25.02 ms |     30.69 ms |     31.44 ms |  6.7 |  190.0 |       983 |         0 |         0 |
    Testing tcp: Done
    Testing tls:
      | Size     |       Throughput |    Bandwidth |  Lat.Mean(ms) |   Lat.P95(ms) |   Lat.P99(ms) | CPU% | Mem MB | Q.Snd.Max | Q.Rcv.Max | Q.Rcv.End |
      |----------|------------------|--------------|--------------|--------------|--------------|------|--------|-----------|-----------|-----------|
      | 64B      |    588.31 Kmsg/s |    37.65 MB/s |      0.15 ms |      0.24 ms |      0.34 ms |  3.4 |   13.6 |       674 |         0 |         0 |
      | 256B     |    578.40 Kmsg/s |   148.07 MB/s |      0.38 ms |      0.50 ms |      0.58 ms |  4.0 |   13.8 |       913 |         0 |         0 |
      | 1024B    |    543.00 Kmsg/s |   556.03 MB/s |      0.66 ms |      1.13 ms |      1.27 ms |  6.1 |   14.5 |       853 |         0 |         0 |
      | 65536B   |     22.60 Kmsg/s |  1481.11 MB/s |     31.82 ms |     40.95 ms |     42.06 ms |  5.3 |   68.1 |       561 |         0 |         0 |
      | 131072B  |     12.20 Kmsg/s |  1599.08 MB/s |     59.55 ms |     76.53 ms |     78.19 ms |  5.2 |  106.6 |       561 |         0 |         0 |
      | 262144B  |      6.40 Kmsg/s |  1677.72 MB/s |    112.86 ms |    145.95 ms |    149.22 ms |  5.2 |  252.4 |       973 |         0 |         0 |
    Testing tls: Done
    Testing ws:
      | Size     |       Throughput |    Bandwidth |  Lat.Mean(ms) |   Lat.P95(ms) |   Lat.P99(ms) | CPU% | Mem MB | Q.Snd.Max | Q.Rcv.Max | Q.Rcv.End |
      |----------|------------------|--------------|--------------|--------------|--------------|------|--------|-----------|-----------|-----------|
      | 64B      |    577.26 Kmsg/s |    36.94 MB/s |      0.21 ms |      0.29 ms |      0.40 ms |  3.7 |   10.6 |       481 |         0 |         0 |
      | 256B     |    568.98 Kmsg/s |   145.66 MB/s |      0.45 ms |      0.56 ms |      0.62 ms |  4.0 |   10.9 |       760 |         0 |         0 |
      | 1024B    |    575.20 Kmsg/s |   589.00 MB/s |      0.77 ms |      1.08 ms |      1.23 ms |  6.0 |   11.4 |       961 |         0 |         0 |
      | 65536B   |     43.59 Kmsg/s |  2856.43 MB/s |     21.63 ms |     26.02 ms |     26.83 ms |  5.9 |   57.9 |       929 |         0 |         0 |
      | 131072B  |     28.30 Kmsg/s |  3709.31 MB/s |     27.74 ms |     33.85 ms |     34.91 ms |  5.3 |   95.7 |       561 |         0 |         0 |
      | 262144B  |     19.71 Kmsg/s |  5166.44 MB/s |     34.02 ms |     42.00 ms |     42.99 ms |  6.3 |  220.1 |       551 |         0 |         0 |
    Testing ws: Done
    Testing wss:
      | Size     |       Throughput |    Bandwidth |  Lat.Mean(ms) |   Lat.P95(ms) |   Lat.P99(ms) | CPU% | Mem MB | Q.Snd.Max | Q.Rcv.Max | Q.Rcv.End |
      |----------|------------------|--------------|--------------|--------------|--------------|------|--------|-----------|-----------|-----------|
      | 64B      |    581.60 Kmsg/s |    37.22 MB/s |      0.25 ms |      0.35 ms |      0.44 ms |  3.7 |   15.2 |       577 |         0 |         0 |
      | 256B     |    582.37 Kmsg/s |   149.09 MB/s |      0.53 ms |      0.72 ms |      0.81 ms |  4.6 |   15.2 |       978 |         0 |         0 |
      | 1024B    |    432.30 Kmsg/s |   442.68 MB/s |     38.39 ms |     42.81 ms |     44.36 ms |  6.2 |   15.9 |       917 |         0 |         0 |
      | 65536B   |     17.30 Kmsg/s |  1133.77 MB/s |     51.20 ms |     63.69 ms |     66.36 ms |  5.2 |   42.1 |       561 |         0 |         0 |
      | 131072B  |     10.10 Kmsg/s |  1323.83 MB/s |     77.69 ms |    101.36 ms |    104.04 ms |  5.1 |   77.2 |       997 |         0 |         0 |
      | 262144B  |      5.60 Kmsg/s |  1468.01 MB/s |    137.99 ms |    176.67 ms |    180.47 ms |  5.1 |  243.0 |       961 |         0 |         0 |
    Testing wss: Done
    Testing inproc:
      | Size     |       Throughput |    Bandwidth |  Lat.Mean(ms) |   Lat.P95(ms) |   Lat.P99(ms) | CPU% | Mem MB | Q.Snd.Max | Q.Rcv.Max | Q.Rcv.End |
      |----------|------------------|--------------|--------------|--------------|--------------|------|--------|-----------|-----------|-----------|
      | 64B      |   1109.51 Kmsg/s |    71.01 MB/s |      0.02 ms |      0.10 ms |      0.18 ms |  6.3 |    9.5 |       998 |         0 |         0 |
      | 256B     |    861.66 Kmsg/s |   220.59 MB/s |      0.23 ms |      0.52 ms |      0.66 ms |  5.5 |   10.0 |     1,445 |         0 |         0 |
      | 1024B    |    937.62 Kmsg/s |   960.13 MB/s |      0.08 ms |      0.27 ms |      0.42 ms |  6.8 |   10.6 |     1,296 |         0 |         0 |
      | 65536B   |    581.24 Kmsg/s | 38092.12 MB/s |      0.02 ms |      0.04 ms |      0.07 ms |  7.6 |   12.1 |     1,008 |         0 |         0 |
      | 131072B  |    363.36 Kmsg/s | 47626.77 MB/s |      0.02 ms |      0.03 ms |      0.11 ms |  7.1 |   11.9 |       998 |         0 |         0 |
      | 262144B  |    198.35 Kmsg/s | 51997.05 MB/s |      0.02 ms |      0.04 ms |      0.14 ms |  6.7 |   13.1 |       981 |         0 |         0 |
    Testing inproc: Done
    Testing ipc:
      | Size     |       Throughput |    Bandwidth |  Lat.Mean(ms) |   Lat.P95(ms) |   Lat.P99(ms) | CPU% | Mem MB | Q.Snd.Max | Q.Rcv.Max | Q.Rcv.End |
      |----------|------------------|--------------|--------------|--------------|--------------|------|--------|-----------|-----------|-----------|
      | 64B      |    584.71 Kmsg/s |    37.42 MB/s |      0.10 ms |      0.18 ms |      0.28 ms |  3.2 |    9.7 |       505 |         0 |         0 |
      | 256B     |    571.49 Kmsg/s |   146.30 MB/s |      0.28 ms |      0.37 ms |      0.45 ms |  3.6 |    9.8 |       979 |         0 |         0 |
      | 1024B    |    567.34 Kmsg/s |   580.95 MB/s |      0.38 ms |      0.56 ms |      0.65 ms |  4.6 |   10.8 |       813 |         0 |         0 |
      | 65536B   |     75.70 Kmsg/s |  4961.08 MB/s |      8.58 ms |     10.83 ms |     11.29 ms |  6.5 |   63.6 |       985 |         0 |         0 |
      | 131072B  |     42.60 Kmsg/s |  5583.67 MB/s |     15.24 ms |     18.79 ms |     19.41 ms |  6.7 |   80.2 |       993 |         0 |         0 |
      | 262144B  |     23.50 Kmsg/s |  6160.38 MB/s |     27.72 ms |     33.96 ms |     34.92 ms |  6.6 |  218.4 |       561 |         0 |         0 |
    Testing ipc: Done

===============================================================================

## PATTERN: DEALER_DEALER (one-way)
  > Benchmarking current for DEALER_DEALER...
    Testing tcp:
      | Size     |       Throughput |    Bandwidth |  Lat.Mean(ms) |   Lat.P95(ms) |   Lat.P99(ms) | CPU% | Mem MB | Q.Snd.Max | Q.Rcv.Max | Q.Rcv.End |
      |----------|------------------|--------------|--------------|--------------|--------------|------|--------|-----------|-----------|-----------|
      | 64B      |    627.15 Kmsg/s |    40.14 MB/s |      0.07 ms |      0.17 ms |      0.30 ms |  2.7 |    9.8 |       537 |         0 |         0 |
      | 256B     |    613.67 Kmsg/s |   157.10 MB/s |      0.24 ms |      0.32 ms |      0.39 ms |  3.0 |   10.0 |       993 |         0 |         0 |
      | 1024B    |    601.00 Kmsg/s |   615.42 MB/s |      0.33 ms |      0.46 ms |      0.53 ms |  4.1 |   10.5 |       977 |         0 |         0 |
      | 65536B   |     85.50 Kmsg/s |  5603.33 MB/s |      7.39 ms |      9.35 ms |      9.69 ms |  6.8 |   58.4 |       997 |         0 |         0 |
      | 131072B  |     48.41 Kmsg/s |  6344.85 MB/s |     13.16 ms |     16.09 ms |     16.50 ms |  6.9 |  111.0 |       561 |         0 |         0 |
      | 262144B  |     26.81 Kmsg/s |  7027.92 MB/s |     23.90 ms |     28.91 ms |     29.57 ms |  6.8 |  127.0 |       997 |         0 |         0 |
    Testing tcp: Done
    Testing tls:
      | Size     |       Throughput |    Bandwidth |  Lat.Mean(ms) |   Lat.P95(ms) |   Lat.P99(ms) | CPU% | Mem MB | Q.Snd.Max | Q.Rcv.Max | Q.Rcv.End |
      |----------|------------------|--------------|--------------|--------------|--------------|------|--------|-----------|-----------|-----------|
      | 64B      |    630.41 Kmsg/s |    40.35 MB/s |      0.10 ms |      0.20 ms |      0.26 ms |  2.8 |   13.6 |       615 |         0 |         0 |
      | 256B     |    623.60 Kmsg/s |   159.64 MB/s |      0.27 ms |      0.36 ms |      0.45 ms |  3.2 |   13.8 |       953 |         0 |         0 |
      | 1024B    |    625.50 Kmsg/s |   640.51 MB/s |      0.55 ms |      0.89 ms |      0.96 ms |  5.5 |   14.5 |       953 |         0 |         0 |
      | 65536B   |     22.90 Kmsg/s |  1500.77 MB/s |     31.34 ms |     40.31 ms |     41.91 ms |  5.4 |   73.6 |       561 |         0 |         0 |
      | 131072B  |     12.40 Kmsg/s |  1625.29 MB/s |     58.19 ms |     75.17 ms |     76.82 ms |  5.3 |  116.8 |       561 |         0 |         0 |
      | 262144B  |      6.46 Kmsg/s |  1692.56 MB/s |    112.17 ms |    146.22 ms |    149.50 ms |  5.3 |  150.3 |       814 |         0 |         0 |
    Testing tls: Done
    Testing ws:
      | Size     |       Throughput |    Bandwidth |  Lat.Mean(ms) |   Lat.P95(ms) |   Lat.P99(ms) | CPU% | Mem MB | Q.Snd.Max | Q.Rcv.Max | Q.Rcv.End |
      |----------|------------------|--------------|--------------|--------------|--------------|------|--------|-----------|-----------|-----------|
      | 64B      |    625.80 Kmsg/s |    40.05 MB/s |      0.14 ms |      0.21 ms |      0.27 ms |  3.0 |    9.8 |       377 |         0 |         0 |
      | 256B     |    608.33 Kmsg/s |   155.73 MB/s |      0.34 ms |      0.44 ms |      0.52 ms |  3.4 |   10.6 |       889 |         0 |         0 |
      | 1024B    |    613.92 Kmsg/s |   628.65 MB/s |      0.67 ms |      0.94 ms |      1.04 ms |  5.3 |   11.2 |       985 |         0 |         0 |
      | 65536B   |     42.90 Kmsg/s |  2811.49 MB/s |     19.80 ms |     24.27 ms |     25.12 ms |  5.9 |   60.9 |       561 |         0 |         0 |
      | 131072B  |     27.30 Kmsg/s |  3578.27 MB/s |     25.04 ms |     31.66 ms |     32.43 ms |  6.0 |   71.7 |       561 |         0 |         0 |
      | 262144B  |     15.18 Kmsg/s |  3978.30 MB/s |     45.46 ms |     56.99 ms |     58.87 ms |  5.9 |  218.3 |       997 |         0 |         0 |
    Testing ws: Done
    Testing wss:
      | Size     |       Throughput |    Bandwidth |  Lat.Mean(ms) |   Lat.P95(ms) |   Lat.P99(ms) | CPU% | Mem MB | Q.Snd.Max | Q.Rcv.Max | Q.Rcv.End |
      |----------|------------------|--------------|--------------|--------------|--------------|------|--------|-----------|-----------|-----------|
      | 64B      |    631.60 Kmsg/s |    40.42 MB/s |      0.18 ms |      0.27 ms |      0.40 ms |  3.0 |   15.0 |       493 |         0 |         0 |
      | 256B     |    630.59 Kmsg/s |   161.43 MB/s |      0.43 ms |      0.59 ms |      0.69 ms |  3.9 |   15.3 |       966 |         0 |         0 |
      | 1024B    |    500.60 Kmsg/s |   512.61 MB/s |     37.69 ms |     42.41 ms |     43.53 ms |  6.1 |   15.8 |       649 |         0 |         0 |
      | 65536B   |     16.90 Kmsg/s |  1107.56 MB/s |     52.08 ms |     64.71 ms |     66.42 ms |  5.2 |   76.3 |       561 |         0 |         0 |
      | 131072B  |      9.43 Kmsg/s |  1235.56 MB/s |     88.28 ms |    111.31 ms |    113.83 ms |  5.1 |   78.1 |       564 |         0 |         0 |
      | 262144B  |      5.30 Kmsg/s |  1389.36 MB/s |    147.03 ms |    189.05 ms |    193.44 ms |  5.1 |  143.6 |       997 |         0 |         0 |
    Testing wss: Done
    Testing inproc:
      | Size     |       Throughput |    Bandwidth |  Lat.Mean(ms) |   Lat.P95(ms) |   Lat.P99(ms) | CPU% | Mem MB | Q.Snd.Max | Q.Rcv.Max | Q.Rcv.End |
      |----------|------------------|--------------|--------------|--------------|--------------|------|--------|-----------|-----------|-----------|
      | 64B      |   1178.02 Kmsg/s |    75.39 MB/s |      0.02 ms |      0.05 ms |      0.17 ms |  5.0 |    9.5 |       993 |       703 |         0 |
      | 256B     |   1004.28 Kmsg/s |   257.09 MB/s |      0.30 ms |      0.53 ms |      0.60 ms |  5.2 |    9.8 |     1,817 |     1,036 |         0 |
      | 1024B    |   1104.26 Kmsg/s |  1130.77 MB/s |      0.22 ms |      0.43 ms |      0.53 ms |  5.9 |   10.8 |     1,288 |       969 |         0 |
      | 65536B   |    634.23 Kmsg/s | 41565.12 MB/s |      0.02 ms |      0.03 ms |      0.06 ms |  7.6 |   12.3 |       985 |        23 |         0 |
      | 131072B  |    376.58 Kmsg/s | 49359.30 MB/s |      0.02 ms |      0.03 ms |      0.13 ms |  6.9 |   12.0 |       999 |        12 |         0 |
      | 262144B  |    207.30 Kmsg/s | 54341.56 MB/s |      0.02 ms |      0.04 ms |      0.12 ms |  6.7 |   12.7 |       990 |         4 |         0 |
    Testing inproc: Done
    Testing ipc:
      | Size     |       Throughput |    Bandwidth |  Lat.Mean(ms) |   Lat.P95(ms) |   Lat.P99(ms) | CPU% | Mem MB | Q.Snd.Max | Q.Rcv.Max | Q.Rcv.End |
      |----------|------------------|--------------|--------------|--------------|--------------|------|--------|-----------|-----------|-----------|
      | 64B      |    619.83 Kmsg/s |    39.67 MB/s |      0.06 ms |      0.18 ms |      0.27 ms |  2.7 |    9.8 |       408 |         0 |         0 |
      | 256B     |    604.00 Kmsg/s |   154.62 MB/s |      0.21 ms |      0.29 ms |      0.34 ms |  3.0 |   10.0 |       857 |         0 |         0 |
      | 1024B    |    592.00 Kmsg/s |   606.21 MB/s |      0.29 ms |      0.41 ms |      0.47 ms |  3.8 |   10.6 |       921 |         0 |         0 |
      | 65536B   |     79.50 Kmsg/s |  5210.11 MB/s |      8.01 ms |     10.02 ms |     10.48 ms |  6.7 |   46.5 |       961 |         0 |         0 |
      | 131072B  |     44.00 Kmsg/s |  5767.17 MB/s |     14.67 ms |     18.03 ms |     18.67 ms |  6.8 |   66.1 |       561 |         0 |         0 |
      | 262144B  |     24.38 Kmsg/s |  6390.34 MB/s |     26.95 ms |     32.84 ms |     33.59 ms |  5.7 |  214.2 |       887 |         0 |         0 |
    Testing ipc: Done

===============================================================================

## PATTERN: DEALER_ROUTER (one-way)
  > Benchmarking current for DEALER_ROUTER...
    Testing tcp:
      | Size     |       Throughput |    Bandwidth |  Lat.Mean(ms) |   Lat.P95(ms) |   Lat.P99(ms) | CPU% | Mem MB | Q.Snd.Max | Q.Rcv.Max | Q.Rcv.End |
      |----------|------------------|--------------|--------------|--------------|--------------|------|--------|-----------|-----------|-----------|
      | 64B      |    625.70 Kmsg/s |    40.04 MB/s |      0.05 ms |      0.13 ms |      0.23 ms |  2.7 |    9.8 |       469 |         0 |         0 |
      | 256B     |    608.73 Kmsg/s |   155.84 MB/s |      0.22 ms |      0.30 ms |      0.34 ms |  3.0 |    9.8 |       897 |         0 |         0 |
      | 1024B    |    597.30 Kmsg/s |   611.64 MB/s |      0.33 ms |      0.46 ms |      0.54 ms |  4.0 |   10.6 |       933 |         0 |         0 |
      | 65536B   |     85.90 Kmsg/s |  5629.54 MB/s |      7.37 ms |      9.23 ms |      9.57 ms |  6.8 |   55.2 |       997 |         0 |         0 |
      | 131072B  |     48.40 Kmsg/s |  6343.86 MB/s |     13.17 ms |     16.15 ms |     16.75 ms |  6.9 |   50.6 |       972 |         0 |         0 |
      | 262144B  |     26.50 Kmsg/s |  6946.82 MB/s |     23.87 ms |     29.26 ms |     29.94 ms |  6.8 |   59.9 |       977 |         0 |         0 |
    Testing tcp: Done
    Testing tls:
      | Size     |       Throughput |    Bandwidth |  Lat.Mean(ms) |   Lat.P95(ms) |   Lat.P99(ms) | CPU% | Mem MB | Q.Snd.Max | Q.Rcv.Max | Q.Rcv.End |
      |----------|------------------|--------------|--------------|--------------|--------------|------|--------|-----------|-----------|-----------|
      | 64B      |    628.40 Kmsg/s |    40.22 MB/s |      0.09 ms |      0.19 ms |      0.31 ms |  2.7 |   13.6 |       561 |         0 |         0 |
      | 256B     |    617.80 Kmsg/s |   158.16 MB/s |      0.26 ms |      0.36 ms |      0.45 ms |  3.3 |   13.8 |       921 |         0 |         0 |
      | 1024B    |    626.80 Kmsg/s |   641.84 MB/s |      0.54 ms |      0.87 ms |      0.95 ms |  5.4 |   14.5 |       993 |         0 |         0 |
      | 65536B   |     23.00 Kmsg/s |  1507.33 MB/s |     30.75 ms |     40.17 ms |     41.38 ms |  5.4 |   73.1 |       561 |         0 |         0 |
      | 131072B  |     12.40 Kmsg/s |  1625.29 MB/s |     58.17 ms |     74.91 ms |     76.76 ms |  5.3 |  124.9 |       561 |         0 |         0 |
      | 262144B  |      6.50 Kmsg/s |  1703.94 MB/s |    112.34 ms |    145.07 ms |    148.21 ms |  5.2 |  250.5 |       561 |         0 |         0 |
    Testing tls: Done
    Testing ws:
      | Size     |       Throughput |    Bandwidth |  Lat.Mean(ms) |   Lat.P95(ms) |   Lat.P99(ms) | CPU% | Mem MB | Q.Snd.Max | Q.Rcv.Max | Q.Rcv.End |
      |----------|------------------|--------------|--------------|--------------|--------------|------|--------|-----------|-----------|-----------|
      | 64B      |    626.00 Kmsg/s |    40.06 MB/s |      0.13 ms |      0.20 ms |      0.28 ms |  2.9 |   10.5 |       441 |         0 |         0 |
      | 256B     |    609.50 Kmsg/s |   156.03 MB/s |      0.34 ms |      0.45 ms |      0.53 ms |  3.3 |   10.6 |       921 |         0 |         0 |
      | 1024B    |    615.78 Kmsg/s |   630.56 MB/s |      0.68 ms |      0.94 ms |      1.04 ms |  5.3 |   11.2 |       993 |         0 |         0 |
      | 65536B   |     38.81 Kmsg/s |  2543.57 MB/s |     25.03 ms |     30.20 ms |     30.98 ms |  5.8 |   53.2 |       673 |         0 |         0 |
      | 131072B  |     27.08 Kmsg/s |  3548.98 MB/s |     25.38 ms |     31.92 ms |     32.85 ms |  6.0 |   34.6 |       884 |         0 |         0 |
      | 262144B  |     15.25 Kmsg/s |  3997.01 MB/s |     45.11 ms |     56.63 ms |     58.46 ms |  6.0 |  185.6 |       997 |         0 |         0 |
    Testing ws: Done
    Testing wss:
      | Size     |       Throughput |    Bandwidth |  Lat.Mean(ms) |   Lat.P95(ms) |   Lat.P99(ms) | CPU% | Mem MB | Q.Snd.Max | Q.Rcv.Max | Q.Rcv.End |
      |----------|------------------|--------------|--------------|--------------|--------------|------|--------|-----------|-----------|-----------|
      | 64B      |    640.70 Kmsg/s |    41.00 MB/s |      0.18 ms |      0.29 ms |      0.41 ms |  2.9 |   14.8 |       653 |         0 |         0 |
      | 256B     |    634.20 Kmsg/s |   162.36 MB/s |      0.44 ms |      0.59 ms |      0.68 ms |  3.8 |   15.0 |       905 |         0 |         0 |
      | 1024B    |    504.34 Kmsg/s |   516.44 MB/s |     37.71 ms |     42.66 ms |     43.62 ms |  6.2 |   15.9 |       784 |         0 |         0 |
      | 65536B   |     16.40 Kmsg/s |  1074.79 MB/s |     61.49 ms |     74.95 ms |     76.81 ms |  5.1 |   15.0 |       561 |         0 |         0 |
