=== Running multi benchmark: MULTI_SPOT ===
    warmup=1s duration=1s
    recv_mode=recv
Reusing build directory: /home/hep7/project/kairos/zlink/core/build
Using CMake source directory: /home/hep7/project/kairos/zlink

## Effective Options (runner)
- patterns: MULTI_SPOT
- build_dir: /home/hep7/project/kairos/zlink/core/build
- build_mode: reuse
- reuse_build: 1
- clean_build: 0
- runs: 1
- recv_mode: recv
- duration_seconds: 1
- warmup_seconds: 1
- hwm: default(binary)
- send_hwm: default(binary)
- recv_hwm: default(binary)
- sndbuf: default(os)
- rcvbuf: default(os)
- sndtimeo_ms: 200
- rcvtimeo_ms: 200
- pin_cpu: 0
- io_threads: default(policy)
- msg_sizes: 64,256,65536,262144
- transports: tcp,tls,wss
- results_dir: /home/hep7/project/kairos/zlink/core/perf/results
- results_tag: residual-reentry-current
- result_file: /home/hep7/project/kairos/zlink/core/perf/results/multi/report/perf_linux_recv_20260325_025128_residual-reentry-current.txt
- output_file: none
- comparison_script: /home/hep7/project/kairos/zlink/core/perf/run_comparison.py
- python: python3

## Effective Env (runner)
- PYTHONUNBUFFERED: 1
- PERF_RECV_MODE: recv
- PERF_MSG_SIZES: 64,256,65536,262144
- PERF_TRANSPORTS: tcp,tls,wss
- PERF_NO_AUTOBUILD: 1
- PERF_DISABLE_RESOURCE_METRICS: 0

META,os,Linux 6.6.87.2-microsoft-standard-WSL2
META,cpu,Intel(R) Core(TM) Ultra 7 265K
META,cores,20
META,build,Release
META,commit,7ab6f0ae
META,timestamp,2026-03-25T02:51:28+09:00
META,load_avg,6.24 5.65 5.27
META,runs,1
META,clients,100

## Effective Options (start)
- runs: 1
- recv_mode: recv
- patterns: MULTI_SPOT
- transports: tcp,tls,wss
- msg_sizes: 64,256,65536,262144
- warmup_seconds: 1
- active_warmup: 0
- duration_seconds: 1
- clients: 100
- default_clients: 100
- default_stream_clients: 10000
- service_clients: auto
- server_io_threads: 4 (default)
- client_io_threads: 4 (default)
- hwm: 100 (default)
- sndhwm: 100 (default)
- rcvhwm: 100 (default)
- sndbuf: default(os)
- rcvbuf: default(os)
- sndtimeo_ms: 200
- rcvtimeo_ms: 200
- connect_concurrency: 128 (default)
- settle_ms: 500
- connect_ready_timeout_ms: 5000
- monitor_hwm: 1000
- server_ready_timeout_ms: 10000
- server_shutdown_timeout_ms: 5000
- server_bind_port: 0
- transport_transition_ms: 3000
- pattern_transition_ms: 3000
- lat_timeout_ms: 5000
- stream_non_tcp_clients_max: 10000
- disable_resource_metrics: 0
- timeout_seconds: auto
## PATTERN: MULTI_SPOT (one-way)
  > Benchmarking current for MULTI_SPOT...
    Testing tcp | 64B,256B,65536B,262144B:
      | Size     |         Throughput |      Bandwidth |  Lat.Mean(ms) |   Lat.P95(ms) |   Lat.P99(ms) |  S.CPU% | S.Mem MB | Q.Snd.Max | Q.Rcv.Max | Q.Rcv.End |
      |----------|--------------------|----------------|---------------|---------------|---------------|---------|----------|-----------|-----------|-----------|
      | 64B      |  4444.214 Kmsg/s |    284.430 MB/s |   512.607 ms |   602.320 ms |   620.016 ms | 12.422 |   19.375 |         0 |         0 |         0 |
      | 256B     |  2623.072 Kmsg/s |    671.506 MB/s |  1152.087 ms |  1439.563 ms |  1543.627 ms | 10.142 |   20.625 |         0 |         0 |         0 |
      | 65536B   |    57.655 Kmsg/s |   3778.478 MB/s |   467.439 ms |   538.737 ms |   558.053 ms |  9.437 |  201.695 |         0 |         0 |         0 |
      | 262144B  |    12.036 Kmsg/s |   3155.165 MB/s |   689.343 ms |   798.911 ms |   823.231 ms |  9.684 |  232.305 |         0 |         0 |         0 |
    Testing tcp: Done
    [transport cooldown 3000ms]
    Testing tls | 64B,256B,65536B,262144B:
      | Size     |         Throughput |      Bandwidth |  Lat.Mean(ms) |   Lat.P95(ms) |   Lat.P99(ms) |  S.CPU% | S.Mem MB | Q.Snd.Max | Q.Rcv.Max | Q.Rcv.End |
      |----------|--------------------|----------------|---------------|---------------|---------------|---------|----------|-----------|-----------|-----------|
      | 64B      |   740.000 Kmsg/s |     47.360 MB/s |    34.178 ms |    72.529 ms |    74.633 ms | 11.781 |   53.355 |         0 |         0 |         0 |
      | 256B     |  1705.326 Kmsg/s |    436.563 MB/s |    73.194 ms |   272.507 ms |   311.163 ms | 10.611 |   59.484 |         0 |         0 |         0 |
      | 65536B   |    45.894 Kmsg/s |   3007.709 MB/s |   104.283 ms |   158.332 ms |   171.524 ms | 11.917 |  315.277 |         0 |         0 |         0 |
      | 262144B  |     8.080 Kmsg/s |   2118.124 MB/s |   254.337 ms |   573.295 ms |   638.432 ms | 11.865 |  441.266 |         0 |         0 |         0 |
    Testing tls: Done
    [transport cooldown 3000ms]
    Testing wss | 64B,256B,65536B,262144B:
      | Size     |         Throughput |      Bandwidth |  Lat.Mean(ms) |   Lat.P95(ms) |   Lat.P99(ms) |  S.CPU% | S.Mem MB | Q.Snd.Max | Q.Rcv.Max | Q.Rcv.End |
      |----------|--------------------|----------------|---------------|---------------|---------------|---------|----------|-----------|-----------|-----------|
      | 64B      |  2720.847 Kmsg/s |    174.134 MB/s |    95.605 ms |   239.575 ms |   313.806 ms |  6.915 |   51.547 |         0 |         0 |         0 |
      | 256B     |   462.007 Kmsg/s |    118.274 MB/s |     6.087 ms |     8.039 ms |     8.708 ms |  4.990 |   58.100 |         0 |         0 |         0 |
      | 65536B   |    32.986 Kmsg/s |   2161.770 MB/s |    69.369 ms |   126.886 ms |   170.959 ms |  6.029 |  298.547 |         0 |         0 |         0 |
      | 262144B  |     3.255 Kmsg/s |    853.279 MB/s |   695.826 ms |   875.426 ms |   919.421 ms |  5.204 |  331.617 |         0 |         0 |         0 |
    Testing wss: Done

## Effective Options (result)
- runs: 1
- recv_mode: recv
- patterns: MULTI_SPOT
- transports: tcp,tls,wss
- msg_sizes: 64,256,65536,262144
- warmup_seconds: 1
- active_warmup: 0
- duration_seconds: 1
- clients: 100
- default_clients: 100
- default_stream_clients: 10000
- service_clients: auto
- server_io_threads: 4 (default)
- client_io_threads: 4 (default)
- hwm: 100 (default)
- sndhwm: 100 (default)
- rcvhwm: 100 (default)
- sndbuf: default(os)
- rcvbuf: default(os)
- sndtimeo_ms: 200
- rcvtimeo_ms: 200
- connect_concurrency: 128 (default)
- settle_ms: 500
- connect_ready_timeout_ms: 5000
- monitor_hwm: 1000
- server_ready_timeout_ms: 10000
- server_shutdown_timeout_ms: 5000
- server_bind_port: 0
- transport_transition_ms: 3000
- pattern_transition_ms: 3000
- lat_timeout_ms: 5000
- stream_non_tcp_clients_max: 10000
- disable_resource_metrics: 0
- timeout_seconds: auto

## Result Data
RESULT,current,MULTI_SPOT,tcp,64,bandwidth,284.430
RESULT,current,MULTI_SPOT,tcp,64,latency,512607.337
RESULT,current,MULTI_SPOT,tcp,64,latency_p95,602319.600
RESULT,current,MULTI_SPOT,tcp,64,latency_p99,620015.800
RESULT,current,MULTI_SPOT,tcp,64,server_cpu_pct,14.170
RESULT,current,MULTI_SPOT,tcp,64,server_mem_mb,19.380
RESULT,current,MULTI_SPOT,tcp,64,server_rcv_pending_end,0.000
RESULT,current,MULTI_SPOT,tcp,64,server_rcv_pending_max,0.000
RESULT,current,MULTI_SPOT,tcp,64,server_snd_pending_max,0.000
RESULT,current,MULTI_SPOT,tcp,64,throughput,4444214.000
RESULT,current,MULTI_SPOT,tcp,256,bandwidth,671.506
RESULT,current,MULTI_SPOT,tcp,256,latency,1152087.181
RESULT,current,MULTI_SPOT,tcp,256,latency_p95,1439562.600
RESULT,current,MULTI_SPOT,tcp,256,latency_p99,1543626.840
RESULT,current,MULTI_SPOT,tcp,256,server_cpu_pct,13.170
RESULT,current,MULTI_SPOT,tcp,256,server_mem_mb,20.620
RESULT,current,MULTI_SPOT,tcp,256,server_rcv_pending_end,0.000
RESULT,current,MULTI_SPOT,tcp,256,server_rcv_pending_max,0.000
RESULT,current,MULTI_SPOT,tcp,256,server_snd_pending_max,0.000
RESULT,current,MULTI_SPOT,tcp,256,throughput,2623072.000
RESULT,current,MULTI_SPOT,tcp,65536,bandwidth,3778.478
RESULT,current,MULTI_SPOT,tcp,65536,latency,467439.225
RESULT,current,MULTI_SPOT,tcp,65536,latency_p95,538737.250
RESULT,current,MULTI_SPOT,tcp,65536,latency_p99,558052.650
RESULT,current,MULTI_SPOT,tcp,65536,server_cpu_pct,10.820
RESULT,current,MULTI_SPOT,tcp,65536,server_mem_mb,201.850
RESULT,current,MULTI_SPOT,tcp,65536,server_rcv_pending_end,0.000
RESULT,current,MULTI_SPOT,tcp,65536,server_rcv_pending_max,0.000
RESULT,current,MULTI_SPOT,tcp,65536,server_snd_pending_max,0.000
RESULT,current,MULTI_SPOT,tcp,65536,throughput,57655.000
RESULT,current,MULTI_SPOT,tcp,262144,bandwidth,3155.165
RESULT,current,MULTI_SPOT,tcp,262144,latency,689343.376
RESULT,current,MULTI_SPOT,tcp,262144,latency_p95,798911.250
RESULT,current,MULTI_SPOT,tcp,262144,latency_p99,823231.080
RESULT,current,MULTI_SPOT,tcp,262144,server_cpu_pct,12.090
RESULT,current,MULTI_SPOT,tcp,262144,server_mem_mb,230.540
RESULT,current,MULTI_SPOT,tcp,262144,server_rcv_pending_end,0.000
RESULT,current,MULTI_SPOT,tcp,262144,server_rcv_pending_max,0.000
RESULT,current,MULTI_SPOT,tcp,262144,server_snd_pending_max,0.000
RESULT,current,MULTI_SPOT,tcp,262144,throughput,12036.000
RESULT,current,MULTI_SPOT,tls,64,bandwidth,47.360
RESULT,current,MULTI_SPOT,tls,64,latency,34178.134
RESULT,current,MULTI_SPOT,tls,64,latency_p95,72529.000
RESULT,current,MULTI_SPOT,tls,64,latency_p99,74632.740
RESULT,current,MULTI_SPOT,tls,64,server_cpu_pct,11.980
RESULT,current,MULTI_SPOT,tls,64,server_mem_mb,53.360
RESULT,current,MULTI_SPOT,tls,64,server_rcv_pending_end,0.000
RESULT,current,MULTI_SPOT,tls,64,server_rcv_pending_max,0.000
RESULT,current,MULTI_SPOT,tls,64,server_snd_pending_max,0.000
RESULT,current,MULTI_SPOT,tls,64,throughput,740000.000
RESULT,current,MULTI_SPOT,tls,256,bandwidth,436.563
RESULT,current,MULTI_SPOT,tls,256,latency,73193.964
RESULT,current,MULTI_SPOT,tls,256,latency_p95,272507.400
RESULT,current,MULTI_SPOT,tls,256,latency_p99,311163.000
RESULT,current,MULTI_SPOT,tls,256,server_cpu_pct,10.630
RESULT,current,MULTI_SPOT,tls,256,server_mem_mb,59.480
RESULT,current,MULTI_SPOT,tls,256,server_rcv_pending_end,0.000
RESULT,current,MULTI_SPOT,tls,256,server_rcv_pending_max,0.000
RESULT,current,MULTI_SPOT,tls,256,server_snd_pending_max,0.000
RESULT,current,MULTI_SPOT,tls,256,throughput,1705326.000
RESULT,current,MULTI_SPOT,tls,65536,bandwidth,3007.709
RESULT,current,MULTI_SPOT,tls,65536,latency,104282.709
RESULT,current,MULTI_SPOT,tls,65536,latency_p95,158332.250
RESULT,current,MULTI_SPOT,tls,65536,latency_p99,171523.950
RESULT,current,MULTI_SPOT,tls,65536,server_cpu_pct,12.070
RESULT,current,MULTI_SPOT,tls,65536,server_mem_mb,321.370
RESULT,current,MULTI_SPOT,tls,65536,server_rcv_pending_end,0.000
RESULT,current,MULTI_SPOT,tls,65536,server_rcv_pending_max,0.000
RESULT,current,MULTI_SPOT,tls,65536,server_snd_pending_max,0.000
RESULT,current,MULTI_SPOT,tls,65536,throughput,45894.000
RESULT,current,MULTI_SPOT,tls,262144,bandwidth,2118.124
RESULT,current,MULTI_SPOT,tls,262144,latency,254337.494
RESULT,current,MULTI_SPOT,tls,262144,latency_p95,573294.600
RESULT,current,MULTI_SPOT,tls,262144,latency_p99,638432.240
RESULT,current,MULTI_SPOT,tls,262144,server_cpu_pct,12.130
RESULT,current,MULTI_SPOT,tls,262144,server_mem_mb,441.580
RESULT,current,MULTI_SPOT,tls,262144,server_rcv_pending_end,0.000
RESULT,current,MULTI_SPOT,tls,262144,server_rcv_pending_max,0.000
RESULT,current,MULTI_SPOT,tls,262144,server_snd_pending_max,0.000
RESULT,current,MULTI_SPOT,tls,262144,throughput,8080.000
RESULT,current,MULTI_SPOT,wss,64,bandwidth,174.134
RESULT,current,MULTI_SPOT,wss,64,latency,95605.420
RESULT,current,MULTI_SPOT,wss,64,latency_p95,239575.400
RESULT,current,MULTI_SPOT,wss,64,latency_p99,313806.000
RESULT,current,MULTI_SPOT,wss,64,server_cpu_pct,6.960
RESULT,current,MULTI_SPOT,wss,64,server_mem_mb,51.550
RESULT,current,MULTI_SPOT,wss,64,server_rcv_pending_end,0.000
RESULT,current,MULTI_SPOT,wss,64,server_rcv_pending_max,0.000
RESULT,current,MULTI_SPOT,wss,64,server_snd_pending_max,0.000
RESULT,current,MULTI_SPOT,wss,64,throughput,2720847.000
RESULT,current,MULTI_SPOT,wss,256,bandwidth,118.274
RESULT,current,MULTI_SPOT,wss,256,latency,6086.537
RESULT,current,MULTI_SPOT,wss,256,latency_p95,8039.000
RESULT,current,MULTI_SPOT,wss,256,latency_p99,8708.000
RESULT,current,MULTI_SPOT,wss,256,server_cpu_pct,4.990
RESULT,current,MULTI_SPOT,wss,256,server_mem_mb,58.100
RESULT,current,MULTI_SPOT,wss,256,server_rcv_pending_end,0.000
RESULT,current,MULTI_SPOT,wss,256,server_rcv_pending_max,0.000
RESULT,current,MULTI_SPOT,wss,256,server_snd_pending_max,0.000
RESULT,current,MULTI_SPOT,wss,256,throughput,462007.000
RESULT,current,MULTI_SPOT,wss,65536,bandwidth,2161.770
RESULT,current,MULTI_SPOT,wss,65536,latency,69368.587
RESULT,current,MULTI_SPOT,wss,65536,latency_p95,126886.400
RESULT,current,MULTI_SPOT,wss,65536,latency_p99,170959.480
RESULT,current,MULTI_SPOT,wss,65536,server_cpu_pct,6.030
RESULT,current,MULTI_SPOT,wss,65536,server_mem_mb,298.550
RESULT,current,MULTI_SPOT,wss,65536,server_rcv_pending_end,0.000
RESULT,current,MULTI_SPOT,wss,65536,server_rcv_pending_max,0.000
RESULT,current,MULTI_SPOT,wss,65536,server_snd_pending_max,0.000
RESULT,current,MULTI_SPOT,wss,65536,throughput,32986.000
RESULT,current,MULTI_SPOT,wss,262144,bandwidth,853.279
RESULT,current,MULTI_SPOT,wss,262144,latency,695825.942
RESULT,current,MULTI_SPOT,wss,262144,latency_p95,875426.100
RESULT,current,MULTI_SPOT,wss,262144,latency_p99,919421.100
RESULT,current,MULTI_SPOT,wss,262144,server_cpu_pct,5.640
RESULT,current,MULTI_SPOT,wss,262144,server_mem_mb,331.140
RESULT,current,MULTI_SPOT,wss,262144,server_rcv_pending_end,0.000
RESULT,current,MULTI_SPOT,wss,262144,server_rcv_pending_max,0.000
RESULT,current,MULTI_SPOT,wss,262144,server_snd_pending_max,0.000
RESULT,current,MULTI_SPOT,wss,262144,throughput,3255.000

Saved result file: /home/hep7/project/kairos/zlink/core/perf/results/multi/report/perf_linux_recv_20260325_025128_residual-reentry-current.txt (status=complete)

## Status Summary
- success: 12
- unsupported: 0
- skip: 0
- fail: 0
- expected result lines: 60
- actual result lines: 60
- status: complete
Total benchmark time: 1m 4s (64s, exit=0)
