=== Running multi benchmark: MULTI_SPOT ===
    warmup=2s duration=5s
    recv_mode=recv
Reusing build directory: /home/hep7/project/kairos/zlink/core/build
Using CMake source directory: /home/hep7/project/kairos/zlink

## Effective Options (runner)
- patterns: MULTI_SPOT
- build_dir: /home/hep7/project/kairos/zlink/core/build
- build_mode: reuse
- reuse_build: 1
- clean_build: 0
- runs: 1
- recv_mode: recv
- duration_seconds: 5
- warmup_seconds: 2
- hwm: default(binary)
- send_hwm: default(binary)
- recv_hwm: default(binary)
- sndbuf: default(os)
- rcvbuf: default(os)
- sndtimeo_ms: 200
- rcvtimeo_ms: 200
- pin_cpu: 0
- io_threads: default(policy)
- msg_sizes: 64,256,1024,65536,131072,262144
- transports: tcp,tls,wss
- results_dir: /home/hep7/project/kairos/zlink/core/perf/results
- results_tag: spot-multi-current-20260324_191636
- result_file: /home/hep7/project/kairos/zlink/core/perf/results/multi/report/perf_linux_recv_20260324_191636_spot-multi-current-20260324_191636.txt
- output_file: none
- comparison_script: /home/hep7/project/kairos/zlink/core/perf/run_comparison.py
- python: python3

## Effective Env (runner)
- PYTHONUNBUFFERED: 1
- PERF_RECV_MODE: recv
- PERF_MSG_SIZES: 64,256,1024,65536,131072,262144
- PERF_TRANSPORTS: tcp,tls,wss
- PERF_NO_AUTOBUILD: 1
- PERF_DISABLE_RESOURCE_METRICS: 0

META,os,Linux 6.6.87.2-microsoft-standard-WSL2
META,cpu,Intel(R) Core(TM) Ultra 7 265K
META,cores,20
META,build,Release
META,commit,45bdf7dc
META,timestamp,2026-03-24T19:16:36+09:00
META,load_avg,0.87 2.74 3.52
META,runs,1
META,clients,100

## Effective Options (start)
- runs: 1
- recv_mode: recv
- patterns: MULTI_SPOT
- transports: tcp,tls,wss
- msg_sizes: 64,256,1024,65536,131072,262144
- warmup_seconds: 2
- active_warmup: 0
- duration_seconds: 5
- clients: 100
- default_clients: 100
- default_stream_clients: 10000
- service_clients: auto
- server_io_threads: 4 (default)
- client_io_threads: 4 (default)
- hwm: 100 (default)
- sndhwm: 100 (default)
- rcvhwm: 100 (default)
- sndbuf: default(os)
- rcvbuf: default(os)
- sndtimeo_ms: 200
- rcvtimeo_ms: 200
- connect_concurrency: 128 (default)
- settle_ms: 500
- connect_ready_timeout_ms: 5000
- monitor_hwm: 1000
- server_ready_timeout_ms: 10000
- server_shutdown_timeout_ms: 5000
- server_bind_port: 0
- transport_transition_ms: 3000
- pattern_transition_ms: 3000
- lat_timeout_ms: 5000
- stream_non_tcp_clients_max: 10000
- disable_resource_metrics: 0
- timeout_seconds: auto
## PATTERN: MULTI_SPOT (one-way)
  > Benchmarking current for MULTI_SPOT...
    Testing tcp | 64B,256B,1024B,65536B,131072B,262144B:
      | Size     |         Throughput |      Bandwidth |  Lat.Mean(ms) |   Lat.P95(ms) |   Lat.P99(ms) |  S.CPU% | S.Mem MB | Q.Snd.Max | Q.Rcv.Max | Q.Rcv.End |
      |----------|--------------------|----------------|---------------|---------------|---------------|---------|----------|-----------|-----------|-----------|
      | 64B      |  4133.415 Kmsg/s |    264.539 MB/s |  1275.076 ms |  1814.350 ms |  1869.527 ms | 13.936 |   20.781 |         0 |         0 |         0 |
      | 256B     |  2229.568 Kmsg/s |    570.769 MB/s |  1017.616 ms |  1944.297 ms |  2301.534 ms | 11.182 |   23.121 |         0 |         0 |         0 |
      | 1024B    |  1058.235 Kmsg/s |   1083.633 MB/s |   323.198 ms |   405.998 ms |   432.731 ms |  9.153 |   31.883 |         0 |         0 |         0 |
      | 65536B   |    59.119 Kmsg/s |   3874.423 MB/s |   271.349 ms |   382.772 ms |   432.816 ms | 10.696 |  275.457 |         0 |         0 |         0 |
      | 131072B  |    30.969 Kmsg/s |   4059.116 MB/s |   424.197 ms |   554.738 ms |   607.712 ms | 11.073 |  343.184 |         0 |         0 |         0 |
      | 262144B  |    15.759 Kmsg/s |   4131.127 MB/s |   497.326 ms |   770.504 ms |   817.339 ms | 11.657 |  234.809 |         0 |         0 |         0 |
    Testing tcp: Done
    [transport cooldown 3000ms]
    Testing tls | 64B,256B,1024B,65536B,131072B,262144B:
      | Size     |         Throughput |      Bandwidth |  Lat.Mean(ms) |   Lat.P95(ms) |   Lat.P99(ms) |  S.CPU% | S.Mem MB | Q.Snd.Max | Q.Rcv.Max | Q.Rcv.End |
      |----------|--------------------|----------------|---------------|---------------|---------------|---------|----------|-----------|-----------|-----------|
      | 64B      |  1937.841 Kmsg/s |    124.022 MB/s |   477.864 ms |  2915.913 ms |  3964.322 ms | 12.870 |   60.680 |         0 |         0 |         0 |
      | 256B     |  1986.874 Kmsg/s |    508.640 MB/s |  1022.861 ms |  2934.507 ms |  4025.841 ms | 11.388 |   74.848 |         0 |         0 |         0 |
      | 1024B    |  1214.707 Kmsg/s |   1243.860 MB/s |   205.828 ms |   399.088 ms |  1917.037 ms | 13.546 |  119.090 |         0 |         0 |         0 |
      | 65536B   |    54.996 Kmsg/s |   3604.231 MB/s |   564.054 ms |  3514.791 ms |  4092.017 ms | 15.586 |  559.117 |         0 |         0 |         0 |
      | 131072B  |    20.955 Kmsg/s |   2746.614 MB/s |   620.145 ms |  4083.284 ms |  4537.503 ms | 14.017 |  623.500 |         0 |         0 |         0 |
      | 262144B  |     3.485 Kmsg/s |    913.467 MB/s |   171.716 ms |   235.186 ms |   254.182 ms | 10.826 |  899.230 |         0 |         0 |         0 |
    Testing tls: Done
    [transport cooldown 3000ms]
    Testing wss | 64B,256B,1024B,65536B,131072B,262144B:
      | Size     |         Throughput |      Bandwidth |  Lat.Mean(ms) |   Lat.P95(ms) |   Lat.P99(ms) |  S.CPU% | S.Mem MB | Q.Snd.Max | Q.Rcv.Max | Q.Rcv.End |
      |----------|--------------------|----------------|---------------|---------------|---------------|---------|----------|-----------|-----------|-----------|
      | 64B      |  1666.713 Kmsg/s |    106.670 MB/s |   873.049 ms |  2058.506 ms |  3681.726 ms |  9.343 |   59.367 |         0 |         0 |         0 |
      | 256B     |  1347.401 Kmsg/s |    344.935 MB/s |   682.766 ms |  3566.348 ms |  3998.181 ms |  8.780 |   67.820 |         0 |         0 |         0 |
      | 1024B    |   955.853 Kmsg/s |    978.793 MB/s |   660.252 ms |  3279.909 ms |  3764.958 ms |  9.839 |  101.523 |         0 |         0 |         0 |
      | 65536B   |    29.665 Kmsg/s |   1944.099 MB/s |   610.021 ms |  4014.565 ms |  4525.028 ms |  8.723 |  438.605 |         0 |         0 |         0 |
      | 131072B  |    13.461 Kmsg/s |   1764.413 MB/s |   203.068 ms |   322.538 ms |   359.967 ms |  9.011 |  537.641 |         0 |         0 |         0 |
      | 262144B  |     6.963 Kmsg/s |   1825.256 MB/s |   143.782 ms |   189.267 ms |   197.488 ms |  9.054 |  765.688 |         0 |         0 |         0 |
    Testing wss: Done

## Effective Options (result)
- runs: 1
- recv_mode: recv
- patterns: MULTI_SPOT
- transports: tcp,tls,wss
- msg_sizes: 64,256,1024,65536,131072,262144
- warmup_seconds: 2
- active_warmup: 0
- duration_seconds: 5
- clients: 100
- default_clients: 100
- default_stream_clients: 10000
- service_clients: auto
- server_io_threads: 4 (default)
- client_io_threads: 4 (default)
- hwm: 100 (default)
- sndhwm: 100 (default)
- rcvhwm: 100 (default)
- sndbuf: default(os)
- rcvbuf: default(os)
- sndtimeo_ms: 200
- rcvtimeo_ms: 200
- connect_concurrency: 128 (default)
- settle_ms: 500
- connect_ready_timeout_ms: 5000
- monitor_hwm: 1000
- server_ready_timeout_ms: 10000
- server_shutdown_timeout_ms: 5000
- server_bind_port: 0
- transport_transition_ms: 3000
- pattern_transition_ms: 3000
- lat_timeout_ms: 5000
- stream_non_tcp_clients_max: 10000
- disable_resource_metrics: 0
- timeout_seconds: auto

## Result Data
RESULT,current,MULTI_SPOT,tcp,64,bandwidth,264.539
RESULT,current,MULTI_SPOT,tcp,64,latency,1275076.064
RESULT,current,MULTI_SPOT,tcp,64,latency_p95,1814350.350
RESULT,current,MULTI_SPOT,tcp,64,latency_p99,1869527.050
RESULT,current,MULTI_SPOT,tcp,64,server_cpu_pct,15.140
RESULT,current,MULTI_SPOT,tcp,64,server_mem_mb,20.780
RESULT,current,MULTI_SPOT,tcp,64,server_rcv_pending_end,0.000
RESULT,current,MULTI_SPOT,tcp,64,server_rcv_pending_max,0.000
RESULT,current,MULTI_SPOT,tcp,64,server_snd_pending_max,0.000
RESULT,current,MULTI_SPOT,tcp,64,throughput,4133414.800
RESULT,current,MULTI_SPOT,tcp,256,bandwidth,570.769
RESULT,current,MULTI_SPOT,tcp,256,latency,1017616.461
RESULT,current,MULTI_SPOT,tcp,256,latency_p95,1944297.050
RESULT,current,MULTI_SPOT,tcp,256,latency_p99,2301534.140
RESULT,current,MULTI_SPOT,tcp,256,server_cpu_pct,11.750
RESULT,current,MULTI_SPOT,tcp,256,server_mem_mb,23.120
RESULT,current,MULTI_SPOT,tcp,256,server_rcv_pending_end,0.000
RESULT,current,MULTI_SPOT,tcp,256,server_rcv_pending_max,0.000
RESULT,current,MULTI_SPOT,tcp,256,server_snd_pending_max,0.000
RESULT,current,MULTI_SPOT,tcp,256,throughput,2229568.200
RESULT,current,MULTI_SPOT,tcp,1024,bandwidth,1083.633
RESULT,current,MULTI_SPOT,tcp,1024,latency,323198.351
RESULT,current,MULTI_SPOT,tcp,1024,latency_p95,405998.500
RESULT,current,MULTI_SPOT,tcp,1024,latency_p99,432731.000
RESULT,current,MULTI_SPOT,tcp,1024,server_cpu_pct,9.360
RESULT,current,MULTI_SPOT,tcp,1024,server_mem_mb,31.880
RESULT,current,MULTI_SPOT,tcp,1024,server_rcv_pending_end,0.000
RESULT,current,MULTI_SPOT,tcp,1024,server_rcv_pending_max,0.000
RESULT,current,MULTI_SPOT,tcp,1024,server_snd_pending_max,0.000
RESULT,current,MULTI_SPOT,tcp,1024,throughput,1058235.000
RESULT,current,MULTI_SPOT,tcp,65536,bandwidth,3874.423
RESULT,current,MULTI_SPOT,tcp,65536,latency,271348.522
RESULT,current,MULTI_SPOT,tcp,65536,latency_p95,382772.050
RESULT,current,MULTI_SPOT,tcp,65536,latency_p99,432816.050
RESULT,current,MULTI_SPOT,tcp,65536,server_cpu_pct,10.950
RESULT,current,MULTI_SPOT,tcp,65536,server_mem_mb,275.610
RESULT,current,MULTI_SPOT,tcp,65536,server_rcv_pending_end,0.000
RESULT,current,MULTI_SPOT,tcp,65536,server_rcv_pending_max,0.000
RESULT,current,MULTI_SPOT,tcp,65536,server_snd_pending_max,0.000
RESULT,current,MULTI_SPOT,tcp,65536,throughput,59119.000
RESULT,current,MULTI_SPOT,tcp,131072,bandwidth,4059.116
RESULT,current,MULTI_SPOT,tcp,131072,latency,424197.150
RESULT,current,MULTI_SPOT,tcp,131072,latency_p95,554738.000
RESULT,current,MULTI_SPOT,tcp,131072,latency_p99,607712.000
RESULT,current,MULTI_SPOT,tcp,131072,server_cpu_pct,11.500
RESULT,current,MULTI_SPOT,tcp,131072,server_mem_mb,343.180
RESULT,current,MULTI_SPOT,tcp,131072,server_rcv_pending_end,0.000
RESULT,current,MULTI_SPOT,tcp,131072,server_rcv_pending_max,0.000
RESULT,current,MULTI_SPOT,tcp,131072,server_snd_pending_max,0.000
RESULT,current,MULTI_SPOT,tcp,131072,throughput,30968.600
RESULT,current,MULTI_SPOT,tcp,262144,bandwidth,4131.127
RESULT,current,MULTI_SPOT,tcp,262144,latency,497325.735
RESULT,current,MULTI_SPOT,tcp,262144,latency_p95,770504.050
RESULT,current,MULTI_SPOT,tcp,262144,latency_p99,817339.250
RESULT,current,MULTI_SPOT,tcp,262144,server_cpu_pct,12.400
RESULT,current,MULTI_SPOT,tcp,262144,server_mem_mb,234.810
RESULT,current,MULTI_SPOT,tcp,262144,server_rcv_pending_end,0.000
RESULT,current,MULTI_SPOT,tcp,262144,server_rcv_pending_max,0.000
RESULT,current,MULTI_SPOT,tcp,262144,server_snd_pending_max,0.000
RESULT,current,MULTI_SPOT,tcp,262144,throughput,15759.000
RESULT,current,MULTI_SPOT,tls,64,bandwidth,124.022
RESULT,current,MULTI_SPOT,tls,64,latency,477863.525
RESULT,current,MULTI_SPOT,tls,64,latency_p95,2915913.050
RESULT,current,MULTI_SPOT,tls,64,latency_p99,3964322.380
RESULT,current,MULTI_SPOT,tls,64,server_cpu_pct,12.880
RESULT,current,MULTI_SPOT,tls,64,server_mem_mb,60.680
RESULT,current,MULTI_SPOT,tls,64,server_rcv_pending_end,0.000
RESULT,current,MULTI_SPOT,tls,64,server_rcv_pending_max,0.000
RESULT,current,MULTI_SPOT,tls,64,server_snd_pending_max,0.000
RESULT,current,MULTI_SPOT,tls,64,throughput,1937841.400
RESULT,current,MULTI_SPOT,tls,256,bandwidth,508.640
RESULT,current,MULTI_SPOT,tls,256,latency,1022861.486
RESULT,current,MULTI_SPOT,tls,256,latency_p95,2934507.050
RESULT,current,MULTI_SPOT,tls,256,latency_p99,4025841.340
RESULT,current,MULTI_SPOT,tls,256,server_cpu_pct,11.640
RESULT,current,MULTI_SPOT,tls,256,server_mem_mb,74.850
RESULT,current,MULTI_SPOT,tls,256,server_rcv_pending_end,0.000
RESULT,current,MULTI_SPOT,tls,256,server_rcv_pending_max,0.000
RESULT,current,MULTI_SPOT,tls,256,server_snd_pending_max,0.000
RESULT,current,MULTI_SPOT,tls,256,throughput,1986874.200
RESULT,current,MULTI_SPOT,tls,1024,bandwidth,1243.860
RESULT,current,MULTI_SPOT,tls,1024,latency,205827.973
RESULT,current,MULTI_SPOT,tls,1024,latency_p95,399088.300
RESULT,current,MULTI_SPOT,tls,1024,latency_p99,1917037.380
RESULT,current,MULTI_SPOT,tls,1024,server_cpu_pct,13.570
RESULT,current,MULTI_SPOT,tls,1024,server_mem_mb,119.090
RESULT,current,MULTI_SPOT,tls,1024,server_rcv_pending_end,0.000
RESULT,current,MULTI_SPOT,tls,1024,server_rcv_pending_max,0.000
RESULT,current,MULTI_SPOT,tls,1024,server_snd_pending_max,0.000
RESULT,current,MULTI_SPOT,tls,1024,throughput,1214707.000
RESULT,current,MULTI_SPOT,tls,65536,bandwidth,3604.231
RESULT,current,MULTI_SPOT,tls,65536,latency,564054.008
RESULT,current,MULTI_SPOT,tls,65536,latency_p95,3514791.300
RESULT,current,MULTI_SPOT,tls,65536,latency_p99,4092017.100
RESULT,current,MULTI_SPOT,tls,65536,server_cpu_pct,15.760
RESULT,current,MULTI_SPOT,tls,65536,server_mem_mb,559.120
RESULT,current,MULTI_SPOT,tls,65536,server_rcv_pending_end,0.000
RESULT,current,MULTI_SPOT,tls,65536,server_rcv_pending_max,0.000
RESULT,current,MULTI_SPOT,tls,65536,server_snd_pending_max,0.000
RESULT,current,MULTI_SPOT,tls,65536,throughput,54996.200
RESULT,current,MULTI_SPOT,tls,131072,bandwidth,2746.614
RESULT,current,MULTI_SPOT,tls,131072,latency,620145.046
RESULT,current,MULTI_SPOT,tls,131072,latency_p95,4083283.750
RESULT,current,MULTI_SPOT,tls,131072,latency_p99,4537503.250
RESULT,current,MULTI_SPOT,tls,131072,server_cpu_pct,14.300
RESULT,current,MULTI_SPOT,tls,131072,server_mem_mb,623.500
RESULT,current,MULTI_SPOT,tls,131072,server_rcv_pending_end,0.000
RESULT,current,MULTI_SPOT,tls,131072,server_rcv_pending_max,0.000
RESULT,current,MULTI_SPOT,tls,131072,server_snd_pending_max,0.000
RESULT,current,MULTI_SPOT,tls,131072,throughput,20955.000
RESULT,current,MULTI_SPOT,tls,262144,bandwidth,913.467
RESULT,current,MULTI_SPOT,tls,262144,latency,171716.334
RESULT,current,MULTI_SPOT,tls,262144,latency_p95,235186.200
RESULT,current,MULTI_SPOT,tls,262144,latency_p99,254181.720
RESULT,current,MULTI_SPOT,tls,262144,server_cpu_pct,11.030
RESULT,current,MULTI_SPOT,tls,262144,server_mem_mb,898.740
RESULT,current,MULTI_SPOT,tls,262144,server_rcv_pending_end,0.000
RESULT,current,MULTI_SPOT,tls,262144,server_rcv_pending_max,0.000
RESULT,current,MULTI_SPOT,tls,262144,server_snd_pending_max,0.000
RESULT,current,MULTI_SPOT,tls,262144,throughput,3484.600
RESULT,current,MULTI_SPOT,wss,64,bandwidth,106.670
RESULT,current,MULTI_SPOT,wss,64,latency,873048.683
RESULT,current,MULTI_SPOT,wss,64,latency_p95,2058505.700
RESULT,current,MULTI_SPOT,wss,64,latency_p99,3681726.040
RESULT,current,MULTI_SPOT,wss,64,server_cpu_pct,9.370
RESULT,current,MULTI_SPOT,wss,64,server_mem_mb,59.370
RESULT,current,MULTI_SPOT,wss,64,server_rcv_pending_end,0.000
RESULT,current,MULTI_SPOT,wss,64,server_rcv_pending_max,0.000
RESULT,current,MULTI_SPOT,wss,64,server_snd_pending_max,0.000
RESULT,current,MULTI_SPOT,wss,64,throughput,1666712.600
RESULT,current,MULTI_SPOT,wss,256,bandwidth,344.935
RESULT,current,MULTI_SPOT,wss,256,latency,682766.195
RESULT,current,MULTI_SPOT,wss,256,latency_p95,3566348.000
RESULT,current,MULTI_SPOT,wss,256,latency_p99,3998180.580
RESULT,current,MULTI_SPOT,wss,256,server_cpu_pct,8.780
RESULT,current,MULTI_SPOT,wss,256,server_mem_mb,67.820
RESULT,current,MULTI_SPOT,wss,256,server_rcv_pending_end,0.000
RESULT,current,MULTI_SPOT,wss,256,server_rcv_pending_max,0.000
RESULT,current,MULTI_SPOT,wss,256,server_snd_pending_max,0.000
RESULT,current,MULTI_SPOT,wss,256,throughput,1347400.800
RESULT,current,MULTI_SPOT,wss,1024,bandwidth,978.793
RESULT,current,MULTI_SPOT,wss,1024,latency,660251.999
RESULT,current,MULTI_SPOT,wss,1024,latency_p95,3279909.000
RESULT,current,MULTI_SPOT,wss,1024,latency_p99,3764957.700
RESULT,current,MULTI_SPOT,wss,1024,server_cpu_pct,9.840
RESULT,current,MULTI_SPOT,wss,1024,server_mem_mb,101.520
RESULT,current,MULTI_SPOT,wss,1024,server_rcv_pending_end,0.000
RESULT,current,MULTI_SPOT,wss,1024,server_rcv_pending_max,0.000
RESULT,current,MULTI_SPOT,wss,1024,server_snd_pending_max,0.000
RESULT,current,MULTI_SPOT,wss,1024,throughput,955853.000
RESULT,current,MULTI_SPOT,wss,65536,bandwidth,1944.099
RESULT,current,MULTI_SPOT,wss,65536,latency,610020.549
RESULT,current,MULTI_SPOT,wss,65536,latency_p95,4014565.000
RESULT,current,MULTI_SPOT,wss,65536,latency_p99,4525027.720
RESULT,current,MULTI_SPOT,wss,65536,server_cpu_pct,8.750
RESULT,current,MULTI_SPOT,wss,65536,server_mem_mb,438.760
RESULT,current,MULTI_SPOT,wss,65536,server_rcv_pending_end,0.000
RESULT,current,MULTI_SPOT,wss,65536,server_rcv_pending_max,0.000
RESULT,current,MULTI_SPOT,wss,65536,server_snd_pending_max,0.000
RESULT,current,MULTI_SPOT,wss,65536,throughput,29664.600
RESULT,current,MULTI_SPOT,wss,131072,bandwidth,1764.413
RESULT,current,MULTI_SPOT,wss,131072,latency,203067.677
RESULT,current,MULTI_SPOT,wss,131072,latency_p95,322538.200
RESULT,current,MULTI_SPOT,wss,131072,latency_p99,359967.160
RESULT,current,MULTI_SPOT,wss,131072,server_cpu_pct,9.100
RESULT,current,MULTI_SPOT,wss,131072,server_mem_mb,537.640
RESULT,current,MULTI_SPOT,wss,131072,server_rcv_pending_end,0.000
RESULT,current,MULTI_SPOT,wss,131072,server_rcv_pending_max,0.000
RESULT,current,MULTI_SPOT,wss,131072,server_snd_pending_max,0.000
RESULT,current,MULTI_SPOT,wss,131072,throughput,13461.400
RESULT,current,MULTI_SPOT,wss,262144,bandwidth,1825.256
RESULT,current,MULTI_SPOT,wss,262144,latency,143781.707
RESULT,current,MULTI_SPOT,wss,262144,latency_p95,189266.800
RESULT,current,MULTI_SPOT,wss,262144,latency_p99,197488.320
RESULT,current,MULTI_SPOT,wss,262144,server_cpu_pct,9.100
RESULT,current,MULTI_SPOT,wss,262144,server_mem_mb,764.560
RESULT,current,MULTI_SPOT,wss,262144,server_rcv_pending_end,0.000
RESULT,current,MULTI_SPOT,wss,262144,server_rcv_pending_max,0.000
RESULT,current,MULTI_SPOT,wss,262144,server_snd_pending_max,0.000
RESULT,current,MULTI_SPOT,wss,262144,throughput,6962.800

Saved result file: /home/hep7/project/kairos/zlink/core/perf/results/multi/report/perf_linux_recv_20260324_191636_spot-multi-current-20260324_191636.txt (status=complete)

## Status Summary
- success: 18
- unsupported: 0
- skip: 0
- fail: 0
- expected result lines: 90
- actual result lines: 90
- status: complete
Total benchmark time: 2m 48s (168s, exit=0)
