
## Effective Options (start)
- runs: 1
- recv_mode: callback
- duration_seconds: 5
- timeout_seconds: 45
- io_threads: 1
- hwm: 1000
- sndhwm: 1000
- rcvhwm: 1000
- sndtimeo_ms: 200
- rcvtimeo_ms: 200
- patterns: SPOT
- transports: tcp,tls,ws,wss
- msg_sizes: 64,256,1024,65536,131072,262144
## PATTERN: SPOT (one-way)
  > Benchmarking current for SPOT...
    Testing tcp:
      | Size     |       Throughput |    Bandwidth |  Lat.Mean(ms) |   Lat.P95(ms) |   Lat.P99(ms) | CPU% | Mem MB | Q.Snd.Max | Q.Rcv.Max | Q.Rcv.End |
      |----------|------------------|--------------|--------------|--------------|--------------|------|--------|-----------|-----------|-----------|
      | 64B      |   1516.93 Kmsg/s |    97.08 MB/s |      0.16 ms |      0.27 ms |      0.37 ms |  9.2 |   10.8 |       N/A |       N/A |       N/A |
      | 256B     |    767.33 Kmsg/s |   196.44 MB/s |      0.53 ms |      0.80 ms |      0.91 ms |  7.2 |   10.6 |       N/A |       N/A |       N/A |
      | 1024B    |    598.04 Kmsg/s |   612.39 MB/s |      0.77 ms |      1.04 ms |      1.17 ms |  7.5 |   11.2 |       N/A |       N/A |       N/A |
      | 65536B   |     74.09 Kmsg/s |  4855.68 MB/s |      7.12 ms |      8.80 ms |      9.22 ms |  7.6 |   12.3 |       N/A |       N/A |       N/A |
      | 131072B  |     43.93 Kmsg/s |  5757.94 MB/s |     11.72 ms |     14.24 ms |     14.76 ms |  7.4 |   13.2 |       N/A |       N/A |       N/A |
      | 262144B  |     24.66 Kmsg/s |  6465.15 MB/s |     20.61 ms |     24.96 ms |     25.74 ms |  6.6 |   15.1 |       N/A |       N/A |       N/A |
    Testing tcp: Done
    Testing tls:
      | Size     |       Throughput |    Bandwidth |  Lat.Mean(ms) |   Lat.P95(ms) |   Lat.P99(ms) | CPU% | Mem MB | Q.Snd.Max | Q.Rcv.Max | Q.Rcv.End |
      |----------|------------------|--------------|--------------|--------------|--------------|------|--------|-----------|-----------|-----------|
      | 64B      |   1428.79 Kmsg/s |    91.44 MB/s |      0.43 ms |      0.52 ms |      0.58 ms |  8.4 |   14.5 |       N/A |       N/A |       N/A |
      | 256B     |    707.53 Kmsg/s |   181.13 MB/s |      0.60 ms |      0.90 ms |      1.00 ms |  6.7 |   14.5 |       N/A |       N/A |       N/A |
      | 1024B    |    460.71 Kmsg/s |   471.77 MB/s |      1.06 ms |      1.41 ms |      1.57 ms |  6.9 |   15.6 |       N/A |       N/A |       N/A |
      | 65536B   |     20.81 Kmsg/s |  1363.99 MB/s |     27.13 ms |     34.85 ms |     36.10 ms |  6.9 |   18.3 |       N/A |       N/A |       N/A |
      | 131072B  |     11.60 Kmsg/s |  1520.02 MB/s |     48.29 ms |     62.02 ms |     63.98 ms |  6.5 |   17.2 |       N/A |       N/A |       N/A |
      | 262144B  |      6.36 Kmsg/s |  1666.71 MB/s |     88.67 ms |    114.62 ms |    117.42 ms |  5.8 |   22.3 |       N/A |       N/A |       N/A |
    Testing tls: Done
    Testing ws:
      | Size     |       Throughput |    Bandwidth |  Lat.Mean(ms) |   Lat.P95(ms) |   Lat.P99(ms) | CPU% | Mem MB | Q.Snd.Max | Q.Rcv.Max | Q.Rcv.End |
      |----------|------------------|--------------|--------------|--------------|--------------|------|--------|-----------|-----------|-----------|
      | 64B      |   1164.02 Kmsg/s |    74.50 MB/s |    160.79 ms |    192.54 ms |    200.54 ms |  8.8 |   11.9 |       N/A |       N/A |       N/A |
      | 256B     |    161.62 Kmsg/s |    41.37 MB/s |      1.22 ms |      4.44 ms |      5.21 ms |  4.7 |   13.9 |       N/A |       N/A |       N/A |
      | 1024B    |    328.02 Kmsg/s |   335.89 MB/s |      0.43 ms |      1.32 ms |      2.32 ms |  6.3 |   12.8 |       N/A |       N/A |       N/A |
      | 65536B   |     51.88 Kmsg/s |  3399.89 MB/s |      4.66 ms |      5.22 ms |      5.55 ms |  7.8 |   14.3 |       N/A |       N/A |       N/A |
      | 131072B  |     30.69 Kmsg/s |  4022.31 MB/s |      5.11 ms |      5.81 ms |      6.19 ms |  7.5 |   15.1 |       N/A |       N/A |       N/A |
      | 262144B  |     21.22 Kmsg/s |  5563.27 MB/s |      2.26 ms |      2.86 ms |      3.15 ms |  6.5 |   17.1 |       N/A |       N/A |       N/A |
    Testing ws: Done
    Testing wss:
      | Size     |       Throughput |    Bandwidth |  Lat.Mean(ms) |   Lat.P95(ms) |   Lat.P99(ms) | CPU% | Mem MB | Q.Snd.Max | Q.Rcv.Max | Q.Rcv.End |
      |----------|------------------|--------------|--------------|--------------|--------------|------|--------|-----------|-----------|-----------|
      | 64B      |   1158.90 Kmsg/s |    74.17 MB/s |    174.94 ms |    209.69 ms |    214.07 ms |  6.4 |   16.6 |       N/A |       N/A |       N/A |
      | 256B     |    103.74 Kmsg/s |    26.56 MB/s |      3.85 ms |      5.50 ms |      5.87 ms |  3.4 |   18.3 |       N/A |       N/A |       N/A |
      | 1024B    |    185.48 Kmsg/s |   189.93 MB/s |      0.39 ms |      0.76 ms |      2.31 ms |  4.5 |   16.6 |       N/A |       N/A |       N/A |
      | 65536B   |     17.39 Kmsg/s |  1140.00 MB/s |     12.27 ms |     13.46 ms |     13.93 ms |  5.5 |   19.8 |       N/A |       N/A |       N/A |
      | 131072B  |     10.05 Kmsg/s |  1316.99 MB/s |     11.99 ms |     13.64 ms |     14.60 ms |  5.3 |   18.1 |       N/A |       N/A |       N/A |
      | 262144B  |      5.29 Kmsg/s |  1387.42 MB/s |     16.33 ms |     19.07 ms |     19.68 ms |  4.6 |   29.2 |       N/A |       N/A |       N/A |
    Testing wss: Done

## Effective Options (result)
- runs: 1
- recv_mode: callback
- duration_seconds: 5
- timeout_seconds: 45
- io_threads: 1
- hwm: 1000
- sndhwm: 1000
- rcvhwm: 1000
- sndtimeo_ms: 200
- rcvtimeo_ms: 200
- patterns: SPOT
- transports: tcp,tls,ws,wss
- msg_sizes: 64,256,1024,65536,131072,262144

## Result Data
RESULT,current,SPOT,tcp,64,throughput,1516933.800
RESULT,current,SPOT,tcp,64,bandwidth,97.080
RESULT,current,SPOT,tcp,64,latency,159.350
RESULT,current,SPOT,tcp,64,latency_p95,274.000
RESULT,current,SPOT,tcp,64,latency_p99,371.000
RESULT,current,SPOT,tcp,64,cpu_pct,9.198
RESULT,current,SPOT,tcp,64,mem_mb,10.781
RESULT,current,SPOT,tcp,256,throughput,767334.200
RESULT,current,SPOT,tcp,256,bandwidth,196.440
RESULT,current,SPOT,tcp,256,latency,528.760
RESULT,current,SPOT,tcp,256,latency_p95,801.000
RESULT,current,SPOT,tcp,256,latency_p99,907.000
RESULT,current,SPOT,tcp,256,cpu_pct,7.180
RESULT,current,SPOT,tcp,256,mem_mb,10.625
RESULT,current,SPOT,tcp,1024,throughput,598041.400
RESULT,current,SPOT,tcp,1024,bandwidth,612.390
RESULT,current,SPOT,tcp,1024,latency,772.910
RESULT,current,SPOT,tcp,1024,latency_p95,1040.000
RESULT,current,SPOT,tcp,1024,latency_p99,1165.000
RESULT,current,SPOT,tcp,1024,cpu_pct,7.515
RESULT,current,SPOT,tcp,1024,mem_mb,11.250
RESULT,current,SPOT,tcp,65536,throughput,74091.800
RESULT,current,SPOT,tcp,65536,bandwidth,4855.680
RESULT,current,SPOT,tcp,65536,latency,7115.510
RESULT,current,SPOT,tcp,65536,latency_p95,8801.000
RESULT,current,SPOT,tcp,65536,latency_p99,9220.000
RESULT,current,SPOT,tcp,65536,cpu_pct,7.557
RESULT,current,SPOT,tcp,65536,mem_mb,12.301
RESULT,current,SPOT,tcp,131072,throughput,43929.600
RESULT,current,SPOT,tcp,131072,bandwidth,5757.940
RESULT,current,SPOT,tcp,131072,latency,11720.750
RESULT,current,SPOT,tcp,131072,latency_p95,14243.000
RESULT,current,SPOT,tcp,131072,latency_p99,14763.000
RESULT,current,SPOT,tcp,131072,cpu_pct,7.410
RESULT,current,SPOT,tcp,131072,mem_mb,13.242
RESULT,current,SPOT,tcp,262144,throughput,24662.600
RESULT,current,SPOT,tcp,262144,bandwidth,6465.150
RESULT,current,SPOT,tcp,262144,latency,20610.490
RESULT,current,SPOT,tcp,262144,latency_p95,24963.000
RESULT,current,SPOT,tcp,262144,latency_p99,25736.000
RESULT,current,SPOT,tcp,262144,cpu_pct,6.575
RESULT,current,SPOT,tcp,262144,mem_mb,15.148
RESULT,current,SPOT,tls,64,throughput,1428793.200
RESULT,current,SPOT,tls,64,bandwidth,91.440
RESULT,current,SPOT,tls,64,latency,425.940
RESULT,current,SPOT,tls,64,latency_p95,518.000
RESULT,current,SPOT,tls,64,latency_p99,577.000
RESULT,current,SPOT,tls,64,cpu_pct,8.443
RESULT,current,SPOT,tls,64,mem_mb,14.531
RESULT,current,SPOT,tls,256,throughput,707529.600
RESULT,current,SPOT,tls,256,bandwidth,181.130
RESULT,current,SPOT,tls,256,latency,604.850
RESULT,current,SPOT,tls,256,latency_p95,896.000
RESULT,current,SPOT,tls,256,latency_p99,999.000
RESULT,current,SPOT,tls,256,cpu_pct,6.679
RESULT,current,SPOT,tls,256,mem_mb,14.531
RESULT,current,SPOT,tls,1024,throughput,460713.000
RESULT,current,SPOT,tls,1024,bandwidth,471.770
RESULT,current,SPOT,tls,1024,latency,1056.760
RESULT,current,SPOT,tls,1024,latency_p95,1413.000
RESULT,current,SPOT,tls,1024,latency_p99,1567.000
RESULT,current,SPOT,tls,1024,cpu_pct,6.879
RESULT,current,SPOT,tls,1024,mem_mb,15.625
RESULT,current,SPOT,tls,65536,throughput,20812.800
RESULT,current,SPOT,tls,65536,bandwidth,1363.990
RESULT,current,SPOT,tls,65536,latency,27130.800
RESULT,current,SPOT,tls,65536,latency_p95,34853.850
RESULT,current,SPOT,tls,65536,latency_p99,36096.110
RESULT,current,SPOT,tls,65536,cpu_pct,6.858
RESULT,current,SPOT,tls,65536,mem_mb,18.258
RESULT,current,SPOT,tls,131072,throughput,11596.800
RESULT,current,SPOT,tls,131072,bandwidth,1520.020
RESULT,current,SPOT,tls,131072,latency,48286.840
RESULT,current,SPOT,tls,131072,latency_p95,62020.700
RESULT,current,SPOT,tls,131072,latency_p99,63981.000
RESULT,current,SPOT,tls,131072,cpu_pct,6.533
RESULT,current,SPOT,tls,131072,mem_mb,17.227
RESULT,current,SPOT,tls,262144,throughput,6358.000
RESULT,current,SPOT,tls,262144,bandwidth,1666.710
RESULT,current,SPOT,tls,262144,latency,88673.930
RESULT,current,SPOT,tls,262144,latency_p95,114619.650
RESULT,current,SPOT,tls,262144,latency_p99,117415.770
RESULT,current,SPOT,tls,262144,cpu_pct,5.806
RESULT,current,SPOT,tls,262144,mem_mb,22.285
RESULT,current,SPOT,ws,64,throughput,1164022.000
RESULT,current,SPOT,ws,64,bandwidth,74.500
RESULT,current,SPOT,ws,64,latency,160791.930
RESULT,current,SPOT,ws,64,latency_p95,192538.050
RESULT,current,SPOT,ws,64,latency_p99,200539.020
RESULT,current,SPOT,ws,64,cpu_pct,8.777
RESULT,current,SPOT,ws,64,mem_mb,11.875
RESULT,current,SPOT,ws,256,throughput,161618.800
RESULT,current,SPOT,ws,256,bandwidth,41.370
RESULT,current,SPOT,ws,256,latency,1220.950
RESULT,current,SPOT,ws,256,latency_p95,4440.000
RESULT,current,SPOT,ws,256,latency_p99,5205.000
RESULT,current,SPOT,ws,256,cpu_pct,4.738
RESULT,current,SPOT,ws,256,mem_mb,13.906
RESULT,current,SPOT,ws,1024,throughput,328019.000
RESULT,current,SPOT,ws,1024,bandwidth,335.890
RESULT,current,SPOT,ws,1024,latency,430.850
RESULT,current,SPOT,ws,1024,latency_p95,1319.000
RESULT,current,SPOT,ws,1024,latency_p99,2323.000
RESULT,current,SPOT,ws,1024,cpu_pct,6.323
RESULT,current,SPOT,ws,1024,mem_mb,12.812
RESULT,current,SPOT,ws,65536,throughput,51878.200
RESULT,current,SPOT,ws,65536,bandwidth,3399.890
RESULT,current,SPOT,ws,65536,latency,4664.660
RESULT,current,SPOT,ws,65536,latency_p95,5222.000
RESULT,current,SPOT,ws,65536,latency_p99,5551.010
RESULT,current,SPOT,ws,65536,cpu_pct,7.765
RESULT,current,SPOT,ws,65536,mem_mb,14.270
RESULT,current,SPOT,ws,131072,throughput,30687.800
RESULT,current,SPOT,ws,131072,bandwidth,4022.310
RESULT,current,SPOT,ws,131072,latency,5109.880
RESULT,current,SPOT,ws,131072,latency_p95,5808.000
RESULT,current,SPOT,ws,131072,latency_p99,6191.000
RESULT,current,SPOT,ws,131072,cpu_pct,7.548
RESULT,current,SPOT,ws,131072,mem_mb,15.074
RESULT,current,SPOT,ws,262144,throughput,21222.200
RESULT,current,SPOT,ws,262144,bandwidth,5563.270
RESULT,current,SPOT,ws,262144,latency,2258.860
RESULT,current,SPOT,ws,262144,latency_p95,2856.000
RESULT,current,SPOT,ws,262144,latency_p99,3153.000
RESULT,current,SPOT,ws,262144,cpu_pct,6.537
RESULT,current,SPOT,ws,262144,mem_mb,17.148
RESULT,current,SPOT,wss,64,throughput,1158898.000
RESULT,current,SPOT,wss,64,bandwidth,74.170
RESULT,current,SPOT,wss,64,latency,174942.210
RESULT,current,SPOT,wss,64,latency_p95,209691.050
RESULT,current,SPOT,wss,64,latency_p99,214072.020
RESULT,current,SPOT,wss,64,cpu_pct,6.442
RESULT,current,SPOT,wss,64,mem_mb,16.562
RESULT,current,SPOT,wss,256,throughput,103737.200
RESULT,current,SPOT,wss,256,bandwidth,26.560
RESULT,current,SPOT,wss,256,latency,3848.780
RESULT,current,SPOT,wss,256,latency_p95,5496.000
RESULT,current,SPOT,wss,256,latency_p99,5870.000
RESULT,current,SPOT,wss,256,cpu_pct,3.436
RESULT,current,SPOT,wss,256,mem_mb,18.281
RESULT,current,SPOT,wss,1024,throughput,185477.800
RESULT,current,SPOT,wss,1024,bandwidth,189.930
RESULT,current,SPOT,wss,1024,latency,388.230
RESULT,current,SPOT,wss,1024,latency_p95,756.000
RESULT,current,SPOT,wss,1024,latency_p99,2312.090
RESULT,current,SPOT,wss,1024,cpu_pct,4.468
RESULT,current,SPOT,wss,1024,mem_mb,16.613
RESULT,current,SPOT,wss,65536,throughput,17395.000
RESULT,current,SPOT,wss,65536,bandwidth,1140.000
RESULT,current,SPOT,wss,65536,latency,12266.780
RESULT,current,SPOT,wss,65536,latency_p95,13465.000
RESULT,current,SPOT,wss,65536,latency_p99,13927.000
RESULT,current,SPOT,wss,65536,cpu_pct,5.473
RESULT,current,SPOT,wss,65536,mem_mb,19.832
RESULT,current,SPOT,wss,131072,throughput,10047.800
RESULT,current,SPOT,wss,131072,bandwidth,1316.990
RESULT,current,SPOT,wss,131072,latency,11994.090
RESULT,current,SPOT,wss,131072,latency_p95,13644.000
RESULT,current,SPOT,wss,131072,latency_p99,14602.860
RESULT,current,SPOT,wss,131072,cpu_pct,5.306
RESULT,current,SPOT,wss,131072,mem_mb,18.094
RESULT,current,SPOT,wss,262144,throughput,5292.600
RESULT,current,SPOT,wss,262144,bandwidth,1387.420
RESULT,current,SPOT,wss,262144,latency,16325.170
RESULT,current,SPOT,wss,262144,latency_p95,19075.000
RESULT,current,SPOT,wss,262144,latency_p99,19678.140
RESULT,current,SPOT,wss,262144,cpu_pct,4.627
RESULT,current,SPOT,wss,262144,mem_mb,29.152

## Completion
- status: complete
- expected_result_lines: 120
- actual_result_lines: 120

Saved result file: /home/hep7/project/kairos/zlink/core/perf/results/single/report/perf_linux_callback_20260324_152439_spot-single-recheck.txt (status=complete)
