=== Running multi benchmark: MULTI_SPOT ===
    warmup=1s duration=1s
    recv_mode=recv
Reusing build directory: /home/hep7/project/kairos/zlink/core/build
Using CMake source directory: /home/hep7/project/kairos/zlink

## Effective Options (runner)
- patterns: MULTI_SPOT
- build_dir: /home/hep7/project/kairos/zlink/core/build
- build_mode: reuse
- reuse_build: 1
- clean_build: 0
- runs: 1
- recv_mode: recv
- duration_seconds: 1
- warmup_seconds: 1
- hwm: default(binary)
- send_hwm: default(binary)
- recv_hwm: default(binary)
- sndbuf: default(os)
- rcvbuf: default(os)
- sndtimeo_ms: 200
- rcvtimeo_ms: 200
- pin_cpu: 0
- io_threads: default(policy)
- msg_sizes: 64,256,1024,262144
- transports: wss
- results_dir: /home/hep7/project/kairos/zlink/core/perf/results
- results_tag: triage-wss-meshpub128-20260324
- result_file: /home/hep7/project/kairos/zlink/core/perf/results/multi/report/perf_linux_recv_20260324_185952_triage-wss-meshpub128-20260324.txt
- output_file: none
- comparison_script: /home/hep7/project/kairos/zlink/core/perf/run_comparison.py
- python: python3

## Effective Env (runner)
- PYTHONUNBUFFERED: 1
- PERF_RECV_MODE: recv
- PERF_MSG_SIZES: 64,256,1024,262144
- PERF_TRANSPORTS: wss
- PERF_NO_AUTOBUILD: 1
- PERF_DISABLE_RESOURCE_METRICS: 0

META,os,Linux 6.6.87.2-microsoft-standard-WSL2
META,cpu,Intel(R) Core(TM) Ultra 7 265K
META,cores,20
META,build,Release
META,commit,45bdf7dc
META,timestamp,2026-03-24T18:59:52+09:00
META,load_avg,1.84 2.54 2.95
META,runs,1
META,clients,100

## Effective Options (start)
- runs: 1
- recv_mode: recv
- patterns: MULTI_SPOT
- transports: wss
- msg_sizes: 64,256,1024,262144
- warmup_seconds: 1
- active_warmup: 0
- duration_seconds: 1
- clients: 100
- default_clients: 100
- default_stream_clients: 10000
- service_clients: auto
- server_io_threads: 4 (default)
- client_io_threads: 4 (default)
- hwm: 100 (default)
- sndhwm: 100 (default)
- rcvhwm: 100 (default)
- sndbuf: default(os)
- rcvbuf: default(os)
- sndtimeo_ms: 200
- rcvtimeo_ms: 200
- connect_concurrency: 128 (default)
- settle_ms: 500
- connect_ready_timeout_ms: 5000
- monitor_hwm: 1000
- server_ready_timeout_ms: 10000
- server_shutdown_timeout_ms: 5000
- server_bind_port: 0
- transport_transition_ms: 3000
- pattern_transition_ms: 3000
- lat_timeout_ms: 5000
- stream_non_tcp_clients_max: 10000
- disable_resource_metrics: 0
- timeout_seconds: auto
## PATTERN: MULTI_SPOT (one-way)
  > Benchmarking current for MULTI_SPOT...
    Testing wss | 64B,256B,1024B,262144B:
      | Size     |         Throughput |      Bandwidth |  Lat.Mean(ms) |   Lat.P95(ms) |   Lat.P99(ms) |  S.CPU% | S.Mem MB | Q.Snd.Max | Q.Rcv.Max | Q.Rcv.End |
      |----------|--------------------|----------------|---------------|---------------|---------------|---------|----------|-----------|-----------|-----------|
      | 64B      |   151.049 Kmsg/s |      9.667 MB/s |    11.217 ms |    21.844 ms |    25.135 ms |  5.031 |   46.406 |         0 |         0 |         0 |
      | 256B     |   539.291 Kmsg/s |    138.058 MB/s |    21.265 ms |    11.878 ms |   769.018 ms |  4.820 |   49.680 |         0 |         0 |         0 |
      | 1024B    |   559.525 Kmsg/s |    572.954 MB/s |    13.559 ms |     9.335 ms |    14.746 ms |  5.010 |   61.560 |         0 |         0 |         0 |
      | 262144B  |     3.816 Kmsg/s |   1000.342 MB/s |    36.796 ms |    48.852 ms |   173.615 ms |  4.407 |  196.766 |         0 |         0 |         0 |
    Testing wss: Done

## Effective Options (result)
- runs: 1
- recv_mode: recv
- patterns: MULTI_SPOT
- transports: wss
- msg_sizes: 64,256,1024,262144
- warmup_seconds: 1
- active_warmup: 0
- duration_seconds: 1
- clients: 100
- default_clients: 100
- default_stream_clients: 10000
- service_clients: auto
- server_io_threads: 4 (default)
- client_io_threads: 4 (default)
- hwm: 100 (default)
- sndhwm: 100 (default)
- rcvhwm: 100 (default)
- sndbuf: default(os)
- rcvbuf: default(os)
- sndtimeo_ms: 200
- rcvtimeo_ms: 200
- connect_concurrency: 128 (default)
- settle_ms: 500
- connect_ready_timeout_ms: 5000
- monitor_hwm: 1000
- server_ready_timeout_ms: 10000
- server_shutdown_timeout_ms: 5000
- server_bind_port: 0
- transport_transition_ms: 3000
- pattern_transition_ms: 3000
- lat_timeout_ms: 5000
- stream_non_tcp_clients_max: 10000
- disable_resource_metrics: 0
- timeout_seconds: auto

## Result Data
RESULT,current,MULTI_SPOT,wss,64,bandwidth,9.667
RESULT,current,MULTI_SPOT,wss,64,latency,11216.736
RESULT,current,MULTI_SPOT,wss,64,latency_p95,21844.000
RESULT,current,MULTI_SPOT,wss,64,latency_p99,25135.400
RESULT,current,MULTI_SPOT,wss,64,server_cpu_pct,5.040
RESULT,current,MULTI_SPOT,wss,64,server_mem_mb,46.410
RESULT,current,MULTI_SPOT,wss,64,server_rcv_pending_end,0.000
RESULT,current,MULTI_SPOT,wss,64,server_rcv_pending_max,0.000
RESULT,current,MULTI_SPOT,wss,64,server_snd_pending_max,0.000
RESULT,current,MULTI_SPOT,wss,64,throughput,151049.000
RESULT,current,MULTI_SPOT,wss,256,bandwidth,138.058
RESULT,current,MULTI_SPOT,wss,256,latency,21265.038
RESULT,current,MULTI_SPOT,wss,256,latency_p95,11878.350
RESULT,current,MULTI_SPOT,wss,256,latency_p99,769018.290
RESULT,current,MULTI_SPOT,wss,256,server_cpu_pct,4.820
RESULT,current,MULTI_SPOT,wss,256,server_mem_mb,49.680
RESULT,current,MULTI_SPOT,wss,256,server_rcv_pending_end,0.000
RESULT,current,MULTI_SPOT,wss,256,server_rcv_pending_max,0.000
RESULT,current,MULTI_SPOT,wss,256,server_snd_pending_max,0.000
RESULT,current,MULTI_SPOT,wss,256,throughput,539291.000
RESULT,current,MULTI_SPOT,wss,1024,bandwidth,572.954
RESULT,current,MULTI_SPOT,wss,1024,latency,13559.273
RESULT,current,MULTI_SPOT,wss,1024,latency_p95,9334.700
RESULT,current,MULTI_SPOT,wss,1024,latency_p99,14745.960
RESULT,current,MULTI_SPOT,wss,1024,server_cpu_pct,5.010
RESULT,current,MULTI_SPOT,wss,1024,server_mem_mb,61.560
RESULT,current,MULTI_SPOT,wss,1024,server_rcv_pending_end,0.000
RESULT,current,MULTI_SPOT,wss,1024,server_rcv_pending_max,0.000
RESULT,current,MULTI_SPOT,wss,1024,server_snd_pending_max,0.000
RESULT,current,MULTI_SPOT,wss,1024,throughput,559525.000
RESULT,current,MULTI_SPOT,wss,262144,bandwidth,1000.342
RESULT,current,MULTI_SPOT,wss,262144,latency,36795.683
RESULT,current,MULTI_SPOT,wss,262144,latency_p95,48852.300
RESULT,current,MULTI_SPOT,wss,262144,latency_p99,173615.120
RESULT,current,MULTI_SPOT,wss,262144,server_cpu_pct,4.410
RESULT,current,MULTI_SPOT,wss,262144,server_mem_mb,196.770
RESULT,current,MULTI_SPOT,wss,262144,server_rcv_pending_end,0.000
RESULT,current,MULTI_SPOT,wss,262144,server_rcv_pending_max,0.000
RESULT,current,MULTI_SPOT,wss,262144,server_snd_pending_max,0.000
RESULT,current,MULTI_SPOT,wss,262144,throughput,3816.000

Saved result file: /home/hep7/project/kairos/zlink/core/perf/results/multi/report/perf_linux_recv_20260324_185952_triage-wss-meshpub128-20260324.txt (status=complete)

## Status Summary
- success: 4
- unsupported: 0
- skip: 0
- fail: 0
- expected result lines: 20
- actual result lines: 20
- status: complete
Total benchmark time: 27s (27s, exit=0)
