META,os,Linux 6.6.87.2-microsoft-standard-WSL2
META,cpu,Intel(R) Core(TM) Ultra 7 265K
META,cores,20
META,build,Release
META,commit,45bdf7dc
META,timestamp,2026-03-24T15:20:28+09:00
META,load_avg,3.26 3.47 2.50
META,runs,1
META,clients,100

## Effective Options (start)
- runs: 1
- recv_mode: recv
- patterns: MULTI_SPOT
- transports: tcp,tls,ws,wss
- msg_sizes: 64,256,1024,65536,131072,262144
- warmup_seconds: 2
- active_warmup: 0
- duration_seconds: 5
- clients: 100
- default_clients: 100
- default_stream_clients: 10000
- service_clients: auto
- server_io_threads: 4 (default)
- client_io_threads: 4 (default)
- hwm: 100 (default)
- sndhwm: 100 (default)
- rcvhwm: 100 (default)
- sndbuf: default(os)
- rcvbuf: default(os)
- sndtimeo_ms: 200
- rcvtimeo_ms: 200
- connect_concurrency: 128 (default)
- settle_ms: 500
- connect_ready_timeout_ms: 5000
- monitor_hwm: 1000
- server_ready_timeout_ms: 10000
- server_shutdown_timeout_ms: 5000
- server_bind_port: 0
- transport_transition_ms: 3000
- pattern_transition_ms: 3000
- lat_timeout_ms: 5000
- stream_non_tcp_clients_max: 10000
- disable_resource_metrics: 0
- timeout_seconds: auto
## PATTERN: MULTI_SPOT (one-way)
  > Benchmarking current for MULTI_SPOT...
    Testing tcp | 64B,256B,1024B,65536B,131072B,262144B:
      | Size     |         Throughput |      Bandwidth |  Lat.Mean(ms) |   Lat.P95(ms) |   Lat.P99(ms) |  S.CPU% | S.Mem MB | Q.Snd.Max | Q.Rcv.Max | Q.Rcv.End |
      |----------|--------------------|----------------|---------------|---------------|---------------|---------|----------|-----------|-----------|-----------|
      | 64B      |  3966.296 Kmsg/s |    253.843 MB/s |  2269.381 ms |  3015.389 ms |  3146.589 ms | 16.056 |   25.156 |         0 |         0 |         0 |
      | 256B     |  2172.887 Kmsg/s |    556.259 MB/s |  1335.152 ms |  2244.519 ms |  2420.280 ms | 12.848 |   48.719 |         0 |         0 |         0 |
      | 1024B    |  1016.286 Kmsg/s |   1040.676 MB/s |   482.766 ms |  1387.568 ms |  1622.022 ms | 10.190 |   88.969 |         0 |         0 |         0 |
      | 65536B   |    40.804 Kmsg/s |   2674.131 MB/s |  1319.066 ms |  1681.923 ms |  1791.322 ms |  9.503 |  497.594 |         0 |         0 |         0 |
      | 131072B  |    24.607 Kmsg/s |   3225.315 MB/s |  1988.705 ms |  2540.918 ms |  2648.163 ms | 10.553 |  617.285 |         0 |         0 |         0 |
      | 262144B  |     2.297 Kmsg/s |    602.040 MB/s |  2882.929 ms |  3241.222 ms |  3292.110 ms |  8.307 |  943.070 |         0 |         0 |         0 |
    Testing tcp: Done
    [transport cooldown 3000ms]
    Testing tls | 64B,256B,1024B,65536B,131072B,262144B:
      | Size     |         Throughput |      Bandwidth |  Lat.Mean(ms) |   Lat.P95(ms) |   Lat.P99(ms) |  S.CPU% | S.Mem MB | Q.Snd.Max | Q.Rcv.Max | Q.Rcv.End |
      |----------|--------------------|----------------|---------------|---------------|---------------|---------|----------|-----------|-----------|-----------|
      | 64B      |  2108.905 Kmsg/s |    134.970 MB/s |   752.791 ms |  2520.733 ms |  3783.349 ms | 15.070 |   59.969 |         0 |         0 |         0 |
      | 256B     |  2453.915 Kmsg/s |    628.202 MB/s |   531.720 ms |  2111.532 ms |  3499.456 ms | 12.882 |   73.160 |         0 |         0 |         0 |
      | 1024B    |   979.080 Kmsg/s |   1002.578 MB/s |   739.361 ms |  2507.201 ms |  2930.844 ms | 12.748 |  117.105 |         0 |         0 |         0 |
      | 65536B   |    36.234 Kmsg/s |   2374.631 MB/s |   629.902 ms |  3680.005 ms |  4130.508 ms | 12.609 |  535.309 |         0 |         0 |         0 |
      | 131072B  |    18.285 Kmsg/s |   2396.652 MB/s |   206.080 ms |   119.744 ms |  4234.451 ms | 13.679 |  630.820 |         0 |         0 |         0 |
      | 262144B  |     7.231 Kmsg/s |   1895.563 MB/s |   951.266 ms |  1258.249 ms |  1325.975 ms | 12.585 |  593.922 |         0 |         0 |         0 |
    Testing tls: Done
    [transport cooldown 3000ms]
    Testing ws | 64B,256B,1024B,65536B,131072B,262144B:
      | Size     |         Throughput |      Bandwidth |  Lat.Mean(ms) |   Lat.P95(ms) |   Lat.P99(ms) |  S.CPU% | S.Mem MB | Q.Snd.Max | Q.Rcv.Max | Q.Rcv.End |
      |----------|--------------------|----------------|---------------|---------------|---------------|---------|----------|-----------|-----------|-----------|
      | 64B      |   608.622 Kmsg/s |     38.952 MB/s |  3814.574 ms |  5456.751 ms |  7006.071 ms |  7.056 |   21.777 |         0 |         0 |         0 |
      | 256B     |   934.494 Kmsg/s |    239.230 MB/s |  1121.848 ms |  2279.820 ms |  3008.553 ms |  9.069 |   23.438 |         0 |         0 |         0 |
      | 1024B    |   700.304 Kmsg/s |    717.111 MB/s |   416.296 ms |   651.650 ms |   740.952 ms |  8.567 |   32.957 |         0 |         0 |         0 |
      | 65536B   |    37.275 Kmsg/s |   2442.854 MB/s |   415.119 ms |   758.043 ms |   844.339 ms |  9.243 |  256.492 |         0 |         0 |         0 |
      | 131072B  |    20.767 Kmsg/s |   2722.025 MB/s |   544.178 ms |   851.047 ms |   937.913 ms |  9.495 |  258.648 |         0 |         0 |         0 |
      | 262144B  |    10.588 Kmsg/s |   2775.476 MB/s |   779.737 ms |  1034.813 ms |  1136.973 ms |  9.047 |  205.047 |         0 |         0 |         0 |
    Testing ws: Done
    [transport cooldown 3000ms]
    Testing wss | 64B,256B,1024B,65536B,131072B,262144B:
      | Size     |         Throughput |      Bandwidth |  Lat.Mean(ms) |   Lat.P95(ms) |   Lat.P99(ms) |  S.CPU% | S.Mem MB | Q.Snd.Max | Q.Rcv.Max | Q.Rcv.End |
      |----------|--------------------|----------------|---------------|---------------|---------------|---------|----------|-----------|-----------|-----------|
      | 64B      |  1422.573 Kmsg/s |     91.045 MB/s |  1510.802 ms |  3784.056 ms |  4684.664 ms |  8.134 |   46.148 |         0 |         0 |         0 |
      | 256B     |   713.976 Kmsg/s |    182.778 MB/s |   991.603 ms |  3758.394 ms |  3924.582 ms |  7.590 |   48.810 |         0 |         0 |         0 |
      | 1024B    |   312.323 Kmsg/s |    319.819 MB/s |  1167.123 ms |  3045.066 ms |  3319.895 ms |  6.920 |   57.730 |         0 |         0 |         0 |
      | 65536B   |    29.591 Kmsg/s |   1939.302 MB/s |   534.983 ms |  2138.218 ms |  2611.819 ms |  8.190 |  240.191 |         0 |         0 |         0 |
      | 131072B  |    30.613 Kmsg/s |   4012.455 MB/s |   314.429 ms |  2041.907 ms |  2358.449 ms | 11.602 |  240.566 |         0 |         0 |         0 |
      | 262144B  |     9.368 Kmsg/s |   2455.713 MB/s |   609.022 ms |  2703.890 ms |  2970.623 ms |  9.243 |  204.633 |         0 |         0 |         0 |
    Testing wss: Done

## Effective Options (result)
- runs: 1
- recv_mode: recv
- patterns: MULTI_SPOT
- transports: tcp,tls,ws,wss
- msg_sizes: 64,256,1024,65536,131072,262144
- warmup_seconds: 2
- active_warmup: 0
- duration_seconds: 5
- clients: 100
- default_clients: 100
- default_stream_clients: 10000
- service_clients: auto
- server_io_threads: 4 (default)
- client_io_threads: 4 (default)
- hwm: 100 (default)
- sndhwm: 100 (default)
- rcvhwm: 100 (default)
- sndbuf: default(os)
- rcvbuf: default(os)
- sndtimeo_ms: 200
- rcvtimeo_ms: 200
- connect_concurrency: 128 (default)
- settle_ms: 500
- connect_ready_timeout_ms: 5000
- monitor_hwm: 1000
- server_ready_timeout_ms: 10000
- server_shutdown_timeout_ms: 5000
- server_bind_port: 0
- transport_transition_ms: 3000
- pattern_transition_ms: 3000
- lat_timeout_ms: 5000
- stream_non_tcp_clients_max: 10000
- disable_resource_metrics: 0
- timeout_seconds: auto

## Result Data
RESULT,current,MULTI_SPOT,tcp,64,bandwidth,253.843
RESULT,current,MULTI_SPOT,tcp,64,latency,2269380.630
RESULT,current,MULTI_SPOT,tcp,64,latency_p95,3015388.500
RESULT,current,MULTI_SPOT,tcp,64,latency_p99,3146589.100
RESULT,current,MULTI_SPOT,tcp,64,server_cpu_pct,18.970
RESULT,current,MULTI_SPOT,tcp,64,server_mem_mb,25.160
RESULT,current,MULTI_SPOT,tcp,64,server_rcv_pending_end,0.000
RESULT,current,MULTI_SPOT,tcp,64,server_rcv_pending_max,0.000
RESULT,current,MULTI_SPOT,tcp,64,server_snd_pending_max,0.000
RESULT,current,MULTI_SPOT,tcp,64,throughput,3966296.400
RESULT,current,MULTI_SPOT,tcp,256,bandwidth,556.259
RESULT,current,MULTI_SPOT,tcp,256,latency,1335151.604
RESULT,current,MULTI_SPOT,tcp,256,latency_p95,2244519.050
RESULT,current,MULTI_SPOT,tcp,256,latency_p99,2420280.000
RESULT,current,MULTI_SPOT,tcp,256,server_cpu_pct,13.280
RESULT,current,MULTI_SPOT,tcp,256,server_mem_mb,48.720
RESULT,current,MULTI_SPOT,tcp,256,server_rcv_pending_end,0.000
RESULT,current,MULTI_SPOT,tcp,256,server_rcv_pending_max,0.000
RESULT,current,MULTI_SPOT,tcp,256,server_snd_pending_max,0.000
RESULT,current,MULTI_SPOT,tcp,256,throughput,2172886.600
RESULT,current,MULTI_SPOT,tcp,1024,bandwidth,1040.676
RESULT,current,MULTI_SPOT,tcp,1024,latency,482766.249
RESULT,current,MULTI_SPOT,tcp,1024,latency_p95,1387567.500
RESULT,current,MULTI_SPOT,tcp,1024,latency_p99,1622021.700
RESULT,current,MULTI_SPOT,tcp,1024,server_cpu_pct,10.460
RESULT,current,MULTI_SPOT,tcp,1024,server_mem_mb,88.970
RESULT,current,MULTI_SPOT,tcp,1024,server_rcv_pending_end,0.000
RESULT,current,MULTI_SPOT,tcp,1024,server_rcv_pending_max,0.000
RESULT,current,MULTI_SPOT,tcp,1024,server_snd_pending_max,0.000
RESULT,current,MULTI_SPOT,tcp,1024,throughput,1016285.600
RESULT,current,MULTI_SPOT,tcp,65536,bandwidth,2674.131
RESULT,current,MULTI_SPOT,tcp,65536,latency,1319065.777
RESULT,current,MULTI_SPOT,tcp,65536,latency_p95,1681923.000
RESULT,current,MULTI_SPOT,tcp,65536,latency_p99,1791321.960
RESULT,current,MULTI_SPOT,tcp,65536,server_cpu_pct,11.400
RESULT,current,MULTI_SPOT,tcp,65536,server_mem_mb,497.750
RESULT,current,MULTI_SPOT,tcp,65536,server_rcv_pending_end,0.000
RESULT,current,MULTI_SPOT,tcp,65536,server_rcv_pending_max,0.000
RESULT,current,MULTI_SPOT,tcp,65536,server_snd_pending_max,0.000
RESULT,current,MULTI_SPOT,tcp,65536,throughput,40804.000
RESULT,current,MULTI_SPOT,tcp,131072,bandwidth,3225.315
RESULT,current,MULTI_SPOT,tcp,131072,latency,1988704.627
RESULT,current,MULTI_SPOT,tcp,131072,latency_p95,2540917.500
RESULT,current,MULTI_SPOT,tcp,131072,latency_p99,2648163.150
RESULT,current,MULTI_SPOT,tcp,131072,server_cpu_pct,12.690
RESULT,current,MULTI_SPOT,tcp,131072,server_mem_mb,617.290
RESULT,current,MULTI_SPOT,tcp,131072,server_rcv_pending_end,0.000
RESULT,current,MULTI_SPOT,tcp,131072,server_rcv_pending_max,0.000
RESULT,current,MULTI_SPOT,tcp,131072,server_snd_pending_max,0.000
RESULT,current,MULTI_SPOT,tcp,131072,throughput,24607.200
RESULT,current,MULTI_SPOT,tcp,262144,bandwidth,602.040
RESULT,current,MULTI_SPOT,tcp,262144,latency,2882928.886
RESULT,current,MULTI_SPOT,tcp,262144,latency_p95,3241222.000
RESULT,current,MULTI_SPOT,tcp,262144,latency_p99,3292110.000
RESULT,current,MULTI_SPOT,tcp,262144,server_cpu_pct,13.290
RESULT,current,MULTI_SPOT,tcp,262144,server_mem_mb,943.230
RESULT,current,MULTI_SPOT,tcp,262144,server_rcv_pending_end,0.000
RESULT,current,MULTI_SPOT,tcp,262144,server_rcv_pending_max,0.000
RESULT,current,MULTI_SPOT,tcp,262144,server_snd_pending_max,0.000
RESULT,current,MULTI_SPOT,tcp,262144,throughput,2296.600
RESULT,current,MULTI_SPOT,tls,64,bandwidth,134.970
RESULT,current,MULTI_SPOT,tls,64,latency,752790.902
RESULT,current,MULTI_SPOT,tls,64,latency_p95,2520733.300
RESULT,current,MULTI_SPOT,tls,64,latency_p99,3783348.770
RESULT,current,MULTI_SPOT,tls,64,server_cpu_pct,15.110
RESULT,current,MULTI_SPOT,tls,64,server_mem_mb,59.970
RESULT,current,MULTI_SPOT,tls,64,server_rcv_pending_end,0.000
RESULT,current,MULTI_SPOT,tls,64,server_rcv_pending_max,0.000
RESULT,current,MULTI_SPOT,tls,64,server_snd_pending_max,0.000
RESULT,current,MULTI_SPOT,tls,64,throughput,2108905.400
RESULT,current,MULTI_SPOT,tls,256,bandwidth,628.202
RESULT,current,MULTI_SPOT,tls,256,latency,531719.776
RESULT,current,MULTI_SPOT,tls,256,latency_p95,2111532.150
RESULT,current,MULTI_SPOT,tls,256,latency_p99,3499455.970
RESULT,current,MULTI_SPOT,tls,256,server_cpu_pct,12.890
RESULT,current,MULTI_SPOT,tls,256,server_mem_mb,73.160
RESULT,current,MULTI_SPOT,tls,256,server_rcv_pending_end,0.000
RESULT,current,MULTI_SPOT,tls,256,server_rcv_pending_max,0.000
RESULT,current,MULTI_SPOT,tls,256,server_snd_pending_max,0.000
RESULT,current,MULTI_SPOT,tls,256,throughput,2453915.200
RESULT,current,MULTI_SPOT,tls,1024,bandwidth,1002.578
RESULT,current,MULTI_SPOT,tls,1024,latency,739360.718
RESULT,current,MULTI_SPOT,tls,1024,latency_p95,2507201.300
RESULT,current,MULTI_SPOT,tls,1024,latency_p99,2930843.520
RESULT,current,MULTI_SPOT,tls,1024,server_cpu_pct,12.760
RESULT,current,MULTI_SPOT,tls,1024,server_mem_mb,117.110
RESULT,current,MULTI_SPOT,tls,1024,server_rcv_pending_end,0.000
RESULT,current,MULTI_SPOT,tls,1024,server_rcv_pending_max,0.000
RESULT,current,MULTI_SPOT,tls,1024,server_snd_pending_max,0.000
RESULT,current,MULTI_SPOT,tls,1024,throughput,979080.200
RESULT,current,MULTI_SPOT,tls,65536,bandwidth,2374.631
RESULT,current,MULTI_SPOT,tls,65536,latency,629901.556
RESULT,current,MULTI_SPOT,tls,65536,latency_p95,3680005.000
RESULT,current,MULTI_SPOT,tls,65536,latency_p99,4130507.800
RESULT,current,MULTI_SPOT,tls,65536,server_cpu_pct,12.660
RESULT,current,MULTI_SPOT,tls,65536,server_mem_mb,532.090
RESULT,current,MULTI_SPOT,tls,65536,server_rcv_pending_end,0.000
RESULT,current,MULTI_SPOT,tls,65536,server_rcv_pending_max,0.000
RESULT,current,MULTI_SPOT,tls,65536,server_snd_pending_max,0.000
RESULT,current,MULTI_SPOT,tls,65536,throughput,36234.000
RESULT,current,MULTI_SPOT,tls,131072,bandwidth,2396.652
RESULT,current,MULTI_SPOT,tls,131072,latency,206079.537
RESULT,current,MULTI_SPOT,tls,131072,latency_p95,119743.750
RESULT,current,MULTI_SPOT,tls,131072,latency_p99,4234450.600
RESULT,current,MULTI_SPOT,tls,131072,server_cpu_pct,13.770
RESULT,current,MULTI_SPOT,tls,131072,server_mem_mb,630.820
RESULT,current,MULTI_SPOT,tls,131072,server_rcv_pending_end,0.000
RESULT,current,MULTI_SPOT,tls,131072,server_rcv_pending_max,0.000
RESULT,current,MULTI_SPOT,tls,131072,server_snd_pending_max,0.000
RESULT,current,MULTI_SPOT,tls,131072,throughput,18285.000
RESULT,current,MULTI_SPOT,tls,262144,bandwidth,1895.563
RESULT,current,MULTI_SPOT,tls,262144,latency,951265.643
RESULT,current,MULTI_SPOT,tls,262144,latency_p95,1258248.700
RESULT,current,MULTI_SPOT,tls,262144,latency_p99,1325974.870
RESULT,current,MULTI_SPOT,tls,262144,server_cpu_pct,13.670
RESULT,current,MULTI_SPOT,tls,262144,server_mem_mb,595.630
RESULT,current,MULTI_SPOT,tls,262144,server_rcv_pending_end,0.000
RESULT,current,MULTI_SPOT,tls,262144,server_rcv_pending_max,0.000
RESULT,current,MULTI_SPOT,tls,262144,server_snd_pending_max,0.000
RESULT,current,MULTI_SPOT,tls,262144,throughput,7231.000
RESULT,current,MULTI_SPOT,ws,64,bandwidth,38.952
RESULT,current,MULTI_SPOT,ws,64,latency,3814574.166
RESULT,current,MULTI_SPOT,ws,64,latency_p95,5456750.700
RESULT,current,MULTI_SPOT,ws,64,latency_p99,7006071.300
RESULT,current,MULTI_SPOT,ws,64,server_cpu_pct,10.150
RESULT,current,MULTI_SPOT,ws,64,server_mem_mb,21.780
RESULT,current,MULTI_SPOT,ws,64,server_rcv_pending_end,0.000
RESULT,current,MULTI_SPOT,ws,64,server_rcv_pending_max,0.000
RESULT,current,MULTI_SPOT,ws,64,server_snd_pending_max,0.000
RESULT,current,MULTI_SPOT,ws,64,throughput,608622.000
RESULT,current,MULTI_SPOT,ws,256,bandwidth,239.230
RESULT,current,MULTI_SPOT,ws,256,latency,1121847.708
RESULT,current,MULTI_SPOT,ws,256,latency_p95,2279820.200
RESULT,current,MULTI_SPOT,ws,256,latency_p99,3008553.080
RESULT,current,MULTI_SPOT,ws,256,server_cpu_pct,9.320
RESULT,current,MULTI_SPOT,ws,256,server_mem_mb,23.440
RESULT,current,MULTI_SPOT,ws,256,server_rcv_pending_end,0.000
RESULT,current,MULTI_SPOT,ws,256,server_rcv_pending_max,0.000
RESULT,current,MULTI_SPOT,ws,256,server_snd_pending_max,0.000
RESULT,current,MULTI_SPOT,ws,256,throughput,934493.600
RESULT,current,MULTI_SPOT,ws,1024,bandwidth,717.111
RESULT,current,MULTI_SPOT,ws,1024,latency,416295.679
RESULT,current,MULTI_SPOT,ws,1024,latency_p95,651650.000
RESULT,current,MULTI_SPOT,ws,1024,latency_p99,740951.640
RESULT,current,MULTI_SPOT,ws,1024,server_cpu_pct,8.810
RESULT,current,MULTI_SPOT,ws,1024,server_mem_mb,32.960
RESULT,current,MULTI_SPOT,ws,1024,server_rcv_pending_end,0.000
RESULT,current,MULTI_SPOT,ws,1024,server_rcv_pending_max,0.000
RESULT,current,MULTI_SPOT,ws,1024,server_snd_pending_max,0.000
RESULT,current,MULTI_SPOT,ws,1024,throughput,700304.000
RESULT,current,MULTI_SPOT,ws,65536,bandwidth,2442.854
RESULT,current,MULTI_SPOT,ws,65536,latency,415119.079
RESULT,current,MULTI_SPOT,ws,65536,latency_p95,758042.600
RESULT,current,MULTI_SPOT,ws,65536,latency_p99,844339.000
RESULT,current,MULTI_SPOT,ws,65536,server_cpu_pct,9.630
RESULT,current,MULTI_SPOT,ws,65536,server_mem_mb,256.490
RESULT,current,MULTI_SPOT,ws,65536,server_rcv_pending_end,0.000
RESULT,current,MULTI_SPOT,ws,65536,server_rcv_pending_max,0.000
RESULT,current,MULTI_SPOT,ws,65536,server_snd_pending_max,0.000
RESULT,current,MULTI_SPOT,ws,65536,throughput,37275.000
RESULT,current,MULTI_SPOT,ws,131072,bandwidth,2722.025
RESULT,current,MULTI_SPOT,ws,131072,latency,544177.904
RESULT,current,MULTI_SPOT,ws,131072,latency_p95,851046.800
RESULT,current,MULTI_SPOT,ws,131072,latency_p99,937913.380
RESULT,current,MULTI_SPOT,ws,131072,server_cpu_pct,9.950
RESULT,current,MULTI_SPOT,ws,131072,server_mem_mb,259.590
RESULT,current,MULTI_SPOT,ws,131072,server_rcv_pending_end,0.000
RESULT,current,MULTI_SPOT,ws,131072,server_rcv_pending_max,0.000
RESULT,current,MULTI_SPOT,ws,131072,server_snd_pending_max,0.000
RESULT,current,MULTI_SPOT,ws,131072,throughput,20767.400
RESULT,current,MULTI_SPOT,ws,262144,bandwidth,2775.476
RESULT,current,MULTI_SPOT,ws,262144,latency,779736.708
RESULT,current,MULTI_SPOT,ws,262144,latency_p95,1034812.750
RESULT,current,MULTI_SPOT,ws,262144,latency_p99,1136973.300
RESULT,current,MULTI_SPOT,ws,262144,server_cpu_pct,10.200
RESULT,current,MULTI_SPOT,ws,262144,server_mem_mb,205.050
RESULT,current,MULTI_SPOT,ws,262144,server_rcv_pending_end,0.000
RESULT,current,MULTI_SPOT,ws,262144,server_rcv_pending_max,0.000
RESULT,current,MULTI_SPOT,ws,262144,server_snd_pending_max,0.000
RESULT,current,MULTI_SPOT,ws,262144,throughput,10587.600
RESULT,current,MULTI_SPOT,wss,64,bandwidth,91.045
RESULT,current,MULTI_SPOT,wss,64,latency,1510802.192
RESULT,current,MULTI_SPOT,wss,64,latency_p95,3784055.950
RESULT,current,MULTI_SPOT,wss,64,latency_p99,4684664.200
RESULT,current,MULTI_SPOT,wss,64,server_cpu_pct,8.150
RESULT,current,MULTI_SPOT,wss,64,server_mem_mb,46.150
RESULT,current,MULTI_SPOT,wss,64,server_rcv_pending_end,0.000
RESULT,current,MULTI_SPOT,wss,64,server_rcv_pending_max,0.000
RESULT,current,MULTI_SPOT,wss,64,server_snd_pending_max,0.000
RESULT,current,MULTI_SPOT,wss,64,throughput,1422573.400
RESULT,current,MULTI_SPOT,wss,256,bandwidth,182.778
RESULT,current,MULTI_SPOT,wss,256,latency,991602.544
RESULT,current,MULTI_SPOT,wss,256,latency_p95,3758394.000
RESULT,current,MULTI_SPOT,wss,256,latency_p99,3924582.000
RESULT,current,MULTI_SPOT,wss,256,server_cpu_pct,7.590
RESULT,current,MULTI_SPOT,wss,256,server_mem_mb,48.810
RESULT,current,MULTI_SPOT,wss,256,server_rcv_pending_end,0.000
RESULT,current,MULTI_SPOT,wss,256,server_rcv_pending_max,0.000
RESULT,current,MULTI_SPOT,wss,256,server_snd_pending_max,0.000
RESULT,current,MULTI_SPOT,wss,256,throughput,713976.000
RESULT,current,MULTI_SPOT,wss,1024,bandwidth,319.819
RESULT,current,MULTI_SPOT,wss,1024,latency,1167122.541
RESULT,current,MULTI_SPOT,wss,1024,latency_p95,3045066.400
RESULT,current,MULTI_SPOT,wss,1024,latency_p99,3319895.000
RESULT,current,MULTI_SPOT,wss,1024,server_cpu_pct,6.920
RESULT,current,MULTI_SPOT,wss,1024,server_mem_mb,57.730
RESULT,current,MULTI_SPOT,wss,1024,server_rcv_pending_end,0.000
RESULT,current,MULTI_SPOT,wss,1024,server_rcv_pending_max,0.000
RESULT,current,MULTI_SPOT,wss,1024,server_snd_pending_max,0.000
RESULT,current,MULTI_SPOT,wss,1024,throughput,312323.400
RESULT,current,MULTI_SPOT,wss,65536,bandwidth,1939.302
RESULT,current,MULTI_SPOT,wss,65536,latency,534982.629
RESULT,current,MULTI_SPOT,wss,65536,latency_p95,2138218.250
RESULT,current,MULTI_SPOT,wss,65536,latency_p99,2611818.750
RESULT,current,MULTI_SPOT,wss,65536,server_cpu_pct,8.210
RESULT,current,MULTI_SPOT,wss,65536,server_mem_mb,240.350
RESULT,current,MULTI_SPOT,wss,65536,server_rcv_pending_end,0.000
RESULT,current,MULTI_SPOT,wss,65536,server_rcv_pending_max,0.000
RESULT,current,MULTI_SPOT,wss,65536,server_snd_pending_max,0.000
RESULT,current,MULTI_SPOT,wss,65536,throughput,29591.400
RESULT,current,MULTI_SPOT,wss,131072,bandwidth,4012.455
RESULT,current,MULTI_SPOT,wss,131072,latency,314429.038
RESULT,current,MULTI_SPOT,wss,131072,latency_p95,2041907.000
RESULT,current,MULTI_SPOT,wss,131072,latency_p99,2358448.840
RESULT,current,MULTI_SPOT,wss,131072,server_cpu_pct,11.610
RESULT,current,MULTI_SPOT,wss,131072,server_mem_mb,241.190
RESULT,current,MULTI_SPOT,wss,131072,server_rcv_pending_end,0.000
RESULT,current,MULTI_SPOT,wss,131072,server_rcv_pending_max,0.000
RESULT,current,MULTI_SPOT,wss,131072,server_snd_pending_max,0.000
RESULT,current,MULTI_SPOT,wss,131072,throughput,30612.600
RESULT,current,MULTI_SPOT,wss,262144,bandwidth,2455.713
RESULT,current,MULTI_SPOT,wss,262144,latency,609021.689
RESULT,current,MULTI_SPOT,wss,262144,latency_p95,2703890.200
RESULT,current,MULTI_SPOT,wss,262144,latency_p99,2970623.320
RESULT,current,MULTI_SPOT,wss,262144,server_cpu_pct,9.260
RESULT,current,MULTI_SPOT,wss,262144,server_mem_mb,205.100
RESULT,current,MULTI_SPOT,wss,262144,server_rcv_pending_end,0.000
RESULT,current,MULTI_SPOT,wss,262144,server_rcv_pending_max,0.000
RESULT,current,MULTI_SPOT,wss,262144,server_snd_pending_max,0.000
RESULT,current,MULTI_SPOT,wss,262144,throughput,9367.800

Saved result file: /home/hep7/project/kairos/zlink/core/perf/results/multi/report/perf_linux_recv_20260324_152028_spot-multi-recheck.txt (status=complete)

## Status Summary
- success: 24
- unsupported: 0
- skip: 0
- fail: 0
- expected result lines: 120
- actual result lines: 120
- status: complete
