=== Running multi benchmark: MULTI_SPOT ===
    warmup=2s duration=5s
    recv_mode=recv
Reusing build directory: /home/hep7/project/kairos/zlink/core/build
Using CMake source directory: /home/hep7/project/kairos/zlink

## Effective Options (runner)
- patterns: MULTI_SPOT
- build_dir: /home/hep7/project/kairos/zlink/core/build
- build_mode: reuse
- reuse_build: 1
- clean_build: 0
- runs: 1
- recv_mode: recv
- duration_seconds: 5
- warmup_seconds: 2
- hwm: default(binary)
- send_hwm: default(binary)
- recv_hwm: default(binary)
- sndbuf: default(os)
- rcvbuf: default(os)
- sndtimeo_ms: 200
- rcvtimeo_ms: 200
- pin_cpu: 0
- io_threads: default(policy)
- msg_sizes: 64,256,1024,65536
- transports: wss,tls
- results_dir: /home/hep7/project/kairos/zlink/core/perf/results
- results_tag: triage-multi-wss-tls-fixed-hwm768
- result_file: /home/hep7/project/kairos/zlink/core/perf/results/multi/report/perf_linux_recv_20260324_174522_triage-multi-wss-tls-fixed-hwm768.txt
- output_file: none
- comparison_script: /home/hep7/project/kairos/zlink/core/perf/run_comparison.py
- python: python3

## Effective Env (runner)
- PYTHONUNBUFFERED: 1
- PERF_RECV_MODE: recv
- PERF_MSG_SIZES: 64,256,1024,65536
- PERF_TRANSPORTS: wss,tls
- PERF_NO_AUTOBUILD: 1
- PERF_DISABLE_RESOURCE_METRICS: 0

META,os,Linux 6.6.87.2-microsoft-standard-WSL2
META,cpu,Intel(R) Core(TM) Ultra 7 265K
META,cores,20
META,build,Release
META,commit,45bdf7dc
META,timestamp,2026-03-24T17:45:22+09:00
META,load_avg,0.51 3.83 4.69
META,runs,1
META,clients,100

## Effective Options (start)
- runs: 1
- recv_mode: recv
- patterns: MULTI_SPOT
- transports: tls,wss
- msg_sizes: 64,256,1024,65536
- warmup_seconds: 2
- active_warmup: 0
- duration_seconds: 5
- clients: 100
- default_clients: 100
- default_stream_clients: 10000
- service_clients: auto
- server_io_threads: 4 (default)
- client_io_threads: 4 (default)
- hwm: 100 (default)
- sndhwm: 100 (default)
- rcvhwm: 100 (default)
- sndbuf: default(os)
- rcvbuf: default(os)
- sndtimeo_ms: 200
- rcvtimeo_ms: 200
- connect_concurrency: 128 (default)
- settle_ms: 500
- connect_ready_timeout_ms: 5000
- monitor_hwm: 1000
- server_ready_timeout_ms: 10000
- server_shutdown_timeout_ms: 5000
- server_bind_port: 0
- transport_transition_ms: 3000
- pattern_transition_ms: 3000
- lat_timeout_ms: 5000
- stream_non_tcp_clients_max: 10000
- disable_resource_metrics: 0
- timeout_seconds: auto
## PATTERN: MULTI_SPOT (one-way)
  > Benchmarking current for MULTI_SPOT...
    Testing tls | 64B,256B,1024B,65536B:
      | Size     |         Throughput |      Bandwidth |  Lat.Mean(ms) |   Lat.P95(ms) |   Lat.P99(ms) |  S.CPU% | S.Mem MB | Q.Snd.Max | Q.Rcv.Max | Q.Rcv.End |
      |----------|--------------------|----------------|---------------|---------------|---------------|---------|----------|-----------|-----------|-----------|
      | 64B      |  1247.014 Kmsg/s |     79.809 MB/s |   561.877 ms |  2103.843 ms |  2928.956 ms | 10.450 |   58.130 |         0 |         0 |         0 |
      | 256B     |  2306.429 Kmsg/s |    590.446 MB/s |   630.198 ms |  3119.128 ms |  3981.776 ms | 12.272 |   73.824 |         0 |         0 |         0 |
      | 1024B    |   663.509 Kmsg/s |    679.433 MB/s |  1223.766 ms |  2664.144 ms |  2843.055 ms | 11.109 |  120.137 |         0 |         0 |         0 |
      | 65536B   |    20.497 Kmsg/s |   1343.318 MB/s |   503.359 ms |  3532.120 ms |  3856.882 ms | 11.162 |  570.922 |         0 |         0 |         0 |
    Testing tls: Done
    [transport cooldown 3000ms]
    Testing wss | 64B,256B,1024B,65536B:
      | Size     |         Throughput |      Bandwidth |  Lat.Mean(ms) |   Lat.P95(ms) |   Lat.P99(ms) |  S.CPU% | S.Mem MB | Q.Snd.Max | Q.Rcv.Max | Q.Rcv.End |
      |----------|--------------------|----------------|---------------|---------------|---------------|---------|----------|-----------|-----------|-----------|
      | 64B      |  2137.757 Kmsg/s |    136.816 MB/s |   458.647 ms |  1960.602 ms |  3035.715 ms |  9.523 |   64.605 |         0 |         0 |         0 |
      | 256B     |  1810.800 Kmsg/s |    463.565 MB/s |   865.827 ms |  4007.905 ms |  4449.641 ms |  8.750 |   75.740 |         0 |         0 |         0 |
      | 1024B    |  1041.631 Kmsg/s |   1066.630 MB/s |   744.413 ms |  2789.941 ms |  3218.745 ms | 10.780 |  120.188 |         0 |         0 |         0 |
      | 65536B   |    20.309 Kmsg/s |   1330.958 MB/s |   383.409 ms |   484.878 ms |   517.399 ms |  8.419 |  551.637 |         0 |         0 |         0 |
    Testing wss: Done

## Effective Options (result)
- runs: 1
- recv_mode: recv
- patterns: MULTI_SPOT
- transports: tls,wss
- msg_sizes: 64,256,1024,65536
- warmup_seconds: 2
- active_warmup: 0
- duration_seconds: 5
- clients: 100
- default_clients: 100
- default_stream_clients: 10000
- service_clients: auto
- server_io_threads: 4 (default)
- client_io_threads: 4 (default)
- hwm: 100 (default)
- sndhwm: 100 (default)
- rcvhwm: 100 (default)
- sndbuf: default(os)
- rcvbuf: default(os)
- sndtimeo_ms: 200
- rcvtimeo_ms: 200
- connect_concurrency: 128 (default)
- settle_ms: 500
- connect_ready_timeout_ms: 5000
- monitor_hwm: 1000
- server_ready_timeout_ms: 10000
- server_shutdown_timeout_ms: 5000
- server_bind_port: 0
- transport_transition_ms: 3000
- pattern_transition_ms: 3000
- lat_timeout_ms: 5000
- stream_non_tcp_clients_max: 10000
- disable_resource_metrics: 0
- timeout_seconds: auto

## Result Data
RESULT,current,MULTI_SPOT,tls,64,bandwidth,79.809
RESULT,current,MULTI_SPOT,tls,64,latency,561876.698
RESULT,current,MULTI_SPOT,tls,64,latency_p95,2103842.700
RESULT,current,MULTI_SPOT,tls,64,latency_p99,2928956.020
RESULT,current,MULTI_SPOT,tls,64,server_cpu_pct,10.450
RESULT,current,MULTI_SPOT,tls,64,server_mem_mb,58.130
RESULT,current,MULTI_SPOT,tls,64,server_rcv_pending_end,0.000
RESULT,current,MULTI_SPOT,tls,64,server_rcv_pending_max,0.000
RESULT,current,MULTI_SPOT,tls,64,server_snd_pending_max,0.000
RESULT,current,MULTI_SPOT,tls,64,throughput,1247014.400
RESULT,current,MULTI_SPOT,tls,256,bandwidth,590.446
RESULT,current,MULTI_SPOT,tls,256,latency,630198.079
RESULT,current,MULTI_SPOT,tls,256,latency_p95,3119128.500
RESULT,current,MULTI_SPOT,tls,256,latency_p99,3981776.240
RESULT,current,MULTI_SPOT,tls,256,server_cpu_pct,12.270
RESULT,current,MULTI_SPOT,tls,256,server_mem_mb,73.980
RESULT,current,MULTI_SPOT,tls,256,server_rcv_pending_end,0.000
RESULT,current,MULTI_SPOT,tls,256,server_rcv_pending_max,0.000
RESULT,current,MULTI_SPOT,tls,256,server_snd_pending_max,0.000
RESULT,current,MULTI_SPOT,tls,256,throughput,2306428.800
RESULT,current,MULTI_SPOT,tls,1024,bandwidth,679.433
RESULT,current,MULTI_SPOT,tls,1024,latency,1223765.905
RESULT,current,MULTI_SPOT,tls,1024,latency_p95,2664143.800
RESULT,current,MULTI_SPOT,tls,1024,latency_p99,2843055.160
RESULT,current,MULTI_SPOT,tls,1024,server_cpu_pct,11.120
RESULT,current,MULTI_SPOT,tls,1024,server_mem_mb,120.140
RESULT,current,MULTI_SPOT,tls,1024,server_rcv_pending_end,0.000
RESULT,current,MULTI_SPOT,tls,1024,server_rcv_pending_max,0.000
RESULT,current,MULTI_SPOT,tls,1024,server_snd_pending_max,0.000
RESULT,current,MULTI_SPOT,tls,1024,throughput,663509.200
RESULT,current,MULTI_SPOT,tls,65536,bandwidth,1343.318
RESULT,current,MULTI_SPOT,tls,65536,latency,503358.875
RESULT,current,MULTI_SPOT,tls,65536,latency_p95,3532120.250
RESULT,current,MULTI_SPOT,tls,65536,latency_p99,3856881.600
RESULT,current,MULTI_SPOT,tls,65536,server_cpu_pct,11.200
RESULT,current,MULTI_SPOT,tls,65536,server_mem_mb,570.920
RESULT,current,MULTI_SPOT,tls,65536,server_rcv_pending_end,0.000
RESULT,current,MULTI_SPOT,tls,65536,server_rcv_pending_max,0.000
RESULT,current,MULTI_SPOT,tls,65536,server_snd_pending_max,0.000
RESULT,current,MULTI_SPOT,tls,65536,throughput,20497.400
RESULT,current,MULTI_SPOT,wss,64,bandwidth,136.816
RESULT,current,MULTI_SPOT,wss,64,latency,458646.510
RESULT,current,MULTI_SPOT,wss,64,latency_p95,1960601.800
RESULT,current,MULTI_SPOT,wss,64,latency_p99,3035714.650
RESULT,current,MULTI_SPOT,wss,64,server_cpu_pct,9.540
RESULT,current,MULTI_SPOT,wss,64,server_mem_mb,64.610
RESULT,current,MULTI_SPOT,wss,64,server_rcv_pending_end,0.000
RESULT,current,MULTI_SPOT,wss,64,server_rcv_pending_max,0.000
RESULT,current,MULTI_SPOT,wss,64,server_snd_pending_max,0.000
RESULT,current,MULTI_SPOT,wss,64,throughput,2137756.800
RESULT,current,MULTI_SPOT,wss,256,bandwidth,463.565
RESULT,current,MULTI_SPOT,wss,256,latency,865826.926
RESULT,current,MULTI_SPOT,wss,256,latency_p95,4007904.500
RESULT,current,MULTI_SPOT,wss,256,latency_p99,4449640.890
RESULT,current,MULTI_SPOT,wss,256,server_cpu_pct,8.750
RESULT,current,MULTI_SPOT,wss,256,server_mem_mb,75.740
RESULT,current,MULTI_SPOT,wss,256,server_rcv_pending_end,0.000
RESULT,current,MULTI_SPOT,wss,256,server_rcv_pending_max,0.000
RESULT,current,MULTI_SPOT,wss,256,server_snd_pending_max,0.000
RESULT,current,MULTI_SPOT,wss,256,throughput,1810800.200
RESULT,current,MULTI_SPOT,wss,1024,bandwidth,1066.630
RESULT,current,MULTI_SPOT,wss,1024,latency,744413.345
RESULT,current,MULTI_SPOT,wss,1024,latency_p95,2789941.000
RESULT,current,MULTI_SPOT,wss,1024,latency_p99,3218744.640
RESULT,current,MULTI_SPOT,wss,1024,server_cpu_pct,10.800
RESULT,current,MULTI_SPOT,wss,1024,server_mem_mb,120.190
RESULT,current,MULTI_SPOT,wss,1024,server_rcv_pending_end,0.000
RESULT,current,MULTI_SPOT,wss,1024,server_rcv_pending_max,0.000
RESULT,current,MULTI_SPOT,wss,1024,server_snd_pending_max,0.000
RESULT,current,MULTI_SPOT,wss,1024,throughput,1041631.200
RESULT,current,MULTI_SPOT,wss,65536,bandwidth,1330.958
RESULT,current,MULTI_SPOT,wss,65536,latency,383409.401
RESULT,current,MULTI_SPOT,wss,65536,latency_p95,484877.750
RESULT,current,MULTI_SPOT,wss,65536,latency_p99,517399.000
RESULT,current,MULTI_SPOT,wss,65536,server_cpu_pct,8.610
RESULT,current,MULTI_SPOT,wss,65536,server_mem_mb,551.640
RESULT,current,MULTI_SPOT,wss,65536,server_rcv_pending_end,0.000
RESULT,current,MULTI_SPOT,wss,65536,server_rcv_pending_max,0.000
RESULT,current,MULTI_SPOT,wss,65536,server_snd_pending_max,0.000
RESULT,current,MULTI_SPOT,wss,65536,throughput,20308.800

Saved result file: /home/hep7/project/kairos/zlink/core/perf/results/multi/report/perf_linux_recv_20260324_174522_triage-multi-wss-tls-fixed-hwm768.txt (status=complete)

## Status Summary
- success: 8
- unsupported: 0
- skip: 0
- fail: 0
- expected result lines: 40
- actual result lines: 40
- status: complete
Total benchmark time: 1m 20s (80s, exit=0)
