Reusing build directory: /home/hep7/project/kairos/zlink/core/build
Using CMake source directory: /home/hep7/project/kairos/zlink

## Effective Options (runner)
- patterns: SPOT
- build_dir: /home/hep7/project/kairos/zlink/core/build
- build_mode: reuse
- reuse_build: 1
- clean_build: 0
- runs: 1
- recv_mode: callback
- duration_seconds: 5
- warmup_seconds: 2
- hwm: default(binary)
- send_hwm: default(binary)
- recv_hwm: default(binary)
- sndbuf: default(os)
- rcvbuf: default(os)
- sndtimeo_ms: 200
- rcvtimeo_ms: 200
- pin_cpu: 0
- io_threads: default(binary=1)
- msg_sizes: 64,256,1024,65536,131072,262144
- transports: tcp,tls,ws,wss
- results_dir: /home/hep7/project/kairos/zlink/core/perf/results
- results_tag: spot-single-current-20260324_192118
- result_file: /home/hep7/project/kairos/zlink/core/perf/results/single/report/perf_linux_callback_20260324_192118_spot-single-current-20260324_192118.txt
- output_file: none
- comparison_script: /home/hep7/project/kairos/zlink/core/perf/single/run_comparison.py
- python: python3

## Effective Env (runner)
- PYTHONUNBUFFERED: 1
- PERF_RECV_MODE: callback
- PERF_MSG_SIZES: 64,256,1024,65536,131072,262144
- PERF_TRANSPORTS: tcp,tls,ws,wss
- PERF_SINGLE_DURATION_SECONDS: 5
- PERF_SINGLE_WARMUP_SECONDS: 2
- PERF_SINGLE_SNDTIMEO_MS: 200
- PERF_SINGLE_RCVTIMEO_MS: 200
- PERF_NO_AUTOBUILD: 1


## Effective Options (start)
- runs: 1
- recv_mode: callback
- duration_seconds: 5
- timeout_seconds: 45
- io_threads: 1
- hwm: 1000
- sndhwm: 1000
- rcvhwm: 1000
- sndtimeo_ms: 200
- rcvtimeo_ms: 200
- patterns: SPOT
- transports: tcp,tls,ws,wss
- msg_sizes: 64,256,1024,65536,131072,262144
## PATTERN: SPOT (one-way)
  > Benchmarking current for SPOT...
    Testing tcp:
      | Size     |       Throughput |    Bandwidth |  Lat.Mean(ms) |   Lat.P95(ms) |   Lat.P99(ms) | CPU% | Mem MB | Q.Snd.Max | Q.Rcv.Max | Q.Rcv.End |
      |----------|------------------|--------------|--------------|--------------|--------------|------|--------|-----------|-----------|-----------|
      | 64B      |   1587.37 Kmsg/s |   101.59 MB/s |      0.20 ms |      0.36 ms |      0.41 ms |  9.2 |   11.6 |       N/A |       N/A |       N/A |
      | 256B     |    786.59 Kmsg/s |   201.37 MB/s |      0.50 ms |      0.76 ms |      0.87 ms |  7.2 |   11.2 |       N/A |       N/A |       N/A |
      | 1024B    |    609.48 Kmsg/s |   624.11 MB/s |      0.75 ms |      1.02 ms |      1.14 ms |  7.4 |   11.7 |       N/A |       N/A |       N/A |
      | 65536B   |     77.72 Kmsg/s |  5093.56 MB/s |      6.77 ms |      8.42 ms |      8.93 ms |  7.6 |   14.4 |       N/A |       N/A |       N/A |
      | 131072B  |     43.93 Kmsg/s |  5757.94 MB/s |     11.73 ms |     14.26 ms |     14.85 ms |  7.2 |   14.6 |       N/A |       N/A |       N/A |
      | 262144B  |     24.65 Kmsg/s |  6462.58 MB/s |     20.66 ms |     25.04 ms |     25.79 ms |  6.7 |   19.0 |       N/A |       N/A |       N/A |
    Testing tcp: Done
    Testing tls:
      | Size     |       Throughput |    Bandwidth |  Lat.Mean(ms) |   Lat.P95(ms) |   Lat.P99(ms) | CPU% | Mem MB | Q.Snd.Max | Q.Rcv.Max | Q.Rcv.End |
      |----------|------------------|--------------|--------------|--------------|--------------|------|--------|-----------|-----------|-----------|
      | 64B      |   1456.16 Kmsg/s |    93.19 MB/s |      0.41 ms |      0.50 ms |      0.58 ms |  8.5 |   15.2 |       N/A |       N/A |       N/A |
      | 256B     |    712.86 Kmsg/s |   182.49 MB/s |      0.62 ms |      0.91 ms |      1.03 ms |  6.7 |   15.2 |       N/A |       N/A |       N/A |
      | 1024B    |    458.19 Kmsg/s |   469.19 MB/s |      1.05 ms |      1.42 ms |      1.54 ms |  6.8 |   15.9 |       N/A |       N/A |       N/A |
      | 65536B   |     21.04 Kmsg/s |  1379.09 MB/s |     26.73 ms |     34.30 ms |     35.35 ms |  6.8 |   16.4 |       N/A |       N/A |       N/A |
      | 131072B  |     11.90 Kmsg/s |  1560.25 MB/s |     47.16 ms |     60.55 ms |     61.88 ms |  6.6 |   16.3 |       N/A |       N/A |       N/A |
      | 262144B  |      6.22 Kmsg/s |  1630.75 MB/s |     89.80 ms |    116.23 ms |    118.97 ms |  5.8 |   17.7 |       N/A |       N/A |       N/A |
    Testing tls: Done
    Testing ws:
      | Size     |       Throughput |    Bandwidth |  Lat.Mean(ms) |   Lat.P95(ms) |   Lat.P99(ms) | CPU% | Mem MB | Q.Snd.Max | Q.Rcv.Max | Q.Rcv.End |
      |----------|------------------|--------------|--------------|--------------|--------------|------|--------|-----------|-----------|-----------|
      | 64B      |   1245.49 Kmsg/s |    79.71 MB/s |    112.21 ms |    126.88 ms |    127.82 ms |  8.9 |   12.5 |       N/A |       N/A |       N/A |
      | 256B     |    793.02 Kmsg/s |   203.01 MB/s |     42.95 ms |     47.66 ms |     49.23 ms |  7.4 |   12.7 |       N/A |       N/A |       N/A |
      | 1024B    |    504.35 Kmsg/s |   516.46 MB/s |     29.16 ms |     31.43 ms |     32.35 ms |  7.5 |   14.5 |       N/A |       N/A |       N/A |
      | 65536B   |     40.80 Kmsg/s |  2673.95 MB/s |     18.43 ms |     22.21 ms |     22.98 ms |  7.5 |   13.8 |       N/A |       N/A |       N/A |
      | 131072B  |     26.46 Kmsg/s |  3467.98 MB/s |     24.02 ms |     29.28 ms |     30.79 ms |  7.1 |   14.2 |       N/A |       N/A |       N/A |
      | 262144B  |     18.74 Kmsg/s |  4912.21 MB/s |     27.60 ms |     34.90 ms |     36.73 ms |  6.4 |   16.0 |       N/A |       N/A |       N/A |
    Testing ws: Done
    Testing wss:
      | Size     |       Throughput |    Bandwidth |  Lat.Mean(ms) |   Lat.P95(ms) |   Lat.P99(ms) | CPU% | Mem MB | Q.Snd.Max | Q.Rcv.Max | Q.Rcv.End |
      |----------|------------------|--------------|--------------|--------------|--------------|------|--------|-----------|-----------|-----------|
      | 64B      |   1234.10 Kmsg/s |    78.98 MB/s |    155.93 ms |    181.41 ms |    182.84 ms |  6.5 |   16.9 |       N/A |       N/A |       N/A |
      | 256B     |    632.65 Kmsg/s |   161.96 MB/s |     85.83 ms |     99.44 ms |    102.54 ms |  5.2 |   17.2 |       N/A |       N/A |       N/A |
      | 1024B    |    346.24 Kmsg/s |   354.55 MB/s |     44.12 ms |     49.49 ms |     53.52 ms |  5.4 |   18.4 |       N/A |       N/A |       N/A |
      | 65536B   |     16.43 Kmsg/s |  1077.08 MB/s |     43.00 ms |     53.16 ms |     55.11 ms |  5.3 |   17.4 |       N/A |       N/A |       N/A |
      | 131072B  |      9.75 Kmsg/s |  1278.40 MB/s |     64.85 ms |     81.74 ms |     83.69 ms |  5.2 |   25.1 |       N/A |       N/A |       N/A |
      | 262144B  |      5.30 Kmsg/s |  1389.10 MB/s |    116.80 ms |    149.14 ms |    152.53 ms |  4.6 |   19.9 |       N/A |       N/A |       N/A |
    Testing wss: Done

## Effective Options (result)
- runs: 1
- recv_mode: callback
- duration_seconds: 5
- timeout_seconds: 45
- io_threads: 1
- hwm: 1000
- sndhwm: 1000
- rcvhwm: 1000
- sndtimeo_ms: 200
- rcvtimeo_ms: 200
- patterns: SPOT
- transports: tcp,tls,ws,wss
- msg_sizes: 64,256,1024,65536,131072,262144

## Result Data
RESULT,current,SPOT,tcp,64,throughput,1587370.000
RESULT,current,SPOT,tcp,64,bandwidth,101.590
RESULT,current,SPOT,tcp,64,latency,204.030
RESULT,current,SPOT,tcp,64,latency_p95,356.000
RESULT,current,SPOT,tcp,64,latency_p99,407.000
RESULT,current,SPOT,tcp,64,cpu_pct,9.197
RESULT,current,SPOT,tcp,64,mem_mb,11.562
RESULT,current,SPOT,tcp,256,throughput,786585.400
RESULT,current,SPOT,tcp,256,bandwidth,201.370
RESULT,current,SPOT,tcp,256,latency,503.110
RESULT,current,SPOT,tcp,256,latency_p95,764.000
RESULT,current,SPOT,tcp,256,latency_p99,872.000
RESULT,current,SPOT,tcp,256,cpu_pct,7.163
RESULT,current,SPOT,tcp,256,mem_mb,11.250
RESULT,current,SPOT,tcp,1024,throughput,609484.800
RESULT,current,SPOT,tcp,1024,bandwidth,624.110
RESULT,current,SPOT,tcp,1024,latency,750.980
RESULT,current,SPOT,tcp,1024,latency_p95,1020.000
RESULT,current,SPOT,tcp,1024,latency_p99,1137.000
RESULT,current,SPOT,tcp,1024,cpu_pct,7.448
RESULT,current,SPOT,tcp,1024,mem_mb,11.719
RESULT,current,SPOT,tcp,65536,throughput,77721.600
RESULT,current,SPOT,tcp,65536,bandwidth,5093.560
RESULT,current,SPOT,tcp,65536,latency,6768.310
RESULT,current,SPOT,tcp,65536,latency_p95,8422.000
RESULT,current,SPOT,tcp,65536,latency_p99,8932.000
RESULT,current,SPOT,tcp,65536,cpu_pct,7.557
RESULT,current,SPOT,tcp,65536,mem_mb,14.418
RESULT,current,SPOT,tcp,131072,throughput,43929.600
RESULT,current,SPOT,tcp,131072,bandwidth,5757.940
RESULT,current,SPOT,tcp,131072,latency,11730.280
RESULT,current,SPOT,tcp,131072,latency_p95,14257.000
RESULT,current,SPOT,tcp,131072,latency_p99,14845.000
RESULT,current,SPOT,tcp,131072,cpu_pct,7.195
RESULT,current,SPOT,tcp,131072,mem_mb,14.594
RESULT,current,SPOT,tcp,262144,throughput,24652.800
RESULT,current,SPOT,tcp,262144,bandwidth,6462.580
RESULT,current,SPOT,tcp,262144,latency,20661.450
RESULT,current,SPOT,tcp,262144,latency_p95,25042.000
RESULT,current,SPOT,tcp,262144,latency_p99,25788.370
RESULT,current,SPOT,tcp,262144,cpu_pct,6.656
RESULT,current,SPOT,tcp,262144,mem_mb,19.035
RESULT,current,SPOT,tls,64,throughput,1456160.000
RESULT,current,SPOT,tls,64,bandwidth,93.190
RESULT,current,SPOT,tls,64,latency,406.320
RESULT,current,SPOT,tls,64,latency_p95,502.000
RESULT,current,SPOT,tls,64,latency_p99,584.000
RESULT,current,SPOT,tls,64,cpu_pct,8.487
RESULT,current,SPOT,tls,64,mem_mb,15.156
RESULT,current,SPOT,tls,256,throughput,712860.800
RESULT,current,SPOT,tls,256,bandwidth,182.490
RESULT,current,SPOT,tls,256,latency,623.510
RESULT,current,SPOT,tls,256,latency_p95,906.000
RESULT,current,SPOT,tls,256,latency_p99,1029.000
RESULT,current,SPOT,tls,256,cpu_pct,6.681
RESULT,current,SPOT,tls,256,mem_mb,15.156
RESULT,current,SPOT,tls,1024,throughput,458188.800
RESULT,current,SPOT,tls,1024,bandwidth,469.190
RESULT,current,SPOT,tls,1024,latency,1051.300
RESULT,current,SPOT,tls,1024,latency_p95,1417.000
RESULT,current,SPOT,tls,1024,latency_p99,1537.000
RESULT,current,SPOT,tls,1024,cpu_pct,6.795
RESULT,current,SPOT,tls,1024,mem_mb,15.938
RESULT,current,SPOT,tls,65536,throughput,21043.200
RESULT,current,SPOT,tls,65536,bandwidth,1379.090
RESULT,current,SPOT,tls,65536,latency,26726.790
RESULT,current,SPOT,tls,65536,latency_p95,34295.000
RESULT,current,SPOT,tls,65536,latency_p99,35348.000
RESULT,current,SPOT,tls,65536,cpu_pct,6.848
RESULT,current,SPOT,tls,65536,mem_mb,16.418
RESULT,current,SPOT,tls,131072,throughput,11903.800
RESULT,current,SPOT,tls,131072,bandwidth,1560.250
RESULT,current,SPOT,tls,131072,latency,47162.770
RESULT,current,SPOT,tls,131072,latency_p95,60547.100
RESULT,current,SPOT,tls,131072,latency_p99,61876.820
RESULT,current,SPOT,tls,131072,cpu_pct,6.580
RESULT,current,SPOT,tls,131072,mem_mb,16.328
RESULT,current,SPOT,tls,262144,throughput,6220.800
RESULT,current,SPOT,tls,262144,bandwidth,1630.750
RESULT,current,SPOT,tls,262144,latency,89804.640
RESULT,current,SPOT,tls,262144,latency_p95,116234.250
RESULT,current,SPOT,tls,262144,latency_p99,118973.000
RESULT,current,SPOT,tls,262144,cpu_pct,5.818
RESULT,current,SPOT,tls,262144,mem_mb,17.734
RESULT,current,SPOT,ws,64,throughput,1245494.600
RESULT,current,SPOT,ws,64,bandwidth,79.710
RESULT,current,SPOT,ws,64,latency,112208.940
RESULT,current,SPOT,ws,64,latency_p95,126880.000
RESULT,current,SPOT,ws,64,latency_p99,127823.010
RESULT,current,SPOT,ws,64,cpu_pct,8.937
RESULT,current,SPOT,ws,64,mem_mb,12.500
RESULT,current,SPOT,ws,256,throughput,793019.200
RESULT,current,SPOT,ws,256,bandwidth,203.010
RESULT,current,SPOT,ws,256,latency,42954.930
RESULT,current,SPOT,ws,256,latency_p95,47664.000
RESULT,current,SPOT,ws,256,latency_p99,49228.000
RESULT,current,SPOT,ws,256,cpu_pct,7.387
RESULT,current,SPOT,ws,256,mem_mb,12.656
RESULT,current,SPOT,ws,1024,throughput,504353.400
RESULT,current,SPOT,ws,1024,bandwidth,516.460
RESULT,current,SPOT,ws,1024,latency,29160.970
RESULT,current,SPOT,ws,1024,latency_p95,31434.000
RESULT,current,SPOT,ws,1024,latency_p99,32346.020
RESULT,current,SPOT,ws,1024,cpu_pct,7.450
RESULT,current,SPOT,ws,1024,mem_mb,14.531
RESULT,current,SPOT,ws,65536,throughput,40801.200
RESULT,current,SPOT,ws,65536,bandwidth,2673.950
RESULT,current,SPOT,ws,65536,latency,18427.860
RESULT,current,SPOT,ws,65536,latency_p95,22213.000
RESULT,current,SPOT,ws,65536,latency_p99,22980.000
RESULT,current,SPOT,ws,65536,cpu_pct,7.456
RESULT,current,SPOT,ws,65536,mem_mb,13.789
RESULT,current,SPOT,ws,131072,throughput,26458.600
RESULT,current,SPOT,ws,131072,bandwidth,3467.980
RESULT,current,SPOT,ws,131072,latency,24016.920
RESULT,current,SPOT,ws,131072,latency_p95,29280.000
RESULT,current,SPOT,ws,131072,latency_p99,30787.000
RESULT,current,SPOT,ws,131072,cpu_pct,7.093
RESULT,current,SPOT,ws,131072,mem_mb,14.152
RESULT,current,SPOT,ws,262144,throughput,18738.600
RESULT,current,SPOT,ws,262144,bandwidth,4912.210
RESULT,current,SPOT,ws,262144,latency,27602.460
RESULT,current,SPOT,ws,262144,latency_p95,34903.400
RESULT,current,SPOT,ws,262144,latency_p99,36730.000
RESULT,current,SPOT,ws,262144,cpu_pct,6.420
RESULT,current,SPOT,ws,262144,mem_mb,15.961
RESULT,current,SPOT,wss,64,throughput,1234098.400
RESULT,current,SPOT,wss,64,bandwidth,78.980
RESULT,current,SPOT,wss,64,latency,155928.580
RESULT,current,SPOT,wss,64,latency_p95,181414.050
RESULT,current,SPOT,wss,64,latency_p99,182842.000
RESULT,current,SPOT,wss,64,cpu_pct,6.496
RESULT,current,SPOT,wss,64,mem_mb,16.875
RESULT,current,SPOT,wss,256,throughput,632649.000
RESULT,current,SPOT,wss,256,bandwidth,161.960
RESULT,current,SPOT,wss,256,latency,85829.080
RESULT,current,SPOT,wss,256,latency_p95,99444.000
RESULT,current,SPOT,wss,256,latency_p99,102540.000
RESULT,current,SPOT,wss,256,cpu_pct,5.210
RESULT,current,SPOT,wss,256,mem_mb,17.188
RESULT,current,SPOT,wss,1024,throughput,346235.400
RESULT,current,SPOT,wss,1024,bandwidth,354.550
RESULT,current,SPOT,wss,1024,latency,44119.090
RESULT,current,SPOT,wss,1024,latency_p95,49494.000
RESULT,current,SPOT,wss,1024,latency_p99,53518.000
RESULT,current,SPOT,wss,1024,cpu_pct,5.388
RESULT,current,SPOT,wss,1024,mem_mb,18.438
RESULT,current,SPOT,wss,65536,throughput,16435.000
RESULT,current,SPOT,wss,65536,bandwidth,1077.080
RESULT,current,SPOT,wss,65536,latency,42999.400
RESULT,current,SPOT,wss,65536,latency_p95,53158.000
RESULT,current,SPOT,wss,65536,latency_p99,55110.520
RESULT,current,SPOT,wss,65536,cpu_pct,5.328
RESULT,current,SPOT,wss,65536,mem_mb,17.367
RESULT,current,SPOT,wss,131072,throughput,9753.400
RESULT,current,SPOT,wss,131072,bandwidth,1278.400
RESULT,current,SPOT,wss,131072,latency,64851.650
RESULT,current,SPOT,wss,131072,latency_p95,81740.000
RESULT,current,SPOT,wss,131072,latency_p99,83694.040
RESULT,current,SPOT,wss,131072,cpu_pct,5.173
RESULT,current,SPOT,wss,131072,mem_mb,25.059
RESULT,current,SPOT,wss,262144,throughput,5299.000
RESULT,current,SPOT,wss,262144,bandwidth,1389.100
RESULT,current,SPOT,wss,262144,latency,116799.140
RESULT,current,SPOT,wss,262144,latency_p95,149142.000
RESULT,current,SPOT,wss,262144,latency_p99,152533.000
RESULT,current,SPOT,wss,262144,cpu_pct,4.636
RESULT,current,SPOT,wss,262144,mem_mb,19.910

## Completion
- status: complete
- expected_result_lines: 120
- actual_result_lines: 120

Saved result file: /home/hep7/project/kairos/zlink/core/perf/results/single/report/perf_linux_callback_20260324_192118_spot-single-current-20260324_192118.txt (status=complete)
Total benchmark time: 5m 33s (333s, exit=0)
