[start] 2026-03-24T13:11:13+09:00
[cmd] core/perf/run_benchmarks_multi.sh --build-dir core/build --reuse-build --pattern SPOT --runs 1 --recv recv --results-tag spot-multi-recheck
=== Running multi benchmark: MULTI_SPOT ===
    warmup=2s duration=5s
    recv_mode=recv
Reusing build directory: /home/hep7/project/kairos/zlink/core/build
Using CMake source directory: /home/hep7/project/kairos/zlink

## Effective Options (runner)
- patterns: MULTI_SPOT
- build_dir: /home/hep7/project/kairos/zlink/core/build
- build_mode: reuse
- reuse_build: 1
- clean_build: 0
- runs: 1
- recv_mode: recv
- duration_seconds: 5
- warmup_seconds: 2
- hwm: default(binary)
- send_hwm: default(binary)
- recv_hwm: default(binary)
- sndbuf: default(os)
- rcvbuf: default(os)
- sndtimeo_ms: 200
- rcvtimeo_ms: 200
- pin_cpu: 0
- io_threads: default(policy)
- msg_sizes: default(benchmark)
- transports: tcp,tls,ws,wss
- results_dir: /home/hep7/project/kairos/zlink/core/perf/results
- results_tag: spot-multi-recheck
- result_file: /home/hep7/project/kairos/zlink/core/perf/results/multi/report/perf_linux_recv_20260324_131113_spot-multi-recheck.txt
- output_file: none
- comparison_script: /home/hep7/project/kairos/zlink/core/perf/run_comparison.py
- python: python3

## Effective Env (runner)
- PYTHONUNBUFFERED: 1
- PERF_RECV_MODE: recv
- PERF_TRANSPORTS: tcp,tls,ws,wss
- PERF_NO_AUTOBUILD: 1
- PERF_DISABLE_RESOURCE_METRICS: 0

META,os,Linux 6.6.87.2-microsoft-standard-WSL2
META,cpu,Intel(R) Core(TM) Ultra 7 265K
META,cores,20
META,build,Release
META,commit,45bdf7dc
META,timestamp,2026-03-24T13:11:13+09:00
META,load_avg,0.20 1.29 3.40
META,runs,1
META,clients,100

## Effective Options (start)
- runs: 1
- recv_mode: recv
- patterns: MULTI_SPOT
- transports: tcp,tls,ws,wss
- msg_sizes: 64,256,1024,65536,131072,262144
- warmup_seconds: 2
- active_warmup: 0
- duration_seconds: 5
- clients: 100
- default_clients: 100
- default_stream_clients: 10000
- service_clients: auto
- server_io_threads: 4 (default)
- client_io_threads: 4 (default)
- hwm: 100 (default)
- sndhwm: 100 (default)
- rcvhwm: 100 (default)
- sndbuf: default(os)
- rcvbuf: default(os)
- sndtimeo_ms: 200
- rcvtimeo_ms: 200
- connect_concurrency: 128 (default)
- settle_ms: 500
- connect_ready_timeout_ms: 5000
- monitor_hwm: 1000
- server_ready_timeout_ms: 10000
- server_shutdown_timeout_ms: 5000
- server_bind_port: 0
- transport_transition_ms: 3000
- pattern_transition_ms: 3000
- lat_timeout_ms: 5000
- stream_non_tcp_clients_max: 10000
- disable_resource_metrics: 0
- timeout_seconds: auto
## PATTERN: MULTI_SPOT (one-way)
  > Benchmarking current for MULTI_SPOT...
    Testing tcp | 64B,256B,1024B,65536B,131072B,262144B:
      | Size     |         Throughput |      Bandwidth |  Lat.Mean(ms) |   Lat.P95(ms) |   Lat.P99(ms) |  S.CPU% | S.Mem MB | Q.Snd.Max | Q.Rcv.Max | Q.Rcv.End |
      |----------|--------------------|----------------|---------------|---------------|---------------|---------|----------|-----------|-----------|-----------|
      | 64B      |  4368.842 Kmsg/s |    279.606 MB/s |  1810.043 ms |  2936.157 ms |  3131.251 ms | 14.084 |   33.574 |         0 |         0 |         0 |
      | 256B     |  2215.544 Kmsg/s |    567.179 MB/s |  1170.245 ms |  2078.543 ms |  2305.161 ms | 12.829 |   48.598 |         0 |         0 |         0 |
      | 1024B    |  1009.132 Kmsg/s |   1033.351 MB/s |   513.247 ms |  1415.392 ms |  1642.285 ms | 10.172 |   90.566 |         0 |         0 |         0 |
      | 65536B   |    38.738 Kmsg/s |   2538.707 MB/s |  1299.996 ms |  1635.784 ms |  1704.209 ms |  9.899 |  518.727 |         0 |         0 |         0 |
      | 131072B  |    21.157 Kmsg/s |   2773.090 MB/s |   931.517 ms |  2501.439 ms |  2679.646 ms | 10.064 |  609.074 |         0 |         0 |         0 |
      | 262144B  |     6.250 Kmsg/s |   1638.348 MB/s |  3892.194 ms |  5006.024 ms |  5128.502 ms |  9.141 |  913.039 |         0 |         0 |         0 |
    Testing tcp: Done
    [transport cooldown 3000ms]
    Testing tls | 64B,256B,1024B,65536B,131072B,262144B:
      | Size     |         Throughput |      Bandwidth |  Lat.Mean(ms) |   Lat.P95(ms) |   Lat.P99(ms) |  S.CPU% | S.Mem MB | Q.Snd.Max | Q.Rcv.Max | Q.Rcv.End |
      |----------|--------------------|----------------|---------------|---------------|---------------|---------|----------|-----------|-----------|-----------|
      | 64B      |  2753.916 Kmsg/s |    176.251 MB/s |   684.823 ms |  2230.967 ms |  3074.918 ms | 13.640 |   60.469 |         0 |         0 |         0 |
      | 256B     |  1723.533 Kmsg/s |    441.224 MB/s |   816.499 ms |  2962.329 ms |  3968.667 ms | 11.016 |   74.086 |         0 |         0 |         0 |
      | 1024B    |  1079.534 Kmsg/s |   1105.442 MB/s |   685.910 ms |  2706.281 ms |  3092.910 ms | 13.157 |  116.555 |         0 |         0 |         0 |
      | 65536B   |    24.537 Kmsg/s |   1608.083 MB/s |   844.916 ms |  3729.834 ms |  4046.861 ms | 11.423 |  549.875 |         0 |         0 |         0 |
      | 131072B  |    24.104 Kmsg/s |   3159.307 MB/s |   107.907 ms |   179.292 ms |   202.347 ms | 15.100 |  642.852 |         0 |         0 |         0 |
      | 262144B  |    10.998 Kmsg/s |   2882.955 MB/s |   225.903 ms |   313.650 ms |   347.484 ms | 14.648 |  787.992 |         0 |         0 |         0 |
    Testing tls: Done
    [transport cooldown 3000ms]
    Testing ws | 64B,256B,1024B,65536B,131072B,262144B:
      | Size     |         Throughput |      Bandwidth |  Lat.Mean(ms) |   Lat.P95(ms) |   Lat.P99(ms) |  S.CPU% | S.Mem MB | Q.Snd.Max | Q.Rcv.Max | Q.Rcv.End |
      |----------|--------------------|----------------|---------------|---------------|---------------|---------|----------|-----------|-----------|-----------|
      | 64B      |   188.713 Kmsg/s |     12.078 MB/s |  7161.723 ms |  8168.999 ms |  8545.194 ms |  5.206 |   33.488 |         0 |         0 |         0 |
      | 256B     |   787.846 Kmsg/s |    201.688 MB/s |  1063.940 ms |  3577.675 ms |  4123.075 ms |  9.793 |   52.574 |         0 |         0 |         0 |
      | 1024B    |   766.670 Kmsg/s |    785.070 MB/s |   453.276 ms |   629.531 ms |   678.337 ms |  9.695 |   92.180 |         0 |         0 |         0 |
      | 65536B   |    24.683 Kmsg/s |   1617.651 MB/s |  1743.618 ms |  2210.284 ms |  2318.326 ms |  8.714 |  530.500 |         0 |         0 |         0 |
      | 131072B  |     5.998 Kmsg/s |    786.222 MB/s |  3064.867 ms |  3884.901 ms |  4074.289 ms |  6.915 |  695.199 |         0 |         0 |         0 |
      | 262144B  |             FAIL |         FAIL |         FAIL |         FAIL |         FAIL |    N/A |      N/A |       N/A |       N/A |       N/A |
    Testing ws: Done
    [transport cooldown 3000ms]
    Testing wss | 64B,256B,1024B,65536B,131072B,262144B:
      | Size     |         Throughput |      Bandwidth |  Lat.Mean(ms) |   Lat.P95(ms) |   Lat.P99(ms) |  S.CPU% | S.Mem MB | Q.Snd.Max | Q.Rcv.Max | Q.Rcv.End |
      |----------|--------------------|----------------|---------------|---------------|---------------|---------|----------|-----------|-----------|-----------|
      | 64B      |  2763.726 Kmsg/s |    176.878 MB/s |  1005.956 ms |  3295.762 ms |  4115.953 ms | 10.265 |   63.516 |         0 |         0 |         0 |
      | 256B     |  2475.193 Kmsg/s |    633.650 MB/s |   469.127 ms |  3602.962 ms |  4512.016 ms | 10.513 |   76.449 |         0 |         0 |         0 |
      | 1024B    |   907.616 Kmsg/s |    929.399 MB/s |   553.707 ms |  3595.369 ms |  4238.097 ms | 10.821 |  122.379 |         0 |         0 |         0 |
      | 65536B   |    24.710 Kmsg/s |   1619.395 MB/s |   135.254 ms |   160.970 ms |  1932.545 ms |  9.076 |  524.488 |         0 |         0 |         0 |
      | 131072B  |     7.184 Kmsg/s |    941.674 MB/s |   246.700 ms |   317.811 ms |   332.440 ms |  7.601 |  551.641 |         0 |         0 |         0 |
      | 262144B  |     5.699 Kmsg/s |   1493.906 MB/s |  1067.494 ms |  1371.790 ms |  1409.809 ms |  8.283 |  522.258 |         0 |         0 |         0 |
    Testing wss: Done

## Effective Options (result)
- runs: 1
- recv_mode: recv
- patterns: MULTI_SPOT
- transports: tcp,tls,ws,wss
- msg_sizes: 64,256,1024,65536,131072,262144
- warmup_seconds: 2
- active_warmup: 0
- duration_seconds: 5
- clients: 100
- default_clients: 100
- default_stream_clients: 10000
- service_clients: auto
- server_io_threads: 4 (default)
- client_io_threads: 4 (default)
- hwm: 100 (default)
- sndhwm: 100 (default)
- rcvhwm: 100 (default)
- sndbuf: default(os)
- rcvbuf: default(os)
- sndtimeo_ms: 200
- rcvtimeo_ms: 200
- connect_concurrency: 128 (default)
- settle_ms: 500
- connect_ready_timeout_ms: 5000
- monitor_hwm: 1000
- server_ready_timeout_ms: 10000
- server_shutdown_timeout_ms: 5000
- server_bind_port: 0
- transport_transition_ms: 3000
- pattern_transition_ms: 3000
- lat_timeout_ms: 5000
- stream_non_tcp_clients_max: 10000
- disable_resource_metrics: 0
- timeout_seconds: auto

## Result Data
RESULT,current,MULTI_SPOT,tcp,64,bandwidth,279.606
RESULT,current,MULTI_SPOT,tcp,64,latency,1810042.596
RESULT,current,MULTI_SPOT,tcp,64,latency_p95,2936156.800
RESULT,current,MULTI_SPOT,tcp,64,latency_p99,3131251.170
RESULT,current,MULTI_SPOT,tcp,64,server_cpu_pct,16.850
RESULT,current,MULTI_SPOT,tcp,64,server_mem_mb,33.730
RESULT,current,MULTI_SPOT,tcp,64,server_rcv_pending_end,0.000
RESULT,current,MULTI_SPOT,tcp,64,server_rcv_pending_max,0.000
RESULT,current,MULTI_SPOT,tcp,64,server_snd_pending_max,0.000
RESULT,current,MULTI_SPOT,tcp,64,throughput,4368842.200
RESULT,current,MULTI_SPOT,tcp,256,bandwidth,567.179
RESULT,current,MULTI_SPOT,tcp,256,latency,1170244.974
RESULT,current,MULTI_SPOT,tcp,256,latency_p95,2078543.450
RESULT,current,MULTI_SPOT,tcp,256,latency_p99,2305161.490
RESULT,current,MULTI_SPOT,tcp,256,server_cpu_pct,13.220
RESULT,current,MULTI_SPOT,tcp,256,server_mem_mb,48.600
RESULT,current,MULTI_SPOT,tcp,256,server_rcv_pending_end,0.000
RESULT,current,MULTI_SPOT,tcp,256,server_rcv_pending_max,0.000
RESULT,current,MULTI_SPOT,tcp,256,server_snd_pending_max,0.000
RESULT,current,MULTI_SPOT,tcp,256,throughput,2215544.200
RESULT,current,MULTI_SPOT,tcp,1024,bandwidth,1033.351
RESULT,current,MULTI_SPOT,tcp,1024,latency,513246.735
RESULT,current,MULTI_SPOT,tcp,1024,latency_p95,1415392.000
RESULT,current,MULTI_SPOT,tcp,1024,latency_p99,1642284.540
RESULT,current,MULTI_SPOT,tcp,1024,server_cpu_pct,10.480
RESULT,current,MULTI_SPOT,tcp,1024,server_mem_mb,90.570
RESULT,current,MULTI_SPOT,tcp,1024,server_rcv_pending_end,0.000
RESULT,current,MULTI_SPOT,tcp,1024,server_rcv_pending_max,0.000
RESULT,current,MULTI_SPOT,tcp,1024,server_snd_pending_max,0.000
RESULT,current,MULTI_SPOT,tcp,1024,throughput,1009132.200
RESULT,current,MULTI_SPOT,tcp,65536,bandwidth,2538.707
RESULT,current,MULTI_SPOT,tcp,65536,latency,1299995.649
RESULT,current,MULTI_SPOT,tcp,65536,latency_p95,1635783.750
RESULT,current,MULTI_SPOT,tcp,65536,latency_p99,1704208.600
RESULT,current,MULTI_SPOT,tcp,65536,server_cpu_pct,11.060
RESULT,current,MULTI_SPOT,tcp,65536,server_mem_mb,518.730
RESULT,current,MULTI_SPOT,tcp,65536,server_rcv_pending_end,0.000
RESULT,current,MULTI_SPOT,tcp,65536,server_rcv_pending_max,0.000
RESULT,current,MULTI_SPOT,tcp,65536,server_snd_pending_max,0.000
RESULT,current,MULTI_SPOT,tcp,65536,throughput,38737.600
RESULT,current,MULTI_SPOT,tcp,131072,bandwidth,2773.090
RESULT,current,MULTI_SPOT,tcp,131072,latency,931517.076
RESULT,current,MULTI_SPOT,tcp,131072,latency_p95,2501439.000
RESULT,current,MULTI_SPOT,tcp,131072,latency_p99,2679645.730
RESULT,current,MULTI_SPOT,tcp,131072,server_cpu_pct,12.380
RESULT,current,MULTI_SPOT,tcp,131072,server_mem_mb,609.070
RESULT,current,MULTI_SPOT,tcp,131072,server_rcv_pending_end,0.000
RESULT,current,MULTI_SPOT,tcp,131072,server_rcv_pending_max,0.000
RESULT,current,MULTI_SPOT,tcp,131072,server_snd_pending_max,0.000
RESULT,current,MULTI_SPOT,tcp,131072,throughput,21157.000
RESULT,current,MULTI_SPOT,tcp,262144,bandwidth,1638.348
RESULT,current,MULTI_SPOT,tcp,262144,latency,3892194.277
RESULT,current,MULTI_SPOT,tcp,262144,latency_p95,5006024.000
RESULT,current,MULTI_SPOT,tcp,262144,latency_p99,5128501.580
RESULT,current,MULTI_SPOT,tcp,262144,server_cpu_pct,12.490
RESULT,current,MULTI_SPOT,tcp,262144,server_mem_mb,913.040
RESULT,current,MULTI_SPOT,tcp,262144,server_rcv_pending_end,0.000
RESULT,current,MULTI_SPOT,tcp,262144,server_rcv_pending_max,0.000
RESULT,current,MULTI_SPOT,tcp,262144,server_snd_pending_max,0.000
RESULT,current,MULTI_SPOT,tcp,262144,throughput,6249.800
RESULT,current,MULTI_SPOT,tls,64,bandwidth,176.251
RESULT,current,MULTI_SPOT,tls,64,latency,684823.131
RESULT,current,MULTI_SPOT,tls,64,latency_p95,2230967.050
RESULT,current,MULTI_SPOT,tls,64,latency_p99,3074917.520
RESULT,current,MULTI_SPOT,tls,64,server_cpu_pct,13.680
RESULT,current,MULTI_SPOT,tls,64,server_mem_mb,60.470
RESULT,current,MULTI_SPOT,tls,64,server_rcv_pending_end,0.000
RESULT,current,MULTI_SPOT,tls,64,server_rcv_pending_max,0.000
RESULT,current,MULTI_SPOT,tls,64,server_snd_pending_max,0.000
RESULT,current,MULTI_SPOT,tls,64,throughput,2753916.200
RESULT,current,MULTI_SPOT,tls,256,bandwidth,441.224
RESULT,current,MULTI_SPOT,tls,256,latency,816498.630
RESULT,current,MULTI_SPOT,tls,256,latency_p95,2962329.200
RESULT,current,MULTI_SPOT,tls,256,latency_p99,3968666.740
RESULT,current,MULTI_SPOT,tls,256,server_cpu_pct,11.020
RESULT,current,MULTI_SPOT,tls,256,server_mem_mb,74.090
RESULT,current,MULTI_SPOT,tls,256,server_rcv_pending_end,0.000
RESULT,current,MULTI_SPOT,tls,256,server_rcv_pending_max,0.000
RESULT,current,MULTI_SPOT,tls,256,server_snd_pending_max,0.000
RESULT,current,MULTI_SPOT,tls,256,throughput,1723532.800
RESULT,current,MULTI_SPOT,tls,1024,bandwidth,1105.442
RESULT,current,MULTI_SPOT,tls,1024,latency,685910.055
RESULT,current,MULTI_SPOT,tls,1024,latency_p95,2706281.000
RESULT,current,MULTI_SPOT,tls,1024,latency_p99,3092910.440
RESULT,current,MULTI_SPOT,tls,1024,server_cpu_pct,13.160
RESULT,current,MULTI_SPOT,tls,1024,server_mem_mb,117.180
RESULT,current,MULTI_SPOT,tls,1024,server_rcv_pending_end,0.000
RESULT,current,MULTI_SPOT,tls,1024,server_rcv_pending_max,0.000
RESULT,current,MULTI_SPOT,tls,1024,server_snd_pending_max,0.000
RESULT,current,MULTI_SPOT,tls,1024,throughput,1079533.600
RESULT,current,MULTI_SPOT,tls,65536,bandwidth,1608.083
RESULT,current,MULTI_SPOT,tls,65536,latency,844916.125
RESULT,current,MULTI_SPOT,tls,65536,latency_p95,3729834.400
RESULT,current,MULTI_SPOT,tls,65536,latency_p99,4046860.980
RESULT,current,MULTI_SPOT,tls,65536,server_cpu_pct,11.440
RESULT,current,MULTI_SPOT,tls,65536,server_mem_mb,549.880
RESULT,current,MULTI_SPOT,tls,65536,server_rcv_pending_end,0.000
RESULT,current,MULTI_SPOT,tls,65536,server_rcv_pending_max,0.000
RESULT,current,MULTI_SPOT,tls,65536,server_snd_pending_max,0.000
RESULT,current,MULTI_SPOT,tls,65536,throughput,24537.400
RESULT,current,MULTI_SPOT,tls,131072,bandwidth,3159.307
RESULT,current,MULTI_SPOT,tls,131072,latency,107906.543
RESULT,current,MULTI_SPOT,tls,131072,latency_p95,179292.250
RESULT,current,MULTI_SPOT,tls,131072,latency_p99,202346.550
RESULT,current,MULTI_SPOT,tls,131072,server_cpu_pct,15.190
RESULT,current,MULTI_SPOT,tls,131072,server_mem_mb,643.010
RESULT,current,MULTI_SPOT,tls,131072,server_rcv_pending_end,0.000
RESULT,current,MULTI_SPOT,tls,131072,server_rcv_pending_max,0.000
RESULT,current,MULTI_SPOT,tls,131072,server_snd_pending_max,0.000
RESULT,current,MULTI_SPOT,tls,131072,throughput,24103.600
RESULT,current,MULTI_SPOT,tls,262144,bandwidth,2882.955
RESULT,current,MULTI_SPOT,tls,262144,latency,225902.784
RESULT,current,MULTI_SPOT,tls,262144,latency_p95,313650.100
RESULT,current,MULTI_SPOT,tls,262144,latency_p99,347484.340
RESULT,current,MULTI_SPOT,tls,262144,server_cpu_pct,14.890
RESULT,current,MULTI_SPOT,tls,262144,server_mem_mb,787.990
RESULT,current,MULTI_SPOT,tls,262144,server_rcv_pending_end,0.000
RESULT,current,MULTI_SPOT,tls,262144,server_rcv_pending_max,0.000
RESULT,current,MULTI_SPOT,tls,262144,server_snd_pending_max,0.000
RESULT,current,MULTI_SPOT,tls,262144,throughput,10997.600
RESULT,current,MULTI_SPOT,ws,64,bandwidth,12.078
RESULT,current,MULTI_SPOT,ws,64,latency,7161723.403
RESULT,current,MULTI_SPOT,ws,64,latency_p95,8168999.250
RESULT,current,MULTI_SPOT,ws,64,latency_p99,8545193.650
RESULT,current,MULTI_SPOT,ws,64,server_cpu_pct,11.300
RESULT,current,MULTI_SPOT,ws,64,server_mem_mb,33.490
RESULT,current,MULTI_SPOT,ws,64,server_rcv_pending_end,0.000
RESULT,current,MULTI_SPOT,ws,64,server_rcv_pending_max,0.000
RESULT,current,MULTI_SPOT,ws,64,server_snd_pending_max,0.000
RESULT,current,MULTI_SPOT,ws,64,throughput,188713.000
RESULT,current,MULTI_SPOT,ws,256,bandwidth,201.688
RESULT,current,MULTI_SPOT,ws,256,latency,1063940.126
RESULT,current,MULTI_SPOT,ws,256,latency_p95,3577674.900
RESULT,current,MULTI_SPOT,ws,256,latency_p99,4123075.060
RESULT,current,MULTI_SPOT,ws,256,server_cpu_pct,10.110
RESULT,current,MULTI_SPOT,ws,256,server_mem_mb,52.570
RESULT,current,MULTI_SPOT,ws,256,server_rcv_pending_end,0.000
RESULT,current,MULTI_SPOT,ws,256,server_rcv_pending_max,0.000
RESULT,current,MULTI_SPOT,ws,256,server_snd_pending_max,0.000
RESULT,current,MULTI_SPOT,ws,256,throughput,787845.600
RESULT,current,MULTI_SPOT,ws,1024,bandwidth,785.070
RESULT,current,MULTI_SPOT,ws,1024,latency,453275.577
RESULT,current,MULTI_SPOT,ws,1024,latency_p95,629530.850
RESULT,current,MULTI_SPOT,ws,1024,latency_p99,678336.940
RESULT,current,MULTI_SPOT,ws,1024,server_cpu_pct,10.030
RESULT,current,MULTI_SPOT,ws,1024,server_mem_mb,92.180
RESULT,current,MULTI_SPOT,ws,1024,server_rcv_pending_end,0.000
RESULT,current,MULTI_SPOT,ws,1024,server_rcv_pending_max,0.000
RESULT,current,MULTI_SPOT,ws,1024,server_snd_pending_max,0.000
RESULT,current,MULTI_SPOT,ws,1024,throughput,766670.200
RESULT,current,MULTI_SPOT,ws,65536,bandwidth,1617.651
RESULT,current,MULTI_SPOT,ws,65536,latency,1743617.884
RESULT,current,MULTI_SPOT,ws,65536,latency_p95,2210283.900
RESULT,current,MULTI_SPOT,ws,65536,latency_p99,2318325.980
RESULT,current,MULTI_SPOT,ws,65536,server_cpu_pct,10.080
RESULT,current,MULTI_SPOT,ws,65536,server_mem_mb,530.500
RESULT,current,MULTI_SPOT,ws,65536,server_rcv_pending_end,0.000
RESULT,current,MULTI_SPOT,ws,65536,server_rcv_pending_max,0.000
RESULT,current,MULTI_SPOT,ws,65536,server_snd_pending_max,0.000
RESULT,current,MULTI_SPOT,ws,65536,throughput,24683.400
RESULT,current,MULTI_SPOT,ws,131072,bandwidth,786.222
RESULT,current,MULTI_SPOT,ws,131072,latency,3064866.762
RESULT,current,MULTI_SPOT,ws,131072,latency_p95,3884901.200
RESULT,current,MULTI_SPOT,ws,131072,latency_p99,4074289.480
RESULT,current,MULTI_SPOT,ws,131072,server_cpu_pct,10.390
RESULT,current,MULTI_SPOT,ws,131072,server_mem_mb,695.200
RESULT,current,MULTI_SPOT,ws,131072,server_rcv_pending_end,0.000
RESULT,current,MULTI_SPOT,ws,131072,server_rcv_pending_max,0.000
RESULT,current,MULTI_SPOT,ws,131072,server_snd_pending_max,0.000
RESULT,current,MULTI_SPOT,ws,131072,throughput,5998.400
RESULT,current,MULTI_SPOT,wss,64,bandwidth,176.878
RESULT,current,MULTI_SPOT,wss,64,latency,1005956.395
RESULT,current,MULTI_SPOT,wss,64,latency_p95,3295762.000
RESULT,current,MULTI_SPOT,wss,64,latency_p99,4115953.110
RESULT,current,MULTI_SPOT,wss,64,server_cpu_pct,10.280
RESULT,current,MULTI_SPOT,wss,64,server_mem_mb,63.520
RESULT,current,MULTI_SPOT,wss,64,server_rcv_pending_end,0.000
RESULT,current,MULTI_SPOT,wss,64,server_rcv_pending_max,0.000
RESULT,current,MULTI_SPOT,wss,64,server_snd_pending_max,0.000
RESULT,current,MULTI_SPOT,wss,64,throughput,2763726.200
RESULT,current,MULTI_SPOT,wss,256,bandwidth,633.650
RESULT,current,MULTI_SPOT,wss,256,latency,469126.534
RESULT,current,MULTI_SPOT,wss,256,latency_p95,3602962.150
RESULT,current,MULTI_SPOT,wss,256,latency_p99,4512016.320
RESULT,current,MULTI_SPOT,wss,256,server_cpu_pct,10.530
RESULT,current,MULTI_SPOT,wss,256,server_mem_mb,76.450
RESULT,current,MULTI_SPOT,wss,256,server_rcv_pending_end,0.000
RESULT,current,MULTI_SPOT,wss,256,server_rcv_pending_max,0.000
RESULT,current,MULTI_SPOT,wss,256,server_snd_pending_max,0.000
RESULT,current,MULTI_SPOT,wss,256,throughput,2475193.400
RESULT,current,MULTI_SPOT,wss,1024,bandwidth,929.399
RESULT,current,MULTI_SPOT,wss,1024,latency,553707.097
RESULT,current,MULTI_SPOT,wss,1024,latency_p95,3595368.550
RESULT,current,MULTI_SPOT,wss,1024,latency_p99,4238096.510
RESULT,current,MULTI_SPOT,wss,1024,server_cpu_pct,10.830
RESULT,current,MULTI_SPOT,wss,1024,server_mem_mb,122.380
RESULT,current,MULTI_SPOT,wss,1024,server_rcv_pending_end,0.000
RESULT,current,MULTI_SPOT,wss,1024,server_rcv_pending_max,0.000
RESULT,current,MULTI_SPOT,wss,1024,server_snd_pending_max,0.000
RESULT,current,MULTI_SPOT,wss,1024,throughput,907616.400
RESULT,current,MULTI_SPOT,wss,65536,bandwidth,1619.395
RESULT,current,MULTI_SPOT,wss,65536,latency,135253.627
RESULT,current,MULTI_SPOT,wss,65536,latency_p95,160970.100
RESULT,current,MULTI_SPOT,wss,65536,latency_p99,1932544.840
RESULT,current,MULTI_SPOT,wss,65536,server_cpu_pct,9.130
RESULT,current,MULTI_SPOT,wss,65536,server_mem_mb,524.490
RESULT,current,MULTI_SPOT,wss,65536,server_rcv_pending_end,0.000
RESULT,current,MULTI_SPOT,wss,65536,server_rcv_pending_max,0.000
RESULT,current,MULTI_SPOT,wss,65536,server_snd_pending_max,0.000
RESULT,current,MULTI_SPOT,wss,65536,throughput,24710.000
RESULT,current,MULTI_SPOT,wss,131072,bandwidth,941.674
RESULT,current,MULTI_SPOT,wss,131072,latency,246699.506
RESULT,current,MULTI_SPOT,wss,131072,latency_p95,317811.450
RESULT,current,MULTI_SPOT,wss,131072,latency_p99,332439.880
RESULT,current,MULTI_SPOT,wss,131072,server_cpu_pct,7.730
RESULT,current,MULTI_SPOT,wss,131072,server_mem_mb,547.840
RESULT,current,MULTI_SPOT,wss,131072,server_rcv_pending_end,0.000
RESULT,current,MULTI_SPOT,wss,131072,server_rcv_pending_max,0.000
RESULT,current,MULTI_SPOT,wss,131072,server_snd_pending_max,0.000
RESULT,current,MULTI_SPOT,wss,131072,throughput,7184.400
RESULT,current,MULTI_SPOT,wss,262144,bandwidth,1493.906
RESULT,current,MULTI_SPOT,wss,262144,latency,1067494.136
RESULT,current,MULTI_SPOT,wss,262144,latency_p95,1371789.500
RESULT,current,MULTI_SPOT,wss,262144,latency_p99,1409809.490
RESULT,current,MULTI_SPOT,wss,262144,server_cpu_pct,8.830
RESULT,current,MULTI_SPOT,wss,262144,server_mem_mb,522.260
RESULT,current,MULTI_SPOT,wss,262144,server_rcv_pending_end,0.000
RESULT,current,MULTI_SPOT,wss,262144,server_rcv_pending_max,0.000
RESULT,current,MULTI_SPOT,wss,262144,server_snd_pending_max,0.000
RESULT,current,MULTI_SPOT,wss,262144,throughput,5698.800

Saved result file: /home/hep7/project/kairos/zlink/core/perf/results/multi/report/perf_linux_recv_20260324_131113_spot-multi-recheck.txt (status=partial)

## Status Summary
- success: 23
- unsupported: 0
- skip: 0
- fail: 1
- expected result lines: 120
- actual result lines: 115
- status: partial

## Failures
- MULTI_SPOT current ws 262144B: missing_bandwidth_non_zero_exit_1_CLIENT_READY,262144_size_262144
- MULTI_SPOT current ws 262144B: missing_latency_non_zero_exit_1_CLIENT_READY,262144_size_262144
- MULTI_SPOT current ws 262144B: missing_latency_p95_non_zero_exit_1_CLIENT_READY,262144_size_262144
- MULTI_SPOT current ws 262144B: missing_latency_p99_non_zero_exit_1_CLIENT_READY,262144_size_262144
- MULTI_SPOT current ws 262144B: missing_throughput_non_zero_exit_1_CLIENT_READY,262144_size_262144

## Failures
- MULTI_SPOT
Total benchmark time: 4m 11s (251s, exit=1)
[exit] 1
