=== Running multi benchmark: MULTI_SPOT ===
    warmup=1s duration=1s
    recv_mode=recv
Reusing build directory: /home/hep7/project/kairos/zlink/core/build
Using CMake source directory: /home/hep7/project/kairos/zlink

## Effective Options (runner)
- patterns: MULTI_SPOT
- build_dir: /home/hep7/project/kairos/zlink/core/build
- build_mode: reuse
- reuse_build: 1
- clean_build: 0
- runs: 1
- recv_mode: recv
- duration_seconds: 1
- warmup_seconds: 1
- hwm: default(binary)
- send_hwm: default(binary)
- recv_hwm: default(binary)
- sndbuf: default(os)
- rcvbuf: default(os)
- sndtimeo_ms: 200
- rcvtimeo_ms: 200
- pin_cpu: 0
- io_threads: default(policy)
- msg_sizes: 64,256,1024,262144
- transports: wss
- results_dir: /home/hep7/project/kairos/zlink/core/perf/results
- results_tag: triage-wss-fanout256-20260324
- result_file: /home/hep7/project/kairos/zlink/core/perf/results/multi/report/perf_linux_recv_20260324_185810_triage-wss-fanout256-20260324.txt
- output_file: none
- comparison_script: /home/hep7/project/kairos/zlink/core/perf/run_comparison.py
- python: python3

## Effective Env (runner)
- PYTHONUNBUFFERED: 1
- PERF_RECV_MODE: recv
- PERF_MSG_SIZES: 64,256,1024,262144
- PERF_TRANSPORTS: wss
- PERF_NO_AUTOBUILD: 1
- PERF_DISABLE_RESOURCE_METRICS: 0

META,os,Linux 6.6.87.2-microsoft-standard-WSL2
META,cpu,Intel(R) Core(TM) Ultra 7 265K
META,cores,20
META,build,Release
META,commit,45bdf7dc
META,timestamp,2026-03-24T18:58:10+09:00
META,load_avg,4.90 2.76 3.04
META,runs,1
META,clients,100

## Effective Options (start)
- runs: 1
- recv_mode: recv
- patterns: MULTI_SPOT
- transports: wss
- msg_sizes: 64,256,1024,262144
- warmup_seconds: 1
- active_warmup: 0
- duration_seconds: 1
- clients: 100
- default_clients: 100
- default_stream_clients: 10000
- service_clients: auto
- server_io_threads: 4 (default)
- client_io_threads: 4 (default)
- hwm: 100 (default)
- sndhwm: 100 (default)
- rcvhwm: 100 (default)
- sndbuf: default(os)
- rcvbuf: default(os)
- sndtimeo_ms: 200
- rcvtimeo_ms: 200
- connect_concurrency: 128 (default)
- settle_ms: 500
- connect_ready_timeout_ms: 5000
- monitor_hwm: 1000
- server_ready_timeout_ms: 10000
- server_shutdown_timeout_ms: 5000
- server_bind_port: 0
- transport_transition_ms: 3000
- pattern_transition_ms: 3000
- lat_timeout_ms: 5000
- stream_non_tcp_clients_max: 10000
- disable_resource_metrics: 0
- timeout_seconds: auto
## PATTERN: MULTI_SPOT (one-way)
  > Benchmarking current for MULTI_SPOT...
    Testing wss | 64B,256B,1024B,262144B:
      | Size     |         Throughput |      Bandwidth |  Lat.Mean(ms) |   Lat.P95(ms) |   Lat.P99(ms) |  S.CPU% | S.Mem MB | Q.Snd.Max | Q.Rcv.Max | Q.Rcv.End |
      |----------|--------------------|----------------|---------------|---------------|---------------|---------|----------|-----------|-----------|-----------|
      | 64B      |   201.792 Kmsg/s |     12.915 MB/s |    23.522 ms |    31.000 ms |    32.732 ms |  4.865 |   45.625 |         0 |         0 |         0 |
      | 256B     |   166.979 Kmsg/s |     42.747 MB/s |    50.189 ms |   513.318 ms |   754.745 ms |  4.710 |   48.590 |         0 |         0 |         0 |
      | 1024B    |    26.646 Kmsg/s |     27.286 MB/s |   554.838 ms |   752.837 ms |   783.571 ms |  3.782 |   57.402 |         0 |         0 |         0 |
      | 262144B  |    13.578 Kmsg/s |   3559.391 MB/s |    48.892 ms |    92.751 ms |   127.076 ms |  6.630 |  177.090 |         0 |         0 |         0 |
    Testing wss: Done

## Effective Options (result)
- runs: 1
- recv_mode: recv
- patterns: MULTI_SPOT
- transports: wss
- msg_sizes: 64,256,1024,262144
- warmup_seconds: 1
- active_warmup: 0
- duration_seconds: 1
- clients: 100
- default_clients: 100
- default_stream_clients: 10000
- service_clients: auto
- server_io_threads: 4 (default)
- client_io_threads: 4 (default)
- hwm: 100 (default)
- sndhwm: 100 (default)
- rcvhwm: 100 (default)
- sndbuf: default(os)
- rcvbuf: default(os)
- sndtimeo_ms: 200
- rcvtimeo_ms: 200
- connect_concurrency: 128 (default)
- settle_ms: 500
- connect_ready_timeout_ms: 5000
- monitor_hwm: 1000
- server_ready_timeout_ms: 10000
- server_shutdown_timeout_ms: 5000
- server_bind_port: 0
- transport_transition_ms: 3000
- pattern_transition_ms: 3000
- lat_timeout_ms: 5000
- stream_non_tcp_clients_max: 10000
- disable_resource_metrics: 0
- timeout_seconds: auto

## Result Data
RESULT,current,MULTI_SPOT,wss,64,bandwidth,12.915
RESULT,current,MULTI_SPOT,wss,64,latency,23521.864
RESULT,current,MULTI_SPOT,wss,64,latency_p95,30999.950
RESULT,current,MULTI_SPOT,wss,64,latency_p99,32731.880
RESULT,current,MULTI_SPOT,wss,64,server_cpu_pct,4.870
RESULT,current,MULTI_SPOT,wss,64,server_mem_mb,45.620
RESULT,current,MULTI_SPOT,wss,64,server_rcv_pending_end,0.000
RESULT,current,MULTI_SPOT,wss,64,server_rcv_pending_max,0.000
RESULT,current,MULTI_SPOT,wss,64,server_snd_pending_max,0.000
RESULT,current,MULTI_SPOT,wss,64,throughput,201792.000
RESULT,current,MULTI_SPOT,wss,256,bandwidth,42.747
RESULT,current,MULTI_SPOT,wss,256,latency,50189.076
RESULT,current,MULTI_SPOT,wss,256,latency_p95,513318.500
RESULT,current,MULTI_SPOT,wss,256,latency_p99,754745.180
RESULT,current,MULTI_SPOT,wss,256,server_cpu_pct,4.710
RESULT,current,MULTI_SPOT,wss,256,server_mem_mb,48.590
RESULT,current,MULTI_SPOT,wss,256,server_rcv_pending_end,0.000
RESULT,current,MULTI_SPOT,wss,256,server_rcv_pending_max,0.000
RESULT,current,MULTI_SPOT,wss,256,server_snd_pending_max,0.000
RESULT,current,MULTI_SPOT,wss,256,throughput,166979.000
RESULT,current,MULTI_SPOT,wss,1024,bandwidth,27.286
RESULT,current,MULTI_SPOT,wss,1024,latency,554838.061
RESULT,current,MULTI_SPOT,wss,1024,latency_p95,752837.300
RESULT,current,MULTI_SPOT,wss,1024,latency_p99,783571.020
RESULT,current,MULTI_SPOT,wss,1024,server_cpu_pct,4.000
RESULT,current,MULTI_SPOT,wss,1024,server_mem_mb,57.400
RESULT,current,MULTI_SPOT,wss,1024,server_rcv_pending_end,0.000
RESULT,current,MULTI_SPOT,wss,1024,server_rcv_pending_max,0.000
RESULT,current,MULTI_SPOT,wss,1024,server_snd_pending_max,0.000
RESULT,current,MULTI_SPOT,wss,1024,throughput,26646.000
RESULT,current,MULTI_SPOT,wss,262144,bandwidth,3559.391
RESULT,current,MULTI_SPOT,wss,262144,latency,48891.852
RESULT,current,MULTI_SPOT,wss,262144,latency_p95,92751.250
RESULT,current,MULTI_SPOT,wss,262144,latency_p99,127076.000
RESULT,current,MULTI_SPOT,wss,262144,server_cpu_pct,6.640
RESULT,current,MULTI_SPOT,wss,262144,server_mem_mb,177.390
RESULT,current,MULTI_SPOT,wss,262144,server_rcv_pending_end,0.000
RESULT,current,MULTI_SPOT,wss,262144,server_rcv_pending_max,0.000
RESULT,current,MULTI_SPOT,wss,262144,server_snd_pending_max,0.000
RESULT,current,MULTI_SPOT,wss,262144,throughput,13578.000

Saved result file: /home/hep7/project/kairos/zlink/core/perf/results/multi/report/perf_linux_recv_20260324_185810_triage-wss-fanout256-20260324.txt (status=complete)

## Status Summary
- success: 4
- unsupported: 0
- skip: 0
- fail: 0
- expected result lines: 20
- actual result lines: 20
- status: complete
Total benchmark time: 28s (28s, exit=0)
