=== Running multi benchmark: MULTI_SPOT ===
    warmup=1s duration=1s
    recv_mode=recv
Reusing build directory: /home/hep7/project/kairos/zlink/core/build
Using CMake source directory: /home/hep7/project/kairos/zlink

## Effective Options (runner)
- patterns: MULTI_SPOT
- build_dir: /home/hep7/project/kairos/zlink/core/build
- build_mode: reuse
- reuse_build: 1
- clean_build: 0
- runs: 1
- recv_mode: recv
- duration_seconds: 1
- warmup_seconds: 1
- hwm: default(binary)
- send_hwm: default(binary)
- recv_hwm: default(binary)
- sndbuf: default(os)
- rcvbuf: default(os)
- sndtimeo_ms: 200
- rcvtimeo_ms: 200
- pin_cpu: 0
- io_threads: default(policy)
- msg_sizes: 64,256,1024,262144
- transports: wss
- results_dir: /home/hep7/project/kairos/zlink/core/perf/results
- results_tag: triage-wss-meshpub384-20260324
- result_file: /home/hep7/project/kairos/zlink/core/perf/results/multi/report/perf_linux_recv_20260324_190047_triage-wss-meshpub384-20260324.txt
- output_file: none
- comparison_script: /home/hep7/project/kairos/zlink/core/perf/run_comparison.py
- python: python3

## Effective Env (runner)
- PYTHONUNBUFFERED: 1
- PERF_RECV_MODE: recv
- PERF_MSG_SIZES: 64,256,1024,262144
- PERF_TRANSPORTS: wss
- PERF_NO_AUTOBUILD: 1
- PERF_DISABLE_RESOURCE_METRICS: 0

META,os,Linux 6.6.87.2-microsoft-standard-WSL2
META,cpu,Intel(R) Core(TM) Ultra 7 265K
META,cores,20
META,build,Release
META,commit,45bdf7dc
META,timestamp,2026-03-24T19:00:47+09:00
META,load_avg,3.89 3.05 3.10
META,runs,1
META,clients,100

## Effective Options (start)
- runs: 1
- recv_mode: recv
- patterns: MULTI_SPOT
- transports: wss
- msg_sizes: 64,256,1024,262144
- warmup_seconds: 1
- active_warmup: 0
- duration_seconds: 1
- clients: 100
- default_clients: 100
- default_stream_clients: 10000
- service_clients: auto
- server_io_threads: 4 (default)
- client_io_threads: 4 (default)
- hwm: 100 (default)
- sndhwm: 100 (default)
- rcvhwm: 100 (default)
- sndbuf: default(os)
- rcvbuf: default(os)
- sndtimeo_ms: 200
- rcvtimeo_ms: 200
- connect_concurrency: 128 (default)
- settle_ms: 500
- connect_ready_timeout_ms: 5000
- monitor_hwm: 1000
- server_ready_timeout_ms: 10000
- server_shutdown_timeout_ms: 5000
- server_bind_port: 0
- transport_transition_ms: 3000
- pattern_transition_ms: 3000
- lat_timeout_ms: 5000
- stream_non_tcp_clients_max: 10000
- disable_resource_metrics: 0
- timeout_seconds: auto
## PATTERN: MULTI_SPOT (one-way)
  > Benchmarking current for MULTI_SPOT...
    Testing wss | 64B,256B,1024B,262144B:
      | Size     |         Throughput |      Bandwidth |  Lat.Mean(ms) |   Lat.P95(ms) |   Lat.P99(ms) |  S.CPU% | S.Mem MB | Q.Snd.Max | Q.Rcv.Max | Q.Rcv.End |
      |----------|--------------------|----------------|---------------|---------------|---------------|---------|----------|-----------|-----------|-----------|
      | 64B      |  1261.562 Kmsg/s |     80.740 MB/s |    21.609 ms |    39.973 ms |    42.953 ms |  5.714 |   54.516 |         0 |         0 |         0 |
      | 256B     |   584.717 Kmsg/s |    149.688 MB/s |    25.096 ms |    13.657 ms |   684.295 ms |  4.830 |   60.470 |         0 |         0 |         0 |
      | 1024B    |   149.576 Kmsg/s |    153.166 MB/s |    67.252 ms |   630.935 ms |   756.750 ms |  4.453 |   81.711 |         0 |         0 |         0 |
      | 262144B  |             FAIL |         FAIL |         FAIL |         FAIL |         FAIL |    N/A |      N/A |       N/A |       N/A |       N/A |
    Testing wss: Done

## Effective Options (result)
- runs: 1
- recv_mode: recv
- patterns: MULTI_SPOT
- transports: wss
- msg_sizes: 64,256,1024,262144
- warmup_seconds: 1
- active_warmup: 0
- duration_seconds: 1
- clients: 100
- default_clients: 100
- default_stream_clients: 10000
- service_clients: auto
- server_io_threads: 4 (default)
- client_io_threads: 4 (default)
- hwm: 100 (default)
- sndhwm: 100 (default)
- rcvhwm: 100 (default)
- sndbuf: default(os)
- rcvbuf: default(os)
- sndtimeo_ms: 200
- rcvtimeo_ms: 200
- connect_concurrency: 128 (default)
- settle_ms: 500
- connect_ready_timeout_ms: 5000
- monitor_hwm: 1000
- server_ready_timeout_ms: 10000
- server_shutdown_timeout_ms: 5000
- server_bind_port: 0
- transport_transition_ms: 3000
- pattern_transition_ms: 3000
- lat_timeout_ms: 5000
- stream_non_tcp_clients_max: 10000
- disable_resource_metrics: 0
- timeout_seconds: auto

## Result Data
RESULT,current,MULTI_SPOT,wss,64,bandwidth,80.740
RESULT,current,MULTI_SPOT,wss,64,latency,21608.597
RESULT,current,MULTI_SPOT,wss,64,latency_p95,39972.750
RESULT,current,MULTI_SPOT,wss,64,latency_p99,42953.000
RESULT,current,MULTI_SPOT,wss,64,server_cpu_pct,5.730
RESULT,current,MULTI_SPOT,wss,64,server_mem_mb,54.520
RESULT,current,MULTI_SPOT,wss,64,server_rcv_pending_end,0.000
RESULT,current,MULTI_SPOT,wss,64,server_rcv_pending_max,0.000
RESULT,current,MULTI_SPOT,wss,64,server_snd_pending_max,0.000
RESULT,current,MULTI_SPOT,wss,64,throughput,1261562.000
RESULT,current,MULTI_SPOT,wss,256,bandwidth,149.688
RESULT,current,MULTI_SPOT,wss,256,latency,25096.486
RESULT,current,MULTI_SPOT,wss,256,latency_p95,13657.400
RESULT,current,MULTI_SPOT,wss,256,latency_p99,684294.570
RESULT,current,MULTI_SPOT,wss,256,server_cpu_pct,4.830
RESULT,current,MULTI_SPOT,wss,256,server_mem_mb,60.470
RESULT,current,MULTI_SPOT,wss,256,server_rcv_pending_end,0.000
RESULT,current,MULTI_SPOT,wss,256,server_rcv_pending_max,0.000
RESULT,current,MULTI_SPOT,wss,256,server_snd_pending_max,0.000
RESULT,current,MULTI_SPOT,wss,256,throughput,584717.000
RESULT,current,MULTI_SPOT,wss,1024,bandwidth,153.166
RESULT,current,MULTI_SPOT,wss,1024,latency,67251.725
RESULT,current,MULTI_SPOT,wss,1024,latency_p95,630934.750
RESULT,current,MULTI_SPOT,wss,1024,latency_p99,756750.250
RESULT,current,MULTI_SPOT,wss,1024,server_cpu_pct,4.460
RESULT,current,MULTI_SPOT,wss,1024,server_mem_mb,81.710
RESULT,current,MULTI_SPOT,wss,1024,server_rcv_pending_end,0.000
RESULT,current,MULTI_SPOT,wss,1024,server_rcv_pending_max,0.000
RESULT,current,MULTI_SPOT,wss,1024,server_snd_pending_max,0.000
RESULT,current,MULTI_SPOT,wss,1024,throughput,149576.000

Saved result file: /home/hep7/project/kairos/zlink/core/perf/results/multi/report/perf_linux_recv_20260324_190047_triage-wss-meshpub384-20260324.txt (status=partial)

## Status Summary
- success: 3
- unsupported: 0
- skip: 0
- fail: 1
- expected result lines: 20
- actual result lines: 15
- status: partial

## Failures
- MULTI_SPOT current wss 262144B: missing_bandwidth_non_zero_exit_1_CLIENT_READY,262144_size_262144
- MULTI_SPOT current wss 262144B: missing_latency_non_zero_exit_1_CLIENT_READY,262144_size_262144
- MULTI_SPOT current wss 262144B: missing_latency_p95_non_zero_exit_1_CLIENT_READY,262144_size_262144
- MULTI_SPOT current wss 262144B: missing_latency_p99_non_zero_exit_1_CLIENT_READY,262144_size_262144
- MULTI_SPOT current wss 262144B: missing_throughput_non_zero_exit_1_CLIENT_READY,262144_size_262144

## Failures
- MULTI_SPOT
Total benchmark time: 52s (52s, exit=1)
