=== Running multi benchmark: MULTI_SPOT ===
    warmup=1s duration=1s
    recv_mode=recv
Reusing build directory: /home/hep7/project/kairos/zlink/core/build
Using CMake source directory: /home/hep7/project/kairos/zlink

## Effective Options (runner)
- patterns: MULTI_SPOT
- build_dir: /home/hep7/project/kairos/zlink/core/build
- build_mode: reuse
- reuse_build: 1
- clean_build: 0
- runs: 1
- recv_mode: recv
- duration_seconds: 1
- warmup_seconds: 1
- hwm: default(binary)
- send_hwm: default(binary)
- recv_hwm: default(binary)
- sndbuf: default(os)
- rcvbuf: default(os)
- sndtimeo_ms: 200
- rcvtimeo_ms: 200
- pin_cpu: 0
- io_threads: default(policy)
- msg_sizes: 64,256,1024,262144
- transports: wss
- results_dir: /home/hep7/project/kairos/zlink/core/perf/results
- results_tag: triage-wss-fanout768-20260324
- result_file: /home/hep7/project/kairos/zlink/core/perf/results/multi/report/perf_linux_recv_20260324_185555_triage-wss-fanout768-20260324.txt
- output_file: none
- comparison_script: /home/hep7/project/kairos/zlink/core/perf/run_comparison.py
- python: python3

## Effective Env (runner)
- PYTHONUNBUFFERED: 1
- PERF_RECV_MODE: recv
- PERF_MSG_SIZES: 64,256,1024,262144
- PERF_TRANSPORTS: wss
- PERF_NO_AUTOBUILD: 1
- PERF_DISABLE_RESOURCE_METRICS: 0

META,os,Linux 6.6.87.2-microsoft-standard-WSL2
META,cpu,Intel(R) Core(TM) Ultra 7 265K
META,cores,20
META,build,Release
META,commit,45bdf7dc
META,timestamp,2026-03-24T18:55:55+09:00
META,load_avg,1.09 1.20 2.69
META,runs,1
META,clients,100

## Effective Options (start)
- runs: 1
- recv_mode: recv
- patterns: MULTI_SPOT
- transports: wss
- msg_sizes: 64,256,1024,262144
- warmup_seconds: 1
- active_warmup: 0
- duration_seconds: 1
- clients: 100
- default_clients: 100
- default_stream_clients: 10000
- service_clients: auto
- server_io_threads: 4 (default)
- client_io_threads: 4 (default)
- hwm: 100 (default)
- sndhwm: 100 (default)
- rcvhwm: 100 (default)
- sndbuf: default(os)
- rcvbuf: default(os)
- sndtimeo_ms: 200
- rcvtimeo_ms: 200
- connect_concurrency: 128 (default)
- settle_ms: 500
- connect_ready_timeout_ms: 5000
- monitor_hwm: 1000
- server_ready_timeout_ms: 10000
- server_shutdown_timeout_ms: 5000
- server_bind_port: 0
- transport_transition_ms: 3000
- pattern_transition_ms: 3000
- lat_timeout_ms: 5000
- stream_non_tcp_clients_max: 10000
- disable_resource_metrics: 0
- timeout_seconds: auto
## PATTERN: MULTI_SPOT (one-way)
  > Benchmarking current for MULTI_SPOT...
    Testing wss | 64B,256B,1024B,262144B:
      | Size     |         Throughput |      Bandwidth |  Lat.Mean(ms) |   Lat.P95(ms) |   Lat.P99(ms) |  S.CPU% | S.Mem MB | Q.Snd.Max | Q.Rcv.Max | Q.Rcv.End |
      |----------|--------------------|----------------|---------------|---------------|---------------|---------|----------|-----------|-----------|-----------|
      | 64B      |   401.058 Kmsg/s |     25.668 MB/s |    15.908 ms |    20.628 ms |    26.549 ms |  4.870 |   45.620 |         0 |         0 |         0 |
      | 256B     |   889.393 Kmsg/s |    227.685 MB/s |    11.914 ms |    19.539 ms |    20.956 ms |  5.130 |   48.281 |         0 |         0 |         0 |
      | 1024B    |   830.988 Kmsg/s |    850.932 MB/s |    28.307 ms |    92.570 ms |   140.014 ms |  5.565 |   56.930 |         0 |         0 |         0 |
      | 262144B  |     5.863 Kmsg/s |   1536.950 MB/s |    54.185 ms |    69.489 ms |   225.121 ms |  4.751 |  144.586 |         0 |         0 |         0 |
    Testing wss: Done

## Effective Options (result)
- runs: 1
- recv_mode: recv
- patterns: MULTI_SPOT
- transports: wss
- msg_sizes: 64,256,1024,262144
- warmup_seconds: 1
- active_warmup: 0
- duration_seconds: 1
- clients: 100
- default_clients: 100
- default_stream_clients: 10000
- service_clients: auto
- server_io_threads: 4 (default)
- client_io_threads: 4 (default)
- hwm: 100 (default)
- sndhwm: 100 (default)
- rcvhwm: 100 (default)
- sndbuf: default(os)
- rcvbuf: default(os)
- sndtimeo_ms: 200
- rcvtimeo_ms: 200
- connect_concurrency: 128 (default)
- settle_ms: 500
- connect_ready_timeout_ms: 5000
- monitor_hwm: 1000
- server_ready_timeout_ms: 10000
- server_shutdown_timeout_ms: 5000
- server_bind_port: 0
- transport_transition_ms: 3000
- pattern_transition_ms: 3000
- lat_timeout_ms: 5000
- stream_non_tcp_clients_max: 10000
- disable_resource_metrics: 0
- timeout_seconds: auto

## Result Data
RESULT,current,MULTI_SPOT,wss,64,bandwidth,25.668
RESULT,current,MULTI_SPOT,wss,64,latency,15908.424
RESULT,current,MULTI_SPOT,wss,64,latency_p95,20628.300
RESULT,current,MULTI_SPOT,wss,64,latency_p99,26548.920
RESULT,current,MULTI_SPOT,wss,64,server_cpu_pct,4.870
RESULT,current,MULTI_SPOT,wss,64,server_mem_mb,45.620
RESULT,current,MULTI_SPOT,wss,64,server_rcv_pending_end,0.000
RESULT,current,MULTI_SPOT,wss,64,server_rcv_pending_max,0.000
RESULT,current,MULTI_SPOT,wss,64,server_snd_pending_max,0.000
RESULT,current,MULTI_SPOT,wss,64,throughput,401058.000
RESULT,current,MULTI_SPOT,wss,256,bandwidth,227.685
RESULT,current,MULTI_SPOT,wss,256,latency,11913.874
RESULT,current,MULTI_SPOT,wss,256,latency_p95,19539.000
RESULT,current,MULTI_SPOT,wss,256,latency_p99,20956.000
RESULT,current,MULTI_SPOT,wss,256,server_cpu_pct,5.140
RESULT,current,MULTI_SPOT,wss,256,server_mem_mb,48.280
RESULT,current,MULTI_SPOT,wss,256,server_rcv_pending_end,0.000
RESULT,current,MULTI_SPOT,wss,256,server_rcv_pending_max,0.000
RESULT,current,MULTI_SPOT,wss,256,server_snd_pending_max,0.000
RESULT,current,MULTI_SPOT,wss,256,throughput,889393.000
RESULT,current,MULTI_SPOT,wss,1024,bandwidth,850.932
RESULT,current,MULTI_SPOT,wss,1024,latency,28306.773
RESULT,current,MULTI_SPOT,wss,1024,latency_p95,92570.200
RESULT,current,MULTI_SPOT,wss,1024,latency_p99,140013.800
RESULT,current,MULTI_SPOT,wss,1024,server_cpu_pct,5.570
RESULT,current,MULTI_SPOT,wss,1024,server_mem_mb,56.930
RESULT,current,MULTI_SPOT,wss,1024,server_rcv_pending_end,0.000
RESULT,current,MULTI_SPOT,wss,1024,server_rcv_pending_max,0.000
RESULT,current,MULTI_SPOT,wss,1024,server_snd_pending_max,0.000
RESULT,current,MULTI_SPOT,wss,1024,throughput,830988.000
RESULT,current,MULTI_SPOT,wss,262144,bandwidth,1536.950
RESULT,current,MULTI_SPOT,wss,262144,latency,54184.875
RESULT,current,MULTI_SPOT,wss,262144,latency_p95,69489.200
RESULT,current,MULTI_SPOT,wss,262144,latency_p99,225121.320
RESULT,current,MULTI_SPOT,wss,262144,server_cpu_pct,4.790
RESULT,current,MULTI_SPOT,wss,262144,server_mem_mb,144.590
RESULT,current,MULTI_SPOT,wss,262144,server_rcv_pending_end,0.000
RESULT,current,MULTI_SPOT,wss,262144,server_rcv_pending_max,0.000
RESULT,current,MULTI_SPOT,wss,262144,server_snd_pending_max,0.000
RESULT,current,MULTI_SPOT,wss,262144,throughput,5863.000

Saved result file: /home/hep7/project/kairos/zlink/core/perf/results/multi/report/perf_linux_recv_20260324_185555_triage-wss-fanout768-20260324.txt (status=complete)

## Status Summary
- success: 4
- unsupported: 0
- skip: 0
- fail: 0
- expected result lines: 20
- actual result lines: 20
- status: complete
Total benchmark time: 26s (26s, exit=0)
