=== Running multi benchmark: MULTI_SPOT ===
    warmup=1s duration=1s
    recv_mode=recv
Reusing build directory: /home/hep7/project/kairos/zlink/core/build
Using CMake source directory: /home/hep7/project/kairos/zlink

## Effective Options (runner)
- patterns: MULTI_SPOT
- build_dir: /home/hep7/project/kairos/zlink/core/build
- build_mode: reuse
- reuse_build: 1
- clean_build: 0
- runs: 1
- recv_mode: recv
- duration_seconds: 1
- warmup_seconds: 1
- hwm: default(binary)
- send_hwm: default(binary)
- recv_hwm: default(binary)
- sndbuf: default(os)
- rcvbuf: default(os)
- sndtimeo_ms: 200
- rcvtimeo_ms: 200
- pin_cpu: 0
- io_threads: default(policy)
- msg_sizes: 64,256,65536,262144
- transports: tls,wss
- results_dir: /home/hep7/project/kairos/zlink/core/perf/results
- results_tag: residual-reentry-20260325-iter-sticky-rerun
- result_file: /home/hep7/project/kairos/zlink/core/perf/results/multi/report/perf_linux_recv_20260325_034220_residual-reentry-20260325-iter-sticky-rerun.txt
- output_file: none
- comparison_script: /home/hep7/project/kairos/zlink/core/perf/run_comparison.py
- python: python3

## Effective Env (runner)
- PYTHONUNBUFFERED: 1
- PERF_RECV_MODE: recv
- PERF_MSG_SIZES: 64,256,65536,262144
- PERF_TRANSPORTS: tls,wss
- PERF_NO_AUTOBUILD: 1
- PERF_DISABLE_RESOURCE_METRICS: 0

META,os,Linux 6.6.87.2-microsoft-standard-WSL2
META,cpu,Intel(R) Core(TM) Ultra 7 265K
META,cores,20
META,build,Release
META,commit,7ab6f0ae
META,timestamp,2026-03-25T03:42:20+09:00
META,load_avg,2.70 4.61 4.75
META,runs,1
META,clients,100

## Effective Options (start)
- runs: 1
- recv_mode: recv
- patterns: MULTI_SPOT
- transports: tls,wss
- msg_sizes: 64,256,65536,262144
- warmup_seconds: 1
- active_warmup: 0
- duration_seconds: 1
- clients: 100
- default_clients: 100
- default_stream_clients: 10000
- service_clients: auto
- server_io_threads: 4 (default)
- client_io_threads: 4 (default)
- hwm: 100 (default)
- sndhwm: 100 (default)
- rcvhwm: 100 (default)
- sndbuf: default(os)
- rcvbuf: default(os)
- sndtimeo_ms: 200
- rcvtimeo_ms: 200
- connect_concurrency: 128 (default)
- settle_ms: 500
- connect_ready_timeout_ms: 5000
- monitor_hwm: 1000
- server_ready_timeout_ms: 10000
- server_shutdown_timeout_ms: 5000
- server_bind_port: 0
- transport_transition_ms: 3000
- pattern_transition_ms: 3000
- lat_timeout_ms: 5000
- stream_non_tcp_clients_max: 10000
- disable_resource_metrics: 0
- timeout_seconds: auto
## PATTERN: MULTI_SPOT (one-way)
  > Benchmarking current for MULTI_SPOT...
    Testing tls | 64B,256B,65536B,262144B:
      | Size     |         Throughput |      Bandwidth |  Lat.Mean(ms) |   Lat.P95(ms) |   Lat.P99(ms) |  S.CPU% | S.Mem MB | Q.Snd.Max | Q.Rcv.Max | Q.Rcv.End |
      |----------|--------------------|----------------|---------------|---------------|---------------|---------|----------|-----------|-----------|-----------|
      | 64B      |             FAIL |         FAIL |         FAIL |         FAIL |         FAIL |    N/A |      N/A |       N/A |       N/A |       N/A |
      | 256B     |             FAIL |         FAIL |         FAIL |         FAIL |         FAIL |    N/A |      N/A |       N/A |       N/A |       N/A |
      | 65536B   |             FAIL |         FAIL |         FAIL |         FAIL |         FAIL |    N/A |      N/A |       N/A |       N/A |       N/A |
      | 262144B  |             FAIL |         FAIL |         FAIL |         FAIL |         FAIL |    N/A |      N/A |       N/A |       N/A |       N/A |
    Testing tls: Done
    [transport cooldown 3000ms]
    Testing wss | 64B,256B,65536B,262144B:
      | Size     |         Throughput |      Bandwidth |  Lat.Mean(ms) |   Lat.P95(ms) |   Lat.P99(ms) |  S.CPU% | S.Mem MB | Q.Snd.Max | Q.Rcv.Max | Q.Rcv.End |
      |----------|--------------------|----------------|---------------|---------------|---------------|---------|----------|-----------|-----------|-----------|
      | 64B      |   990.944 Kmsg/s |     63.420 MB/s |    55.439 ms |   173.462 ms |   260.109 ms |  6.812 |   53.438 |         0 |         0 |         0 |
      | 256B     |  1725.231 Kmsg/s |    441.659 MB/s |   108.144 ms |   578.988 ms |   850.192 ms |  6.480 |   59.770 |         0 |         0 |         0 |
      | 65536B   |    43.238 Kmsg/s |   2833.646 MB/s |    96.638 ms |   184.741 ms |   233.854 ms |  6.806 |  286.246 |         0 |         0 |         0 |
      | 262144B  |    12.424 Kmsg/s |   3256.877 MB/s |    99.841 ms |   148.041 ms |   262.298 ms |  6.653 |  449.184 |         0 |         0 |         0 |
    Testing wss: Done

## Effective Options (result)
- runs: 1
- recv_mode: recv
- patterns: MULTI_SPOT
- transports: tls,wss
- msg_sizes: 64,256,65536,262144
- warmup_seconds: 1
- active_warmup: 0
- duration_seconds: 1
- clients: 100
- default_clients: 100
- default_stream_clients: 10000
- service_clients: auto
- server_io_threads: 4 (default)
- client_io_threads: 4 (default)
- hwm: 100 (default)
- sndhwm: 100 (default)
- rcvhwm: 100 (default)
- sndbuf: default(os)
- rcvbuf: default(os)
- sndtimeo_ms: 200
- rcvtimeo_ms: 200
- connect_concurrency: 128 (default)
- settle_ms: 500
- connect_ready_timeout_ms: 5000
- monitor_hwm: 1000
- server_ready_timeout_ms: 10000
- server_shutdown_timeout_ms: 5000
- server_bind_port: 0
- transport_transition_ms: 3000
- pattern_transition_ms: 3000
- lat_timeout_ms: 5000
- stream_non_tcp_clients_max: 10000
- disable_resource_metrics: 0
- timeout_seconds: auto

## Result Data
RESULT,current,MULTI_SPOT,wss,64,bandwidth,63.420
RESULT,current,MULTI_SPOT,wss,64,latency,55439.237
RESULT,current,MULTI_SPOT,wss,64,latency_p95,173461.800
RESULT,current,MULTI_SPOT,wss,64,latency_p99,260109.000
RESULT,current,MULTI_SPOT,wss,64,server_cpu_pct,6.860
RESULT,current,MULTI_SPOT,wss,64,server_mem_mb,53.440
RESULT,current,MULTI_SPOT,wss,64,server_rcv_pending_end,0.000
RESULT,current,MULTI_SPOT,wss,64,server_rcv_pending_max,0.000
RESULT,current,MULTI_SPOT,wss,64,server_snd_pending_max,0.000
RESULT,current,MULTI_SPOT,wss,64,throughput,990944.000
RESULT,current,MULTI_SPOT,wss,256,bandwidth,441.659
RESULT,current,MULTI_SPOT,wss,256,latency,108143.880
RESULT,current,MULTI_SPOT,wss,256,latency_p95,578987.800
RESULT,current,MULTI_SPOT,wss,256,latency_p99,850192.400
RESULT,current,MULTI_SPOT,wss,256,server_cpu_pct,6.480
RESULT,current,MULTI_SPOT,wss,256,server_mem_mb,59.770
RESULT,current,MULTI_SPOT,wss,256,server_rcv_pending_end,0.000
RESULT,current,MULTI_SPOT,wss,256,server_rcv_pending_max,0.000
RESULT,current,MULTI_SPOT,wss,256,server_snd_pending_max,0.000
RESULT,current,MULTI_SPOT,wss,256,throughput,1725231.000
RESULT,current,MULTI_SPOT,wss,65536,bandwidth,2833.646
RESULT,current,MULTI_SPOT,wss,65536,latency,96637.931
RESULT,current,MULTI_SPOT,wss,65536,latency_p95,184741.200
RESULT,current,MULTI_SPOT,wss,65536,latency_p99,233854.280
RESULT,current,MULTI_SPOT,wss,65536,server_cpu_pct,6.810
RESULT,current,MULTI_SPOT,wss,65536,server_mem_mb,286.560
RESULT,current,MULTI_SPOT,wss,65536,server_rcv_pending_end,0.000
RESULT,current,MULTI_SPOT,wss,65536,server_rcv_pending_max,0.000
RESULT,current,MULTI_SPOT,wss,65536,server_snd_pending_max,0.000
RESULT,current,MULTI_SPOT,wss,65536,throughput,43238.000
RESULT,current,MULTI_SPOT,wss,262144,bandwidth,3256.877
RESULT,current,MULTI_SPOT,wss,262144,latency,99841.396
RESULT,current,MULTI_SPOT,wss,262144,latency_p95,148041.000
RESULT,current,MULTI_SPOT,wss,262144,latency_p99,262297.640
RESULT,current,MULTI_SPOT,wss,262144,server_cpu_pct,6.710
RESULT,current,MULTI_SPOT,wss,262144,server_mem_mb,449.340
RESULT,current,MULTI_SPOT,wss,262144,server_rcv_pending_end,0.000
RESULT,current,MULTI_SPOT,wss,262144,server_rcv_pending_max,0.000
RESULT,current,MULTI_SPOT,wss,262144,server_snd_pending_max,0.000
RESULT,current,MULTI_SPOT,wss,262144,throughput,12424.000

Saved result file: /home/hep7/project/kairos/zlink/core/perf/results/multi/report/perf_linux_recv_20260325_034220_residual-reentry-20260325-iter-sticky-rerun.txt (status=partial)

## Status Summary
- success: 4
- unsupported: 0
- skip: 0
- fail: 4
- expected result lines: 40
- actual result lines: 20
- status: partial

## Failures
- MULTI_SPOT current tls 64B: missing_bandwidth_non_zero_exit_1_CLIENT_READY,64_size_64
- MULTI_SPOT current tls 64B: missing_latency_non_zero_exit_1_CLIENT_READY,64_size_64
- MULTI_SPOT current tls 64B: missing_latency_p95_non_zero_exit_1_CLIENT_READY,64_size_64
- MULTI_SPOT current tls 64B: missing_latency_p99_non_zero_exit_1_CLIENT_READY,64_size_64
- MULTI_SPOT current tls 64B: missing_throughput_non_zero_exit_1_CLIENT_READY,64_size_64
- MULTI_SPOT current tls 256B: missing_bandwidth_non_zero_exit_1_CLIENT_READY,64_size_64
- MULTI_SPOT current tls 256B: missing_latency_non_zero_exit_1_CLIENT_READY,64_size_64
- MULTI_SPOT current tls 256B: missing_latency_p95_non_zero_exit_1_CLIENT_READY,64_size_64
- MULTI_SPOT current tls 256B: missing_latency_p99_non_zero_exit_1_CLIENT_READY,64_size_64
- MULTI_SPOT current tls 256B: missing_throughput_non_zero_exit_1_CLIENT_READY,64_size_64
- MULTI_SPOT current tls 65536B: missing_bandwidth_non_zero_exit_1_CLIENT_READY,64_size_64
- MULTI_SPOT current tls 65536B: missing_latency_non_zero_exit_1_CLIENT_READY,64_size_64
- MULTI_SPOT current tls 65536B: missing_latency_p95_non_zero_exit_1_CLIENT_READY,64_size_64
- MULTI_SPOT current tls 65536B: missing_latency_p99_non_zero_exit_1_CLIENT_READY,64_size_64
- MULTI_SPOT current tls 65536B: missing_throughput_non_zero_exit_1_CLIENT_READY,64_size_64
- MULTI_SPOT current tls 262144B: missing_bandwidth_non_zero_exit_1_CLIENT_READY,64_size_64
- MULTI_SPOT current tls 262144B: missing_latency_non_zero_exit_1_CLIENT_READY,64_size_64
- MULTI_SPOT current tls 262144B: missing_latency_p95_non_zero_exit_1_CLIENT_READY,64_size_64
- MULTI_SPOT current tls 262144B: missing_latency_p99_non_zero_exit_1_CLIENT_READY,64_size_64
- MULTI_SPOT current tls 262144B: missing_throughput_non_zero_exit_1_CLIENT_READY,64_size_64

## Failures
- MULTI_SPOT
Total benchmark time: 40s (40s, exit=1)
