=== Running multi benchmark: MULTI_SPOT ===
    warmup=2s duration=5s
    recv_mode=recv
Reusing build directory: /home/hep7/project/kairos/zlink/core/build
Using CMake source directory: /home/hep7/project/kairos/zlink

## Effective Options (runner)
- patterns: MULTI_SPOT
- build_dir: /home/hep7/project/kairos/zlink/core/build
- build_mode: reuse
- reuse_build: 1
- clean_build: 0
- runs: 1
- recv_mode: recv
- duration_seconds: 5
- warmup_seconds: 2
- hwm: default(binary)
- send_hwm: default(binary)
- recv_hwm: default(binary)
- sndbuf: default(os)
- rcvbuf: default(os)
- sndtimeo_ms: 200
- rcvtimeo_ms: 200
- pin_cpu: 0
- io_threads: default(policy)
- msg_sizes: default(benchmark)
- transports: tcp,tls,ws,wss
- results_dir: /home/hep7/project/kairos/zlink/core/perf/results
- results_tag: spot-multi-postfix4
- result_file: /home/hep7/project/kairos/zlink/core/perf/results/multi/report/perf_linux_recv_20260324_163452_spot-multi-postfix4.txt
- output_file: none
- comparison_script: /home/hep7/project/kairos/zlink/core/perf/run_comparison.py
- python: python3

## Effective Env (runner)
- PYTHONUNBUFFERED: 1
- PERF_RECV_MODE: recv
- PERF_TRANSPORTS: tcp,tls,ws,wss
- PERF_NO_AUTOBUILD: 1
- PERF_DISABLE_RESOURCE_METRICS: 0

META,os,Linux 6.6.87.2-microsoft-standard-WSL2
META,cpu,Intel(R) Core(TM) Ultra 7 265K
META,cores,20
META,build,Release
META,commit,45bdf7dc
META,timestamp,2026-03-24T16:34:52+09:00
META,load_avg,6.82 6.95 5.76
META,runs,1
META,clients,100

## Effective Options (start)
- runs: 1
- recv_mode: recv
- patterns: MULTI_SPOT
- transports: tcp,tls,ws,wss
- msg_sizes: 64,256,1024,65536,131072,262144
- warmup_seconds: 2
- active_warmup: 0
- duration_seconds: 5
- clients: 100
- default_clients: 100
- default_stream_clients: 10000
- service_clients: auto
- server_io_threads: 4 (default)
- client_io_threads: 4 (default)
- hwm: 100 (default)
- sndhwm: 100 (default)
- rcvhwm: 100 (default)
- sndbuf: default(os)
- rcvbuf: default(os)
- sndtimeo_ms: 200
- rcvtimeo_ms: 200
- connect_concurrency: 128 (default)
- settle_ms: 500
- connect_ready_timeout_ms: 5000
- monitor_hwm: 1000
- server_ready_timeout_ms: 10000
- server_shutdown_timeout_ms: 5000
- server_bind_port: 0
- transport_transition_ms: 3000
- pattern_transition_ms: 3000
- lat_timeout_ms: 5000
- stream_non_tcp_clients_max: 10000
- disable_resource_metrics: 0
- timeout_seconds: auto
## PATTERN: MULTI_SPOT (one-way)
  > Benchmarking current for MULTI_SPOT...
    Testing tcp | 64B,256B,1024B,65536B,131072B,262144B:
      | Size     |         Throughput |      Bandwidth |  Lat.Mean(ms) |   Lat.P95(ms) |   Lat.P99(ms) |  S.CPU% | S.Mem MB | Q.Snd.Max | Q.Rcv.Max | Q.Rcv.End |
      |----------|--------------------|----------------|---------------|---------------|---------------|---------|----------|-----------|-----------|-----------|
      | 64B      |  3775.523 Kmsg/s |    241.633 MB/s |  1255.401 ms |  1837.478 ms |  1903.330 ms | 14.495 |   20.000 |         0 |         0 |         0 |
      | 256B     |  2170.840 Kmsg/s |    555.735 MB/s |  1137.352 ms |  2049.554 ms |  2370.633 ms | 11.539 |   22.031 |         0 |         0 |         0 |
      | 1024B    |   993.454 Kmsg/s |   1017.297 MB/s |   460.861 ms |  1357.701 ms |  1615.195 ms |  8.934 |   31.555 |         0 |         0 |         0 |
      | 65536B   |    52.442 Kmsg/s |   3436.839 MB/s |   335.608 ms |   435.965 ms |   480.960 ms | 10.229 |  271.742 |         0 |         0 |         0 |
      | 131072B  |    34.616 Kmsg/s |   4537.241 MB/s |   349.992 ms |   555.877 ms |   601.581 ms | 11.930 |  365.340 |         0 |         0 |         0 |
      | 262144B  |    16.658 Kmsg/s |   4366.690 MB/s |   627.269 ms |   766.693 ms |   799.567 ms | 12.117 |  234.383 |         0 |         0 |         0 |
    Testing tcp: Done
    [transport cooldown 3000ms]
    Testing tls | 64B,256B,1024B,65536B,131072B,262144B:
      | Size     |         Throughput |      Bandwidth |  Lat.Mean(ms) |   Lat.P95(ms) |   Lat.P99(ms) |  S.CPU% | S.Mem MB | Q.Snd.Max | Q.Rcv.Max | Q.Rcv.End |
      |----------|--------------------|----------------|---------------|---------------|---------------|---------|----------|-----------|-----------|-----------|
      | 64B      |  1651.262 Kmsg/s |    105.681 MB/s |   367.747 ms |  2329.039 ms |  3806.904 ms | 13.566 |   59.531 |         0 |         0 |         0 |
      | 256B     |  1885.190 Kmsg/s |    482.609 MB/s |   795.880 ms |  3452.609 ms |  4193.139 ms | 13.005 |   73.895 |         0 |         0 |         0 |
      | 1024B    |  1274.896 Kmsg/s |   1305.494 MB/s |   554.172 ms |  2823.684 ms |  3255.267 ms | 14.341 |  117.434 |         0 |         0 |         0 |
      | 65536B   |    19.187 Kmsg/s |   1257.413 MB/s |  1199.312 ms |  3973.971 ms |  4372.411 ms | 10.754 |  539.281 |         0 |         0 |         0 |
      | 131072B  |     8.134 Kmsg/s |   1066.140 MB/s |   652.145 ms |  4373.859 ms |  4562.863 ms | 11.032 |  659.637 |         0 |         0 |         0 |
      | 262144B  |    13.745 Kmsg/s |   3603.064 MB/s |   320.491 ms |   807.103 ms |   884.273 ms | 16.144 |  663.848 |         0 |         0 |         0 |
    Testing tls: Done
    [transport cooldown 3000ms]
    Testing ws | 64B,256B,1024B,65536B,131072B,262144B:
      | Size     |         Throughput |      Bandwidth |  Lat.Mean(ms) |   Lat.P95(ms) |   Lat.P99(ms) |  S.CPU% | S.Mem MB | Q.Snd.Max | Q.Rcv.Max | Q.Rcv.End |
      |----------|--------------------|----------------|---------------|---------------|---------------|---------|----------|-----------|-----------|-----------|
      | 64B      |   845.765 Kmsg/s |     54.129 MB/s |  2979.573 ms |  5170.825 ms |  5710.277 ms |  7.628 |   21.785 |         0 |         0 |         0 |
      | 256B     |   792.459 Kmsg/s |    202.870 MB/s |  1477.432 ms |  2765.658 ms |  3360.132 ms |  8.645 |   24.211 |         0 |         0 |         0 |
      | 1024B    |   698.787 Kmsg/s |    715.558 MB/s |   382.430 ms |  1107.134 ms |  2380.372 ms |  8.514 |   32.891 |         0 |         0 |         0 |
      | 65536B   |    38.315 Kmsg/s |   2510.999 MB/s |   422.779 ms |   585.334 ms |   716.816 ms |  9.261 |  262.750 |         0 |         0 |         0 |
      | 131072B  |    20.749 Kmsg/s |   2719.665 MB/s |   575.671 ms |   831.857 ms |   937.122 ms |  9.377 |  280.043 |         0 |         0 |         0 |
      | 262144B  |    10.334 Kmsg/s |   2708.996 MB/s |   818.064 ms |  1046.664 ms |  1138.228 ms |  8.975 |  154.078 |         0 |         0 |         0 |
    Testing ws: Done
    [transport cooldown 3000ms]
    Testing wss | 64B,256B,1024B,65536B,131072B,262144B:
      | Size     |         Throughput |      Bandwidth |  Lat.Mean(ms) |   Lat.P95(ms) |   Lat.P99(ms) |  S.CPU% | S.Mem MB | Q.Snd.Max | Q.Rcv.Max | Q.Rcv.End |
      |----------|--------------------|----------------|---------------|---------------|---------------|---------|----------|-----------|-----------|-----------|
      | 64B      |   964.879 Kmsg/s |     61.752 MB/s |  1976.617 ms |  4458.408 ms |  4744.291 ms |  7.925 |   46.188 |         0 |         0 |         0 |
      | 256B     |   561.788 Kmsg/s |    143.818 MB/s |  1526.200 ms |  3892.356 ms |  4494.378 ms |  7.220 |   48.270 |         0 |         0 |         0 |
      | 1024B    |   321.063 Kmsg/s |    328.768 MB/s |  2021.795 ms |  3285.008 ms |  3458.642 ms |  6.920 |   57.830 |         0 |         0 |         0 |
      | 65536B   |    32.670 Kmsg/s |   2141.087 MB/s |   494.207 ms |  2215.145 ms |  2550.086 ms |  8.365 |  243.227 |         0 |         0 |         0 |
      | 131072B  |    14.769 Kmsg/s |   1935.750 MB/s |   611.760 ms |  2277.782 ms |  2490.885 ms |  8.369 |  215.922 |         0 |         0 |         0 |
      | 262144B  |    11.846 Kmsg/s |   3105.463 MB/s |   546.713 ms |  2230.209 ms |  2474.190 ms |  9.896 |  180.957 |         0 |         0 |         0 |
    Testing wss: Done

## Effective Options (result)
- runs: 1
- recv_mode: recv
- patterns: MULTI_SPOT
- transports: tcp,tls,ws,wss
- msg_sizes: 64,256,1024,65536,131072,262144
- warmup_seconds: 2
- active_warmup: 0
- duration_seconds: 5
- clients: 100
- default_clients: 100
- default_stream_clients: 10000
- service_clients: auto
- server_io_threads: 4 (default)
- client_io_threads: 4 (default)
- hwm: 100 (default)
- sndhwm: 100 (default)
- rcvhwm: 100 (default)
- sndbuf: default(os)
- rcvbuf: default(os)
- sndtimeo_ms: 200
- rcvtimeo_ms: 200
- connect_concurrency: 128 (default)
- settle_ms: 500
- connect_ready_timeout_ms: 5000
- monitor_hwm: 1000
- server_ready_timeout_ms: 10000
- server_shutdown_timeout_ms: 5000
- server_bind_port: 0
- transport_transition_ms: 3000
- pattern_transition_ms: 3000
- lat_timeout_ms: 5000
- stream_non_tcp_clients_max: 10000
- disable_resource_metrics: 0
- timeout_seconds: auto

## Result Data
RESULT,current,MULTI_SPOT,tcp,64,bandwidth,241.633
RESULT,current,MULTI_SPOT,tcp,64,latency,1255401.079
RESULT,current,MULTI_SPOT,tcp,64,latency_p95,1837478.200
RESULT,current,MULTI_SPOT,tcp,64,latency_p99,1903330.040
RESULT,current,MULTI_SPOT,tcp,64,server_cpu_pct,15.600
RESULT,current,MULTI_SPOT,tcp,64,server_mem_mb,20.000
RESULT,current,MULTI_SPOT,tcp,64,server_rcv_pending_end,0.000
RESULT,current,MULTI_SPOT,tcp,64,server_rcv_pending_max,0.000
RESULT,current,MULTI_SPOT,tcp,64,server_snd_pending_max,0.000
RESULT,current,MULTI_SPOT,tcp,64,throughput,3775522.800
RESULT,current,MULTI_SPOT,tcp,256,bandwidth,555.735
RESULT,current,MULTI_SPOT,tcp,256,latency,1137351.984
RESULT,current,MULTI_SPOT,tcp,256,latency_p95,2049554.000
RESULT,current,MULTI_SPOT,tcp,256,latency_p99,2370632.520
RESULT,current,MULTI_SPOT,tcp,256,server_cpu_pct,11.930
RESULT,current,MULTI_SPOT,tcp,256,server_mem_mb,22.030
RESULT,current,MULTI_SPOT,tcp,256,server_rcv_pending_end,0.000
RESULT,current,MULTI_SPOT,tcp,256,server_rcv_pending_max,0.000
RESULT,current,MULTI_SPOT,tcp,256,server_snd_pending_max,0.000
RESULT,current,MULTI_SPOT,tcp,256,throughput,2170840.000
RESULT,current,MULTI_SPOT,tcp,1024,bandwidth,1017.297
RESULT,current,MULTI_SPOT,tcp,1024,latency,460861.414
RESULT,current,MULTI_SPOT,tcp,1024,latency_p95,1357701.200
RESULT,current,MULTI_SPOT,tcp,1024,latency_p99,1615195.320
RESULT,current,MULTI_SPOT,tcp,1024,server_cpu_pct,9.140
RESULT,current,MULTI_SPOT,tcp,1024,server_mem_mb,31.550
RESULT,current,MULTI_SPOT,tcp,1024,server_rcv_pending_end,0.000
RESULT,current,MULTI_SPOT,tcp,1024,server_rcv_pending_max,0.000
RESULT,current,MULTI_SPOT,tcp,1024,server_snd_pending_max,0.000
RESULT,current,MULTI_SPOT,tcp,1024,throughput,993454.200
RESULT,current,MULTI_SPOT,tcp,65536,bandwidth,3436.839
RESULT,current,MULTI_SPOT,tcp,65536,latency,335607.607
RESULT,current,MULTI_SPOT,tcp,65536,latency_p95,435964.750
RESULT,current,MULTI_SPOT,tcp,65536,latency_p99,480960.050
RESULT,current,MULTI_SPOT,tcp,65536,server_cpu_pct,10.570
RESULT,current,MULTI_SPOT,tcp,65536,server_mem_mb,271.740
RESULT,current,MULTI_SPOT,tcp,65536,server_rcv_pending_end,0.000
RESULT,current,MULTI_SPOT,tcp,65536,server_rcv_pending_max,0.000
RESULT,current,MULTI_SPOT,tcp,65536,server_snd_pending_max,0.000
RESULT,current,MULTI_SPOT,tcp,65536,throughput,52442.000
RESULT,current,MULTI_SPOT,tcp,131072,bandwidth,4537.241
RESULT,current,MULTI_SPOT,tcp,131072,latency,349992.472
RESULT,current,MULTI_SPOT,tcp,131072,latency_p95,555876.800
RESULT,current,MULTI_SPOT,tcp,131072,latency_p99,601581.340
RESULT,current,MULTI_SPOT,tcp,131072,server_cpu_pct,12.280
RESULT,current,MULTI_SPOT,tcp,131072,server_mem_mb,365.440
RESULT,current,MULTI_SPOT,tcp,131072,server_rcv_pending_end,0.000
RESULT,current,MULTI_SPOT,tcp,131072,server_rcv_pending_max,0.000
RESULT,current,MULTI_SPOT,tcp,131072,server_snd_pending_max,0.000
RESULT,current,MULTI_SPOT,tcp,131072,throughput,34616.400
RESULT,current,MULTI_SPOT,tcp,262144,bandwidth,4366.690
RESULT,current,MULTI_SPOT,tcp,262144,latency,627268.568
RESULT,current,MULTI_SPOT,tcp,262144,latency_p95,766693.400
RESULT,current,MULTI_SPOT,tcp,262144,latency_p99,799566.680
RESULT,current,MULTI_SPOT,tcp,262144,server_cpu_pct,12.890
RESULT,current,MULTI_SPOT,tcp,262144,server_mem_mb,234.540
RESULT,current,MULTI_SPOT,tcp,262144,server_rcv_pending_end,0.000
RESULT,current,MULTI_SPOT,tcp,262144,server_rcv_pending_max,0.000
RESULT,current,MULTI_SPOT,tcp,262144,server_snd_pending_max,0.000
RESULT,current,MULTI_SPOT,tcp,262144,throughput,16657.600
RESULT,current,MULTI_SPOT,tls,64,bandwidth,105.681
RESULT,current,MULTI_SPOT,tls,64,latency,367747.157
RESULT,current,MULTI_SPOT,tls,64,latency_p95,2329039.500
RESULT,current,MULTI_SPOT,tls,64,latency_p99,3806904.180
RESULT,current,MULTI_SPOT,tls,64,server_cpu_pct,13.580
RESULT,current,MULTI_SPOT,tls,64,server_mem_mb,59.530
RESULT,current,MULTI_SPOT,tls,64,server_rcv_pending_end,0.000
RESULT,current,MULTI_SPOT,tls,64,server_rcv_pending_max,0.000
RESULT,current,MULTI_SPOT,tls,64,server_snd_pending_max,0.000
RESULT,current,MULTI_SPOT,tls,64,throughput,1651262.200
RESULT,current,MULTI_SPOT,tls,256,bandwidth,482.609
RESULT,current,MULTI_SPOT,tls,256,latency,795880.272
RESULT,current,MULTI_SPOT,tls,256,latency_p95,3452608.850
RESULT,current,MULTI_SPOT,tls,256,latency_p99,4193139.070
RESULT,current,MULTI_SPOT,tls,256,server_cpu_pct,13.030
RESULT,current,MULTI_SPOT,tls,256,server_mem_mb,73.890
RESULT,current,MULTI_SPOT,tls,256,server_rcv_pending_end,0.000
RESULT,current,MULTI_SPOT,tls,256,server_rcv_pending_max,0.000
RESULT,current,MULTI_SPOT,tls,256,server_snd_pending_max,0.000
RESULT,current,MULTI_SPOT,tls,256,throughput,1885190.000
RESULT,current,MULTI_SPOT,tls,1024,bandwidth,1305.494
RESULT,current,MULTI_SPOT,tls,1024,latency,554171.906
RESULT,current,MULTI_SPOT,tls,1024,latency_p95,2823683.800
RESULT,current,MULTI_SPOT,tls,1024,latency_p99,3255266.640
RESULT,current,MULTI_SPOT,tls,1024,server_cpu_pct,14.380
RESULT,current,MULTI_SPOT,tls,1024,server_mem_mb,117.430
RESULT,current,MULTI_SPOT,tls,1024,server_rcv_pending_end,0.000
RESULT,current,MULTI_SPOT,tls,1024,server_rcv_pending_max,0.000
RESULT,current,MULTI_SPOT,tls,1024,server_snd_pending_max,0.000
RESULT,current,MULTI_SPOT,tls,1024,throughput,1274896.000
RESULT,current,MULTI_SPOT,tls,65536,bandwidth,1257.413
RESULT,current,MULTI_SPOT,tls,65536,latency,1199312.276
RESULT,current,MULTI_SPOT,tls,65536,latency_p95,3973971.450
RESULT,current,MULTI_SPOT,tls,65536,latency_p99,4372411.040
RESULT,current,MULTI_SPOT,tls,65536,server_cpu_pct,10.840
RESULT,current,MULTI_SPOT,tls,65536,server_mem_mb,539.280
RESULT,current,MULTI_SPOT,tls,65536,server_rcv_pending_end,0.000
RESULT,current,MULTI_SPOT,tls,65536,server_rcv_pending_max,0.000
RESULT,current,MULTI_SPOT,tls,65536,server_snd_pending_max,0.000
RESULT,current,MULTI_SPOT,tls,65536,throughput,19186.600
RESULT,current,MULTI_SPOT,tls,131072,bandwidth,1066.140
RESULT,current,MULTI_SPOT,tls,131072,latency,652144.544
RESULT,current,MULTI_SPOT,tls,131072,latency_p95,4373858.800
RESULT,current,MULTI_SPOT,tls,131072,latency_p99,4562862.920
RESULT,current,MULTI_SPOT,tls,131072,server_cpu_pct,11.090
RESULT,current,MULTI_SPOT,tls,131072,server_mem_mb,659.640
RESULT,current,MULTI_SPOT,tls,131072,server_rcv_pending_end,0.000
RESULT,current,MULTI_SPOT,tls,131072,server_rcv_pending_max,0.000
RESULT,current,MULTI_SPOT,tls,131072,server_snd_pending_max,0.000
RESULT,current,MULTI_SPOT,tls,131072,throughput,8134.000
RESULT,current,MULTI_SPOT,tls,262144,bandwidth,3603.064
RESULT,current,MULTI_SPOT,tls,262144,latency,320490.721
RESULT,current,MULTI_SPOT,tls,262144,latency_p95,807102.600
RESULT,current,MULTI_SPOT,tls,262144,latency_p99,884273.040
RESULT,current,MULTI_SPOT,tls,262144,server_cpu_pct,16.350
RESULT,current,MULTI_SPOT,tls,262144,server_mem_mb,663.850
RESULT,current,MULTI_SPOT,tls,262144,server_rcv_pending_end,0.000
RESULT,current,MULTI_SPOT,tls,262144,server_rcv_pending_max,0.000
RESULT,current,MULTI_SPOT,tls,262144,server_snd_pending_max,0.000
RESULT,current,MULTI_SPOT,tls,262144,throughput,13744.600
RESULT,current,MULTI_SPOT,ws,64,bandwidth,54.129
RESULT,current,MULTI_SPOT,ws,64,latency,2979572.717
RESULT,current,MULTI_SPOT,ws,64,latency_p95,5170824.650
RESULT,current,MULTI_SPOT,ws,64,latency_p99,5710276.640
RESULT,current,MULTI_SPOT,ws,64,server_cpu_pct,9.910
RESULT,current,MULTI_SPOT,ws,64,server_mem_mb,21.790
RESULT,current,MULTI_SPOT,ws,64,server_rcv_pending_end,0.000
RESULT,current,MULTI_SPOT,ws,64,server_rcv_pending_max,0.000
RESULT,current,MULTI_SPOT,ws,64,server_snd_pending_max,0.000
RESULT,current,MULTI_SPOT,ws,64,throughput,845765.200
RESULT,current,MULTI_SPOT,ws,256,bandwidth,202.870
RESULT,current,MULTI_SPOT,ws,256,latency,1477432.031
RESULT,current,MULTI_SPOT,ws,256,latency_p95,2765658.400
RESULT,current,MULTI_SPOT,ws,256,latency_p99,3360132.480
RESULT,current,MULTI_SPOT,ws,256,server_cpu_pct,9.350
RESULT,current,MULTI_SPOT,ws,256,server_mem_mb,24.210
RESULT,current,MULTI_SPOT,ws,256,server_rcv_pending_end,0.000
RESULT,current,MULTI_SPOT,ws,256,server_rcv_pending_max,0.000
RESULT,current,MULTI_SPOT,ws,256,server_snd_pending_max,0.000
RESULT,current,MULTI_SPOT,ws,256,throughput,792459.400
RESULT,current,MULTI_SPOT,ws,1024,bandwidth,715.558
RESULT,current,MULTI_SPOT,ws,1024,latency,382429.918
RESULT,current,MULTI_SPOT,ws,1024,latency_p95,1107133.800
RESULT,current,MULTI_SPOT,ws,1024,latency_p99,2380371.730
RESULT,current,MULTI_SPOT,ws,1024,server_cpu_pct,8.750
RESULT,current,MULTI_SPOT,ws,1024,server_mem_mb,32.890
RESULT,current,MULTI_SPOT,ws,1024,server_rcv_pending_end,0.000
RESULT,current,MULTI_SPOT,ws,1024,server_rcv_pending_max,0.000
RESULT,current,MULTI_SPOT,ws,1024,server_snd_pending_max,0.000
RESULT,current,MULTI_SPOT,ws,1024,throughput,698787.400
RESULT,current,MULTI_SPOT,ws,65536,bandwidth,2510.999
RESULT,current,MULTI_SPOT,ws,65536,latency,422779.152
RESULT,current,MULTI_SPOT,ws,65536,latency_p95,585333.800
RESULT,current,MULTI_SPOT,ws,65536,latency_p99,716815.640
RESULT,current,MULTI_SPOT,ws,65536,server_cpu_pct,9.620
RESULT,current,MULTI_SPOT,ws,65536,server_mem_mb,262.750
RESULT,current,MULTI_SPOT,ws,65536,server_rcv_pending_end,0.000
RESULT,current,MULTI_SPOT,ws,65536,server_rcv_pending_max,0.000
RESULT,current,MULTI_SPOT,ws,65536,server_snd_pending_max,0.000
RESULT,current,MULTI_SPOT,ws,65536,throughput,38314.800
RESULT,current,MULTI_SPOT,ws,131072,bandwidth,2719.665
RESULT,current,MULTI_SPOT,ws,131072,latency,575670.832
RESULT,current,MULTI_SPOT,ws,131072,latency_p95,831856.800
RESULT,current,MULTI_SPOT,ws,131072,latency_p99,937121.980
RESULT,current,MULTI_SPOT,ws,131072,server_cpu_pct,9.950
RESULT,current,MULTI_SPOT,ws,131072,server_mem_mb,280.670
RESULT,current,MULTI_SPOT,ws,131072,server_rcv_pending_end,0.000
RESULT,current,MULTI_SPOT,ws,131072,server_rcv_pending_max,0.000
RESULT,current,MULTI_SPOT,ws,131072,server_snd_pending_max,0.000
RESULT,current,MULTI_SPOT,ws,131072,throughput,20749.400
RESULT,current,MULTI_SPOT,ws,262144,bandwidth,2708.996
RESULT,current,MULTI_SPOT,ws,262144,latency,818063.721
RESULT,current,MULTI_SPOT,ws,262144,latency_p95,1046664.400
RESULT,current,MULTI_SPOT,ws,262144,latency_p99,1138227.920
RESULT,current,MULTI_SPOT,ws,262144,server_cpu_pct,10.100
RESULT,current,MULTI_SPOT,ws,262144,server_mem_mb,154.390
RESULT,current,MULTI_SPOT,ws,262144,server_rcv_pending_end,0.000
RESULT,current,MULTI_SPOT,ws,262144,server_rcv_pending_max,0.000
RESULT,current,MULTI_SPOT,ws,262144,server_snd_pending_max,0.000
RESULT,current,MULTI_SPOT,ws,262144,throughput,10334.000
RESULT,current,MULTI_SPOT,wss,64,bandwidth,61.752
RESULT,current,MULTI_SPOT,wss,64,latency,1976617.213
RESULT,current,MULTI_SPOT,wss,64,latency_p95,4458407.800
RESULT,current,MULTI_SPOT,wss,64,latency_p99,4744290.760
RESULT,current,MULTI_SPOT,wss,64,server_cpu_pct,7.930
RESULT,current,MULTI_SPOT,wss,64,server_mem_mb,46.190
RESULT,current,MULTI_SPOT,wss,64,server_rcv_pending_end,0.000
RESULT,current,MULTI_SPOT,wss,64,server_rcv_pending_max,0.000
RESULT,current,MULTI_SPOT,wss,64,server_snd_pending_max,0.000
RESULT,current,MULTI_SPOT,wss,64,throughput,964878.800
RESULT,current,MULTI_SPOT,wss,256,bandwidth,143.818
RESULT,current,MULTI_SPOT,wss,256,latency,1526200.027
RESULT,current,MULTI_SPOT,wss,256,latency_p95,3892356.100
RESULT,current,MULTI_SPOT,wss,256,latency_p99,4494378.000
RESULT,current,MULTI_SPOT,wss,256,server_cpu_pct,7.220
RESULT,current,MULTI_SPOT,wss,256,server_mem_mb,48.270
RESULT,current,MULTI_SPOT,wss,256,server_rcv_pending_end,0.000
RESULT,current,MULTI_SPOT,wss,256,server_rcv_pending_max,0.000
RESULT,current,MULTI_SPOT,wss,256,server_snd_pending_max,0.000
RESULT,current,MULTI_SPOT,wss,256,throughput,561788.200
RESULT,current,MULTI_SPOT,wss,1024,bandwidth,328.768
RESULT,current,MULTI_SPOT,wss,1024,latency,2021794.682
RESULT,current,MULTI_SPOT,wss,1024,latency_p95,3285008.250
RESULT,current,MULTI_SPOT,wss,1024,latency_p99,3458641.510
RESULT,current,MULTI_SPOT,wss,1024,server_cpu_pct,6.920
RESULT,current,MULTI_SPOT,wss,1024,server_mem_mb,57.830
RESULT,current,MULTI_SPOT,wss,1024,server_rcv_pending_end,0.000
RESULT,current,MULTI_SPOT,wss,1024,server_rcv_pending_max,0.000
RESULT,current,MULTI_SPOT,wss,1024,server_snd_pending_max,0.000
RESULT,current,MULTI_SPOT,wss,1024,throughput,321062.600
RESULT,current,MULTI_SPOT,wss,65536,bandwidth,2141.087
RESULT,current,MULTI_SPOT,wss,65536,latency,494206.651
RESULT,current,MULTI_SPOT,wss,65536,latency_p95,2215145.000
RESULT,current,MULTI_SPOT,wss,65536,latency_p99,2550086.240
RESULT,current,MULTI_SPOT,wss,65536,server_cpu_pct,8.380
RESULT,current,MULTI_SPOT,wss,65536,server_mem_mb,243.230
RESULT,current,MULTI_SPOT,wss,65536,server_rcv_pending_end,0.000
RESULT,current,MULTI_SPOT,wss,65536,server_rcv_pending_max,0.000
RESULT,current,MULTI_SPOT,wss,65536,server_snd_pending_max,0.000
RESULT,current,MULTI_SPOT,wss,65536,throughput,32670.400
RESULT,current,MULTI_SPOT,wss,131072,bandwidth,1935.750
RESULT,current,MULTI_SPOT,wss,131072,latency,611759.783
RESULT,current,MULTI_SPOT,wss,131072,latency_p95,2277781.500
RESULT,current,MULTI_SPOT,wss,131072,latency_p99,2490885.300
RESULT,current,MULTI_SPOT,wss,131072,server_cpu_pct,8.370
RESULT,current,MULTI_SPOT,wss,131072,server_mem_mb,215.930
RESULT,current,MULTI_SPOT,wss,131072,server_rcv_pending_end,0.000
RESULT,current,MULTI_SPOT,wss,131072,server_rcv_pending_max,0.000
RESULT,current,MULTI_SPOT,wss,131072,server_snd_pending_max,0.000
RESULT,current,MULTI_SPOT,wss,131072,throughput,14768.600
RESULT,current,MULTI_SPOT,wss,262144,bandwidth,3105.463
RESULT,current,MULTI_SPOT,wss,262144,latency,546712.653
RESULT,current,MULTI_SPOT,wss,262144,latency_p95,2230209.350
RESULT,current,MULTI_SPOT,wss,262144,latency_p99,2474190.320
RESULT,current,MULTI_SPOT,wss,262144,server_cpu_pct,9.910
RESULT,current,MULTI_SPOT,wss,262144,server_mem_mb,180.960
RESULT,current,MULTI_SPOT,wss,262144,server_rcv_pending_end,0.000
RESULT,current,MULTI_SPOT,wss,262144,server_rcv_pending_max,0.000
RESULT,current,MULTI_SPOT,wss,262144,server_snd_pending_max,0.000
RESULT,current,MULTI_SPOT,wss,262144,throughput,11846.400

Saved result file: /home/hep7/project/kairos/zlink/core/perf/results/multi/report/perf_linux_recv_20260324_163452_spot-multi-postfix4.txt (status=complete)

## Status Summary
- success: 24
- unsupported: 0
- skip: 0
- fail: 0
- expected result lines: 120
- actual result lines: 120
- status: complete
Total benchmark time: 3m 35s (215s, exit=0)
