[preflight] 2026-03-24T11:14:53+09:00
core/build/bin/comp_src_gateway_server
core/build/bin/comp_src_spot_server
core/build/bin/perf_gateway
core/build/bin/perf_pair
core/build/bin/perf_spot
[run] core/perf/run_benchmarks.sh --build-dir core/build --reuse-build --pattern PAIR,GATEWAY,SPOT --transports tcp,tls,ws,wss --msg-sizes 64,1024,65536 --runs 1 --duration 1 --warmup 1 --results-tag smoke-single
Reusing build directory: /home/hep7/project/kairos/zlink/core/build
Using CMake source directory: /home/hep7/project/kairos/zlink

## Effective Options (runner)
- patterns: PAIR,GATEWAY,SPOT
- build_dir: /home/hep7/project/kairos/zlink/core/build
- build_mode: reuse
- reuse_build: 1
- clean_build: 0
- runs: 1
- recv_mode: callback
- duration_seconds: 1
- warmup_seconds: 1
- hwm: default(binary)
- send_hwm: default(binary)
- recv_hwm: default(binary)
- sndbuf: default(os)
- rcvbuf: default(os)
- sndtimeo_ms: 200
- rcvtimeo_ms: 200
- pin_cpu: 0
- io_threads: default(binary=1)
- msg_sizes: 64,1024,65536
- transports: tcp,tls,ws,wss
- results_dir: /home/hep7/project/kairos/zlink/core/perf/results
- results_tag: smoke-single
- result_file: /home/hep7/project/kairos/zlink/core/perf/results/single/report/perf_linux_callback_20260324_111453_smoke-single.txt
- output_file: none
- comparison_script: /home/hep7/project/kairos/zlink/core/perf/single/run_comparison.py
- python: python3

## Effective Env (runner)
- PYTHONUNBUFFERED: 1
- PERF_RECV_MODE: callback
- PERF_MSG_SIZES: 64,1024,65536
- PERF_TRANSPORTS: tcp,tls,ws,wss
- PERF_SINGLE_DURATION_SECONDS: 1
- PERF_SINGLE_WARMUP_SECONDS: 1
- PERF_SINGLE_SNDTIMEO_MS: 200
- PERF_SINGLE_RCVTIMEO_MS: 200
- PERF_NO_AUTOBUILD: 1


## Effective Options (start)
- runs: 1
- recv_mode: callback
- duration_seconds: 1
- timeout_seconds: 30
- io_threads: 1
- hwm: 1000
- sndhwm: 1000
- rcvhwm: 1000
- sndtimeo_ms: 200
- rcvtimeo_ms: 200
- patterns: PAIR,GATEWAY,SPOT
- transports: tcp,tls,ws,wss
- msg_sizes: 64,1024,65536
## PATTERN: PAIR (one-way)
  > Benchmarking current for PAIR...
    Testing tcp:
      | Size     |       Throughput |    Bandwidth |  Lat.Mean(ms) |   Lat.P95(ms) |   Lat.P99(ms) | CPU% | Mem MB | Q.Snd.Max | Q.Rcv.Max | Q.Rcv.End |
      |----------|------------------|--------------|--------------|--------------|--------------|------|--------|-----------|-----------|-----------|
      | 64B      |    625.77 Kmsg/s |    40.05 MB/s |      0.07 ms |      0.15 ms |      0.29 ms |  2.6 |    9.5 |       496 |         0 |         0 |
      | 1024B    |    603.00 Kmsg/s |   617.47 MB/s |      0.33 ms |      0.47 ms |      0.54 ms |  4.0 |   10.5 |       977 |         0 |         0 |
      | 65536B   |     88.50 Kmsg/s |  5799.94 MB/s |      7.18 ms |      9.07 ms |      9.50 ms |  6.8 |   62.2 |       717 |         0 |         0 |
    Testing tcp: Done
    Testing tls:
      | Size     |       Throughput |    Bandwidth |  Lat.Mean(ms) |   Lat.P95(ms) |   Lat.P99(ms) | CPU% | Mem MB | Q.Snd.Max | Q.Rcv.Max | Q.Rcv.End |
      |----------|------------------|--------------|--------------|--------------|--------------|------|--------|-----------|-----------|-----------|
      | 64B      |    633.60 Kmsg/s |    40.55 MB/s |      0.12 ms |      0.22 ms |      0.29 ms |  2.7 |   13.3 |       261 |         0 |         0 |
      | 1024B    |    627.03 Kmsg/s |   642.07 MB/s |      0.56 ms |      0.89 ms |      0.97 ms |  5.4 |   14.4 |       475 |         0 |         0 |
      | 65536B   |     23.50 Kmsg/s |  1540.10 MB/s |     30.44 ms |     40.02 ms |     41.85 ms |  5.4 |   71.7 |       561 |         0 |         0 |
    Testing tls: Done
    Testing ws:
      | Size     |       Throughput |    Bandwidth |  Lat.Mean(ms) |   Lat.P95(ms) |   Lat.P99(ms) | CPU% | Mem MB | Q.Snd.Max | Q.Rcv.Max | Q.Rcv.End |
      |----------|------------------|--------------|--------------|--------------|--------------|------|--------|-----------|-----------|-----------|
      | 64B      |    629.48 Kmsg/s |    40.29 MB/s |      0.15 ms |      0.21 ms |      0.27 ms |  2.9 |   10.6 |       476 |         0 |         0 |
      | 1024B    |    615.00 Kmsg/s |   629.76 MB/s |      0.67 ms |      0.95 ms |      1.05 ms |  5.1 |   11.1 |       409 |         0 |         0 |
      | 65536B   |     41.00 Kmsg/s |  2686.98 MB/s |     23.01 ms |     28.03 ms |     29.11 ms |  5.7 |   63.0 |       973 |         0 |         0 |
    Testing ws: Done
    Testing wss:
      | Size     |       Throughput |    Bandwidth |  Lat.Mean(ms) |   Lat.P95(ms) |   Lat.P99(ms) | CPU% | Mem MB | Q.Snd.Max | Q.Rcv.Max | Q.Rcv.End |
      |----------|------------------|--------------|--------------|--------------|--------------|------|--------|-----------|-----------|-----------|
      | 64B      |    638.00 Kmsg/s |    40.83 MB/s |      0.19 ms |      0.30 ms |      0.41 ms |  2.9 |   14.7 |        65 |         0 |         0 |
      | 1024B    |    496.50 Kmsg/s |   508.42 MB/s |     37.24 ms |     44.93 ms |     45.69 ms |  5.9 |   15.8 |       561 |         0 |         0 |
      | 65536B   |     17.50 Kmsg/s |  1146.88 MB/s |     51.13 ms |     64.82 ms |     66.60 ms |  5.2 |   24.1 |       561 |         0 |         0 |
    Testing wss: Done

===============================================================================

## PATTERN: GATEWAY (one-way)
  > Benchmarking current for GATEWAY...
    Testing tcp:
      | Size     |       Throughput |    Bandwidth |  Lat.Mean(ms) |   Lat.P95(ms) |   Lat.P99(ms) | CPU% | Mem MB | Q.Snd.Max | Q.Rcv.Max | Q.Rcv.End |
      |----------|------------------|--------------|--------------|--------------|--------------|------|--------|-----------|-----------|-----------|
      | 64B      |   2153.53 Kmsg/s |   137.83 MB/s |      0.03 ms |      0.06 ms |      0.15 ms | 10.2 |    8.7 |       591 |         0 |         0 |
      | 1024B    |    967.08 Kmsg/s |   990.29 MB/s |      0.67 ms |      0.81 ms |      0.89 ms |  7.3 |   10.6 |       999 |         0 |         0 |
      | 65536B   |     87.00 Kmsg/s |  5701.63 MB/s |      7.69 ms |      9.48 ms |     12.07 ms |  6.9 |   62.7 |       999 |         0 |         0 |
    Testing tcp: Done
    Testing tls:
      | Size     |       Throughput |    Bandwidth |  Lat.Mean(ms) |   Lat.P95(ms) |   Lat.P99(ms) | CPU% | Mem MB | Q.Snd.Max | Q.Rcv.Max | Q.Rcv.End |
      |----------|------------------|--------------|--------------|--------------|--------------|------|--------|-----------|-----------|-----------|
      | 64B      |   2210.63 Kmsg/s |   141.48 MB/s |      0.05 ms |      0.08 ms |      0.17 ms | 10.2 |   13.4 |       483 |         0 |         0 |
      | 1024B    |    737.53 Kmsg/s |   755.24 MB/s |      0.95 ms |      1.12 ms |      1.18 ms |  6.6 |   14.5 |       771 |         0 |         0 |
      | 65536B   |     23.50 Kmsg/s |  1540.10 MB/s |     31.18 ms |     40.25 ms |     41.95 ms |  5.4 |   71.3 |       563 |         0 |         0 |
    Testing tls: Done
    Testing ws:
      | Size     |       Throughput |    Bandwidth |  Lat.Mean(ms) |   Lat.P95(ms) |   Lat.P99(ms) | CPU% | Mem MB | Q.Snd.Max | Q.Rcv.Max | Q.Rcv.End |
      |----------|------------------|--------------|--------------|--------------|--------------|------|--------|-----------|-----------|-----------|
      | 64B      |   1804.33 Kmsg/s |   115.48 MB/s |    127.22 ms |    220.33 ms |    259.10 ms |  8.7 |   10.5 |       519 |         0 |         0 |
      | 1024B    |    794.45 Kmsg/s |   813.52 MB/s |     18.02 ms |     19.39 ms |     21.91 ms |  6.8 |   11.2 |       995 |         0 |         0 |
      | 65536B   |     41.00 Kmsg/s |  2686.98 MB/s |     23.38 ms |     28.29 ms |     29.03 ms |  5.9 |   48.8 |       983 |         0 |         0 |
    Testing ws: Done
    Testing wss:
      | Size     |       Throughput |    Bandwidth |  Lat.Mean(ms) |   Lat.P95(ms) |   Lat.P99(ms) | CPU% | Mem MB | Q.Snd.Max | Q.Rcv.Max | Q.Rcv.End |
      |----------|------------------|--------------|--------------|--------------|--------------|------|--------|-----------|-----------|-----------|
      | 64B      |   1845.71 Kmsg/s |   118.13 MB/s |    120.86 ms |    173.33 ms |    189.50 ms |  8.8 |   14.8 |       563 |         0 |         0 |
      | 1024B    |    485.00 Kmsg/s |   496.64 MB/s |     33.43 ms |     38.59 ms |     39.29 ms |  6.1 |   15.6 |       959 |         0 |         0 |
      | 65536B   |     17.50 Kmsg/s |  1146.88 MB/s |     51.46 ms |     64.92 ms |     66.60 ms |  5.2 |   75.0 |       563 |         0 |         0 |
    Testing wss: Done

===============================================================================

## PATTERN: SPOT (one-way)
  > Benchmarking current for SPOT...
    Testing tcp:
      | Size     |       Throughput |    Bandwidth |  Lat.Mean(ms) |   Lat.P95(ms) |   Lat.P99(ms) | CPU% | Mem MB | Q.Snd.Max | Q.Rcv.Max | Q.Rcv.End |
      |----------|------------------|--------------|--------------|--------------|--------------|------|--------|-----------|-----------|-----------|
      | 64B      |   1543.49 Kmsg/s |    98.78 MB/s |      0.22 ms |      0.37 ms |      0.44 ms |  4.2 |    9.9 |       N/A |       N/A |       N/A |
      | 1024B    |    618.57 Kmsg/s |   633.41 MB/s |      0.99 ms |      1.27 ms |      1.38 ms |  3.4 |   11.2 |       N/A |       N/A |       N/A |
      | 65536B   |     75.50 Kmsg/s |  4947.97 MB/s |      8.96 ms |     11.22 ms |     11.69 ms |  3.4 |   12.5 |       N/A |       N/A |       N/A |
    Testing tcp: Done
    Testing tls:
      | Size     |       Throughput |    Bandwidth |  Lat.Mean(ms) |   Lat.P95(ms) |   Lat.P99(ms) | CPU% | Mem MB | Q.Snd.Max | Q.Rcv.Max | Q.Rcv.End |
      |----------|------------------|--------------|--------------|--------------|--------------|------|--------|-----------|-----------|-----------|
      | 64B      |   1457.37 Kmsg/s |    93.27 MB/s |      0.46 ms |      0.57 ms |      0.64 ms |  3.6 |   14.5 |       N/A |       N/A |       N/A |
      | 1024B    |    443.00 Kmsg/s |   453.63 MB/s |      1.43 ms |      1.90 ms |      2.05 ms |  3.0 |   15.8 |       N/A |       N/A |       N/A |
      | 65536B   |     21.50 Kmsg/s |  1409.02 MB/s |     34.09 ms |     44.83 ms |     46.01 ms |  3.0 |   15.4 |       N/A |       N/A |       N/A |
    Testing tls: Done
    Testing ws:
      | Size     |       Throughput |    Bandwidth |  Lat.Mean(ms) |   Lat.P95(ms) |   Lat.P99(ms) | CPU% | Mem MB | Q.Snd.Max | Q.Rcv.Max | Q.Rcv.End |
      |----------|------------------|--------------|--------------|--------------|--------------|------|--------|-----------|-----------|-----------|
      | 64B      |   1309.38 Kmsg/s |    83.80 MB/s |    112.88 ms |    154.65 ms |    159.40 ms |  4.1 |   12.2 |       N/A |       N/A |       N/A |
      | 1024B    |    509.26 Kmsg/s |   521.49 MB/s |     25.52 ms |     28.69 ms |     29.49 ms |  3.4 |   12.8 |       N/A |       N/A |       N/A |
      | 65536B   |     41.35 Kmsg/s |  2709.98 MB/s |     22.94 ms |     28.04 ms |     29.89 ms |  3.4 |   13.1 |       N/A |       N/A |       N/A |
    Testing ws: Done
    Testing wss:
      | Size     |       Throughput |    Bandwidth |  Lat.Mean(ms) |   Lat.P95(ms) |   Lat.P99(ms) | CPU% | Mem MB | Q.Snd.Max | Q.Rcv.Max | Q.Rcv.End |
      |----------|------------------|--------------|--------------|--------------|--------------|------|--------|-----------|-----------|-----------|
      | 64B      |   1340.59 Kmsg/s |    85.80 MB/s |    141.09 ms |    200.82 ms |    207.58 ms |  2.7 |   16.4 |       N/A |       N/A |       N/A |
      | 1024B    |    356.50 Kmsg/s |   365.05 MB/s |     38.39 ms |     48.18 ms |     49.29 ms |  2.1 |   17.3 |       N/A |       N/A |       N/A |
      | 65536B   |     17.00 Kmsg/s |  1114.05 MB/s |     52.31 ms |     66.93 ms |     68.60 ms |  2.1 |   16.5 |       N/A |       N/A |       N/A |
    Testing wss: Done

## Effective Options (result)
- runs: 1
- recv_mode: callback
- duration_seconds: 1
- timeout_seconds: 30
- io_threads: 1
- hwm: 1000
- sndhwm: 1000
- rcvhwm: 1000
- sndtimeo_ms: 200
- rcvtimeo_ms: 200
- patterns: PAIR,GATEWAY,SPOT
- transports: tcp,tls,ws,wss
- msg_sizes: 64,1024,65536

## Result Data
RESULT,current,GATEWAY,tcp,64,throughput,2153528.000
RESULT,current,GATEWAY,tcp,64,bandwidth,137.830
RESULT,current,GATEWAY,tcp,64,latency,33.480
RESULT,current,GATEWAY,tcp,64,latency_p95,61.000
RESULT,current,GATEWAY,tcp,64,latency_p99,152.000
RESULT,current,GATEWAY,tcp,64,cpu_pct,10.206
RESULT,current,GATEWAY,tcp,64,mem_mb,8.734
RESULT,current,GATEWAY,tcp,64,snd_pending_max,591.000
RESULT,current,GATEWAY,tcp,64,rcv_pending_max,0.000
RESULT,current,GATEWAY,tcp,64,rcv_pending_end,0.000
RESULT,current,GATEWAY,tcp,1024,throughput,967077.000
RESULT,current,GATEWAY,tcp,1024,bandwidth,990.290
RESULT,current,GATEWAY,tcp,1024,latency,669.000
RESULT,current,GATEWAY,tcp,1024,latency_p95,815.000
RESULT,current,GATEWAY,tcp,1024,latency_p99,886.000
RESULT,current,GATEWAY,tcp,1024,cpu_pct,7.270
RESULT,current,GATEWAY,tcp,1024,mem_mb,10.625
RESULT,current,GATEWAY,tcp,1024,snd_pending_max,999.000
RESULT,current,GATEWAY,tcp,1024,rcv_pending_max,0.000
RESULT,current,GATEWAY,tcp,1024,rcv_pending_end,0.000
RESULT,current,GATEWAY,tcp,65536,throughput,87000.000
RESULT,current,GATEWAY,tcp,65536,bandwidth,5701.630
RESULT,current,GATEWAY,tcp,65536,latency,7689.310
RESULT,current,GATEWAY,tcp,65536,latency_p95,9485.000
RESULT,current,GATEWAY,tcp,65536,latency_p99,12068.010
RESULT,current,GATEWAY,tcp,65536,cpu_pct,6.929
RESULT,current,GATEWAY,tcp,65536,mem_mb,62.660
RESULT,current,GATEWAY,tcp,65536,snd_pending_max,999.000
RESULT,current,GATEWAY,tcp,65536,rcv_pending_max,0.000
RESULT,current,GATEWAY,tcp,65536,rcv_pending_end,0.000
RESULT,current,GATEWAY,tls,64,throughput,2210634.000
RESULT,current,GATEWAY,tls,64,bandwidth,141.480
RESULT,current,GATEWAY,tls,64,latency,49.760
RESULT,current,GATEWAY,tls,64,latency_p95,76.000
RESULT,current,GATEWAY,tls,64,latency_p99,167.000
RESULT,current,GATEWAY,tls,64,cpu_pct,10.209
RESULT,current,GATEWAY,tls,64,mem_mb,13.438
RESULT,current,GATEWAY,tls,64,snd_pending_max,483.000
RESULT,current,GATEWAY,tls,64,rcv_pending_max,0.000
RESULT,current,GATEWAY,tls,64,rcv_pending_end,0.000
RESULT,current,GATEWAY,tls,1024,throughput,737535.000
RESULT,current,GATEWAY,tls,1024,bandwidth,755.240
RESULT,current,GATEWAY,tls,1024,latency,948.570
RESULT,current,GATEWAY,tls,1024,latency_p95,1119.000
RESULT,current,GATEWAY,tls,1024,latency_p99,1180.000
RESULT,current,GATEWAY,tls,1024,cpu_pct,6.587
RESULT,current,GATEWAY,tls,1024,mem_mb,14.531
RESULT,current,GATEWAY,tls,1024,snd_pending_max,771.000
RESULT,current,GATEWAY,tls,1024,rcv_pending_max,0.000
RESULT,current,GATEWAY,tls,1024,rcv_pending_end,0.000
RESULT,current,GATEWAY,tls,65536,throughput,23500.000
RESULT,current,GATEWAY,tls,65536,bandwidth,1540.100
RESULT,current,GATEWAY,tls,65536,latency,31177.910
RESULT,current,GATEWAY,tls,65536,latency_p95,40249.000
RESULT,current,GATEWAY,tls,65536,latency_p99,41954.090
RESULT,current,GATEWAY,tls,65536,cpu_pct,5.428
RESULT,current,GATEWAY,tls,65536,mem_mb,71.328
RESULT,current,GATEWAY,tls,65536,snd_pending_max,563.000
RESULT,current,GATEWAY,tls,65536,rcv_pending_max,0.000
RESULT,current,GATEWAY,tls,65536,rcv_pending_end,0.000
RESULT,current,GATEWAY,ws,64,throughput,1804331.000
RESULT,current,GATEWAY,ws,64,bandwidth,115.480
RESULT,current,GATEWAY,ws,64,latency,127216.080
RESULT,current,GATEWAY,ws,64,latency_p95,220327.050
RESULT,current,GATEWAY,ws,64,latency_p99,259095.120
RESULT,current,GATEWAY,ws,64,cpu_pct,8.679
RESULT,current,GATEWAY,ws,64,mem_mb,10.469
RESULT,current,GATEWAY,ws,64,snd_pending_max,519.000
RESULT,current,GATEWAY,ws,64,rcv_pending_max,0.000
RESULT,current,GATEWAY,ws,64,rcv_pending_end,0.000
RESULT,current,GATEWAY,ws,1024,throughput,794451.000
RESULT,current,GATEWAY,ws,1024,bandwidth,813.520
RESULT,current,GATEWAY,ws,1024,latency,18017.600
RESULT,current,GATEWAY,ws,1024,latency_p95,19393.000
RESULT,current,GATEWAY,ws,1024,latency_p99,21908.000
RESULT,current,GATEWAY,ws,1024,cpu_pct,6.789
RESULT,current,GATEWAY,ws,1024,mem_mb,11.250
RESULT,current,GATEWAY,ws,1024,snd_pending_max,995.000
RESULT,current,GATEWAY,ws,1024,rcv_pending_max,0.000
RESULT,current,GATEWAY,ws,1024,rcv_pending_end,0.000
RESULT,current,GATEWAY,ws,65536,throughput,41000.000
RESULT,current,GATEWAY,ws,65536,bandwidth,2686.980
RESULT,current,GATEWAY,ws,65536,latency,23376.890
RESULT,current,GATEWAY,ws,65536,latency_p95,28292.000
RESULT,current,GATEWAY,ws,65536,latency_p99,29031.010
RESULT,current,GATEWAY,ws,65536,cpu_pct,5.863
RESULT,current,GATEWAY,ws,65536,mem_mb,48.750
RESULT,current,GATEWAY,ws,65536,snd_pending_max,983.000
RESULT,current,GATEWAY,ws,65536,rcv_pending_max,0.000
RESULT,current,GATEWAY,ws,65536,rcv_pending_end,0.000
RESULT,current,GATEWAY,wss,64,throughput,1845714.000
RESULT,current,GATEWAY,wss,64,bandwidth,118.130
RESULT,current,GATEWAY,wss,64,latency,120857.970
RESULT,current,GATEWAY,wss,64,latency_p95,173326.450
RESULT,current,GATEWAY,wss,64,latency_p99,189497.010
RESULT,current,GATEWAY,wss,64,cpu_pct,8.838
RESULT,current,GATEWAY,wss,64,mem_mb,14.844
RESULT,current,GATEWAY,wss,64,snd_pending_max,563.000
RESULT,current,GATEWAY,wss,64,rcv_pending_max,0.000
RESULT,current,GATEWAY,wss,64,rcv_pending_end,0.000
RESULT,current,GATEWAY,wss,1024,throughput,485000.000
RESULT,current,GATEWAY,wss,1024,bandwidth,496.640
RESULT,current,GATEWAY,wss,1024,latency,33428.030
RESULT,current,GATEWAY,wss,1024,latency_p95,38585.050
RESULT,current,GATEWAY,wss,1024,latency_p99,39292.000
RESULT,current,GATEWAY,wss,1024,cpu_pct,6.133
RESULT,current,GATEWAY,wss,1024,mem_mb,15.625
RESULT,current,GATEWAY,wss,1024,snd_pending_max,959.000
RESULT,current,GATEWAY,wss,1024,rcv_pending_max,0.000
RESULT,current,GATEWAY,wss,1024,rcv_pending_end,0.000
RESULT,current,GATEWAY,wss,65536,throughput,17500.000
RESULT,current,GATEWAY,wss,65536,bandwidth,1146.880
RESULT,current,GATEWAY,wss,65536,latency,51459.980
RESULT,current,GATEWAY,wss,65536,latency_p95,64922.100
RESULT,current,GATEWAY,wss,65536,latency_p99,66603.020
RESULT,current,GATEWAY,wss,65536,cpu_pct,5.163
RESULT,current,GATEWAY,wss,65536,mem_mb,74.961
RESULT,current,GATEWAY,wss,65536,snd_pending_max,563.000
RESULT,current,GATEWAY,wss,65536,rcv_pending_max,0.000
RESULT,current,GATEWAY,wss,65536,rcv_pending_end,0.000
RESULT,current,PAIR,tcp,64,throughput,625775.000
RESULT,current,PAIR,tcp,64,bandwidth,40.050
RESULT,current,PAIR,tcp,64,latency,67.480
RESULT,current,PAIR,tcp,64,latency_p95,154.000
RESULT,current,PAIR,tcp,64,latency_p99,290.000
RESULT,current,PAIR,tcp,64,cpu_pct,2.610
RESULT,current,PAIR,tcp,64,mem_mb,9.531
RESULT,current,PAIR,tcp,64,snd_pending_max,496.000
RESULT,current,PAIR,tcp,64,rcv_pending_max,0.000
RESULT,current,PAIR,tcp,64,rcv_pending_end,0.000
RESULT,current,PAIR,tcp,1024,throughput,603000.000
RESULT,current,PAIR,tcp,1024,bandwidth,617.470
RESULT,current,PAIR,tcp,1024,latency,333.940
RESULT,current,PAIR,tcp,1024,latency_p95,467.000
RESULT,current,PAIR,tcp,1024,latency_p99,540.000
RESULT,current,PAIR,tcp,1024,cpu_pct,3.972
RESULT,current,PAIR,tcp,1024,mem_mb,10.469
RESULT,current,PAIR,tcp,1024,snd_pending_max,977.000
RESULT,current,PAIR,tcp,1024,rcv_pending_max,0.000
RESULT,current,PAIR,tcp,1024,rcv_pending_end,0.000
RESULT,current,PAIR,tcp,65536,throughput,88500.000
RESULT,current,PAIR,tcp,65536,bandwidth,5799.940
RESULT,current,PAIR,tcp,65536,latency,7178.250
RESULT,current,PAIR,tcp,65536,latency_p95,9075.000
RESULT,current,PAIR,tcp,65536,latency_p99,9501.000
RESULT,current,PAIR,tcp,65536,cpu_pct,6.751
RESULT,current,PAIR,tcp,65536,mem_mb,62.199
RESULT,current,PAIR,tcp,65536,snd_pending_max,717.000
RESULT,current,PAIR,tcp,65536,rcv_pending_max,0.000
RESULT,current,PAIR,tcp,65536,rcv_pending_end,0.000
RESULT,current,PAIR,tls,64,throughput,633596.000
RESULT,current,PAIR,tls,64,bandwidth,40.550
RESULT,current,PAIR,tls,64,latency,115.460
RESULT,current,PAIR,tls,64,latency_p95,222.000
RESULT,current,PAIR,tls,64,latency_p99,287.000
RESULT,current,PAIR,tls,64,cpu_pct,2.665
RESULT,current,PAIR,tls,64,mem_mb,13.281
RESULT,current,PAIR,tls,64,snd_pending_max,261.000
RESULT,current,PAIR,tls,64,rcv_pending_max,0.000
RESULT,current,PAIR,tls,64,rcv_pending_end,0.000
RESULT,current,PAIR,tls,1024,throughput,627026.000
RESULT,current,PAIR,tls,1024,bandwidth,642.070
RESULT,current,PAIR,tls,1024,latency,556.870
RESULT,current,PAIR,tls,1024,latency_p95,892.000
RESULT,current,PAIR,tls,1024,latency_p99,970.000
RESULT,current,PAIR,tls,1024,cpu_pct,5.376
RESULT,current,PAIR,tls,1024,mem_mb,14.375
RESULT,current,PAIR,tls,1024,snd_pending_max,475.000
RESULT,current,PAIR,tls,1024,rcv_pending_max,0.000
RESULT,current,PAIR,tls,1024,rcv_pending_end,0.000
RESULT,current,PAIR,tls,65536,throughput,23500.000
RESULT,current,PAIR,tls,65536,bandwidth,1540.100
RESULT,current,PAIR,tls,65536,latency,30442.830
RESULT,current,PAIR,tls,65536,latency_p95,40020.050
RESULT,current,PAIR,tls,65536,latency_p99,41845.020
RESULT,current,PAIR,tls,65536,cpu_pct,5.403
RESULT,current,PAIR,tls,65536,mem_mb,71.746
RESULT,current,PAIR,tls,65536,snd_pending_max,561.000
RESULT,current,PAIR,tls,65536,rcv_pending_max,0.000
RESULT,current,PAIR,tls,65536,rcv_pending_end,0.000
RESULT,current,PAIR,ws,64,throughput,629475.000
RESULT,current,PAIR,ws,64,bandwidth,40.290
RESULT,current,PAIR,ws,64,latency,146.770
RESULT,current,PAIR,ws,64,latency_p95,214.000
RESULT,current,PAIR,ws,64,latency_p99,269.000
RESULT,current,PAIR,ws,64,cpu_pct,2.929
RESULT,current,PAIR,ws,64,mem_mb,10.625
RESULT,current,PAIR,ws,64,snd_pending_max,476.000
RESULT,current,PAIR,ws,64,rcv_pending_max,0.000
RESULT,current,PAIR,ws,64,rcv_pending_end,0.000
RESULT,current,PAIR,ws,1024,throughput,615000.000
RESULT,current,PAIR,ws,1024,bandwidth,629.760
RESULT,current,PAIR,ws,1024,latency,670.140
RESULT,current,PAIR,ws,1024,latency_p95,949.000
RESULT,current,PAIR,ws,1024,latency_p99,1051.000
RESULT,current,PAIR,ws,1024,cpu_pct,5.148
RESULT,current,PAIR,ws,1024,mem_mb,11.094
RESULT,current,PAIR,ws,1024,snd_pending_max,409.000
RESULT,current,PAIR,ws,1024,rcv_pending_max,0.000
RESULT,current,PAIR,ws,1024,rcv_pending_end,0.000
RESULT,current,PAIR,ws,65536,throughput,41000.000
RESULT,current,PAIR,ws,65536,bandwidth,2686.980
RESULT,current,PAIR,ws,65536,latency,23011.520
RESULT,current,PAIR,ws,65536,latency_p95,28025.050
RESULT,current,PAIR,ws,65536,latency_p99,29105.060
RESULT,current,PAIR,ws,65536,cpu_pct,5.733
RESULT,current,PAIR,ws,65536,mem_mb,63.047
RESULT,current,PAIR,ws,65536,snd_pending_max,973.000
RESULT,current,PAIR,ws,65536,rcv_pending_max,0.000
RESULT,current,PAIR,ws,65536,rcv_pending_end,0.000
RESULT,current,PAIR,wss,64,throughput,638000.000
RESULT,current,PAIR,wss,64,bandwidth,40.830
RESULT,current,PAIR,wss,64,latency,185.160
RESULT,current,PAIR,wss,64,latency_p95,301.000
RESULT,current,PAIR,wss,64,latency_p99,410.000
RESULT,current,PAIR,wss,64,cpu_pct,2.854
RESULT,current,PAIR,wss,64,mem_mb,14.688
RESULT,current,PAIR,wss,64,snd_pending_max,65.000
RESULT,current,PAIR,wss,64,rcv_pending_max,0.000
RESULT,current,PAIR,wss,64,rcv_pending_end,0.000
RESULT,current,PAIR,wss,1024,throughput,496500.000
RESULT,current,PAIR,wss,1024,bandwidth,508.420
RESULT,current,PAIR,wss,1024,latency,37242.680
RESULT,current,PAIR,wss,1024,latency_p95,44933.000
RESULT,current,PAIR,wss,1024,latency_p99,45686.000
RESULT,current,PAIR,wss,1024,cpu_pct,5.900
RESULT,current,PAIR,wss,1024,mem_mb,15.781
RESULT,current,PAIR,wss,1024,snd_pending_max,561.000
RESULT,current,PAIR,wss,1024,rcv_pending_max,0.000
RESULT,current,PAIR,wss,1024,rcv_pending_end,0.000
RESULT,current,PAIR,wss,65536,throughput,17500.000
RESULT,current,PAIR,wss,65536,bandwidth,1146.880
RESULT,current,PAIR,wss,65536,latency,51131.980
RESULT,current,PAIR,wss,65536,latency_p95,64818.100
RESULT,current,PAIR,wss,65536,latency_p99,66599.110
RESULT,current,PAIR,wss,65536,cpu_pct,5.188
RESULT,current,PAIR,wss,65536,mem_mb,24.145
RESULT,current,PAIR,wss,65536,snd_pending_max,561.000
RESULT,current,PAIR,wss,65536,rcv_pending_max,0.000
RESULT,current,PAIR,wss,65536,rcv_pending_end,0.000
RESULT,current,SPOT,tcp,64,throughput,1543494.000
RESULT,current,SPOT,tcp,64,bandwidth,98.780
RESULT,current,SPOT,tcp,64,latency,224.000
RESULT,current,SPOT,tcp,64,latency_p95,366.000
RESULT,current,SPOT,tcp,64,latency_p99,438.000
RESULT,current,SPOT,tcp,64,cpu_pct,4.177
RESULT,current,SPOT,tcp,64,mem_mb,9.910
RESULT,current,SPOT,tcp,1024,throughput,618565.000
RESULT,current,SPOT,tcp,1024,bandwidth,633.410
RESULT,current,SPOT,tcp,1024,latency,987.740
RESULT,current,SPOT,tcp,1024,latency_p95,1275.000
RESULT,current,SPOT,tcp,1024,latency_p99,1379.000
RESULT,current,SPOT,tcp,1024,cpu_pct,3.447
RESULT,current,SPOT,tcp,1024,mem_mb,11.250
RESULT,current,SPOT,tcp,65536,throughput,75500.000
RESULT,current,SPOT,tcp,65536,bandwidth,4947.970
RESULT,current,SPOT,tcp,65536,latency,8964.560
RESULT,current,SPOT,tcp,65536,latency_p95,11222.000
RESULT,current,SPOT,tcp,65536,latency_p99,11693.000
RESULT,current,SPOT,tcp,65536,cpu_pct,3.382
RESULT,current,SPOT,tcp,65536,mem_mb,12.531
RESULT,current,SPOT,tls,64,throughput,1457368.000
RESULT,current,SPOT,tls,64,bandwidth,93.270
RESULT,current,SPOT,tls,64,latency,463.390
RESULT,current,SPOT,tls,64,latency_p95,571.000
RESULT,current,SPOT,tls,64,latency_p99,638.000
RESULT,current,SPOT,tls,64,cpu_pct,3.640
RESULT,current,SPOT,tls,64,mem_mb,14.531
RESULT,current,SPOT,tls,1024,throughput,443000.000
RESULT,current,SPOT,tls,1024,bandwidth,453.630
RESULT,current,SPOT,tls,1024,latency,1434.310
RESULT,current,SPOT,tls,1024,latency_p95,1898.000
RESULT,current,SPOT,tls,1024,latency_p99,2054.000
RESULT,current,SPOT,tls,1024,cpu_pct,2.988
RESULT,current,SPOT,tls,1024,mem_mb,15.781
RESULT,current,SPOT,tls,65536,throughput,21500.000
RESULT,current,SPOT,tls,65536,bandwidth,1409.020
RESULT,current,SPOT,tls,65536,latency,34093.390
RESULT,current,SPOT,tls,65536,latency_p95,44827.050
RESULT,current,SPOT,tls,65536,latency_p99,46011.010
RESULT,current,SPOT,tls,65536,cpu_pct,2.985
RESULT,current,SPOT,tls,65536,mem_mb,15.359
RESULT,current,SPOT,ws,64,throughput,1309381.000
RESULT,current,SPOT,ws,64,bandwidth,83.800
RESULT,current,SPOT,ws,64,latency,112881.340
RESULT,current,SPOT,ws,64,latency_p95,154653.000
RESULT,current,SPOT,ws,64,latency_p99,159396.010
RESULT,current,SPOT,ws,64,cpu_pct,4.128
RESULT,current,SPOT,ws,64,mem_mb,12.188
RESULT,current,SPOT,ws,1024,throughput,509263.000
RESULT,current,SPOT,ws,1024,bandwidth,521.490
RESULT,current,SPOT,ws,1024,latency,25521.890
RESULT,current,SPOT,ws,1024,latency_p95,28691.000
RESULT,current,SPOT,ws,1024,latency_p99,29493.000
RESULT,current,SPOT,ws,1024,cpu_pct,3.409
RESULT,current,SPOT,ws,1024,mem_mb,12.812
RESULT,current,SPOT,ws,65536,throughput,41351.000
RESULT,current,SPOT,ws,65536,bandwidth,2709.980
RESULT,current,SPOT,ws,65536,latency,22937.830
RESULT,current,SPOT,ws,65536,latency_p95,28042.000
RESULT,current,SPOT,ws,65536,latency_p99,29892.500
RESULT,current,SPOT,ws,65536,cpu_pct,3.380
RESULT,current,SPOT,ws,65536,mem_mb,13.105
RESULT,current,SPOT,wss,64,throughput,1340590.000
RESULT,current,SPOT,wss,64,bandwidth,85.800
RESULT,current,SPOT,wss,64,latency,141093.210
RESULT,current,SPOT,wss,64,latency_p95,200824.000
RESULT,current,SPOT,wss,64,latency_p99,207582.000
RESULT,current,SPOT,wss,64,cpu_pct,2.704
RESULT,current,SPOT,wss,64,mem_mb,16.406
RESULT,current,SPOT,wss,1024,throughput,356498.000
RESULT,current,SPOT,wss,1024,bandwidth,365.050
RESULT,current,SPOT,wss,1024,latency,38390.890
RESULT,current,SPOT,wss,1024,latency_p95,48181.000
RESULT,current,SPOT,wss,1024,latency_p99,49292.000
RESULT,current,SPOT,wss,1024,cpu_pct,2.143
RESULT,current,SPOT,wss,1024,mem_mb,17.344
RESULT,current,SPOT,wss,65536,throughput,16999.000
RESULT,current,SPOT,wss,65536,bandwidth,1114.050
RESULT,current,SPOT,wss,65536,latency,52307.530
RESULT,current,SPOT,wss,65536,latency_p95,66928.300
RESULT,current,SPOT,wss,65536,latency_p99,68599.120
RESULT,current,SPOT,wss,65536,cpu_pct,2.134
RESULT,current,SPOT,wss,65536,mem_mb,16.457

## Completion
- status: complete
- expected_result_lines: 180
- actual_result_lines: 180

Saved result file: /home/hep7/project/kairos/zlink/core/perf/results/single/report/perf_linux_callback_20260324_111453_smoke-single.txt (status=complete)
Total benchmark time: 2m 37s (157s, exit=0)
