Reusing build directory: /home/hep7/project/kairos/zlink/core/build
Using CMake source directory: /home/hep7/project/kairos/zlink

## Effective Options (runner)
- patterns: SPOT
- build_dir: /home/hep7/project/kairos/zlink/core/build
- build_mode: reuse
- reuse_build: 1
- clean_build: 0
- runs: 1
- recv_mode: callback
- duration_seconds: 5
- warmup_seconds: 2
- hwm: default(binary)
- send_hwm: default(binary)
- recv_hwm: default(binary)
- sndbuf: default(os)
- rcvbuf: default(os)
- sndtimeo_ms: 200
- rcvtimeo_ms: 200
- pin_cpu: 0
- io_threads: default(binary=1)
- msg_sizes: 64,256,1024,65536,131072,262144
- transports: tcp,tls,ws,wss
- results_dir: /home/hep7/project/kairos/zlink/core/perf/results
- results_tag: spot-single-20260324f
- result_file: /home/hep7/project/kairos/zlink/core/perf/results/single/report/perf_linux_callback_20260324_184508_spot-single-20260324f.txt
- output_file: none
- comparison_script: /home/hep7/project/kairos/zlink/core/perf/single/run_comparison.py
- python: python3

## Effective Env (runner)
- PYTHONUNBUFFERED: 1
- PERF_RECV_MODE: callback
- PERF_MSG_SIZES: 64,256,1024,65536,131072,262144
- PERF_TRANSPORTS: tcp,tls,ws,wss
- PERF_SINGLE_DURATION_SECONDS: 5
- PERF_SINGLE_WARMUP_SECONDS: 2
- PERF_SINGLE_SNDTIMEO_MS: 200
- PERF_SINGLE_RCVTIMEO_MS: 200
- PERF_NO_AUTOBUILD: 1


## Effective Options (start)
- runs: 1
- recv_mode: callback
- duration_seconds: 5
- timeout_seconds: 45
- io_threads: 1
- hwm: 1000
- sndhwm: 1000
- rcvhwm: 1000
- sndtimeo_ms: 200
- rcvtimeo_ms: 200
- patterns: SPOT
- transports: tcp,tls,ws,wss
- msg_sizes: 64,256,1024,65536,131072,262144
## PATTERN: SPOT (one-way)
  > Benchmarking current for SPOT...
    Testing tcp:
      | Size     |       Throughput |    Bandwidth |  Lat.Mean(ms) |   Lat.P95(ms) |   Lat.P99(ms) | CPU% | Mem MB | Q.Snd.Max | Q.Rcv.Max | Q.Rcv.End |
      |----------|------------------|--------------|--------------|--------------|--------------|------|--------|-----------|-----------|-----------|
      | 64B      |   1596.16 Kmsg/s |   102.15 MB/s |      0.19 ms |      0.34 ms |      0.39 ms |  8.6 |   11.4 |       N/A |       N/A |       N/A |
      | 256B     |    786.78 Kmsg/s |   201.42 MB/s |      0.52 ms |      0.78 ms |      0.88 ms |  7.2 |   11.1 |       N/A |       N/A |       N/A |
      | 1024B    |    609.79 Kmsg/s |   624.42 MB/s |      0.75 ms |      1.01 ms |      1.11 ms |  7.3 |   11.7 |       N/A |       N/A |       N/A |
      | 65536B   |     80.15 Kmsg/s |  5252.61 MB/s |      6.57 ms |      8.17 ms |      8.62 ms |  7.6 |   13.2 |       N/A |       N/A |       N/A |
      | 131072B  |     43.39 Kmsg/s |  5687.45 MB/s |     11.93 ms |     14.59 ms |     15.18 ms |  7.3 |   14.0 |       N/A |       N/A |       N/A |
      | 262144B  |     24.81 Kmsg/s |  6503.74 MB/s |     20.51 ms |     24.85 ms |     25.53 ms |  6.6 |   16.8 |       N/A |       N/A |       N/A |
    Testing tcp: Done
    Testing tls:
      | Size     |       Throughput |    Bandwidth |  Lat.Mean(ms) |   Lat.P95(ms) |   Lat.P99(ms) | CPU% | Mem MB | Q.Snd.Max | Q.Rcv.Max | Q.Rcv.End |
      |----------|------------------|--------------|--------------|--------------|--------------|------|--------|-----------|-----------|-----------|
      | 64B      |   1489.67 Kmsg/s |    95.34 MB/s |      0.40 ms |      0.48 ms |      0.54 ms |  8.1 |   15.2 |       N/A |       N/A |       N/A |
      | 256B     |    703.33 Kmsg/s |   180.05 MB/s |      0.60 ms |      0.90 ms |      1.03 ms |  6.7 |   15.0 |       N/A |       N/A |       N/A |
      | 1024B    |    469.46 Kmsg/s |   480.73 MB/s |      1.05 ms |      1.38 ms |      1.49 ms |  6.9 |   16.4 |       N/A |       N/A |       N/A |
      | 65536B   |     20.89 Kmsg/s |  1369.02 MB/s |     27.01 ms |     34.71 ms |     35.82 ms |  6.8 |   16.0 |       N/A |       N/A |       N/A |
      | 131072B  |     11.60 Kmsg/s |  1520.02 MB/s |     48.25 ms |     62.00 ms |     64.20 ms |  6.6 |   15.8 |       N/A |       N/A |       N/A |
      | 262144B  |      6.22 Kmsg/s |  1630.75 MB/s |     90.19 ms |    116.64 ms |    119.94 ms |  5.7 |   22.6 |       N/A |       N/A |       N/A |
    Testing tls: Done
    Testing ws:
      | Size     |       Throughput |    Bandwidth |  Lat.Mean(ms) |   Lat.P95(ms) |   Lat.P99(ms) | CPU% | Mem MB | Q.Snd.Max | Q.Rcv.Max | Q.Rcv.End |
      |----------|------------------|--------------|--------------|--------------|--------------|------|--------|-----------|-----------|-----------|
      | 64B      |   1249.85 Kmsg/s |    79.99 MB/s |    141.40 ms |    158.40 ms |    163.10 ms |  8.8 |   12.8 |       N/A |       N/A |       N/A |
      | 256B     |    745.69 Kmsg/s |   190.90 MB/s |     32.55 ms |     36.28 ms |     37.52 ms |  7.3 |   12.3 |       N/A |       N/A |       N/A |
      | 1024B    |    518.25 Kmsg/s |   530.68 MB/s |     28.51 ms |     30.79 ms |     31.89 ms |  7.4 |   14.1 |       N/A |       N/A |       N/A |
      | 65536B   |     40.51 Kmsg/s |  2655.02 MB/s |     19.75 ms |     23.40 ms |     24.05 ms |  7.5 |   13.2 |       N/A |       N/A |       N/A |
      | 131072B  |     25.75 Kmsg/s |  3374.63 MB/s |     24.73 ms |     30.40 ms |     31.65 ms |  7.3 |   13.5 |       N/A |       N/A |       N/A |
      | 262144B  |     18.74 Kmsg/s |  4912.21 MB/s |     27.94 ms |     34.59 ms |     35.88 ms |  6.5 |   17.5 |       N/A |       N/A |       N/A |
    Testing ws: Done
    Testing wss:
      | Size     |       Throughput |    Bandwidth |  Lat.Mean(ms) |   Lat.P95(ms) |   Lat.P99(ms) | CPU% | Mem MB | Q.Snd.Max | Q.Rcv.Max | Q.Rcv.End |
      |----------|------------------|--------------|--------------|--------------|--------------|------|--------|-----------|-----------|-----------|
      | 64B      |   1315.15 Kmsg/s |    84.17 MB/s |    161.16 ms |    189.54 ms |    191.93 ms |  6.5 |   17.0 |       N/A |       N/A |       N/A |
      | 256B     |    630.68 Kmsg/s |   161.45 MB/s |     87.43 ms |    100.65 ms |    103.05 ms |  5.2 |   17.0 |       N/A |       N/A |       N/A |
      | 1024B    |    347.14 Kmsg/s |   355.47 MB/s |     45.52 ms |     50.46 ms |     51.80 ms |  5.4 |   18.1 |       N/A |       N/A |       N/A |
      | 65536B   |     16.43 Kmsg/s |  1077.07 MB/s |     44.23 ms |     55.13 ms |     56.55 ms |  5.4 |   20.3 |       N/A |       N/A |       N/A |
      | 131072B  |      9.75 Kmsg/s |  1278.37 MB/s |     65.01 ms |     81.97 ms |     84.95 ms |  5.2 |   19.7 |       N/A |       N/A |       N/A |
      | 262144B  |      5.38 Kmsg/s |  1409.23 MB/s |    111.34 ms |    142.36 ms |    146.69 ms |  4.6 |   35.4 |       N/A |       N/A |       N/A |
    Testing wss: Done

## Effective Options (result)
- runs: 1
- recv_mode: callback
- duration_seconds: 5
- timeout_seconds: 45
- io_threads: 1
- hwm: 1000
- sndhwm: 1000
- rcvhwm: 1000
- sndtimeo_ms: 200
- rcvtimeo_ms: 200
- patterns: SPOT
- transports: tcp,tls,ws,wss
- msg_sizes: 64,256,1024,65536,131072,262144

## Result Data
RESULT,current,SPOT,tcp,64,throughput,1596157.200
RESULT,current,SPOT,tcp,64,bandwidth,102.150
RESULT,current,SPOT,tcp,64,latency,189.680
RESULT,current,SPOT,tcp,64,latency_p95,336.000
RESULT,current,SPOT,tcp,64,latency_p99,388.000
RESULT,current,SPOT,tcp,64,cpu_pct,8.561
RESULT,current,SPOT,tcp,64,mem_mb,11.355
RESULT,current,SPOT,tcp,256,throughput,786779.000
RESULT,current,SPOT,tcp,256,bandwidth,201.420
RESULT,current,SPOT,tcp,256,latency,516.090
RESULT,current,SPOT,tcp,256,latency_p95,780.000
RESULT,current,SPOT,tcp,256,latency_p99,883.000
RESULT,current,SPOT,tcp,256,cpu_pct,7.154
RESULT,current,SPOT,tcp,256,mem_mb,11.094
RESULT,current,SPOT,tcp,1024,throughput,609786.800
RESULT,current,SPOT,tcp,1024,bandwidth,624.420
RESULT,current,SPOT,tcp,1024,latency,747.340
RESULT,current,SPOT,tcp,1024,latency_p95,1013.000
RESULT,current,SPOT,tcp,1024,latency_p99,1115.000
RESULT,current,SPOT,tcp,1024,cpu_pct,7.314
RESULT,current,SPOT,tcp,1024,mem_mb,11.719
RESULT,current,SPOT,tcp,65536,throughput,80148.400
RESULT,current,SPOT,tcp,65536,bandwidth,5252.610
RESULT,current,SPOT,tcp,65536,latency,6573.970
RESULT,current,SPOT,tcp,65536,latency_p95,8169.000
RESULT,current,SPOT,tcp,65536,latency_p99,8617.000
RESULT,current,SPOT,tcp,65536,cpu_pct,7.593
RESULT,current,SPOT,tcp,65536,mem_mb,13.152
RESULT,current,SPOT,tcp,131072,throughput,43391.800
RESULT,current,SPOT,tcp,131072,bandwidth,5687.450
RESULT,current,SPOT,tcp,131072,latency,11933.240
RESULT,current,SPOT,tcp,131072,latency_p95,14589.000
RESULT,current,SPOT,tcp,131072,latency_p99,15176.000
RESULT,current,SPOT,tcp,131072,cpu_pct,7.315
RESULT,current,SPOT,tcp,131072,mem_mb,14.031
RESULT,current,SPOT,tcp,262144,throughput,24809.800
RESULT,current,SPOT,tcp,262144,bandwidth,6503.740
RESULT,current,SPOT,tcp,262144,latency,20508.350
RESULT,current,SPOT,tcp,262144,latency_p95,24851.000
RESULT,current,SPOT,tcp,262144,latency_p99,25533.000
RESULT,current,SPOT,tcp,262144,cpu_pct,6.623
RESULT,current,SPOT,tcp,262144,mem_mb,16.777
RESULT,current,SPOT,tls,64,throughput,1489666.400
RESULT,current,SPOT,tls,64,bandwidth,95.340
RESULT,current,SPOT,tls,64,latency,397.140
RESULT,current,SPOT,tls,64,latency_p95,484.000
RESULT,current,SPOT,tls,64,latency_p99,540.000
RESULT,current,SPOT,tls,64,cpu_pct,8.108
RESULT,current,SPOT,tls,64,mem_mb,15.156
RESULT,current,SPOT,tls,256,throughput,703334.200
RESULT,current,SPOT,tls,256,bandwidth,180.050
RESULT,current,SPOT,tls,256,latency,598.080
RESULT,current,SPOT,tls,256,latency_p95,903.000
RESULT,current,SPOT,tls,256,latency_p99,1035.000
RESULT,current,SPOT,tls,256,cpu_pct,6.670
RESULT,current,SPOT,tls,256,mem_mb,15.000
RESULT,current,SPOT,tls,1024,throughput,469462.400
RESULT,current,SPOT,tls,1024,bandwidth,480.730
RESULT,current,SPOT,tls,1024,latency,1053.000
RESULT,current,SPOT,tls,1024,latency_p95,1379.000
RESULT,current,SPOT,tls,1024,latency_p99,1488.000
RESULT,current,SPOT,tls,1024,cpu_pct,6.925
RESULT,current,SPOT,tls,1024,mem_mb,16.406
RESULT,current,SPOT,tls,65536,throughput,20889.600
RESULT,current,SPOT,tls,65536,bandwidth,1369.020
RESULT,current,SPOT,tls,65536,latency,27005.250
RESULT,current,SPOT,tls,65536,latency_p95,34707.000
RESULT,current,SPOT,tls,65536,latency_p99,35818.530
RESULT,current,SPOT,tls,65536,cpu_pct,6.849
RESULT,current,SPOT,tls,65536,mem_mb,16.027
RESULT,current,SPOT,tls,131072,throughput,11596.800
RESULT,current,SPOT,tls,131072,bandwidth,1520.020
RESULT,current,SPOT,tls,131072,latency,48253.910
RESULT,current,SPOT,tls,131072,latency_p95,61997.850
RESULT,current,SPOT,tls,131072,latency_p99,64196.340
RESULT,current,SPOT,tls,131072,cpu_pct,6.605
RESULT,current,SPOT,tls,131072,mem_mb,15.848
RESULT,current,SPOT,tls,262144,throughput,6220.800
RESULT,current,SPOT,tls,262144,bandwidth,1630.750
RESULT,current,SPOT,tls,262144,latency,90192.070
RESULT,current,SPOT,tls,262144,latency_p95,116638.700
RESULT,current,SPOT,tls,262144,latency_p99,119942.970
RESULT,current,SPOT,tls,262144,cpu_pct,5.740
RESULT,current,SPOT,tls,262144,mem_mb,22.555
RESULT,current,SPOT,ws,64,throughput,1249847.600
RESULT,current,SPOT,ws,64,bandwidth,79.990
RESULT,current,SPOT,ws,64,latency,141402.620
RESULT,current,SPOT,ws,64,latency_p95,158395.000
RESULT,current,SPOT,ws,64,latency_p99,163095.040
RESULT,current,SPOT,ws,64,cpu_pct,8.819
RESULT,current,SPOT,ws,64,mem_mb,12.812
RESULT,current,SPOT,ws,256,throughput,745692.600
RESULT,current,SPOT,ws,256,bandwidth,190.900
RESULT,current,SPOT,ws,256,latency,32552.870
RESULT,current,SPOT,ws,256,latency_p95,36284.000
RESULT,current,SPOT,ws,256,latency_p99,37515.000
RESULT,current,SPOT,ws,256,cpu_pct,7.284
RESULT,current,SPOT,ws,256,mem_mb,12.344
RESULT,current,SPOT,ws,1024,throughput,518246.000
RESULT,current,SPOT,ws,1024,bandwidth,530.680
RESULT,current,SPOT,ws,1024,latency,28506.040
RESULT,current,SPOT,ws,1024,latency_p95,30788.000
RESULT,current,SPOT,ws,1024,latency_p99,31892.010
RESULT,current,SPOT,ws,1024,cpu_pct,7.386
RESULT,current,SPOT,ws,1024,mem_mb,14.062
RESULT,current,SPOT,ws,65536,throughput,40512.400
RESULT,current,SPOT,ws,65536,bandwidth,2655.020
RESULT,current,SPOT,ws,65536,latency,19745.360
RESULT,current,SPOT,ws,65536,latency_p95,23398.000
RESULT,current,SPOT,ws,65536,latency_p99,24052.000
RESULT,current,SPOT,ws,65536,cpu_pct,7.454
RESULT,current,SPOT,ws,65536,mem_mb,13.211
RESULT,current,SPOT,ws,131072,throughput,25746.400
RESULT,current,SPOT,ws,131072,bandwidth,3374.630
RESULT,current,SPOT,ws,131072,latency,24733.060
RESULT,current,SPOT,ws,131072,latency_p95,30399.000
RESULT,current,SPOT,ws,131072,latency_p99,31653.690
RESULT,current,SPOT,ws,131072,cpu_pct,7.265
RESULT,current,SPOT,ws,131072,mem_mb,13.523
RESULT,current,SPOT,ws,262144,throughput,18738.600
RESULT,current,SPOT,ws,262144,bandwidth,4912.210
RESULT,current,SPOT,ws,262144,latency,27937.490
RESULT,current,SPOT,ws,262144,latency_p95,34594.000
RESULT,current,SPOT,ws,262144,latency_p99,35875.080
RESULT,current,SPOT,ws,262144,cpu_pct,6.524
RESULT,current,SPOT,ws,262144,mem_mb,17.484
RESULT,current,SPOT,wss,64,throughput,1315149.000
RESULT,current,SPOT,wss,64,bandwidth,84.170
RESULT,current,SPOT,wss,64,latency,161161.590
RESULT,current,SPOT,wss,64,latency_p95,189544.000
RESULT,current,SPOT,wss,64,latency_p99,191934.040
RESULT,current,SPOT,wss,64,cpu_pct,6.501
RESULT,current,SPOT,wss,64,mem_mb,17.031
RESULT,current,SPOT,wss,256,throughput,630680.400
RESULT,current,SPOT,wss,256,bandwidth,161.450
RESULT,current,SPOT,wss,256,latency,87433.960
RESULT,current,SPOT,wss,256,latency_p95,100647.000
RESULT,current,SPOT,wss,256,latency_p99,103047.000
RESULT,current,SPOT,wss,256,cpu_pct,5.196
RESULT,current,SPOT,wss,256,mem_mb,17.031
RESULT,current,SPOT,wss,1024,throughput,347135.600
RESULT,current,SPOT,wss,1024,bandwidth,355.470
RESULT,current,SPOT,wss,1024,latency,45524.870
RESULT,current,SPOT,wss,1024,latency_p95,50457.000
RESULT,current,SPOT,wss,1024,latency_p99,51798.000
RESULT,current,SPOT,wss,1024,cpu_pct,5.385
RESULT,current,SPOT,wss,1024,mem_mb,18.125
RESULT,current,SPOT,wss,65536,throughput,16434.800
RESULT,current,SPOT,wss,65536,bandwidth,1077.070
RESULT,current,SPOT,wss,65536,latency,44234.800
RESULT,current,SPOT,wss,65536,latency_p95,55127.000
RESULT,current,SPOT,wss,65536,latency_p99,56548.000
RESULT,current,SPOT,wss,65536,cpu_pct,5.386
RESULT,current,SPOT,wss,65536,mem_mb,20.336
RESULT,current,SPOT,wss,131072,throughput,9753.200
RESULT,current,SPOT,wss,131072,bandwidth,1278.370
RESULT,current,SPOT,wss,131072,latency,65006.060
RESULT,current,SPOT,wss,131072,latency_p95,81974.500
RESULT,current,SPOT,wss,131072,latency_p99,84953.450
RESULT,current,SPOT,wss,131072,cpu_pct,5.228
RESULT,current,SPOT,wss,131072,mem_mb,19.668
RESULT,current,SPOT,wss,262144,throughput,5375.800
RESULT,current,SPOT,wss,262144,bandwidth,1409.230
RESULT,current,SPOT,wss,262144,latency,111343.500
RESULT,current,SPOT,wss,262144,latency_p95,142361.100
RESULT,current,SPOT,wss,262144,latency_p99,146694.320
RESULT,current,SPOT,wss,262144,cpu_pct,4.593
RESULT,current,SPOT,wss,262144,mem_mb,35.359

## Completion
- status: complete
- expected_result_lines: 120
- actual_result_lines: 120

Saved result file: /home/hep7/project/kairos/zlink/core/perf/results/single/report/perf_linux_callback_20260324_184508_spot-single-20260324f.txt (status=complete)
Total benchmark time: 5m 36s (336s, exit=0)
