Reusing build directory: /home/hep7/project/kairos/zlink/core/build
Using CMake source directory: /home/hep7/project/kairos/zlink

## Effective Options (runner)
- patterns: SPOT
- build_dir: /home/hep7/project/kairos/zlink/core/build
- build_mode: reuse
- reuse_build: 1
- clean_build: 0
- runs: 1
- recv_mode: callback
- duration_seconds: 5
- warmup_seconds: 2
- hwm: default(binary)
- send_hwm: default(binary)
- recv_hwm: default(binary)
- sndbuf: default(os)
- rcvbuf: default(os)
- sndtimeo_ms: 200
- rcvtimeo_ms: 200
- pin_cpu: 0
- io_threads: default(binary=1)
- msg_sizes: 64,256,1024,65536,131072,262144
- transports: tcp,tls,ws,wss
- results_dir: /home/hep7/project/kairos/zlink/core/perf/results
- results_tag: spot-single-20260324d
- result_file: /home/hep7/project/kairos/zlink/core/perf/results/single/report/perf_linux_callback_20260324_180028_spot-single-20260324d.txt
- output_file: none
- comparison_script: /home/hep7/project/kairos/zlink/core/perf/single/run_comparison.py
- python: python3

## Effective Env (runner)
- PYTHONUNBUFFERED: 1
- PERF_RECV_MODE: callback
- PERF_MSG_SIZES: 64,256,1024,65536,131072,262144
- PERF_TRANSPORTS: tcp,tls,ws,wss
- PERF_SINGLE_DURATION_SECONDS: 5
- PERF_SINGLE_WARMUP_SECONDS: 2
- PERF_SINGLE_SNDTIMEO_MS: 200
- PERF_SINGLE_RCVTIMEO_MS: 200
- PERF_NO_AUTOBUILD: 1


## Effective Options (start)
- runs: 1
- recv_mode: callback
- duration_seconds: 5
- timeout_seconds: 45
- io_threads: 1
- hwm: 1000
- sndhwm: 1000
- rcvhwm: 1000
- sndtimeo_ms: 200
- rcvtimeo_ms: 200
- patterns: SPOT
- transports: tcp,tls,ws,wss
- msg_sizes: 64,256,1024,65536,131072,262144
## PATTERN: SPOT (one-way)
  > Benchmarking current for SPOT...
    Testing tcp:
      | Size     |       Throughput |    Bandwidth |  Lat.Mean(ms) |   Lat.P95(ms) |   Lat.P99(ms) | CPU% | Mem MB | Q.Snd.Max | Q.Rcv.Max | Q.Rcv.End |
      |----------|------------------|--------------|--------------|--------------|--------------|------|--------|-----------|-----------|-----------|
      | 64B      |   1532.53 Kmsg/s |    98.08 MB/s |      0.24 ms |      0.39 ms |      0.45 ms |  9.3 |   10.9 |       N/A |       N/A |       N/A |
      | 256B     |    787.58 Kmsg/s |   201.62 MB/s |      0.51 ms |      0.77 ms |      0.86 ms |  7.2 |   10.2 |       N/A |       N/A |       N/A |
      | 1024B    |    617.93 Kmsg/s |   632.76 MB/s |      0.73 ms |      0.98 ms |      1.08 ms |  7.5 |   11.7 |       N/A |       N/A |       N/A |
      | 65536B   |     76.90 Kmsg/s |  5039.78 MB/s |      6.85 ms |      8.51 ms |      8.96 ms |  7.6 |   14.0 |       N/A |       N/A |       N/A |
      | 131072B  |     42.99 Kmsg/s |  5634.18 MB/s |     11.97 ms |     14.66 ms |     15.18 ms |  7.3 |   14.4 |       N/A |       N/A |       N/A |
      | 262144B  |     24.35 Kmsg/s |  6382.00 MB/s |     20.91 ms |     25.36 ms |     26.11 ms |  6.6 |   16.2 |       N/A |       N/A |       N/A |
    Testing tcp: Done
    Testing tls:
      | Size     |       Throughput |    Bandwidth |  Lat.Mean(ms) |   Lat.P95(ms) |   Lat.P99(ms) | CPU% | Mem MB | Q.Snd.Max | Q.Rcv.Max | Q.Rcv.End |
      |----------|------------------|--------------|--------------|--------------|--------------|------|--------|-----------|-----------|-----------|
      | 64B      |   1485.03 Kmsg/s |    95.04 MB/s |      0.40 ms |      0.48 ms |      0.54 ms |  8.3 |   14.2 |       N/A |       N/A |       N/A |
      | 256B     |    697.88 Kmsg/s |   178.66 MB/s |      0.61 ms |      0.91 ms |      1.05 ms |  6.7 |   14.4 |       N/A |       N/A |       N/A |
      | 1024B    |    446.36 Kmsg/s |   457.07 MB/s |      1.10 ms |      1.47 ms |      1.61 ms |  6.7 |   16.2 |       N/A |       N/A |       N/A |
      | 65536B   |     20.95 Kmsg/s |  1372.91 MB/s |     26.92 ms |     34.57 ms |     35.77 ms |  6.8 |   15.1 |       N/A |       N/A |       N/A |
      | 131072B  |     11.67 Kmsg/s |  1530.08 MB/s |     47.06 ms |     61.64 ms |     63.15 ms |  6.6 |   17.2 |       N/A |       N/A |       N/A |
      | 262144B  |      6.30 Kmsg/s |  1650.88 MB/s |     89.54 ms |    115.79 ms |    118.52 ms |  5.8 |   22.0 |       N/A |       N/A |       N/A |
    Testing tls: Done
    Testing ws:
      | Size     |       Throughput |    Bandwidth |  Lat.Mean(ms) |   Lat.P95(ms) |   Lat.P99(ms) | CPU% | Mem MB | Q.Snd.Max | Q.Rcv.Max | Q.Rcv.End |
      |----------|------------------|--------------|--------------|--------------|--------------|------|--------|-----------|-----------|-----------|
      | 64B      |   1245.77 Kmsg/s |    79.73 MB/s |    141.89 ms |    179.45 ms |    182.79 ms |  8.9 |   12.2 |       N/A |       N/A |       N/A |
      | 256B     |    762.09 Kmsg/s |   195.09 MB/s |     70.59 ms |     78.45 ms |     80.67 ms |  7.4 |   11.0 |       N/A |       N/A |       N/A |
      | 1024B    |    500.81 Kmsg/s |   512.83 MB/s |     29.13 ms |     31.15 ms |     32.02 ms |  7.4 |   13.3 |       N/A |       N/A |       N/A |
      | 65536B   |     41.47 Kmsg/s |  2717.90 MB/s |     18.03 ms |     21.59 ms |     22.19 ms |  7.5 |   13.9 |       N/A |       N/A |       N/A |
      | 131072B  |     26.34 Kmsg/s |  3452.65 MB/s |     24.40 ms |     29.80 ms |     31.00 ms |  7.3 |   15.0 |       N/A |       N/A |       N/A |
      | 262144B  |     18.76 Kmsg/s |  4918.66 MB/s |     27.85 ms |     34.46 ms |     35.60 ms |  6.4 |   17.0 |       N/A |       N/A |       N/A |
    Testing ws: Done
    Testing wss:
      | Size     |       Throughput |    Bandwidth |  Lat.Mean(ms) |   Lat.P95(ms) |   Lat.P99(ms) | CPU% | Mem MB | Q.Snd.Max | Q.Rcv.Max | Q.Rcv.End |
      |----------|------------------|--------------|--------------|--------------|--------------|------|--------|-----------|-----------|-----------|
      | 64B      |   1226.44 Kmsg/s |    78.49 MB/s |    110.58 ms |    126.78 ms |    128.55 ms |  6.5 |   15.9 |       N/A |       N/A |       N/A |
      | 256B     |    641.09 Kmsg/s |   164.12 MB/s |     86.27 ms |     98.70 ms |    100.81 ms |  5.3 |   16.4 |       N/A |       N/A |       N/A |
      | 1024B    |    357.26 Kmsg/s |   365.84 MB/s |     42.72 ms |     46.92 ms |     47.93 ms |  5.4 |   19.2 |       N/A |       N/A |       N/A |
      | 65536B   |     16.20 Kmsg/s |  1061.98 MB/s |     45.56 ms |     55.92 ms |     57.86 ms |  5.4 |   16.8 |       N/A |       N/A |       N/A |
      | 131072B  |      9.83 Kmsg/s |  1288.46 MB/s |     64.54 ms |     81.20 ms |     83.35 ms |  5.2 |   18.2 |       N/A |       N/A |       N/A |
      | 262144B  |      5.45 Kmsg/s |  1429.37 MB/s |    104.41 ms |    141.32 ms |    145.27 ms |  4.6 |   34.8 |       N/A |       N/A |       N/A |
    Testing wss: Done

## Effective Options (result)
- runs: 1
- recv_mode: callback
- duration_seconds: 5
- timeout_seconds: 45
- io_threads: 1
- hwm: 1000
- sndhwm: 1000
- rcvhwm: 1000
- sndtimeo_ms: 200
- rcvtimeo_ms: 200
- patterns: SPOT
- transports: tcp,tls,ws,wss
- msg_sizes: 64,256,1024,65536,131072,262144

## Result Data
RESULT,current,SPOT,tcp,64,throughput,1532530.000
RESULT,current,SPOT,tcp,64,bandwidth,98.080
RESULT,current,SPOT,tcp,64,latency,240.170
RESULT,current,SPOT,tcp,64,latency_p95,392.000
RESULT,current,SPOT,tcp,64,latency_p99,446.000
RESULT,current,SPOT,tcp,64,cpu_pct,9.253
RESULT,current,SPOT,tcp,64,mem_mb,10.938
RESULT,current,SPOT,tcp,256,throughput,787583.800
RESULT,current,SPOT,tcp,256,bandwidth,201.620
RESULT,current,SPOT,tcp,256,latency,509.790
RESULT,current,SPOT,tcp,256,latency_p95,767.000
RESULT,current,SPOT,tcp,256,latency_p99,864.000
RESULT,current,SPOT,tcp,256,cpu_pct,7.165
RESULT,current,SPOT,tcp,256,mem_mb,10.156
RESULT,current,SPOT,tcp,1024,throughput,617932.800
RESULT,current,SPOT,tcp,1024,bandwidth,632.760
RESULT,current,SPOT,tcp,1024,latency,726.640
RESULT,current,SPOT,tcp,1024,latency_p95,983.000
RESULT,current,SPOT,tcp,1024,latency_p99,1083.000
RESULT,current,SPOT,tcp,1024,cpu_pct,7.456
RESULT,current,SPOT,tcp,1024,mem_mb,11.719
RESULT,current,SPOT,tcp,65536,throughput,76901.000
RESULT,current,SPOT,tcp,65536,bandwidth,5039.780
RESULT,current,SPOT,tcp,65536,latency,6854.850
RESULT,current,SPOT,tcp,65536,latency_p95,8514.000
RESULT,current,SPOT,tcp,65536,latency_p99,8957.000
RESULT,current,SPOT,tcp,65536,cpu_pct,7.642
RESULT,current,SPOT,tcp,65536,mem_mb,14.035
RESULT,current,SPOT,tcp,131072,throughput,42985.400
RESULT,current,SPOT,tcp,131072,bandwidth,5634.180
RESULT,current,SPOT,tcp,131072,latency,11969.870
RESULT,current,SPOT,tcp,131072,latency_p95,14664.000
RESULT,current,SPOT,tcp,131072,latency_p99,15178.000
RESULT,current,SPOT,tcp,131072,cpu_pct,7.312
RESULT,current,SPOT,tcp,131072,mem_mb,14.395
RESULT,current,SPOT,tcp,262144,throughput,24345.400
RESULT,current,SPOT,tcp,262144,bandwidth,6382.000
RESULT,current,SPOT,tcp,262144,latency,20912.460
RESULT,current,SPOT,tcp,262144,latency_p95,25362.000
RESULT,current,SPOT,tcp,262144,latency_p99,26113.000
RESULT,current,SPOT,tcp,262144,cpu_pct,6.576
RESULT,current,SPOT,tcp,262144,mem_mb,16.172
RESULT,current,SPOT,tls,64,throughput,1485025.200
RESULT,current,SPOT,tls,64,bandwidth,95.040
RESULT,current,SPOT,tls,64,latency,399.490
RESULT,current,SPOT,tls,64,latency_p95,484.000
RESULT,current,SPOT,tls,64,latency_p99,536.000
RESULT,current,SPOT,tls,64,cpu_pct,8.311
RESULT,current,SPOT,tls,64,mem_mb,14.219
RESULT,current,SPOT,tls,256,throughput,697881.400
RESULT,current,SPOT,tls,256,bandwidth,178.660
RESULT,current,SPOT,tls,256,latency,608.160
RESULT,current,SPOT,tls,256,latency_p95,909.000
RESULT,current,SPOT,tls,256,latency_p99,1047.000
RESULT,current,SPOT,tls,256,cpu_pct,6.653
RESULT,current,SPOT,tls,256,mem_mb,14.375
RESULT,current,SPOT,tls,1024,throughput,446361.400
RESULT,current,SPOT,tls,1024,bandwidth,457.070
RESULT,current,SPOT,tls,1024,latency,1100.260
RESULT,current,SPOT,tls,1024,latency_p95,1473.000
RESULT,current,SPOT,tls,1024,latency_p99,1612.000
RESULT,current,SPOT,tls,1024,cpu_pct,6.701
RESULT,current,SPOT,tls,1024,mem_mb,16.250
RESULT,current,SPOT,tls,65536,throughput,20949.000
RESULT,current,SPOT,tls,65536,bandwidth,1372.910
RESULT,current,SPOT,tls,65536,latency,26918.380
RESULT,current,SPOT,tls,65536,latency_p95,34567.000
RESULT,current,SPOT,tls,65536,latency_p99,35775.000
RESULT,current,SPOT,tls,65536,cpu_pct,6.849
RESULT,current,SPOT,tls,65536,mem_mb,15.078
RESULT,current,SPOT,tls,131072,throughput,11673.600
RESULT,current,SPOT,tls,131072,bandwidth,1530.080
RESULT,current,SPOT,tls,131072,latency,47063.340
RESULT,current,SPOT,tls,131072,latency_p95,61643.000
RESULT,current,SPOT,tls,131072,latency_p99,63146.660
RESULT,current,SPOT,tls,131072,cpu_pct,6.565
RESULT,current,SPOT,tls,131072,mem_mb,17.156
RESULT,current,SPOT,tls,262144,throughput,6297.600
RESULT,current,SPOT,tls,262144,bandwidth,1650.880
RESULT,current,SPOT,tls,262144,latency,89535.260
RESULT,current,SPOT,tls,262144,latency_p95,115787.550
RESULT,current,SPOT,tls,262144,latency_p99,118519.130
RESULT,current,SPOT,tls,262144,cpu_pct,5.783
RESULT,current,SPOT,tls,262144,mem_mb,21.980
RESULT,current,SPOT,ws,64,throughput,1245767.400
RESULT,current,SPOT,ws,64,bandwidth,79.730
RESULT,current,SPOT,ws,64,latency,141885.540
RESULT,current,SPOT,ws,64,latency_p95,179454.000
RESULT,current,SPOT,ws,64,latency_p99,182790.010
RESULT,current,SPOT,ws,64,cpu_pct,8.886
RESULT,current,SPOT,ws,64,mem_mb,12.188
RESULT,current,SPOT,ws,256,throughput,762085.400
RESULT,current,SPOT,ws,256,bandwidth,195.090
RESULT,current,SPOT,ws,256,latency,70585.330
RESULT,current,SPOT,ws,256,latency_p95,78455.000
RESULT,current,SPOT,ws,256,latency_p99,80671.010
RESULT,current,SPOT,ws,256,cpu_pct,7.402
RESULT,current,SPOT,ws,256,mem_mb,10.969
RESULT,current,SPOT,ws,1024,throughput,500812.400
RESULT,current,SPOT,ws,1024,bandwidth,512.830
RESULT,current,SPOT,ws,1024,latency,29125.080
RESULT,current,SPOT,ws,1024,latency_p95,31148.000
RESULT,current,SPOT,ws,1024,latency_p99,32016.000
RESULT,current,SPOT,ws,1024,cpu_pct,7.390
RESULT,current,SPOT,ws,1024,mem_mb,13.281
RESULT,current,SPOT,ws,65536,throughput,41471.800
RESULT,current,SPOT,ws,65536,bandwidth,2717.900
RESULT,current,SPOT,ws,65536,latency,18025.040
RESULT,current,SPOT,ws,65536,latency_p95,21586.000
RESULT,current,SPOT,ws,65536,latency_p99,22191.010
RESULT,current,SPOT,ws,65536,cpu_pct,7.496
RESULT,current,SPOT,ws,65536,mem_mb,13.922
RESULT,current,SPOT,ws,131072,throughput,26341.600
RESULT,current,SPOT,ws,131072,bandwidth,3452.650
RESULT,current,SPOT,ws,131072,latency,24395.820
RESULT,current,SPOT,ws,131072,latency_p95,29796.000
RESULT,current,SPOT,ws,131072,latency_p99,30996.000
RESULT,current,SPOT,ws,131072,cpu_pct,7.284
RESULT,current,SPOT,ws,131072,mem_mb,15.043
RESULT,current,SPOT,ws,262144,throughput,18763.200
RESULT,current,SPOT,ws,262144,bandwidth,4918.660
RESULT,current,SPOT,ws,262144,latency,27852.410
RESULT,current,SPOT,ws,262144,latency_p95,34462.250
RESULT,current,SPOT,ws,262144,latency_p99,35602.000
RESULT,current,SPOT,ws,262144,cpu_pct,6.448
RESULT,current,SPOT,ws,262144,mem_mb,16.980
RESULT,current,SPOT,wss,64,throughput,1226437.400
RESULT,current,SPOT,wss,64,bandwidth,78.490
RESULT,current,SPOT,wss,64,latency,110583.530
RESULT,current,SPOT,wss,64,latency_p95,126785.000
RESULT,current,SPOT,wss,64,latency_p99,128552.000
RESULT,current,SPOT,wss,64,cpu_pct,6.545
RESULT,current,SPOT,wss,64,mem_mb,15.938
RESULT,current,SPOT,wss,256,throughput,641094.800
RESULT,current,SPOT,wss,256,bandwidth,164.120
RESULT,current,SPOT,wss,256,latency,86265.210
RESULT,current,SPOT,wss,256,latency_p95,98703.050
RESULT,current,SPOT,wss,256,latency_p99,100809.000
RESULT,current,SPOT,wss,256,cpu_pct,5.287
RESULT,current,SPOT,wss,256,mem_mb,16.406
RESULT,current,SPOT,wss,1024,throughput,357261.400
RESULT,current,SPOT,wss,1024,bandwidth,365.840
RESULT,current,SPOT,wss,1024,latency,42722.050
RESULT,current,SPOT,wss,1024,latency_p95,46920.000
RESULT,current,SPOT,wss,1024,latency_p99,47932.000
RESULT,current,SPOT,wss,1024,cpu_pct,5.405
RESULT,current,SPOT,wss,1024,mem_mb,19.219
RESULT,current,SPOT,wss,65536,throughput,16204.600
RESULT,current,SPOT,wss,65536,bandwidth,1061.980
RESULT,current,SPOT,wss,65536,latency,45562.850
RESULT,current,SPOT,wss,65536,latency_p95,55920.900
RESULT,current,SPOT,wss,65536,latency_p99,57862.000
RESULT,current,SPOT,wss,65536,cpu_pct,5.351
RESULT,current,SPOT,wss,65536,mem_mb,16.770
RESULT,current,SPOT,wss,131072,throughput,9830.200
RESULT,current,SPOT,wss,131072,bandwidth,1288.460
RESULT,current,SPOT,wss,131072,latency,64540.400
RESULT,current,SPOT,wss,131072,latency_p95,81197.500
RESULT,current,SPOT,wss,131072,latency_p99,83347.500
RESULT,current,SPOT,wss,131072,cpu_pct,5.222
RESULT,current,SPOT,wss,131072,mem_mb,18.238
RESULT,current,SPOT,wss,262144,throughput,5452.600
RESULT,current,SPOT,wss,262144,bandwidth,1429.370
RESULT,current,SPOT,wss,262144,latency,104408.780
RESULT,current,SPOT,wss,262144,latency_p95,141317.900
RESULT,current,SPOT,wss,262144,latency_p99,145273.760
RESULT,current,SPOT,wss,262144,cpu_pct,4.576
RESULT,current,SPOT,wss,262144,mem_mb,34.840

## Completion
- status: complete
- expected_result_lines: 120
- actual_result_lines: 120

Saved result file: /home/hep7/project/kairos/zlink/core/perf/results/single/report/perf_linux_callback_20260324_180028_spot-single-20260324d.txt (status=complete)
Total benchmark time: 5m 36s (336s, exit=0)
