=== Running multi benchmark: MULTI_SPOT ===
    warmup=1s duration=1s
    recv_mode=recv
Reusing build directory: /home/hep7/project/kairos/zlink/core/build
Using CMake source directory: /home/hep7/project/kairos/zlink

## Effective Options (runner)
- patterns: MULTI_SPOT
- build_dir: /home/hep7/project/kairos/zlink/core/build
- build_mode: reuse
- reuse_build: 1
- clean_build: 0
- runs: 1
- recv_mode: recv
- duration_seconds: 1
- warmup_seconds: 1
- hwm: default(binary)
- send_hwm: default(binary)
- recv_hwm: default(binary)
- sndbuf: default(os)
- rcvbuf: default(os)
- sndtimeo_ms: 200
- rcvtimeo_ms: 200
- pin_cpu: 0
- io_threads: default(policy)
- msg_sizes: 64,256,1024,262144
- transports: wss
- results_dir: /home/hep7/project/kairos/zlink/core/perf/results
- results_tag: spot-multi-wss-policy-20260324
- result_file: /home/hep7/project/kairos/zlink/core/perf/results/multi/report/perf_linux_recv_20260324_190435_spot-multi-wss-policy-20260324.txt
- output_file: none
- comparison_script: /home/hep7/project/kairos/zlink/core/perf/run_comparison.py
- python: python3

## Effective Env (runner)
- PYTHONUNBUFFERED: 1
- PERF_RECV_MODE: recv
- PERF_MSG_SIZES: 64,256,1024,262144
- PERF_TRANSPORTS: wss
- PERF_NO_AUTOBUILD: 1
- PERF_DISABLE_RESOURCE_METRICS: 0

META,os,Linux 6.6.87.2-microsoft-standard-WSL2
META,cpu,Intel(R) Core(TM) Ultra 7 265K
META,cores,20
META,build,Release
META,commit,45bdf7dc
META,timestamp,2026-03-24T19:04:35+09:00
META,load_avg,3.28 3.27 3.17
META,runs,1
META,clients,100

## Effective Options (start)
- runs: 1
- recv_mode: recv
- patterns: MULTI_SPOT
- transports: wss
- msg_sizes: 64,256,1024,262144
- warmup_seconds: 1
- active_warmup: 0
- duration_seconds: 1
- clients: 100
- default_clients: 100
- default_stream_clients: 10000
- service_clients: auto
- server_io_threads: 4 (default)
- client_io_threads: 4 (default)
- hwm: 100 (default)
- sndhwm: 100 (default)
- rcvhwm: 100 (default)
- sndbuf: default(os)
- rcvbuf: default(os)
- sndtimeo_ms: 200
- rcvtimeo_ms: 200
- connect_concurrency: 128 (default)
- settle_ms: 500
- connect_ready_timeout_ms: 5000
- monitor_hwm: 1000
- server_ready_timeout_ms: 10000
- server_shutdown_timeout_ms: 5000
- server_bind_port: 0
- transport_transition_ms: 3000
- pattern_transition_ms: 3000
- lat_timeout_ms: 5000
- stream_non_tcp_clients_max: 10000
- disable_resource_metrics: 0
- timeout_seconds: auto
## PATTERN: MULTI_SPOT (one-way)
  > Benchmarking current for MULTI_SPOT...
    Testing wss | 64B,256B,1024B,262144B:
      | Size     |         Throughput |      Bandwidth |  Lat.Mean(ms) |   Lat.P95(ms) |   Lat.P99(ms) |  S.CPU% | S.Mem MB | Q.Snd.Max | Q.Rcv.Max | Q.Rcv.End |
      |----------|--------------------|----------------|---------------|---------------|---------------|---------|----------|-----------|-----------|-----------|
      | 64B      |  1674.864 Kmsg/s |    107.191 MB/s |    99.428 ms |   400.070 ms |   708.960 ms |  5.599 |   58.281 |         0 |         0 |         0 |
      | 256B     |  1585.162 Kmsg/s |    405.801 MB/s |   122.158 ms |   325.802 ms |   520.553 ms |  5.380 |   63.440 |         0 |         0 |         0 |
      | 1024B    |   615.780 Kmsg/s |    630.559 MB/s |   128.570 ms |   174.013 ms |   180.049 ms |  5.667 |   87.258 |         0 |         0 |         0 |
      | 262144B  |     6.218 Kmsg/s |   1630.011 MB/s |   204.286 ms |   306.706 ms |   324.486 ms |  4.942 |  590.445 |         0 |         0 |         0 |
    Testing wss: Done

## Effective Options (result)
- runs: 1
- recv_mode: recv
- patterns: MULTI_SPOT
- transports: wss
- msg_sizes: 64,256,1024,262144
- warmup_seconds: 1
- active_warmup: 0
- duration_seconds: 1
- clients: 100
- default_clients: 100
- default_stream_clients: 10000
- service_clients: auto
- server_io_threads: 4 (default)
- client_io_threads: 4 (default)
- hwm: 100 (default)
- sndhwm: 100 (default)
- rcvhwm: 100 (default)
- sndbuf: default(os)
- rcvbuf: default(os)
- sndtimeo_ms: 200
- rcvtimeo_ms: 200
- connect_concurrency: 128 (default)
- settle_ms: 500
- connect_ready_timeout_ms: 5000
- monitor_hwm: 1000
- server_ready_timeout_ms: 10000
- server_shutdown_timeout_ms: 5000
- server_bind_port: 0
- transport_transition_ms: 3000
- pattern_transition_ms: 3000
- lat_timeout_ms: 5000
- stream_non_tcp_clients_max: 10000
- disable_resource_metrics: 0
- timeout_seconds: auto

## Result Data
RESULT,current,MULTI_SPOT,wss,64,bandwidth,107.191
RESULT,current,MULTI_SPOT,wss,64,latency,99428.126
RESULT,current,MULTI_SPOT,wss,64,latency_p95,400070.500
RESULT,current,MULTI_SPOT,wss,64,latency_p99,708960.300
RESULT,current,MULTI_SPOT,wss,64,server_cpu_pct,5.610
RESULT,current,MULTI_SPOT,wss,64,server_mem_mb,58.280
RESULT,current,MULTI_SPOT,wss,64,server_rcv_pending_end,0.000
RESULT,current,MULTI_SPOT,wss,64,server_rcv_pending_max,0.000
RESULT,current,MULTI_SPOT,wss,64,server_snd_pending_max,0.000
RESULT,current,MULTI_SPOT,wss,64,throughput,1674864.000
RESULT,current,MULTI_SPOT,wss,256,bandwidth,405.801
RESULT,current,MULTI_SPOT,wss,256,latency,122158.393
RESULT,current,MULTI_SPOT,wss,256,latency_p95,325801.750
RESULT,current,MULTI_SPOT,wss,256,latency_p99,520552.650
RESULT,current,MULTI_SPOT,wss,256,server_cpu_pct,5.380
RESULT,current,MULTI_SPOT,wss,256,server_mem_mb,63.440
RESULT,current,MULTI_SPOT,wss,256,server_rcv_pending_end,0.000
RESULT,current,MULTI_SPOT,wss,256,server_rcv_pending_max,0.000
RESULT,current,MULTI_SPOT,wss,256,server_snd_pending_max,0.000
RESULT,current,MULTI_SPOT,wss,256,throughput,1585162.000
RESULT,current,MULTI_SPOT,wss,1024,bandwidth,630.559
RESULT,current,MULTI_SPOT,wss,1024,latency,128570.384
RESULT,current,MULTI_SPOT,wss,1024,latency_p95,174012.850
RESULT,current,MULTI_SPOT,wss,1024,latency_p99,180049.140
RESULT,current,MULTI_SPOT,wss,1024,server_cpu_pct,5.680
RESULT,current,MULTI_SPOT,wss,1024,server_mem_mb,87.260
RESULT,current,MULTI_SPOT,wss,1024,server_rcv_pending_end,0.000
RESULT,current,MULTI_SPOT,wss,1024,server_rcv_pending_max,0.000
RESULT,current,MULTI_SPOT,wss,1024,server_snd_pending_max,0.000
RESULT,current,MULTI_SPOT,wss,1024,throughput,615780.000
RESULT,current,MULTI_SPOT,wss,262144,bandwidth,1630.011
RESULT,current,MULTI_SPOT,wss,262144,latency,204286.357
RESULT,current,MULTI_SPOT,wss,262144,latency_p95,306706.250
RESULT,current,MULTI_SPOT,wss,262144,latency_p99,324485.650
RESULT,current,MULTI_SPOT,wss,262144,server_cpu_pct,5.040
RESULT,current,MULTI_SPOT,wss,262144,server_mem_mb,590.600
RESULT,current,MULTI_SPOT,wss,262144,server_rcv_pending_end,0.000
RESULT,current,MULTI_SPOT,wss,262144,server_rcv_pending_max,0.000
RESULT,current,MULTI_SPOT,wss,262144,server_snd_pending_max,0.000
RESULT,current,MULTI_SPOT,wss,262144,throughput,6218.000

Saved result file: /home/hep7/project/kairos/zlink/core/perf/results/multi/report/perf_linux_recv_20260324_190435_spot-multi-wss-policy-20260324.txt (status=complete)

## Status Summary
- success: 4
- unsupported: 0
- skip: 0
- fail: 0
- expected result lines: 20
- actual result lines: 20
- status: complete
Total benchmark time: 27s (27s, exit=0)
