=== Running multi benchmark: MULTI_SPOT ===
    warmup=2s duration=5s
    recv_mode=recv
Reusing build directory: /home/hep7/project/kairos/zlink/core/build
Using CMake source directory: /home/hep7/project/kairos/zlink

## Effective Options (runner)
- patterns: MULTI_SPOT
- build_dir: /home/hep7/project/kairos/zlink/core/build
- build_mode: reuse
- reuse_build: 1
- clean_build: 0
- runs: 1
- recv_mode: recv
- duration_seconds: 5
- warmup_seconds: 2
- hwm: default(binary)
- send_hwm: default(binary)
- recv_hwm: default(binary)
- sndbuf: default(os)
- rcvbuf: default(os)
- sndtimeo_ms: 200
- rcvtimeo_ms: 200
- pin_cpu: 0
- io_threads: default(policy)
- msg_sizes: default(benchmark)
- transports: tls
- results_dir: /home/hep7/project/kairos/zlink/core/perf/results
- results_tag: spot-multi-tls-only-20260324
- result_file: /home/hep7/project/kairos/zlink/core/perf/results/multi/report/perf_linux_recv_20260324_190930_spot-multi-tls-only-20260324.txt
- output_file: none
- comparison_script: /home/hep7/project/kairos/zlink/core/perf/run_comparison.py
- python: python3

## Effective Env (runner)
- PYTHONUNBUFFERED: 1
- PERF_RECV_MODE: recv
- PERF_TRANSPORTS: tls
- PERF_NO_AUTOBUILD: 1
- PERF_DISABLE_RESOURCE_METRICS: 0

META,os,Linux 6.6.87.2-microsoft-standard-WSL2
META,cpu,Intel(R) Core(TM) Ultra 7 265K
META,cores,20
META,build,Release
META,commit,45bdf7dc
META,timestamp,2026-03-24T19:09:30+09:00
META,load_avg,3.62 5.22 4.15
META,runs,1
META,clients,100

## Effective Options (start)
- runs: 1
- recv_mode: recv
- patterns: MULTI_SPOT
- transports: tls
- msg_sizes: 64,256,1024,65536,131072,262144
- warmup_seconds: 2
- active_warmup: 0
- duration_seconds: 5
- clients: 100
- default_clients: 100
- default_stream_clients: 10000
- service_clients: auto
- server_io_threads: 4 (default)
- client_io_threads: 4 (default)
- hwm: 100 (default)
- sndhwm: 100 (default)
- rcvhwm: 100 (default)
- sndbuf: default(os)
- rcvbuf: default(os)
- sndtimeo_ms: 200
- rcvtimeo_ms: 200
- connect_concurrency: 128 (default)
- settle_ms: 500
- connect_ready_timeout_ms: 5000
- monitor_hwm: 1000
- server_ready_timeout_ms: 10000
- server_shutdown_timeout_ms: 5000
- server_bind_port: 0
- transport_transition_ms: 3000
- pattern_transition_ms: 3000
- lat_timeout_ms: 5000
- stream_non_tcp_clients_max: 10000
- disable_resource_metrics: 0
- timeout_seconds: auto
## PATTERN: MULTI_SPOT (one-way)
  > Benchmarking current for MULTI_SPOT...
    Testing tls | 64B,256B,1024B,65536B,131072B,262144B:
      | Size     |         Throughput |      Bandwidth |  Lat.Mean(ms) |   Lat.P95(ms) |   Lat.P99(ms) |  S.CPU% | S.Mem MB | Q.Snd.Max | Q.Rcv.Max | Q.Rcv.End |
      |----------|--------------------|----------------|---------------|---------------|---------------|---------|----------|-----------|-----------|-----------|
      | 64B      |  1494.859 Kmsg/s |     95.671 MB/s |    64.394 ms |   156.355 ms |  1242.571 ms | 12.950 |   61.100 |         0 |         0 |         0 |
      | 256B     |  3043.844 Kmsg/s |    779.224 MB/s |   561.012 ms |  2577.517 ms |  3423.282 ms | 12.721 |   73.797 |         0 |         0 |         0 |
      | 1024B    |  1216.206 Kmsg/s |   1245.395 MB/s |   574.331 ms |  2306.578 ms |  2688.256 ms | 12.917 |  120.047 |         0 |         0 |         0 |
      | 65536B   |    22.966 Kmsg/s |   1505.113 MB/s |  1212.164 ms |  3808.524 ms |  4094.884 ms | 11.011 |  560.570 |         0 |         0 |         0 |
      | 131072B  |     8.102 Kmsg/s |   1061.893 MB/s |   782.192 ms |  4303.367 ms |  4551.171 ms | 10.943 |  645.113 |         0 |         0 |         0 |
      | 262144B  |     8.261 Kmsg/s |   2165.467 MB/s |   211.934 ms |   321.524 ms |   359.103 ms | 13.219 |  808.227 |         0 |         0 |         0 |
    Testing tls: Done

## Effective Options (result)
- runs: 1
- recv_mode: recv
- patterns: MULTI_SPOT
- transports: tls
- msg_sizes: 64,256,1024,65536,131072,262144
- warmup_seconds: 2
- active_warmup: 0
- duration_seconds: 5
- clients: 100
- default_clients: 100
- default_stream_clients: 10000
- service_clients: auto
- server_io_threads: 4 (default)
- client_io_threads: 4 (default)
- hwm: 100 (default)
- sndhwm: 100 (default)
- rcvhwm: 100 (default)
- sndbuf: default(os)
- rcvbuf: default(os)
- sndtimeo_ms: 200
- rcvtimeo_ms: 200
- connect_concurrency: 128 (default)
- settle_ms: 500
- connect_ready_timeout_ms: 5000
- monitor_hwm: 1000
- server_ready_timeout_ms: 10000
- server_shutdown_timeout_ms: 5000
- server_bind_port: 0
- transport_transition_ms: 3000
- pattern_transition_ms: 3000
- lat_timeout_ms: 5000
- stream_non_tcp_clients_max: 10000
- disable_resource_metrics: 0
- timeout_seconds: auto

## Result Data
RESULT,current,MULTI_SPOT,tls,64,bandwidth,95.671
RESULT,current,MULTI_SPOT,tls,64,latency,64394.433
RESULT,current,MULTI_SPOT,tls,64,latency_p95,156355.000
RESULT,current,MULTI_SPOT,tls,64,latency_p99,1242571.170
RESULT,current,MULTI_SPOT,tls,64,server_cpu_pct,12.950
RESULT,current,MULTI_SPOT,tls,64,server_mem_mb,61.100
RESULT,current,MULTI_SPOT,tls,64,server_rcv_pending_end,0.000
RESULT,current,MULTI_SPOT,tls,64,server_rcv_pending_max,0.000
RESULT,current,MULTI_SPOT,tls,64,server_snd_pending_max,0.000
RESULT,current,MULTI_SPOT,tls,64,throughput,1494858.800
RESULT,current,MULTI_SPOT,tls,256,bandwidth,779.224
RESULT,current,MULTI_SPOT,tls,256,latency,561011.761
RESULT,current,MULTI_SPOT,tls,256,latency_p95,2577517.350
RESULT,current,MULTI_SPOT,tls,256,latency_p99,3423282.010
RESULT,current,MULTI_SPOT,tls,256,server_cpu_pct,12.740
RESULT,current,MULTI_SPOT,tls,256,server_mem_mb,73.800
RESULT,current,MULTI_SPOT,tls,256,server_rcv_pending_end,0.000
RESULT,current,MULTI_SPOT,tls,256,server_rcv_pending_max,0.000
RESULT,current,MULTI_SPOT,tls,256,server_snd_pending_max,0.000
RESULT,current,MULTI_SPOT,tls,256,throughput,3043844.000
RESULT,current,MULTI_SPOT,tls,1024,bandwidth,1245.395
RESULT,current,MULTI_SPOT,tls,1024,latency,574331.227
RESULT,current,MULTI_SPOT,tls,1024,latency_p95,2306578.200
RESULT,current,MULTI_SPOT,tls,1024,latency_p99,2688255.880
RESULT,current,MULTI_SPOT,tls,1024,server_cpu_pct,12.920
RESULT,current,MULTI_SPOT,tls,1024,server_mem_mb,120.050
RESULT,current,MULTI_SPOT,tls,1024,server_rcv_pending_end,0.000
RESULT,current,MULTI_SPOT,tls,1024,server_rcv_pending_max,0.000
RESULT,current,MULTI_SPOT,tls,1024,server_snd_pending_max,0.000
RESULT,current,MULTI_SPOT,tls,1024,throughput,1216206.000
RESULT,current,MULTI_SPOT,tls,65536,bandwidth,1505.113
RESULT,current,MULTI_SPOT,tls,65536,latency,1212163.923
RESULT,current,MULTI_SPOT,tls,65536,latency_p95,3808524.000
RESULT,current,MULTI_SPOT,tls,65536,latency_p99,4094884.400
RESULT,current,MULTI_SPOT,tls,65536,server_cpu_pct,11.040
RESULT,current,MULTI_SPOT,tls,65536,server_mem_mb,560.570
RESULT,current,MULTI_SPOT,tls,65536,server_rcv_pending_end,0.000
RESULT,current,MULTI_SPOT,tls,65536,server_rcv_pending_max,0.000
RESULT,current,MULTI_SPOT,tls,65536,server_snd_pending_max,0.000
RESULT,current,MULTI_SPOT,tls,65536,throughput,22966.200
RESULT,current,MULTI_SPOT,tls,131072,bandwidth,1061.893
RESULT,current,MULTI_SPOT,tls,131072,latency,782192.159
RESULT,current,MULTI_SPOT,tls,131072,latency_p95,4303367.200
RESULT,current,MULTI_SPOT,tls,131072,latency_p99,4551170.980
RESULT,current,MULTI_SPOT,tls,131072,server_cpu_pct,11.020
RESULT,current,MULTI_SPOT,tls,131072,server_mem_mb,645.110
RESULT,current,MULTI_SPOT,tls,131072,server_rcv_pending_end,0.000
RESULT,current,MULTI_SPOT,tls,131072,server_rcv_pending_max,0.000
RESULT,current,MULTI_SPOT,tls,131072,server_snd_pending_max,0.000
RESULT,current,MULTI_SPOT,tls,131072,throughput,8101.600
RESULT,current,MULTI_SPOT,tls,262144,bandwidth,2165.467
RESULT,current,MULTI_SPOT,tls,262144,latency,211934.093
RESULT,current,MULTI_SPOT,tls,262144,latency_p95,321524.100
RESULT,current,MULTI_SPOT,tls,262144,latency_p99,359102.560
RESULT,current,MULTI_SPOT,tls,262144,server_cpu_pct,13.480
RESULT,current,MULTI_SPOT,tls,262144,server_mem_mb,808.230
RESULT,current,MULTI_SPOT,tls,262144,server_rcv_pending_end,0.000
RESULT,current,MULTI_SPOT,tls,262144,server_rcv_pending_max,0.000
RESULT,current,MULTI_SPOT,tls,262144,server_snd_pending_max,0.000
RESULT,current,MULTI_SPOT,tls,262144,throughput,8260.600

Saved result file: /home/hep7/project/kairos/zlink/core/perf/results/multi/report/perf_linux_recv_20260324_190930_spot-multi-tls-only-20260324.txt (status=complete)

## Status Summary
- success: 6
- unsupported: 0
- skip: 0
- fail: 0
- expected result lines: 30
- actual result lines: 30
- status: complete
Total benchmark time: 48s (48s, exit=0)
