=== Running multi benchmark: MULTI_SPOT ===
    warmup=2s duration=5s
    recv_mode=recv
Reusing build directory: /home/hep7/project/kairos/zlink/core/build
Using CMake source directory: /home/hep7/project/kairos/zlink

## Effective Options (runner)
- patterns: MULTI_SPOT
- build_dir: /home/hep7/project/kairos/zlink/core/build
- build_mode: reuse
- reuse_build: 1
- clean_build: 0
- runs: 1
- recv_mode: recv
- duration_seconds: 5
- warmup_seconds: 2
- hwm: default(binary)
- send_hwm: default(binary)
- recv_hwm: default(binary)
- sndbuf: default(os)
- rcvbuf: default(os)
- sndtimeo_ms: 200
- rcvtimeo_ms: 200
- pin_cpu: 0
- io_threads: default(policy)
- msg_sizes: default(benchmark)
- transports: wss
- results_dir: /home/hep7/project/kairos/zlink/core/perf/results
- results_tag: spot-multi-wss-meshpub768-full-20260324
- result_file: /home/hep7/project/kairos/zlink/core/perf/results/multi/report/perf_linux_recv_20260324_191040_spot-multi-wss-meshpub768-full-20260324.txt
- output_file: none
- comparison_script: /home/hep7/project/kairos/zlink/core/perf/run_comparison.py
- python: python3

## Effective Env (runner)
- PYTHONUNBUFFERED: 1
- PERF_RECV_MODE: recv
- PERF_TRANSPORTS: wss
- PERF_NO_AUTOBUILD: 1
- PERF_DISABLE_RESOURCE_METRICS: 0

META,os,Linux 6.6.87.2-microsoft-standard-WSL2
META,cpu,Intel(R) Core(TM) Ultra 7 265K
META,cores,20
META,build,Release
META,commit,45bdf7dc
META,timestamp,2026-03-24T19:10:40+09:00
META,load_avg,4.54 5.42 4.32
META,runs,1
META,clients,100

## Effective Options (start)
- runs: 1
- recv_mode: recv
- patterns: MULTI_SPOT
- transports: wss
- msg_sizes: 64,256,1024,65536,131072,262144
- warmup_seconds: 2
- active_warmup: 0
- duration_seconds: 5
- clients: 100
- default_clients: 100
- default_stream_clients: 10000
- service_clients: auto
- server_io_threads: 4 (default)
- client_io_threads: 4 (default)
- hwm: 100 (default)
- sndhwm: 100 (default)
- rcvhwm: 100 (default)
- sndbuf: default(os)
- rcvbuf: default(os)
- sndtimeo_ms: 200
- rcvtimeo_ms: 200
- connect_concurrency: 128 (default)
- settle_ms: 500
- connect_ready_timeout_ms: 5000
- monitor_hwm: 1000
- server_ready_timeout_ms: 10000
- server_shutdown_timeout_ms: 5000
- server_bind_port: 0
- transport_transition_ms: 3000
- pattern_transition_ms: 3000
- lat_timeout_ms: 5000
- stream_non_tcp_clients_max: 10000
- disable_resource_metrics: 0
- timeout_seconds: auto
## PATTERN: MULTI_SPOT (one-way)
  > Benchmarking current for MULTI_SPOT...
    Testing wss | 64B,256B,1024B,65536B,131072B,262144B:
      | Size     |         Throughput |      Bandwidth |  Lat.Mean(ms) |   Lat.P95(ms) |   Lat.P99(ms) |  S.CPU% | S.Mem MB | Q.Snd.Max | Q.Rcv.Max | Q.Rcv.End |
      |----------|--------------------|----------------|---------------|---------------|---------------|---------|----------|-----------|-----------|-----------|
      | 64B      |  2012.234 Kmsg/s |    128.783 MB/s |   446.868 ms |  2159.595 ms |  4382.262 ms |  9.128 |   65.453 |         0 |         0 |         0 |
      | 256B     |  1863.220 Kmsg/s |    476.984 MB/s |   713.436 ms |  3956.911 ms |  4285.835 ms |  9.759 |   75.492 |         0 |         0 |         0 |
      | 1024B    |   815.619 Kmsg/s |    835.194 MB/s |   643.083 ms |  3262.514 ms |  3683.670 ms |  9.263 |  121.230 |         0 |         0 |         0 |
      | 65536B   |    16.061 Kmsg/s |   1052.600 MB/s |    44.486 ms |    61.760 ms |    68.656 ms |  8.106 |  576.219 |         0 |         0 |         0 |
      | 131072B  |    16.622 Kmsg/s |   2178.679 MB/s |    76.790 ms |   114.643 ms |   128.964 ms |  9.828 |  582.812 |         0 |         0 |         0 |
      | 262144B  |     3.853 Kmsg/s |   1009.988 MB/s |   155.711 ms |   227.475 ms |   251.550 ms |  7.686 |  924.340 |         0 |         0 |         0 |
    Testing wss: Done

## Effective Options (result)
- runs: 1
- recv_mode: recv
- patterns: MULTI_SPOT
- transports: wss
- msg_sizes: 64,256,1024,65536,131072,262144
- warmup_seconds: 2
- active_warmup: 0
- duration_seconds: 5
- clients: 100
- default_clients: 100
- default_stream_clients: 10000
- service_clients: auto
- server_io_threads: 4 (default)
- client_io_threads: 4 (default)
- hwm: 100 (default)
- sndhwm: 100 (default)
- rcvhwm: 100 (default)
- sndbuf: default(os)
- rcvbuf: default(os)
- sndtimeo_ms: 200
- rcvtimeo_ms: 200
- connect_concurrency: 128 (default)
- settle_ms: 500
- connect_ready_timeout_ms: 5000
- monitor_hwm: 1000
- server_ready_timeout_ms: 10000
- server_shutdown_timeout_ms: 5000
- server_bind_port: 0
- transport_transition_ms: 3000
- pattern_transition_ms: 3000
- lat_timeout_ms: 5000
- stream_non_tcp_clients_max: 10000
- disable_resource_metrics: 0
- timeout_seconds: auto

## Result Data
RESULT,current,MULTI_SPOT,wss,64,bandwidth,128.783
RESULT,current,MULTI_SPOT,wss,64,latency,446868.363
RESULT,current,MULTI_SPOT,wss,64,latency_p95,2159594.750
RESULT,current,MULTI_SPOT,wss,64,latency_p99,4382262.120
RESULT,current,MULTI_SPOT,wss,64,server_cpu_pct,9.140
RESULT,current,MULTI_SPOT,wss,64,server_mem_mb,65.450
RESULT,current,MULTI_SPOT,wss,64,server_rcv_pending_end,0.000
RESULT,current,MULTI_SPOT,wss,64,server_rcv_pending_max,0.000
RESULT,current,MULTI_SPOT,wss,64,server_snd_pending_max,0.000
RESULT,current,MULTI_SPOT,wss,64,throughput,2012233.600
RESULT,current,MULTI_SPOT,wss,256,bandwidth,476.984
RESULT,current,MULTI_SPOT,wss,256,latency,713435.983
RESULT,current,MULTI_SPOT,wss,256,latency_p95,3956911.450
RESULT,current,MULTI_SPOT,wss,256,latency_p99,4285834.900
RESULT,current,MULTI_SPOT,wss,256,server_cpu_pct,9.780
RESULT,current,MULTI_SPOT,wss,256,server_mem_mb,75.490
RESULT,current,MULTI_SPOT,wss,256,server_rcv_pending_end,0.000
RESULT,current,MULTI_SPOT,wss,256,server_rcv_pending_max,0.000
RESULT,current,MULTI_SPOT,wss,256,server_snd_pending_max,0.000
RESULT,current,MULTI_SPOT,wss,256,throughput,1863219.800
RESULT,current,MULTI_SPOT,wss,1024,bandwidth,835.194
RESULT,current,MULTI_SPOT,wss,1024,latency,643082.868
RESULT,current,MULTI_SPOT,wss,1024,latency_p95,3262513.700
RESULT,current,MULTI_SPOT,wss,1024,latency_p99,3683669.720
RESULT,current,MULTI_SPOT,wss,1024,server_cpu_pct,9.260
RESULT,current,MULTI_SPOT,wss,1024,server_mem_mb,121.230
RESULT,current,MULTI_SPOT,wss,1024,server_rcv_pending_end,0.000
RESULT,current,MULTI_SPOT,wss,1024,server_rcv_pending_max,0.000
RESULT,current,MULTI_SPOT,wss,1024,server_snd_pending_max,0.000
RESULT,current,MULTI_SPOT,wss,1024,throughput,815619.400
RESULT,current,MULTI_SPOT,wss,65536,bandwidth,1052.600
RESULT,current,MULTI_SPOT,wss,65536,latency,44485.853
RESULT,current,MULTI_SPOT,wss,65536,latency_p95,61760.000
RESULT,current,MULTI_SPOT,wss,65536,latency_p99,68656.220
RESULT,current,MULTI_SPOT,wss,65536,server_cpu_pct,8.120
RESULT,current,MULTI_SPOT,wss,65536,server_mem_mb,576.220
RESULT,current,MULTI_SPOT,wss,65536,server_rcv_pending_end,0.000
RESULT,current,MULTI_SPOT,wss,65536,server_rcv_pending_max,0.000
RESULT,current,MULTI_SPOT,wss,65536,server_snd_pending_max,0.000
RESULT,current,MULTI_SPOT,wss,65536,throughput,16061.400
RESULT,current,MULTI_SPOT,wss,131072,bandwidth,2178.679
RESULT,current,MULTI_SPOT,wss,131072,latency,76790.318
RESULT,current,MULTI_SPOT,wss,131072,latency_p95,114643.050
RESULT,current,MULTI_SPOT,wss,131072,latency_p99,128964.490
RESULT,current,MULTI_SPOT,wss,131072,server_cpu_pct,9.870
RESULT,current,MULTI_SPOT,wss,131072,server_mem_mb,583.440
RESULT,current,MULTI_SPOT,wss,131072,server_rcv_pending_end,0.000
RESULT,current,MULTI_SPOT,wss,131072,server_rcv_pending_max,0.000
RESULT,current,MULTI_SPOT,wss,131072,server_snd_pending_max,0.000
RESULT,current,MULTI_SPOT,wss,131072,throughput,16622.000
RESULT,current,MULTI_SPOT,wss,262144,bandwidth,1009.988
RESULT,current,MULTI_SPOT,wss,262144,latency,155711.207
RESULT,current,MULTI_SPOT,wss,262144,latency_p95,227474.700
RESULT,current,MULTI_SPOT,wss,262144,latency_p99,251550.080
RESULT,current,MULTI_SPOT,wss,262144,server_cpu_pct,7.770
RESULT,current,MULTI_SPOT,wss,262144,server_mem_mb,922.570
RESULT,current,MULTI_SPOT,wss,262144,server_rcv_pending_end,0.000
RESULT,current,MULTI_SPOT,wss,262144,server_rcv_pending_max,0.000
RESULT,current,MULTI_SPOT,wss,262144,server_snd_pending_max,0.000
RESULT,current,MULTI_SPOT,wss,262144,throughput,3852.800

Saved result file: /home/hep7/project/kairos/zlink/core/perf/results/multi/report/perf_linux_recv_20260324_191040_spot-multi-wss-meshpub768-full-20260324.txt (status=complete)

## Status Summary
- success: 6
- unsupported: 0
- skip: 0
- fail: 0
- expected result lines: 30
- actual result lines: 30
- status: complete
Total benchmark time: 1m 9s (69s, exit=0)
