Reusing build directory: /home/hep7/project/kairos/zlink/core/build
Using CMake source directory: /home/hep7/project/kairos/zlink

## Effective Options (runner)
- patterns: PAIR,PUBSUB,DEALER_DEALER,DEALER_ROUTER,ROUTER_ROUTER,GATEWAY,SPOT
- build_dir: /home/hep7/project/kairos/zlink/core/build
- build_mode: reuse
- reuse_build: 1
- clean_build: 0
- runs: 1
- recv_mode: callback
- duration_seconds: 5
- warmup_seconds: 2
- hwm: default(binary)
- send_hwm: default(binary)
- recv_hwm: default(binary)
- sndbuf: default(os)
- rcvbuf: default(os)
- sndtimeo_ms: 200
- rcvtimeo_ms: 200
- pin_cpu: 0
- io_threads: default(binary=1)
- msg_sizes: default(benchmark)
- transports: default(benchmark)
- results_dir: /home/hep7/project/kairos/zlink/core/perf/results
- results_tag: final-single
- result_file: /home/hep7/project/kairos/zlink/core/perf/results/single/report/perf_linux_callback_20260324_114242_final-single.txt
- output_file: none
- comparison_script: /home/hep7/project/kairos/zlink/core/perf/single/run_comparison.py
- python: python3

## Effective Env (runner)
- PYTHONUNBUFFERED: 1
- PERF_RECV_MODE: callback
- PERF_SINGLE_DURATION_SECONDS: 5
- PERF_SINGLE_WARMUP_SECONDS: 2
- PERF_SINGLE_SNDTIMEO_MS: 200
- PERF_SINGLE_RCVTIMEO_MS: 200
- PERF_NO_AUTOBUILD: 1


## Effective Options (start)
- runs: 1
- recv_mode: callback
- duration_seconds: 5
- timeout_seconds: 45
- io_threads: 1
- hwm: 1000
- sndhwm: 1000
- rcvhwm: 1000
- sndtimeo_ms: 200
- rcvtimeo_ms: 200
- patterns: PAIR,PUBSUB,DEALER_DEALER,DEALER_ROUTER,ROUTER_ROUTER,GATEWAY,SPOT
- transports: inproc,ipc,tcp,tls,ws,wss
- msg_sizes: 64,256,1024,65536,131072,262144
## PATTERN: PAIR (one-way)
  > Benchmarking current for PAIR...
    Testing tcp:
      | Size     |       Throughput |    Bandwidth |  Lat.Mean(ms) |   Lat.P95(ms) |   Lat.P99(ms) | CPU% | Mem MB | Q.Snd.Max | Q.Rcv.Max | Q.Rcv.End |
      |----------|------------------|--------------|--------------|--------------|--------------|------|--------|-----------|-----------|-----------|
      | 64B      |    627.21 Kmsg/s |    40.14 MB/s |      0.07 ms |      0.16 ms |      0.24 ms |  2.7 |    9.7 |       526 |         0 |         0 |
      | 256B     |    615.94 Kmsg/s |   157.68 MB/s |      0.22 ms |      0.31 ms |      0.39 ms |  3.0 |   10.0 |       902 |         0 |         0 |
      | 1024B    |    604.82 Kmsg/s |   619.34 MB/s |      0.34 ms |      0.48 ms |      0.57 ms |  4.1 |   10.6 |       921 |         0 |         0 |
      | 65536B   |     84.27 Kmsg/s |  5522.74 MB/s |      7.48 ms |      9.42 ms |      9.87 ms |  6.8 |   62.2 |       977 |         0 |         0 |
      | 131072B  |     47.10 Kmsg/s |  6173.44 MB/s |     13.51 ms |     16.45 ms |     17.23 ms |  7.0 |   54.7 |       999 |         0 |         0 |
      | 262144B  |     26.22 Kmsg/s |  6872.84 MB/s |     24.37 ms |     29.49 ms |     30.81 ms |  6.9 |  200.2 |       999 |         0 |         0 |
    Testing tcp: Done
    Testing tls:
      | Size     |       Throughput |    Bandwidth |  Lat.Mean(ms) |   Lat.P95(ms) |   Lat.P99(ms) | CPU% | Mem MB | Q.Snd.Max | Q.Rcv.Max | Q.Rcv.End |
      |----------|------------------|--------------|--------------|--------------|--------------|------|--------|-----------|-----------|-----------|
      | 64B      |    630.90 Kmsg/s |    40.38 MB/s |      0.09 ms |      0.18 ms |      0.26 ms |  2.7 |   13.6 |       533 |         0 |         0 |
      | 256B     |    622.60 Kmsg/s |   159.39 MB/s |      0.27 ms |      0.37 ms |      0.44 ms |  3.3 |   13.6 |       969 |         0 |         0 |
      | 1024B    |    626.80 Kmsg/s |   641.84 MB/s |      0.57 ms |      0.90 ms |      0.98 ms |  5.5 |   14.4 |       993 |         0 |         0 |
      | 65536B   |     22.80 Kmsg/s |  1494.22 MB/s |     31.47 ms |     40.58 ms |     42.40 ms |  4.7 |   72.8 |       561 |         0 |         0 |
      | 131072B  |     12.30 Kmsg/s |  1612.19 MB/s |     58.98 ms |     75.88 ms |     77.89 ms |  5.2 |  132.3 |       561 |         0 |         0 |
      | 262144B  |      6.50 Kmsg/s |  1703.94 MB/s |    112.92 ms |    145.75 ms |    148.99 ms |  5.2 |  252.8 |       561 |         0 |         0 |
    Testing tls: Done
    Testing ws:
      | Size     |       Throughput |    Bandwidth |  Lat.Mean(ms) |   Lat.P95(ms) |   Lat.P99(ms) | CPU% | Mem MB | Q.Snd.Max | Q.Rcv.Max | Q.Rcv.End |
      |----------|------------------|--------------|--------------|--------------|--------------|------|--------|-----------|-----------|-----------|
      | 64B      |    628.75 Kmsg/s |    40.24 MB/s |      0.15 ms |      0.22 ms |      0.30 ms |  2.9 |   10.5 |       413 |         0 |         0 |
      | 256B     |    615.70 Kmsg/s |   157.62 MB/s |      0.36 ms |      0.47 ms |      0.56 ms |  3.3 |   10.5 |       969 |         0 |         0 |
      | 1024B    |    614.60 Kmsg/s |   629.35 MB/s |      0.66 ms |      0.90 ms |      1.02 ms |  5.2 |   11.2 |       985 |         0 |         0 |
      | 65536B   |     41.79 Kmsg/s |  2738.46 MB/s |     20.50 ms |     25.56 ms |     27.03 ms |  5.8 |   24.4 |       961 |         0 |         0 |
      | 131072B  |     26.78 Kmsg/s |  3509.98 MB/s |     25.32 ms |     32.06 ms |     33.06 ms |  6.0 |   84.4 |       962 |         0 |         0 |
      | 262144B  |     15.09 Kmsg/s |  3955.44 MB/s |     45.73 ms |     57.32 ms |     59.42 ms |  6.0 |  177.2 |       945 |         0 |         0 |
    Testing ws: Done
    Testing wss:
      | Size     |       Throughput |    Bandwidth |  Lat.Mean(ms) |   Lat.P95(ms) |   Lat.P99(ms) | CPU% | Mem MB | Q.Snd.Max | Q.Rcv.Max | Q.Rcv.End |
      |----------|------------------|--------------|--------------|--------------|--------------|------|--------|-----------|-----------|-----------|
      | 64B      |    636.81 Kmsg/s |    40.76 MB/s |      0.18 ms |      0.28 ms |      0.38 ms |  3.0 |   14.1 |       328 |         0 |         0 |
      | 256B     |    641.20 Kmsg/s |   164.15 MB/s |      0.44 ms |      0.59 ms |      0.67 ms |  3.9 |   15.2 |       993 |         0 |         0 |
      | 1024B    |    503.80 Kmsg/s |   515.89 MB/s |     32.59 ms |     36.73 ms |     38.00 ms |  6.1 |   15.8 |       745 |         0 |         0 |
      | 65536B   |     17.20 Kmsg/s |  1127.22 MB/s |     48.48 ms |     60.85 ms |     62.60 ms |  5.2 |   71.6 |       561 |         0 |         0 |
      | 131072B  |      9.60 Kmsg/s |  1258.29 MB/s |     83.78 ms |    106.37 ms |    108.79 ms |  5.2 |  135.7 |       561 |         0 |         0 |
      | 262144B  |      5.20 Kmsg/s |  1363.31 MB/s |    147.91 ms |    191.07 ms |    195.90 ms |  5.1 |  256.1 |       990 |         0 |         0 |
    Testing wss: Done
    Testing inproc:
      | Size     |       Throughput |    Bandwidth |  Lat.Mean(ms) |   Lat.P95(ms) |   Lat.P99(ms) | CPU% | Mem MB | Q.Snd.Max | Q.Rcv.Max | Q.Rcv.End |
      |----------|------------------|--------------|--------------|--------------|--------------|------|--------|-----------|-----------|-----------|
      | 64B      |   1177.16 Kmsg/s |    75.34 MB/s |      0.02 ms |      0.06 ms |      0.18 ms |  4.5 |    9.5 |       995 |     1,287 |         0 |
      | 256B     |   1046.90 Kmsg/s |   268.01 MB/s |      0.29 ms |      0.51 ms |      0.58 ms |  5.2 |    9.8 |     1,830 |     1,082 |         0 |
      | 1024B    |   1103.01 Kmsg/s |  1129.49 MB/s |      0.20 ms |      0.42 ms |      0.53 ms |  6.0 |   10.8 |     1,449 |     1,055 |         0 |
      | 65536B   |    609.60 Kmsg/s | 39950.85 MB/s |      0.02 ms |      0.04 ms |      0.12 ms |  7.5 |   11.2 |       964 |        44 |         0 |
      | 131072B  |    386.92 Kmsg/s | 50713.75 MB/s |      0.02 ms |      0.04 ms |      0.07 ms |  7.0 |   12.8 |       998 |        19 |         0 |
      | 262144B  |    199.69 Kmsg/s | 52346.85 MB/s |      0.02 ms |      0.03 ms |      0.05 ms |  6.8 |   13.4 |       976 |         6 |         0 |
    Testing inproc: Done
    Testing ipc:
      | Size     |       Throughput |    Bandwidth |  Lat.Mean(ms) |   Lat.P95(ms) |   Lat.P99(ms) | CPU% | Mem MB | Q.Snd.Max | Q.Rcv.Max | Q.Rcv.End |
      |----------|------------------|--------------|--------------|--------------|--------------|------|--------|-----------|-----------|-----------|
      | 64B      |    620.20 Kmsg/s |    39.69 MB/s |      0.05 ms |      0.12 ms |      0.21 ms |  2.7 |    9.8 |       445 |         0 |         0 |
      | 256B     |    609.07 Kmsg/s |   155.92 MB/s |      0.20 ms |      0.30 ms |      0.36 ms |  2.9 |   10.0 |       901 |         0 |         0 |
      | 1024B    |    597.05 Kmsg/s |   611.38 MB/s |      0.31 ms |      0.42 ms |      0.51 ms |  3.8 |   10.6 |       986 |         0 |         0 |
      | 65536B   |     78.40 Kmsg/s |  5138.02 MB/s |      8.11 ms |     10.12 ms |     10.63 ms |  5.9 |   32.0 |       873 |         0 |         0 |
      | 131072B  |     43.08 Kmsg/s |  5646.01 MB/s |     14.99 ms |     18.38 ms |     18.94 ms |  6.8 |  109.9 |       987 |         0 |         0 |
      | 262144B  |     23.96 Kmsg/s |  6280.97 MB/s |     27.26 ms |     33.14 ms |     33.91 ms |  6.7 |  137.4 |       801 |         0 |         0 |
    Testing ipc: Done

===============================================================================

## PATTERN: PUBSUB (one-way)
  > Benchmarking current for PUBSUB...
    Testing tcp:
      | Size     |       Throughput |    Bandwidth |  Lat.Mean(ms) |   Lat.P95(ms) |   Lat.P99(ms) | CPU% | Mem MB | Q.Snd.Max | Q.Rcv.Max | Q.Rcv.End |
      |----------|------------------|--------------|--------------|--------------|--------------|------|--------|-----------|-----------|-----------|
      | 64B      |    582.55 Kmsg/s |    37.28 MB/s |      0.11 ms |      0.17 ms |      0.24 ms |  3.3 |    9.8 |       477 |         0 |         0 |
      | 256B     |    569.50 Kmsg/s |   145.79 MB/s |      0.28 ms |      0.38 ms |      0.43 ms |  3.7 |   10.2 |       853 |         0 |         0 |
      | 1024B    |    570.09 Kmsg/s |   583.77 MB/s |      0.42 ms |      0.63 ms |      0.70 ms |  5.0 |    9.8 |       977 |         0 |         0 |
      | 65536B   |     76.75 Kmsg/s |  5030.11 MB/s |      8.25 ms |     10.36 ms |     10.86 ms |  6.6 |   37.4 |       997 |         0 |         0 |
      | 131072B  |     45.00 Kmsg/s |  5898.24 MB/s |     14.31 ms |     17.56 ms |     18.07 ms |  6.8 |   63.8 |       969 |         0 |         0 |
      | 262144B  |     25.56 Kmsg/s |  6700.14 MB/s |     25.12 ms |     30.84 ms |     31.73 ms |  6.7 |  171.5 |       970 |         0 |         0 |
    Testing tcp: Done
    Testing tls:
      | Size     |       Throughput |    Bandwidth |  Lat.Mean(ms) |   Lat.P95(ms) |   Lat.P99(ms) | CPU% | Mem MB | Q.Snd.Max | Q.Rcv.Max | Q.Rcv.End |
      |----------|------------------|--------------|--------------|--------------|--------------|------|--------|-----------|-----------|-----------|
      | 64B      |    587.50 Kmsg/s |    37.60 MB/s |      0.15 ms |      0.25 ms |      0.37 ms |  3.3 |   13.6 |       494 |         0 |         0 |
      | 256B     |    581.76 Kmsg/s |   148.93 MB/s |      0.38 ms |      0.49 ms |      0.56 ms |  4.0 |   13.9 |       996 |         0 |         0 |
      | 1024B    |    550.97 Kmsg/s |   564.20 MB/s |      0.65 ms |      1.11 ms |      1.25 ms |  6.2 |   14.7 |       886 |         0 |         0 |
      | 65536B   |     22.30 Kmsg/s |  1461.45 MB/s |     31.93 ms |     41.56 ms |     43.03 ms |  5.3 |   60.2 |       561 |         0 |         0 |
      | 131072B  |     12.20 Kmsg/s |  1599.08 MB/s |     59.60 ms |     76.54 ms |     78.42 ms |  5.3 |  110.8 |       561 |         0 |         0 |
      | 262144B  |      6.40 Kmsg/s |  1677.72 MB/s |    114.04 ms |    147.38 ms |    150.72 ms |  5.2 |  251.0 |       973 |         0 |         0 |
    Testing tls: Done
    Testing ws:
      | Size     |       Throughput |    Bandwidth |  Lat.Mean(ms) |   Lat.P95(ms) |   Lat.P99(ms) | CPU% | Mem MB | Q.Snd.Max | Q.Rcv.Max | Q.Rcv.End |
      |----------|------------------|--------------|--------------|--------------|--------------|------|--------|-----------|-----------|-----------|
      | 64B      |    578.80 Kmsg/s |    37.04 MB/s |      0.22 ms |      0.30 ms |      0.39 ms |  3.7 |   10.5 |       473 |         0 |         0 |
      | 256B     |    567.13 Kmsg/s |   145.18 MB/s |      0.47 ms |      0.59 ms |      0.66 ms |  4.0 |   10.8 |       912 |         0 |         0 |
      | 1024B    |    575.10 Kmsg/s |   588.90 MB/s |      0.78 ms |      1.16 ms |      1.57 ms |  6.0 |   11.6 |       997 |         0 |         0 |
      | 65536B   |     44.40 Kmsg/s |  2909.80 MB/s |     19.87 ms |     24.21 ms |     25.39 ms |  6.0 |   56.1 |       965 |         0 |         0 |
      | 131072B  |     27.73 Kmsg/s |  3635.18 MB/s |     28.40 ms |     34.79 ms |     36.63 ms |  6.0 |   27.9 |       909 |         0 |         0 |
      | 262144B  |     19.72 Kmsg/s |  5169.90 MB/s |     33.79 ms |     41.88 ms |     42.80 ms |  6.4 |  174.4 |       549 |         0 |         0 |
    Testing ws: Done
    Testing wss:
      | Size     |       Throughput |    Bandwidth |  Lat.Mean(ms) |   Lat.P95(ms) |   Lat.P99(ms) | CPU% | Mem MB | Q.Snd.Max | Q.Rcv.Max | Q.Rcv.End |
      |----------|------------------|--------------|--------------|--------------|--------------|------|--------|-----------|-----------|-----------|
Total benchmark time: 5m 53s (353s, exit=1)
