=== Running multi benchmark: MULTI_SPOT ===
    warmup=1s duration=1s
    recv_mode=recv
Reusing build directory: /home/hep7/project/kairos/zlink/core/build
Using CMake source directory: /home/hep7/project/kairos/zlink

## Effective Options (runner)
- patterns: MULTI_SPOT
- build_dir: /home/hep7/project/kairos/zlink/core/build
- build_mode: reuse
- reuse_build: 1
- clean_build: 0
- runs: 1
- recv_mode: recv
- duration_seconds: 1
- warmup_seconds: 1
- hwm: default(binary)
- send_hwm: default(binary)
- recv_hwm: default(binary)
- sndbuf: default(os)
- rcvbuf: default(os)
- sndtimeo_ms: 200
- rcvtimeo_ms: 200
- pin_cpu: 0
- io_threads: default(policy)
- msg_sizes: 64,256,65536,262144
- transports: tcp,tls,wss
- results_dir: /home/hep7/project/kairos/zlink/core/perf/results
- results_tag: residual-reentry-20260325d
- result_file: /home/hep7/project/kairos/zlink/core/perf/results/multi/report/perf_linux_recv_20260325_031222_residual-reentry-20260325d.txt
- output_file: none
- comparison_script: /home/hep7/project/kairos/zlink/core/perf/run_comparison.py
- python: python3

## Effective Env (runner)
- PYTHONUNBUFFERED: 1
- PERF_RECV_MODE: recv
- PERF_MSG_SIZES: 64,256,65536,262144
- PERF_TRANSPORTS: tcp,tls,wss
- PERF_NO_AUTOBUILD: 1
- PERF_DISABLE_RESOURCE_METRICS: 0

META,os,Linux 6.6.87.2-microsoft-standard-WSL2
META,cpu,Intel(R) Core(TM) Ultra 7 265K
META,cores,20
META,build,Release
META,commit,7ab6f0ae
META,timestamp,2026-03-25T03:12:22+09:00
META,load_avg,4.13 5.69 5.49
META,runs,1
META,clients,100

## Effective Options (start)
- runs: 1
- recv_mode: recv
- patterns: MULTI_SPOT
- transports: tcp,tls,wss
- msg_sizes: 64,256,65536,262144
- warmup_seconds: 1
- active_warmup: 0
- duration_seconds: 1
- clients: 100
- default_clients: 100
- default_stream_clients: 10000
- service_clients: auto
- server_io_threads: 4 (default)
- client_io_threads: 4 (default)
- hwm: 100 (default)
- sndhwm: 100 (default)
- rcvhwm: 100 (default)
- sndbuf: default(os)
- rcvbuf: default(os)
- sndtimeo_ms: 200
- rcvtimeo_ms: 200
- connect_concurrency: 128 (default)
- settle_ms: 500
- connect_ready_timeout_ms: 5000
- monitor_hwm: 1000
- server_ready_timeout_ms: 10000
- server_shutdown_timeout_ms: 5000
- server_bind_port: 0
- transport_transition_ms: 3000
- pattern_transition_ms: 3000
- lat_timeout_ms: 5000
- stream_non_tcp_clients_max: 10000
- disable_resource_metrics: 0
- timeout_seconds: auto
## PATTERN: MULTI_SPOT (one-way)
  > Benchmarking current for MULTI_SPOT...
    Testing tcp | 64B,256B,65536B,262144B:
      | Size     |         Throughput |      Bandwidth |  Lat.Mean(ms) |   Lat.P95(ms) |   Lat.P99(ms) |  S.CPU% | S.Mem MB | Q.Snd.Max | Q.Rcv.Max | Q.Rcv.End |
      |----------|--------------------|----------------|---------------|---------------|---------------|---------|----------|-----------|-----------|-----------|
      | 64B      |  4516.107 Kmsg/s |    289.031 MB/s |   418.595 ms |   503.479 ms |   605.098 ms | 12.640 |   19.062 |         0 |         0 |         0 |
      | 256B     |  2604.290 Kmsg/s |    666.698 MB/s |  1166.676 ms |  1401.394 ms |  1539.227 ms | 10.090 |   21.094 |         0 |         0 |         0 |
      | 65536B   |    61.052 Kmsg/s |   4001.104 MB/s |   443.040 ms |   515.404 ms |   536.005 ms |  9.822 |  204.883 |         0 |         0 |         0 |
      | 262144B  |    15.210 Kmsg/s |   3987.210 MB/s |   573.040 ms |   671.570 ms |   709.486 ms | 10.914 |  182.797 |         0 |         0 |         0 |
    Testing tcp: Done
    [transport cooldown 3000ms]
    Testing tls | 64B,256B,65536B,262144B:
      | Size     |         Throughput |      Bandwidth |  Lat.Mean(ms) |   Lat.P95(ms) |   Lat.P99(ms) |  S.CPU% | S.Mem MB | Q.Snd.Max | Q.Rcv.Max | Q.Rcv.End |
      |----------|--------------------|----------------|---------------|---------------|---------------|---------|----------|-----------|-----------|-----------|
      | 64B      |   219.886 Kmsg/s |     14.073 MB/s |    31.223 ms |    75.182 ms |    79.202 ms | 11.886 |   51.875 |         0 |         0 |         0 |
      | 256B     |  2457.649 Kmsg/s |    629.158 MB/s |    39.346 ms |   141.032 ms |   172.146 ms |  9.919 |   64.031 |         0 |         0 |         0 |
      | 65536B   |    54.873 Kmsg/s |   3596.157 MB/s |   223.693 ms |   402.069 ms |   471.356 ms | 14.247 |  370.754 |         0 |         0 |         0 |
      | 262144B  |             FAIL |         FAIL |         FAIL |         FAIL |         FAIL |    N/A |      N/A |       N/A |       N/A |       N/A |
    Testing tls: Done
    [transport cooldown 3000ms]
    Testing wss | 64B,256B,65536B,262144B:
      | Size     |         Throughput |      Bandwidth |  Lat.Mean(ms) |   Lat.P95(ms) |   Lat.P99(ms) |  S.CPU% | S.Mem MB | Q.Snd.Max | Q.Rcv.Max | Q.Rcv.End |
      |----------|--------------------|----------------|---------------|---------------|---------------|---------|----------|-----------|-----------|-----------|
      | 64B      |   322.058 Kmsg/s |     20.612 MB/s |    31.916 ms |    62.652 ms |    66.749 ms |  6.248 |   51.773 |         0 |         0 |         0 |
      | 256B     |   655.826 Kmsg/s |    167.891 MB/s |     7.611 ms |    11.120 ms |    12.249 ms |  5.049 |   57.656 |         0 |         0 |         0 |
      | 65536B   |    43.551 Kmsg/s |   2854.158 MB/s |    65.930 ms |   100.631 ms |   200.623 ms |  6.319 |  288.242 |         0 |         0 |         0 |
      | 262144B  |     7.331 Kmsg/s |   1921.778 MB/s |   154.656 ms |   261.686 ms |   306.442 ms |  5.180 |  590.902 |         0 |         0 |         0 |
    Testing wss: Done

## Effective Options (result)
- runs: 1
- recv_mode: recv
- patterns: MULTI_SPOT
- transports: tcp,tls,wss
- msg_sizes: 64,256,65536,262144
- warmup_seconds: 1
- active_warmup: 0
- duration_seconds: 1
- clients: 100
- default_clients: 100
- default_stream_clients: 10000
- service_clients: auto
- server_io_threads: 4 (default)
- client_io_threads: 4 (default)
- hwm: 100 (default)
- sndhwm: 100 (default)
- rcvhwm: 100 (default)
- sndbuf: default(os)
- rcvbuf: default(os)
- sndtimeo_ms: 200
- rcvtimeo_ms: 200
- connect_concurrency: 128 (default)
- settle_ms: 500
- connect_ready_timeout_ms: 5000
- monitor_hwm: 1000
- server_ready_timeout_ms: 10000
- server_shutdown_timeout_ms: 5000
- server_bind_port: 0
- transport_transition_ms: 3000
- pattern_transition_ms: 3000
- lat_timeout_ms: 5000
- stream_non_tcp_clients_max: 10000
- disable_resource_metrics: 0
- timeout_seconds: auto

## Result Data
RESULT,current,MULTI_SPOT,tcp,64,bandwidth,289.031
RESULT,current,MULTI_SPOT,tcp,64,latency,418595.077
RESULT,current,MULTI_SPOT,tcp,64,latency_p95,503478.550
RESULT,current,MULTI_SPOT,tcp,64,latency_p99,605097.550
RESULT,current,MULTI_SPOT,tcp,64,server_cpu_pct,14.010
RESULT,current,MULTI_SPOT,tcp,64,server_mem_mb,19.060
RESULT,current,MULTI_SPOT,tcp,64,server_rcv_pending_end,0.000
RESULT,current,MULTI_SPOT,tcp,64,server_rcv_pending_max,0.000
RESULT,current,MULTI_SPOT,tcp,64,server_snd_pending_max,0.000
RESULT,current,MULTI_SPOT,tcp,64,throughput,4516107.000
RESULT,current,MULTI_SPOT,tcp,256,bandwidth,666.698
RESULT,current,MULTI_SPOT,tcp,256,latency,1166676.120
RESULT,current,MULTI_SPOT,tcp,256,latency_p95,1401394.400
RESULT,current,MULTI_SPOT,tcp,256,latency_p99,1539227.380
RESULT,current,MULTI_SPOT,tcp,256,server_cpu_pct,13.110
RESULT,current,MULTI_SPOT,tcp,256,server_mem_mb,21.090
RESULT,current,MULTI_SPOT,tcp,256,server_rcv_pending_end,0.000
RESULT,current,MULTI_SPOT,tcp,256,server_rcv_pending_max,0.000
RESULT,current,MULTI_SPOT,tcp,256,server_snd_pending_max,0.000
RESULT,current,MULTI_SPOT,tcp,256,throughput,2604290.000
RESULT,current,MULTI_SPOT,tcp,65536,bandwidth,4001.104
RESULT,current,MULTI_SPOT,tcp,65536,latency,443040.253
RESULT,current,MULTI_SPOT,tcp,65536,latency_p95,515404.400
RESULT,current,MULTI_SPOT,tcp,65536,latency_p99,536005.120
RESULT,current,MULTI_SPOT,tcp,65536,server_cpu_pct,11.110
RESULT,current,MULTI_SPOT,tcp,65536,server_mem_mb,205.040
RESULT,current,MULTI_SPOT,tcp,65536,server_rcv_pending_end,0.000
RESULT,current,MULTI_SPOT,tcp,65536,server_rcv_pending_max,0.000
RESULT,current,MULTI_SPOT,tcp,65536,server_snd_pending_max,0.000
RESULT,current,MULTI_SPOT,tcp,65536,throughput,61052.000
RESULT,current,MULTI_SPOT,tcp,262144,bandwidth,3987.210
RESULT,current,MULTI_SPOT,tcp,262144,latency,573040.059
RESULT,current,MULTI_SPOT,tcp,262144,latency_p95,671570.200
RESULT,current,MULTI_SPOT,tcp,262144,latency_p99,709486.120
RESULT,current,MULTI_SPOT,tcp,262144,server_cpu_pct,12.720
RESULT,current,MULTI_SPOT,tcp,262144,server_mem_mb,182.950
RESULT,current,MULTI_SPOT,tcp,262144,server_rcv_pending_end,0.000
RESULT,current,MULTI_SPOT,tcp,262144,server_rcv_pending_max,0.000
RESULT,current,MULTI_SPOT,tcp,262144,server_snd_pending_max,0.000
RESULT,current,MULTI_SPOT,tcp,262144,throughput,15210.000
RESULT,current,MULTI_SPOT,tls,64,bandwidth,14.073
RESULT,current,MULTI_SPOT,tls,64,latency,31223.073
RESULT,current,MULTI_SPOT,tls,64,latency_p95,75182.250
RESULT,current,MULTI_SPOT,tls,64,latency_p99,79201.580
RESULT,current,MULTI_SPOT,tls,64,server_cpu_pct,12.100
RESULT,current,MULTI_SPOT,tls,64,server_mem_mb,52.190
RESULT,current,MULTI_SPOT,tls,64,server_rcv_pending_end,0.000
RESULT,current,MULTI_SPOT,tls,64,server_rcv_pending_max,0.000
RESULT,current,MULTI_SPOT,tls,64,server_snd_pending_max,0.000
RESULT,current,MULTI_SPOT,tls,64,throughput,219886.000
RESULT,current,MULTI_SPOT,tls,256,bandwidth,629.158
RESULT,current,MULTI_SPOT,tls,256,latency,39345.879
RESULT,current,MULTI_SPOT,tls,256,latency_p95,141031.600
RESULT,current,MULTI_SPOT,tls,256,latency_p99,172145.940
RESULT,current,MULTI_SPOT,tls,256,server_cpu_pct,9.940
RESULT,current,MULTI_SPOT,tls,256,server_mem_mb,64.030
RESULT,current,MULTI_SPOT,tls,256,server_rcv_pending_end,0.000
RESULT,current,MULTI_SPOT,tls,256,server_rcv_pending_max,0.000
RESULT,current,MULTI_SPOT,tls,256,server_snd_pending_max,0.000
RESULT,current,MULTI_SPOT,tls,256,throughput,2457649.000
RESULT,current,MULTI_SPOT,tls,65536,bandwidth,3596.157
RESULT,current,MULTI_SPOT,tls,65536,latency,223692.871
RESULT,current,MULTI_SPOT,tls,65536,latency_p95,402068.750
RESULT,current,MULTI_SPOT,tls,65536,latency_p99,471356.250
RESULT,current,MULTI_SPOT,tls,65536,server_cpu_pct,14.460
RESULT,current,MULTI_SPOT,tls,65536,server_mem_mb,370.530
RESULT,current,MULTI_SPOT,tls,65536,server_rcv_pending_end,0.000
RESULT,current,MULTI_SPOT,tls,65536,server_rcv_pending_max,0.000
RESULT,current,MULTI_SPOT,tls,65536,server_snd_pending_max,0.000
RESULT,current,MULTI_SPOT,tls,65536,throughput,54873.000
RESULT,current,MULTI_SPOT,wss,64,bandwidth,20.612
RESULT,current,MULTI_SPOT,wss,64,latency,31916.014
RESULT,current,MULTI_SPOT,wss,64,latency_p95,62651.800
RESULT,current,MULTI_SPOT,wss,64,latency_p99,66748.800
RESULT,current,MULTI_SPOT,wss,64,server_cpu_pct,6.290
RESULT,current,MULTI_SPOT,wss,64,server_mem_mb,51.770
RESULT,current,MULTI_SPOT,wss,64,server_rcv_pending_end,0.000
RESULT,current,MULTI_SPOT,wss,64,server_rcv_pending_max,0.000
RESULT,current,MULTI_SPOT,wss,64,server_snd_pending_max,0.000
RESULT,current,MULTI_SPOT,wss,64,throughput,322058.000
RESULT,current,MULTI_SPOT,wss,256,bandwidth,167.891
RESULT,current,MULTI_SPOT,wss,256,latency,7610.803
RESULT,current,MULTI_SPOT,wss,256,latency_p95,11120.500
RESULT,current,MULTI_SPOT,wss,256,latency_p99,12249.400
RESULT,current,MULTI_SPOT,wss,256,server_cpu_pct,5.050
RESULT,current,MULTI_SPOT,wss,256,server_mem_mb,58.120
RESULT,current,MULTI_SPOT,wss,256,server_rcv_pending_end,0.000
RESULT,current,MULTI_SPOT,wss,256,server_rcv_pending_max,0.000
RESULT,current,MULTI_SPOT,wss,256,server_snd_pending_max,0.000
RESULT,current,MULTI_SPOT,wss,256,throughput,655826.000
RESULT,current,MULTI_SPOT,wss,65536,bandwidth,2854.158
RESULT,current,MULTI_SPOT,wss,65536,latency,65929.532
RESULT,current,MULTI_SPOT,wss,65536,latency_p95,100631.450
RESULT,current,MULTI_SPOT,wss,65536,latency_p99,200623.420
RESULT,current,MULTI_SPOT,wss,65536,server_cpu_pct,6.340
RESULT,current,MULTI_SPOT,wss,65536,server_mem_mb,287.710
RESULT,current,MULTI_SPOT,wss,65536,server_rcv_pending_end,0.000
RESULT,current,MULTI_SPOT,wss,65536,server_rcv_pending_max,0.000
RESULT,current,MULTI_SPOT,wss,65536,server_snd_pending_max,0.000
RESULT,current,MULTI_SPOT,wss,65536,throughput,43551.000
RESULT,current,MULTI_SPOT,wss,262144,bandwidth,1921.778
RESULT,current,MULTI_SPOT,wss,262144,latency,154655.748
RESULT,current,MULTI_SPOT,wss,262144,latency_p95,261685.800
RESULT,current,MULTI_SPOT,wss,262144,latency_p99,306442.490
RESULT,current,MULTI_SPOT,wss,262144,server_cpu_pct,5.270
RESULT,current,MULTI_SPOT,wss,262144,server_mem_mb,591.060
RESULT,current,MULTI_SPOT,wss,262144,server_rcv_pending_end,0.000
RESULT,current,MULTI_SPOT,wss,262144,server_rcv_pending_max,0.000
RESULT,current,MULTI_SPOT,wss,262144,server_snd_pending_max,0.000
RESULT,current,MULTI_SPOT,wss,262144,throughput,7331.000

Saved result file: /home/hep7/project/kairos/zlink/core/perf/results/multi/report/perf_linux_recv_20260325_031222_residual-reentry-20260325d.txt (status=partial)

## Status Summary
- success: 11
- unsupported: 0
- skip: 0
- fail: 1
- expected result lines: 60
- actual result lines: 55
- status: partial

## Failures
- MULTI_SPOT current tls 262144B: missing_bandwidth_non_zero_exit_1_CLIENT_READY,262144_size_262144
- MULTI_SPOT current tls 262144B: missing_latency_non_zero_exit_1_CLIENT_READY,262144_size_262144
- MULTI_SPOT current tls 262144B: missing_latency_p95_non_zero_exit_1_CLIENT_READY,262144_size_262144
- MULTI_SPOT current tls 262144B: missing_latency_p99_non_zero_exit_1_CLIENT_READY,262144_size_262144
- MULTI_SPOT current tls 262144B: missing_throughput_non_zero_exit_1_CLIENT_READY,262144_size_262144

## Failures
- MULTI_SPOT
Total benchmark time: 1m 31s (91s, exit=1)
