=== Running multi benchmark: MULTI_SPOT ===
    warmup=2s duration=5s
    recv_mode=recv
Reusing build directory: /home/hep7/project/kairos/zlink/core/build
Using CMake source directory: /home/hep7/project/kairos/zlink

## Effective Options (runner)
- patterns: MULTI_SPOT
- build_dir: /home/hep7/project/kairos/zlink/core/build
- build_mode: reuse
- reuse_build: 1
- clean_build: 0
- runs: 1
- recv_mode: recv
- duration_seconds: 5
- warmup_seconds: 2
- hwm: default(binary)
- send_hwm: default(binary)
- recv_hwm: default(binary)
- sndbuf: default(os)
- rcvbuf: default(os)
- sndtimeo_ms: 200
- rcvtimeo_ms: 200
- pin_cpu: 0
- io_threads: default(policy)
- msg_sizes: default(benchmark)
- transports: tcp,tls,ws,wss
- results_dir: /home/hep7/project/kairos/zlink/core/perf/results
- results_tag: spot-multi-20260324f
- result_file: /home/hep7/project/kairos/zlink/core/perf/results/multi/report/perf_linux_recv_20260324_190508_spot-multi-20260324f.txt
- output_file: none
- comparison_script: /home/hep7/project/kairos/zlink/core/perf/run_comparison.py
- python: python3

## Effective Env (runner)
- PYTHONUNBUFFERED: 1
- PERF_RECV_MODE: recv
- PERF_TRANSPORTS: tcp,tls,ws,wss
- PERF_NO_AUTOBUILD: 1
- PERF_DISABLE_RESOURCE_METRICS: 0

META,os,Linux 6.6.87.2-microsoft-standard-WSL2
META,cpu,Intel(R) Core(TM) Ultra 7 265K
META,cores,20
META,build,Release
META,commit,45bdf7dc
META,timestamp,2026-03-24T19:05:08+09:00
META,load_avg,2.17 3.01 3.09
META,runs,1
META,clients,100

## Effective Options (start)
- runs: 1
- recv_mode: recv
- patterns: MULTI_SPOT
- transports: tcp,tls,ws,wss
- msg_sizes: 64,256,1024,65536,131072,262144
- warmup_seconds: 2
- active_warmup: 0
- duration_seconds: 5
- clients: 100
- default_clients: 100
- default_stream_clients: 10000
- service_clients: auto
- server_io_threads: 4 (default)
- client_io_threads: 4 (default)
- hwm: 100 (default)
- sndhwm: 100 (default)
- rcvhwm: 100 (default)
- sndbuf: default(os)
- rcvbuf: default(os)
- sndtimeo_ms: 200
- rcvtimeo_ms: 200
- connect_concurrency: 128 (default)
- settle_ms: 500
- connect_ready_timeout_ms: 5000
- monitor_hwm: 1000
- server_ready_timeout_ms: 10000
- server_shutdown_timeout_ms: 5000
- server_bind_port: 0
- transport_transition_ms: 3000
- pattern_transition_ms: 3000
- lat_timeout_ms: 5000
- stream_non_tcp_clients_max: 10000
- disable_resource_metrics: 0
- timeout_seconds: auto
## PATTERN: MULTI_SPOT (one-way)
  > Benchmarking current for MULTI_SPOT...
    Testing tcp | 64B,256B,1024B,65536B,131072B,262144B:
      | Size     |         Throughput |      Bandwidth |  Lat.Mean(ms) |   Lat.P95(ms) |   Lat.P99(ms) |  S.CPU% | S.Mem MB | Q.Snd.Max | Q.Rcv.Max | Q.Rcv.End |
      |----------|--------------------|----------------|---------------|---------------|---------------|---------|----------|-----------|-----------|-----------|
      | 64B      |  4082.318 Kmsg/s |    261.268 MB/s |  1215.154 ms |  1755.520 ms |  1803.124 ms | 14.008 |   20.625 |         0 |         0 |         0 |
      | 256B     |  2384.457 Kmsg/s |    610.421 MB/s |   897.281 ms |  1965.399 ms |  2278.072 ms | 10.914 |   23.125 |         0 |         0 |         0 |
      | 1024B    |  1056.999 Kmsg/s |   1082.367 MB/s |   254.849 ms |   409.089 ms |   448.947 ms |  9.000 |   32.840 |         0 |         0 |         0 |
      | 65536B   |    54.440 Kmsg/s |   3567.793 MB/s |   313.749 ms |   446.476 ms |   531.174 ms | 10.284 |  274.316 |         0 |         0 |         0 |
      | 131072B  |    33.075 Kmsg/s |   4335.180 MB/s |   391.328 ms |   562.984 ms |   614.566 ms | 11.392 |  337.539 |         0 |         0 |         0 |
      | 262144B  |    16.631 Kmsg/s |   4359.822 MB/s |   601.070 ms |   760.626 ms |   792.041 ms | 11.896 |  262.254 |         0 |         0 |         0 |
    Testing tcp: Done
    [transport cooldown 3000ms]
    Testing tls | 64B,256B,1024B,65536B,131072B,262144B:
      | Size     |         Throughput |      Bandwidth |  Lat.Mean(ms) |   Lat.P95(ms) |   Lat.P99(ms) |  S.CPU% | S.Mem MB | Q.Snd.Max | Q.Rcv.Max | Q.Rcv.End |
      |----------|--------------------|----------------|---------------|---------------|---------------|---------|----------|-----------|-----------|-----------|
      | 64B      |   506.559 Kmsg/s |     32.420 MB/s |  3452.348 ms |  5581.562 ms |  6319.670 ms |  7.924 |   61.941 |         0 |         0 |         0 |
      | 256B     |  2652.877 Kmsg/s |    679.137 MB/s |   448.589 ms |  2615.076 ms |  3718.063 ms | 13.341 |   73.906 |         0 |         0 |         0 |
      | 1024B    |  1495.429 Kmsg/s |   1531.319 MB/s |   448.939 ms |  3103.419 ms |  3626.551 ms | 15.648 |  116.410 |         0 |         0 |         0 |
      | 65536B   |    31.507 Kmsg/s |   2064.869 MB/s |   871.789 ms |  3813.859 ms |  4169.932 ms | 12.036 |  535.125 |         0 |         0 |         0 |
      | 131072B  |    18.330 Kmsg/s |   2402.576 MB/s |   458.393 ms |  4092.840 ms |  4460.428 ms | 13.351 |  645.023 |         0 |         0 |         0 |
      | 262144B  |     7.390 Kmsg/s |   1937.192 MB/s |   472.429 ms |   603.372 ms |   627.338 ms | 12.475 |  646.574 |         0 |         0 |         0 |
    Testing tls: Done
    [transport cooldown 3000ms]
    Testing ws | 64B,256B,1024B,65536B,131072B,262144B:
      | Size     |         Throughput |      Bandwidth |  Lat.Mean(ms) |   Lat.P95(ms) |   Lat.P99(ms) |  S.CPU% | S.Mem MB | Q.Snd.Max | Q.Rcv.Max | Q.Rcv.End |
      |----------|--------------------|----------------|---------------|---------------|---------------|---------|----------|-----------|-----------|-----------|
      | 64B      |  1061.147 Kmsg/s |     67.913 MB/s |  2460.900 ms |  4428.797 ms |  5550.199 ms |  7.829 |   22.316 |         0 |         0 |         0 |
      | 256B     |  1012.708 Kmsg/s |    259.253 MB/s |  1095.999 ms |  2307.610 ms |  3721.664 ms |  8.934 |   24.688 |         0 |         0 |         0 |
      | 1024B    |   718.264 Kmsg/s |    735.503 MB/s |   380.325 ms |   659.182 ms |   753.638 ms |  8.389 |   34.523 |         0 |         0 |         0 |
      | 65536B   |    38.720 Kmsg/s |   2537.541 MB/s |   363.337 ms |   611.673 ms |   720.977 ms |  9.177 |  270.273 |         0 |         0 |         0 |
      | 131072B  |    19.896 Kmsg/s |   2607.861 MB/s |   601.666 ms |   881.001 ms |   987.252 ms |  9.299 |  284.555 |         0 |         0 |         0 |
      | 262144B  |    11.492 Kmsg/s |   3012.559 MB/s |   803.562 ms |  1054.473 ms |  1118.120 ms |  9.623 |  170.527 |         0 |         0 |         0 |
    Testing ws: Done
    [transport cooldown 3000ms]
    Testing wss | 64B,256B,1024B,65536B,131072B,262144B:
      | Size     |         Throughput |      Bandwidth |  Lat.Mean(ms) |   Lat.P95(ms) |   Lat.P99(ms) |  S.CPU% | S.Mem MB | Q.Snd.Max | Q.Rcv.Max | Q.Rcv.End |
      |----------|--------------------|----------------|---------------|---------------|---------------|---------|----------|-----------|-----------|-----------|
      | 64B      |  3390.260 Kmsg/s |    216.977 MB/s |   417.841 ms |  1765.946 ms |  2442.766 ms |  8.890 |   59.324 |         0 |         0 |         0 |
      | 256B     |   973.017 Kmsg/s |    249.092 MB/s |  1457.122 ms |  3844.202 ms |  4040.906 ms |  8.153 |   67.426 |         0 |         0 |         0 |
      | 1024B    |   931.986 Kmsg/s |    954.354 MB/s |   537.383 ms |  3141.168 ms |  3725.914 ms |  9.837 |  100.223 |         0 |         0 |         0 |
      | 65536B   |    33.939 Kmsg/s |   2224.253 MB/s |   746.832 ms |  3237.130 ms |  3708.012 ms | 10.132 |  424.184 |         0 |         0 |         0 |
      | 131072B  |    15.708 Kmsg/s |   2058.827 MB/s |   158.269 ms |   317.111 ms |   335.949 ms |  9.710 |  556.312 |         0 |         0 |         0 |
      | 262144B  |     3.988 Kmsg/s |   1045.430 MB/s |   199.281 ms |   282.137 ms |   301.885 ms |  8.026 |  751.023 |         0 |         0 |         0 |
    Testing wss: Done

## Effective Options (result)
- runs: 1
- recv_mode: recv
- patterns: MULTI_SPOT
- transports: tcp,tls,ws,wss
- msg_sizes: 64,256,1024,65536,131072,262144
- warmup_seconds: 2
- active_warmup: 0
- duration_seconds: 5
- clients: 100
- default_clients: 100
- default_stream_clients: 10000
- service_clients: auto
- server_io_threads: 4 (default)
- client_io_threads: 4 (default)
- hwm: 100 (default)
- sndhwm: 100 (default)
- rcvhwm: 100 (default)
- sndbuf: default(os)
- rcvbuf: default(os)
- sndtimeo_ms: 200
- rcvtimeo_ms: 200
- connect_concurrency: 128 (default)
- settle_ms: 500
- connect_ready_timeout_ms: 5000
- monitor_hwm: 1000
- server_ready_timeout_ms: 10000
- server_shutdown_timeout_ms: 5000
- server_bind_port: 0
- transport_transition_ms: 3000
- pattern_transition_ms: 3000
- lat_timeout_ms: 5000
- stream_non_tcp_clients_max: 10000
- disable_resource_metrics: 0
- timeout_seconds: auto

## Result Data
RESULT,current,MULTI_SPOT,tcp,64,bandwidth,261.268
RESULT,current,MULTI_SPOT,tcp,64,latency,1215153.799
RESULT,current,MULTI_SPOT,tcp,64,latency_p95,1755520.050
RESULT,current,MULTI_SPOT,tcp,64,latency_p99,1803124.010
RESULT,current,MULTI_SPOT,tcp,64,server_cpu_pct,15.070
RESULT,current,MULTI_SPOT,tcp,64,server_mem_mb,20.620
RESULT,current,MULTI_SPOT,tcp,64,server_rcv_pending_end,0.000
RESULT,current,MULTI_SPOT,tcp,64,server_rcv_pending_max,0.000
RESULT,current,MULTI_SPOT,tcp,64,server_snd_pending_max,0.000
RESULT,current,MULTI_SPOT,tcp,64,throughput,4082318.400
RESULT,current,MULTI_SPOT,tcp,256,bandwidth,610.421
RESULT,current,MULTI_SPOT,tcp,256,latency,897281.013
RESULT,current,MULTI_SPOT,tcp,256,latency_p95,1965398.500
RESULT,current,MULTI_SPOT,tcp,256,latency_p99,2278071.600
RESULT,current,MULTI_SPOT,tcp,256,server_cpu_pct,11.280
RESULT,current,MULTI_SPOT,tcp,256,server_mem_mb,23.120
RESULT,current,MULTI_SPOT,tcp,256,server_rcv_pending_end,0.000
RESULT,current,MULTI_SPOT,tcp,256,server_rcv_pending_max,0.000
RESULT,current,MULTI_SPOT,tcp,256,server_snd_pending_max,0.000
RESULT,current,MULTI_SPOT,tcp,256,throughput,2384456.800
RESULT,current,MULTI_SPOT,tcp,1024,bandwidth,1082.367
RESULT,current,MULTI_SPOT,tcp,1024,latency,254849.398
RESULT,current,MULTI_SPOT,tcp,1024,latency_p95,409089.200
RESULT,current,MULTI_SPOT,tcp,1024,latency_p99,448947.260
RESULT,current,MULTI_SPOT,tcp,1024,server_cpu_pct,9.200
RESULT,current,MULTI_SPOT,tcp,1024,server_mem_mb,32.840
RESULT,current,MULTI_SPOT,tcp,1024,server_rcv_pending_end,0.000
RESULT,current,MULTI_SPOT,tcp,1024,server_rcv_pending_max,0.000
RESULT,current,MULTI_SPOT,tcp,1024,server_snd_pending_max,0.000
RESULT,current,MULTI_SPOT,tcp,1024,throughput,1056999.400
RESULT,current,MULTI_SPOT,tcp,65536,bandwidth,3567.793
RESULT,current,MULTI_SPOT,tcp,65536,latency,313748.655
RESULT,current,MULTI_SPOT,tcp,65536,latency_p95,446476.200
RESULT,current,MULTI_SPOT,tcp,65536,latency_p99,531173.520
RESULT,current,MULTI_SPOT,tcp,65536,server_cpu_pct,10.600
RESULT,current,MULTI_SPOT,tcp,65536,server_mem_mb,274.470
RESULT,current,MULTI_SPOT,tcp,65536,server_rcv_pending_end,0.000
RESULT,current,MULTI_SPOT,tcp,65536,server_rcv_pending_max,0.000
RESULT,current,MULTI_SPOT,tcp,65536,server_snd_pending_max,0.000
RESULT,current,MULTI_SPOT,tcp,65536,throughput,54440.200
RESULT,current,MULTI_SPOT,tcp,131072,bandwidth,4335.180
RESULT,current,MULTI_SPOT,tcp,131072,latency,391327.886
RESULT,current,MULTI_SPOT,tcp,131072,latency_p95,562984.000
RESULT,current,MULTI_SPOT,tcp,131072,latency_p99,614566.200
RESULT,current,MULTI_SPOT,tcp,131072,server_cpu_pct,11.890
RESULT,current,MULTI_SPOT,tcp,131072,server_mem_mb,337.540
RESULT,current,MULTI_SPOT,tcp,131072,server_rcv_pending_end,0.000
RESULT,current,MULTI_SPOT,tcp,131072,server_rcv_pending_max,0.000
RESULT,current,MULTI_SPOT,tcp,131072,server_snd_pending_max,0.000
RESULT,current,MULTI_SPOT,tcp,131072,throughput,33074.800
RESULT,current,MULTI_SPOT,tcp,262144,bandwidth,4359.822
RESULT,current,MULTI_SPOT,tcp,262144,latency,601070.470
RESULT,current,MULTI_SPOT,tcp,262144,latency_p95,760626.000
RESULT,current,MULTI_SPOT,tcp,262144,latency_p99,792041.000
RESULT,current,MULTI_SPOT,tcp,262144,server_cpu_pct,12.490
RESULT,current,MULTI_SPOT,tcp,262144,server_mem_mb,262.410
RESULT,current,MULTI_SPOT,tcp,262144,server_rcv_pending_end,0.000
RESULT,current,MULTI_SPOT,tcp,262144,server_rcv_pending_max,0.000
RESULT,current,MULTI_SPOT,tcp,262144,server_snd_pending_max,0.000
RESULT,current,MULTI_SPOT,tcp,262144,throughput,16631.400
RESULT,current,MULTI_SPOT,tls,64,bandwidth,32.420
RESULT,current,MULTI_SPOT,tls,64,latency,3452347.541
RESULT,current,MULTI_SPOT,tls,64,latency_p95,5581562.400
RESULT,current,MULTI_SPOT,tls,64,latency_p99,6319670.190
RESULT,current,MULTI_SPOT,tls,64,server_cpu_pct,10.440
RESULT,current,MULTI_SPOT,tls,64,server_mem_mb,61.940
RESULT,current,MULTI_SPOT,tls,64,server_rcv_pending_end,0.000
RESULT,current,MULTI_SPOT,tls,64,server_rcv_pending_max,0.000
RESULT,current,MULTI_SPOT,tls,64,server_snd_pending_max,0.000
RESULT,current,MULTI_SPOT,tls,64,throughput,506558.800
RESULT,current,MULTI_SPOT,tls,256,bandwidth,679.137
RESULT,current,MULTI_SPOT,tls,256,latency,448589.388
RESULT,current,MULTI_SPOT,tls,256,latency_p95,2615076.050
RESULT,current,MULTI_SPOT,tls,256,latency_p99,3718062.860
RESULT,current,MULTI_SPOT,tls,256,server_cpu_pct,13.350
RESULT,current,MULTI_SPOT,tls,256,server_mem_mb,73.910
RESULT,current,MULTI_SPOT,tls,256,server_rcv_pending_end,0.000
RESULT,current,MULTI_SPOT,tls,256,server_rcv_pending_max,0.000
RESULT,current,MULTI_SPOT,tls,256,server_snd_pending_max,0.000
RESULT,current,MULTI_SPOT,tls,256,throughput,2652877.200
RESULT,current,MULTI_SPOT,tls,1024,bandwidth,1531.319
RESULT,current,MULTI_SPOT,tls,1024,latency,448938.556
RESULT,current,MULTI_SPOT,tls,1024,latency_p95,3103419.300
RESULT,current,MULTI_SPOT,tls,1024,latency_p99,3626550.980
RESULT,current,MULTI_SPOT,tls,1024,server_cpu_pct,15.670
RESULT,current,MULTI_SPOT,tls,1024,server_mem_mb,116.410
RESULT,current,MULTI_SPOT,tls,1024,server_rcv_pending_end,0.000
RESULT,current,MULTI_SPOT,tls,1024,server_rcv_pending_max,0.000
RESULT,current,MULTI_SPOT,tls,1024,server_snd_pending_max,0.000
RESULT,current,MULTI_SPOT,tls,1024,throughput,1495428.600
RESULT,current,MULTI_SPOT,tls,65536,bandwidth,2064.869
RESULT,current,MULTI_SPOT,tls,65536,latency,871788.726
RESULT,current,MULTI_SPOT,tls,65536,latency_p95,3813858.700
RESULT,current,MULTI_SPOT,tls,65536,latency_p99,4169931.530
RESULT,current,MULTI_SPOT,tls,65536,server_cpu_pct,12.130
RESULT,current,MULTI_SPOT,tls,65536,server_mem_mb,535.120
RESULT,current,MULTI_SPOT,tls,65536,server_rcv_pending_end,0.000
RESULT,current,MULTI_SPOT,tls,65536,server_rcv_pending_max,0.000
RESULT,current,MULTI_SPOT,tls,65536,server_snd_pending_max,0.000
RESULT,current,MULTI_SPOT,tls,65536,throughput,31507.400
RESULT,current,MULTI_SPOT,tls,131072,bandwidth,2402.576
RESULT,current,MULTI_SPOT,tls,131072,latency,458392.629
RESULT,current,MULTI_SPOT,tls,131072,latency_p95,4092840.000
RESULT,current,MULTI_SPOT,tls,131072,latency_p99,4460428.300
RESULT,current,MULTI_SPOT,tls,131072,server_cpu_pct,13.500
RESULT,current,MULTI_SPOT,tls,131072,server_mem_mb,645.020
RESULT,current,MULTI_SPOT,tls,131072,server_rcv_pending_end,0.000
RESULT,current,MULTI_SPOT,tls,131072,server_rcv_pending_max,0.000
RESULT,current,MULTI_SPOT,tls,131072,server_snd_pending_max,0.000
RESULT,current,MULTI_SPOT,tls,131072,throughput,18330.200
RESULT,current,MULTI_SPOT,tls,262144,bandwidth,1937.192
RESULT,current,MULTI_SPOT,tls,262144,latency,472429.458
RESULT,current,MULTI_SPOT,tls,262144,latency_p95,603371.800
RESULT,current,MULTI_SPOT,tls,262144,latency_p99,627338.280
RESULT,current,MULTI_SPOT,tls,262144,server_cpu_pct,13.000
RESULT,current,MULTI_SPOT,tls,262144,server_mem_mb,646.570
RESULT,current,MULTI_SPOT,tls,262144,server_rcv_pending_end,0.000
RESULT,current,MULTI_SPOT,tls,262144,server_rcv_pending_max,0.000
RESULT,current,MULTI_SPOT,tls,262144,server_snd_pending_max,0.000
RESULT,current,MULTI_SPOT,tls,262144,throughput,7389.800
RESULT,current,MULTI_SPOT,ws,64,bandwidth,67.913
RESULT,current,MULTI_SPOT,ws,64,latency,2460899.744
RESULT,current,MULTI_SPOT,ws,64,latency_p95,4428797.500
RESULT,current,MULTI_SPOT,ws,64,latency_p99,5550198.550
RESULT,current,MULTI_SPOT,ws,64,server_cpu_pct,9.780
RESULT,current,MULTI_SPOT,ws,64,server_mem_mb,22.320
RESULT,current,MULTI_SPOT,ws,64,server_rcv_pending_end,0.000
RESULT,current,MULTI_SPOT,ws,64,server_rcv_pending_max,0.000
RESULT,current,MULTI_SPOT,ws,64,server_snd_pending_max,0.000
RESULT,current,MULTI_SPOT,ws,64,throughput,1061146.800
RESULT,current,MULTI_SPOT,ws,256,bandwidth,259.253
RESULT,current,MULTI_SPOT,ws,256,latency,1095998.713
RESULT,current,MULTI_SPOT,ws,256,latency_p95,2307609.700
RESULT,current,MULTI_SPOT,ws,256,latency_p99,3721664.360
RESULT,current,MULTI_SPOT,ws,256,server_cpu_pct,9.270
RESULT,current,MULTI_SPOT,ws,256,server_mem_mb,24.690
RESULT,current,MULTI_SPOT,ws,256,server_rcv_pending_end,0.000
RESULT,current,MULTI_SPOT,ws,256,server_rcv_pending_max,0.000
RESULT,current,MULTI_SPOT,ws,256,server_snd_pending_max,0.000
RESULT,current,MULTI_SPOT,ws,256,throughput,1012708.400
RESULT,current,MULTI_SPOT,ws,1024,bandwidth,735.503
RESULT,current,MULTI_SPOT,ws,1024,latency,380325.454
RESULT,current,MULTI_SPOT,ws,1024,latency_p95,659181.500
RESULT,current,MULTI_SPOT,ws,1024,latency_p99,753638.200
RESULT,current,MULTI_SPOT,ws,1024,server_cpu_pct,8.600
RESULT,current,MULTI_SPOT,ws,1024,server_mem_mb,34.520
RESULT,current,MULTI_SPOT,ws,1024,server_rcv_pending_end,0.000
RESULT,current,MULTI_SPOT,ws,1024,server_rcv_pending_max,0.000
RESULT,current,MULTI_SPOT,ws,1024,server_snd_pending_max,0.000
RESULT,current,MULTI_SPOT,ws,1024,throughput,718264.400
RESULT,current,MULTI_SPOT,ws,65536,bandwidth,2537.541
RESULT,current,MULTI_SPOT,ws,65536,latency,363337.447
RESULT,current,MULTI_SPOT,ws,65536,latency_p95,611672.550
RESULT,current,MULTI_SPOT,ws,65536,latency_p99,720977.080
RESULT,current,MULTI_SPOT,ws,65536,server_cpu_pct,9.500
RESULT,current,MULTI_SPOT,ws,65536,server_mem_mb,270.270
RESULT,current,MULTI_SPOT,ws,65536,server_rcv_pending_end,0.000
RESULT,current,MULTI_SPOT,ws,65536,server_rcv_pending_max,0.000
RESULT,current,MULTI_SPOT,ws,65536,server_snd_pending_max,0.000
RESULT,current,MULTI_SPOT,ws,65536,throughput,38719.800
RESULT,current,MULTI_SPOT,ws,131072,bandwidth,2607.861
RESULT,current,MULTI_SPOT,ws,131072,latency,601666.241
RESULT,current,MULTI_SPOT,ws,131072,latency_p95,881001.400
RESULT,current,MULTI_SPOT,ws,131072,latency_p99,987252.480
RESULT,current,MULTI_SPOT,ws,131072,server_cpu_pct,9.800
RESULT,current,MULTI_SPOT,ws,131072,server_mem_mb,284.550
RESULT,current,MULTI_SPOT,ws,131072,server_rcv_pending_end,0.000
RESULT,current,MULTI_SPOT,ws,131072,server_rcv_pending_max,0.000
RESULT,current,MULTI_SPOT,ws,131072,server_snd_pending_max,0.000
RESULT,current,MULTI_SPOT,ws,131072,throughput,19896.400
RESULT,current,MULTI_SPOT,ws,262144,bandwidth,3012.559
RESULT,current,MULTI_SPOT,ws,262144,latency,803561.693
RESULT,current,MULTI_SPOT,ws,262144,latency_p95,1054472.900
RESULT,current,MULTI_SPOT,ws,262144,latency_p99,1118120.410
RESULT,current,MULTI_SPOT,ws,262144,server_cpu_pct,10.450
RESULT,current,MULTI_SPOT,ws,262144,server_mem_mb,170.530
RESULT,current,MULTI_SPOT,ws,262144,server_rcv_pending_end,0.000
RESULT,current,MULTI_SPOT,ws,262144,server_rcv_pending_max,0.000
RESULT,current,MULTI_SPOT,ws,262144,server_snd_pending_max,0.000
RESULT,current,MULTI_SPOT,ws,262144,throughput,11492.000
RESULT,current,MULTI_SPOT,wss,64,bandwidth,216.977
RESULT,current,MULTI_SPOT,wss,64,latency,417841.093
RESULT,current,MULTI_SPOT,wss,64,latency_p95,1765946.150
RESULT,current,MULTI_SPOT,wss,64,latency_p99,2442766.400
RESULT,current,MULTI_SPOT,wss,64,server_cpu_pct,8.890
RESULT,current,MULTI_SPOT,wss,64,server_mem_mb,59.320
RESULT,current,MULTI_SPOT,wss,64,server_rcv_pending_end,0.000
RESULT,current,MULTI_SPOT,wss,64,server_rcv_pending_max,0.000
RESULT,current,MULTI_SPOT,wss,64,server_snd_pending_max,0.000
RESULT,current,MULTI_SPOT,wss,64,throughput,3390260.400
RESULT,current,MULTI_SPOT,wss,256,bandwidth,249.092
RESULT,current,MULTI_SPOT,wss,256,latency,1457121.618
RESULT,current,MULTI_SPOT,wss,256,latency_p95,3844202.500
RESULT,current,MULTI_SPOT,wss,256,latency_p99,4040906.400
RESULT,current,MULTI_SPOT,wss,256,server_cpu_pct,8.160
RESULT,current,MULTI_SPOT,wss,256,server_mem_mb,67.430
RESULT,current,MULTI_SPOT,wss,256,server_rcv_pending_end,0.000
RESULT,current,MULTI_SPOT,wss,256,server_rcv_pending_max,0.000
RESULT,current,MULTI_SPOT,wss,256,server_snd_pending_max,0.000
RESULT,current,MULTI_SPOT,wss,256,throughput,973017.200
RESULT,current,MULTI_SPOT,wss,1024,bandwidth,954.354
RESULT,current,MULTI_SPOT,wss,1024,latency,537383.182
RESULT,current,MULTI_SPOT,wss,1024,latency_p95,3141168.400
RESULT,current,MULTI_SPOT,wss,1024,latency_p99,3725913.760
RESULT,current,MULTI_SPOT,wss,1024,server_cpu_pct,9.840
RESULT,current,MULTI_SPOT,wss,1024,server_mem_mb,100.220
RESULT,current,MULTI_SPOT,wss,1024,server_rcv_pending_end,0.000
RESULT,current,MULTI_SPOT,wss,1024,server_rcv_pending_max,0.000
RESULT,current,MULTI_SPOT,wss,1024,server_snd_pending_max,0.000
RESULT,current,MULTI_SPOT,wss,1024,throughput,931986.400
RESULT,current,MULTI_SPOT,wss,65536,bandwidth,2224.253
RESULT,current,MULTI_SPOT,wss,65536,latency,746832.069
RESULT,current,MULTI_SPOT,wss,65536,latency_p95,3237129.800
RESULT,current,MULTI_SPOT,wss,65536,latency_p99,3708012.080
RESULT,current,MULTI_SPOT,wss,65536,server_cpu_pct,10.220
RESULT,current,MULTI_SPOT,wss,65536,server_mem_mb,424.180
RESULT,current,MULTI_SPOT,wss,65536,server_rcv_pending_end,0.000
RESULT,current,MULTI_SPOT,wss,65536,server_rcv_pending_max,0.000
RESULT,current,MULTI_SPOT,wss,65536,server_snd_pending_max,0.000
RESULT,current,MULTI_SPOT,wss,65536,throughput,33939.400
RESULT,current,MULTI_SPOT,wss,131072,bandwidth,2058.827
RESULT,current,MULTI_SPOT,wss,131072,latency,158269.127
RESULT,current,MULTI_SPOT,wss,131072,latency_p95,317111.500
RESULT,current,MULTI_SPOT,wss,131072,latency_p99,335948.550
RESULT,current,MULTI_SPOT,wss,131072,server_cpu_pct,9.720
RESULT,current,MULTI_SPOT,wss,131072,server_mem_mb,556.470
RESULT,current,MULTI_SPOT,wss,131072,server_rcv_pending_end,0.000
RESULT,current,MULTI_SPOT,wss,131072,server_rcv_pending_max,0.000
RESULT,current,MULTI_SPOT,wss,131072,server_snd_pending_max,0.000
RESULT,current,MULTI_SPOT,wss,131072,throughput,15707.600
RESULT,current,MULTI_SPOT,wss,262144,bandwidth,1045.430
RESULT,current,MULTI_SPOT,wss,262144,latency,199280.970
RESULT,current,MULTI_SPOT,wss,262144,latency_p95,282137.200
RESULT,current,MULTI_SPOT,wss,262144,latency_p99,301885.100
RESULT,current,MULTI_SPOT,wss,262144,server_cpu_pct,8.080
RESULT,current,MULTI_SPOT,wss,262144,server_mem_mb,751.020
RESULT,current,MULTI_SPOT,wss,262144,server_rcv_pending_end,0.000
RESULT,current,MULTI_SPOT,wss,262144,server_rcv_pending_max,0.000
RESULT,current,MULTI_SPOT,wss,262144,server_snd_pending_max,0.000
RESULT,current,MULTI_SPOT,wss,262144,throughput,3988.000

Saved result file: /home/hep7/project/kairos/zlink/core/perf/results/multi/report/perf_linux_recv_20260324_190508_spot-multi-20260324f.txt (status=complete)

## Status Summary
- success: 24
- unsupported: 0
- skip: 0
- fail: 0
- expected result lines: 120
- actual result lines: 120
- status: complete
Total benchmark time: 3m 37s (217s, exit=0)
