=== Running multi benchmark: MULTI_SPOT ===
    warmup=2s duration=5s
    recv_mode=recv
Reusing build directory: /home/hep7/project/kairos/zlink/core/build
Using CMake source directory: /home/hep7/project/kairos/zlink

## Effective Options (runner)
- patterns: MULTI_SPOT
- build_dir: /home/hep7/project/kairos/zlink/core/build
- build_mode: reuse
- reuse_build: 1
- clean_build: 0
- runs: 1
- recv_mode: recv
- duration_seconds: 5
- warmup_seconds: 2
- hwm: default(binary)
- send_hwm: default(binary)
- recv_hwm: default(binary)
- sndbuf: default(os)
- rcvbuf: default(os)
- sndtimeo_ms: 200
- rcvtimeo_ms: 200
- pin_cpu: 0
- io_threads: default(policy)
- msg_sizes: 64,256,1024,65536,131072,262144
- transports: tls
- results_dir: /home/hep7/project/kairos/zlink/core/perf/results
- results_tag: spot-multi-tls-triage
- result_file: /home/hep7/project/kairos/zlink/core/perf/results/multi/report/perf_linux_recv_20260324_165821_spot-multi-tls-triage.txt
- output_file: none
- comparison_script: /home/hep7/project/kairos/zlink/core/perf/run_comparison.py
- python: python3

## Effective Env (runner)
- PYTHONUNBUFFERED: 1
- PERF_RECV_MODE: recv
- PERF_MSG_SIZES: 64,256,1024,65536,131072,262144
- PERF_TRANSPORTS: tls
- PERF_NO_AUTOBUILD: 1
- PERF_DISABLE_RESOURCE_METRICS: 0

META,os,Linux 6.6.87.2-microsoft-standard-WSL2
META,cpu,Intel(R) Core(TM) Ultra 7 265K
META,cores,20
META,build,Release
META,commit,45bdf7dc
META,timestamp,2026-03-24T16:58:21+09:00
META,load_avg,2.56 6.04 6.16
META,runs,1
META,clients,100

## Effective Options (start)
- runs: 1
- recv_mode: recv
- patterns: MULTI_SPOT
- transports: tls
- msg_sizes: 64,256,1024,65536,131072,262144
- warmup_seconds: 2
- active_warmup: 0
- duration_seconds: 5
- clients: 100
- default_clients: 100
- default_stream_clients: 10000
- service_clients: auto
- server_io_threads: 4 (default)
- client_io_threads: 4 (default)
- hwm: 100 (default)
- sndhwm: 100 (default)
- rcvhwm: 100 (default)
- sndbuf: default(os)
- rcvbuf: default(os)
- sndtimeo_ms: 200
- rcvtimeo_ms: 200
- connect_concurrency: 128 (default)
- settle_ms: 500
- connect_ready_timeout_ms: 5000
- monitor_hwm: 1000
- server_ready_timeout_ms: 10000
- server_shutdown_timeout_ms: 5000
- server_bind_port: 0
- transport_transition_ms: 3000
- pattern_transition_ms: 3000
- lat_timeout_ms: 5000
- stream_non_tcp_clients_max: 10000
- disable_resource_metrics: 0
- timeout_seconds: auto
## PATTERN: MULTI_SPOT (one-way)
  > Benchmarking current for MULTI_SPOT...
    Testing tls | 64B,256B,1024B,65536B,131072B,262144B:
      | Size     |         Throughput |      Bandwidth |  Lat.Mean(ms) |   Lat.P95(ms) |   Lat.P99(ms) |  S.CPU% | S.Mem MB | Q.Snd.Max | Q.Rcv.Max | Q.Rcv.End |
      |----------|--------------------|----------------|---------------|---------------|---------------|---------|----------|-----------|-----------|-----------|
      | 64B      |  1940.310 Kmsg/s |    124.180 MB/s |   799.543 ms |  1875.380 ms |  3280.093 ms | 13.120 |   60.082 |         0 |         0 |         0 |
      | 256B     |  2060.376 Kmsg/s |    527.456 MB/s |   600.447 ms |  3200.000 ms |  3969.795 ms | 15.043 |   73.262 |         0 |         0 |         0 |
      | 1024B    |   537.127 Kmsg/s |    550.018 MB/s |  1765.612 ms |  2416.929 ms |  2576.106 ms |  9.550 |  121.234 |         0 |         0 |         0 |
      | 65536B   |    49.638 Kmsg/s |   3253.076 MB/s |   332.725 ms |  3243.666 ms |  3853.907 ms | 14.950 |  499.742 |         0 |         0 |         0 |
      | 131072B  |    17.237 Kmsg/s |   2259.262 MB/s |   196.010 ms |   117.905 ms |  4338.880 ms | 13.264 |  644.355 |         0 |         0 |         0 |
      | 262144B  |     7.910 Kmsg/s |   2073.507 MB/s |   154.055 ms |   218.711 ms |   233.105 ms | 12.923 |  855.941 |         0 |         0 |         0 |
    Testing tls: Done

## Effective Options (result)
- runs: 1
- recv_mode: recv
- patterns: MULTI_SPOT
- transports: tls
- msg_sizes: 64,256,1024,65536,131072,262144
- warmup_seconds: 2
- active_warmup: 0
- duration_seconds: 5
- clients: 100
- default_clients: 100
- default_stream_clients: 10000
- service_clients: auto
- server_io_threads: 4 (default)
- client_io_threads: 4 (default)
- hwm: 100 (default)
- sndhwm: 100 (default)
- rcvhwm: 100 (default)
- sndbuf: default(os)
- rcvbuf: default(os)
- sndtimeo_ms: 200
- rcvtimeo_ms: 200
- connect_concurrency: 128 (default)
- settle_ms: 500
- connect_ready_timeout_ms: 5000
- monitor_hwm: 1000
- server_ready_timeout_ms: 10000
- server_shutdown_timeout_ms: 5000
- server_bind_port: 0
- transport_transition_ms: 3000
- pattern_transition_ms: 3000
- lat_timeout_ms: 5000
- stream_non_tcp_clients_max: 10000
- disable_resource_metrics: 0
- timeout_seconds: auto

## Result Data
RESULT,current,MULTI_SPOT,tls,64,bandwidth,124.180
RESULT,current,MULTI_SPOT,tls,64,latency,799542.749
RESULT,current,MULTI_SPOT,tls,64,latency_p95,1875380.300
RESULT,current,MULTI_SPOT,tls,64,latency_p99,3280093.050
RESULT,current,MULTI_SPOT,tls,64,server_cpu_pct,13.130
RESULT,current,MULTI_SPOT,tls,64,server_mem_mb,60.080
RESULT,current,MULTI_SPOT,tls,64,server_rcv_pending_end,0.000
RESULT,current,MULTI_SPOT,tls,64,server_rcv_pending_max,0.000
RESULT,current,MULTI_SPOT,tls,64,server_snd_pending_max,0.000
RESULT,current,MULTI_SPOT,tls,64,throughput,1940310.000
RESULT,current,MULTI_SPOT,tls,256,bandwidth,527.456
RESULT,current,MULTI_SPOT,tls,256,latency,600447.337
RESULT,current,MULTI_SPOT,tls,256,latency_p95,3199999.950
RESULT,current,MULTI_SPOT,tls,256,latency_p99,3969794.690
RESULT,current,MULTI_SPOT,tls,256,server_cpu_pct,15.060
RESULT,current,MULTI_SPOT,tls,256,server_mem_mb,73.260
RESULT,current,MULTI_SPOT,tls,256,server_rcv_pending_end,0.000
RESULT,current,MULTI_SPOT,tls,256,server_rcv_pending_max,0.000
RESULT,current,MULTI_SPOT,tls,256,server_snd_pending_max,0.000
RESULT,current,MULTI_SPOT,tls,256,throughput,2060375.600
RESULT,current,MULTI_SPOT,tls,1024,bandwidth,550.018
RESULT,current,MULTI_SPOT,tls,1024,latency,1765611.839
RESULT,current,MULTI_SPOT,tls,1024,latency_p95,2416928.700
RESULT,current,MULTI_SPOT,tls,1024,latency_p99,2576106.480
RESULT,current,MULTI_SPOT,tls,1024,server_cpu_pct,9.920
RESULT,current,MULTI_SPOT,tls,1024,server_mem_mb,121.230
RESULT,current,MULTI_SPOT,tls,1024,server_rcv_pending_end,0.000
RESULT,current,MULTI_SPOT,tls,1024,server_rcv_pending_max,0.000
RESULT,current,MULTI_SPOT,tls,1024,server_snd_pending_max,0.000
RESULT,current,MULTI_SPOT,tls,1024,throughput,537127.200
RESULT,current,MULTI_SPOT,tls,65536,bandwidth,3253.076
RESULT,current,MULTI_SPOT,tls,65536,latency,332724.961
RESULT,current,MULTI_SPOT,tls,65536,latency_p95,3243666.300
RESULT,current,MULTI_SPOT,tls,65536,latency_p99,3853907.430
RESULT,current,MULTI_SPOT,tls,65536,server_cpu_pct,15.000
RESULT,current,MULTI_SPOT,tls,65536,server_mem_mb,499.740
RESULT,current,MULTI_SPOT,tls,65536,server_rcv_pending_end,0.000
RESULT,current,MULTI_SPOT,tls,65536,server_rcv_pending_max,0.000
RESULT,current,MULTI_SPOT,tls,65536,server_snd_pending_max,0.000
RESULT,current,MULTI_SPOT,tls,65536,throughput,49638.000
RESULT,current,MULTI_SPOT,tls,131072,bandwidth,2259.262
RESULT,current,MULTI_SPOT,tls,131072,latency,196009.573
RESULT,current,MULTI_SPOT,tls,131072,latency_p95,117905.000
RESULT,current,MULTI_SPOT,tls,131072,latency_p99,4338879.900
RESULT,current,MULTI_SPOT,tls,131072,server_cpu_pct,13.380
RESULT,current,MULTI_SPOT,tls,131072,server_mem_mb,644.360
RESULT,current,MULTI_SPOT,tls,131072,server_rcv_pending_end,0.000
RESULT,current,MULTI_SPOT,tls,131072,server_rcv_pending_max,0.000
RESULT,current,MULTI_SPOT,tls,131072,server_snd_pending_max,0.000
RESULT,current,MULTI_SPOT,tls,131072,throughput,17236.800
RESULT,current,MULTI_SPOT,tls,262144,bandwidth,2073.507
RESULT,current,MULTI_SPOT,tls,262144,latency,154055.365
RESULT,current,MULTI_SPOT,tls,262144,latency_p95,218711.000
RESULT,current,MULTI_SPOT,tls,262144,latency_p99,233104.680
RESULT,current,MULTI_SPOT,tls,262144,server_cpu_pct,13.090
RESULT,current,MULTI_SPOT,tls,262144,server_mem_mb,855.940
RESULT,current,MULTI_SPOT,tls,262144,server_rcv_pending_end,0.000
RESULT,current,MULTI_SPOT,tls,262144,server_rcv_pending_max,0.000
RESULT,current,MULTI_SPOT,tls,262144,server_snd_pending_max,0.000
RESULT,current,MULTI_SPOT,tls,262144,throughput,7909.800

Saved result file: /home/hep7/project/kairos/zlink/core/perf/results/multi/report/perf_linux_recv_20260324_165821_spot-multi-tls-triage.txt (status=complete)

## Status Summary
- success: 6
- unsupported: 0
- skip: 0
- fail: 0
- expected result lines: 30
- actual result lines: 30
- status: complete
Total benchmark time: 48s (48s, exit=0)
