Reusing build directory: /home/hep7/project/kairos/zlink/core/build
Using CMake source directory: /home/hep7/project/kairos/zlink

## Effective Options (runner)
- patterns: SPOT
- build_dir: /home/hep7/project/kairos/zlink/core/build
- build_mode: reuse
- reuse_build: 1
- clean_build: 0
- runs: 1
- recv_mode: callback
- duration_seconds: 5
- warmup_seconds: 2
- hwm: default(binary)
- send_hwm: default(binary)
- recv_hwm: default(binary)
- sndbuf: default(os)
- rcvbuf: default(os)
- sndtimeo_ms: 200
- rcvtimeo_ms: 200
- pin_cpu: 0
- io_threads: default(binary=1)
- msg_sizes: 64,256,1024,65536,131072,262144
- transports: tcp,tls,ws,wss
- results_dir: /home/hep7/project/kairos/zlink/core/perf/results
- results_tag: spot-single-20260324e
- result_file: /home/hep7/project/kairos/zlink/core/perf/results/single/report/perf_linux_callback_20260324_181439_spot-single-20260324e.txt
- output_file: none
- comparison_script: /home/hep7/project/kairos/zlink/core/perf/single/run_comparison.py
- python: python3

## Effective Env (runner)
- PYTHONUNBUFFERED: 1
- PERF_RECV_MODE: callback
- PERF_MSG_SIZES: 64,256,1024,65536,131072,262144
- PERF_TRANSPORTS: tcp,tls,ws,wss
- PERF_SINGLE_DURATION_SECONDS: 5
- PERF_SINGLE_WARMUP_SECONDS: 2
- PERF_SINGLE_SNDTIMEO_MS: 200
- PERF_SINGLE_RCVTIMEO_MS: 200
- PERF_NO_AUTOBUILD: 1


## Effective Options (start)
- runs: 1
- recv_mode: callback
- duration_seconds: 5
- timeout_seconds: 45
- io_threads: 1
- hwm: 1000
- sndhwm: 1000
- rcvhwm: 1000
- sndtimeo_ms: 200
- rcvtimeo_ms: 200
- patterns: SPOT
- transports: tcp,tls,ws,wss
- msg_sizes: 64,256,1024,65536,131072,262144
## PATTERN: SPOT (one-way)
  > Benchmarking current for SPOT...
    Testing tcp:
      | Size     |       Throughput |    Bandwidth |  Lat.Mean(ms) |   Lat.P95(ms) |   Lat.P99(ms) | CPU% | Mem MB | Q.Snd.Max | Q.Rcv.Max | Q.Rcv.End |
      |----------|------------------|--------------|--------------|--------------|--------------|------|--------|-----------|-----------|-----------|
      | 64B      |   1532.12 Kmsg/s |    98.06 MB/s |      0.22 ms |      0.37 ms |      0.43 ms |  9.2 |   10.8 |       N/A |       N/A |       N/A |
      | 256B     |    774.96 Kmsg/s |   198.39 MB/s |      0.52 ms |      0.78 ms |      0.89 ms |  7.2 |   10.5 |       N/A |       N/A |       N/A |
      | 1024B    |    615.71 Kmsg/s |   630.49 MB/s |      0.76 ms |      1.01 ms |      1.14 ms |  7.4 |   12.7 |       N/A |       N/A |       N/A |
      | 65536B   |     77.73 Kmsg/s |  5094.06 MB/s |      6.79 ms |      8.45 ms |      8.81 ms |  7.6 |   13.4 |       N/A |       N/A |       N/A |
      | 131072B  |     45.05 Kmsg/s |  5904.66 MB/s |     11.44 ms |     13.89 ms |     14.49 ms |  7.3 |   14.3 |       N/A |       N/A |       N/A |
      | 262144B  |     24.46 Kmsg/s |  6411.26 MB/s |     20.86 ms |     25.36 ms |     26.19 ms |  6.7 |   16.3 |       N/A |       N/A |       N/A |
    Testing tcp: Done
    Testing tls:
      | Size     |       Throughput |    Bandwidth |  Lat.Mean(ms) |   Lat.P95(ms) |   Lat.P99(ms) | CPU% | Mem MB | Q.Snd.Max | Q.Rcv.Max | Q.Rcv.End |
      |----------|------------------|--------------|--------------|--------------|--------------|------|--------|-----------|-----------|-----------|
      | 64B      |   1451.40 Kmsg/s |    92.89 MB/s |      0.41 ms |      0.51 ms |      0.57 ms |  8.3 |   14.5 |       N/A |       N/A |       N/A |
      | 256B     |    717.16 Kmsg/s |   183.59 MB/s |      0.60 ms |      0.88 ms |      0.99 ms |  6.7 |   14.2 |       N/A |       N/A |       N/A |
      | 1024B    |    445.52 Kmsg/s |   456.21 MB/s |      1.09 ms |      1.46 ms |      1.60 ms |  6.8 |   14.8 |       N/A |       N/A |       N/A |
      | 65536B   |     20.74 Kmsg/s |  1358.95 MB/s |     27.25 ms |     35.04 ms |     36.11 ms |  6.8 |   15.9 |       N/A |       N/A |       N/A |
      | 131072B  |     11.75 Kmsg/s |  1540.12 MB/s |     47.74 ms |     61.33 ms |     62.74 ms |  6.6 |   17.3 |       N/A |       N/A |       N/A |
      | 262144B  |      6.22 Kmsg/s |  1631.85 MB/s |     89.63 ms |    115.98 ms |    118.95 ms |  5.9 |   16.9 |       N/A |       N/A |       N/A |
    Testing tls: Done
    Testing ws:
      | Size     |       Throughput |    Bandwidth |  Lat.Mean(ms) |   Lat.P95(ms) |   Lat.P99(ms) | CPU% | Mem MB | Q.Snd.Max | Q.Rcv.Max | Q.Rcv.End |
      |----------|------------------|--------------|--------------|--------------|--------------|------|--------|-----------|-----------|-----------|
      | 64B      |   1208.43 Kmsg/s |    77.34 MB/s |    127.16 ms |    146.35 ms |    148.09 ms |  8.9 |   12.0 |       N/A |       N/A |       N/A |
      | 256B     |    776.52 Kmsg/s |   198.79 MB/s |     40.38 ms |     45.07 ms |     46.42 ms |  7.4 |   11.7 |       N/A |       N/A |       N/A |
      | 1024B    |    533.53 Kmsg/s |   546.34 MB/s |     17.70 ms |     19.69 ms |     20.30 ms |  7.5 |   13.1 |       N/A |       N/A |       N/A |
      | 65536B   |     39.32 Kmsg/s |  2576.97 MB/s |     20.78 ms |     24.62 ms |     25.26 ms |  7.5 |   13.3 |       N/A |       N/A |       N/A |
      | 131072B  |     26.03 Kmsg/s |  3412.38 MB/s |     24.73 ms |     30.39 ms |     31.46 ms |  7.3 |   13.4 |       N/A |       N/A |       N/A |
      | 262144B  |     18.97 Kmsg/s |  4972.66 MB/s |     27.61 ms |     34.11 ms |     35.41 ms |  6.5 |   20.2 |       N/A |       N/A |       N/A |
    Testing ws: Done
    Testing wss:
      | Size     |       Throughput |    Bandwidth |  Lat.Mean(ms) |   Lat.P95(ms) |   Lat.P99(ms) | CPU% | Mem MB | Q.Snd.Max | Q.Rcv.Max | Q.Rcv.End |
      |----------|------------------|--------------|--------------|--------------|--------------|------|--------|-----------|-----------|-----------|
      | 64B      |   1232.28 Kmsg/s |    78.87 MB/s |    139.76 ms |    163.48 ms |    164.42 ms |  6.5 |   14.6 |       N/A |       N/A |       N/A |
      | 256B     |    649.77 Kmsg/s |   166.34 MB/s |     84.98 ms |     98.26 ms |    100.49 ms |  5.3 |   16.2 |       N/A |       N/A |       N/A |
      | 1024B    |    352.13 Kmsg/s |   360.58 MB/s |     43.23 ms |     47.49 ms |     48.50 ms |  5.3 |   18.3 |       N/A |       N/A |       N/A |
      | 65536B   |     16.90 Kmsg/s |  1107.28 MB/s |     40.62 ms |     51.06 ms |     52.25 ms |  5.4 |   15.5 |       N/A |       N/A |       N/A |
      | 131072B  |      9.83 Kmsg/s |  1288.44 MB/s |     64.68 ms |     81.50 ms |     84.11 ms |  5.2 |   16.9 |       N/A |       N/A |       N/A |
      | 262144B  |      5.38 Kmsg/s |  1409.23 MB/s |    112.39 ms |    143.81 ms |    148.51 ms |  4.6 |   23.7 |       N/A |       N/A |       N/A |
    Testing wss: Done

## Effective Options (result)
- runs: 1
- recv_mode: callback
- duration_seconds: 5
- timeout_seconds: 45
- io_threads: 1
- hwm: 1000
- sndhwm: 1000
- rcvhwm: 1000
- sndtimeo_ms: 200
- rcvtimeo_ms: 200
- patterns: SPOT
- transports: tcp,tls,ws,wss
- msg_sizes: 64,256,1024,65536,131072,262144

## Result Data
RESULT,current,SPOT,tcp,64,throughput,1532117.400
RESULT,current,SPOT,tcp,64,bandwidth,98.060
RESULT,current,SPOT,tcp,64,latency,215.260
RESULT,current,SPOT,tcp,64,latency_p95,372.000
RESULT,current,SPOT,tcp,64,latency_p99,431.000
RESULT,current,SPOT,tcp,64,cpu_pct,9.212
RESULT,current,SPOT,tcp,64,mem_mb,10.781
RESULT,current,SPOT,tcp,256,throughput,774955.200
RESULT,current,SPOT,tcp,256,bandwidth,198.390
RESULT,current,SPOT,tcp,256,latency,516.890
RESULT,current,SPOT,tcp,256,latency_p95,782.000
RESULT,current,SPOT,tcp,256,latency_p99,891.000
RESULT,current,SPOT,tcp,256,cpu_pct,7.223
RESULT,current,SPOT,tcp,256,mem_mb,10.469
RESULT,current,SPOT,tcp,1024,throughput,615712.000
RESULT,current,SPOT,tcp,1024,bandwidth,630.490
RESULT,current,SPOT,tcp,1024,latency,763.050
RESULT,current,SPOT,tcp,1024,latency_p95,1011.000
RESULT,current,SPOT,tcp,1024,latency_p99,1137.000
RESULT,current,SPOT,tcp,1024,cpu_pct,7.445
RESULT,current,SPOT,tcp,1024,mem_mb,12.656
RESULT,current,SPOT,tcp,65536,throughput,77729.200
RESULT,current,SPOT,tcp,65536,bandwidth,5094.060
RESULT,current,SPOT,tcp,65536,latency,6788.290
RESULT,current,SPOT,tcp,65536,latency_p95,8447.000
RESULT,current,SPOT,tcp,65536,latency_p99,8812.000
RESULT,current,SPOT,tcp,65536,cpu_pct,7.585
RESULT,current,SPOT,tcp,65536,mem_mb,13.352
RESULT,current,SPOT,tcp,131072,throughput,45049.000
RESULT,current,SPOT,tcp,131072,bandwidth,5904.660
RESULT,current,SPOT,tcp,131072,latency,11441.090
RESULT,current,SPOT,tcp,131072,latency_p95,13895.000
RESULT,current,SPOT,tcp,131072,latency_p99,14490.010
RESULT,current,SPOT,tcp,131072,cpu_pct,7.309
RESULT,current,SPOT,tcp,131072,mem_mb,14.305
RESULT,current,SPOT,tcp,262144,throughput,24457.000
RESULT,current,SPOT,tcp,262144,bandwidth,6411.260
RESULT,current,SPOT,tcp,262144,latency,20862.730
RESULT,current,SPOT,tcp,262144,latency_p95,25360.800
RESULT,current,SPOT,tcp,262144,latency_p99,26190.000
RESULT,current,SPOT,tcp,262144,cpu_pct,6.689
RESULT,current,SPOT,tcp,262144,mem_mb,16.270
RESULT,current,SPOT,tls,64,throughput,1451402.200
RESULT,current,SPOT,tls,64,bandwidth,92.890
RESULT,current,SPOT,tls,64,latency,414.700
RESULT,current,SPOT,tls,64,latency_p95,509.000
RESULT,current,SPOT,tls,64,latency_p99,575.000
RESULT,current,SPOT,tls,64,cpu_pct,8.349
RESULT,current,SPOT,tls,64,mem_mb,14.531
RESULT,current,SPOT,tls,256,throughput,717158.200
RESULT,current,SPOT,tls,256,bandwidth,183.590
RESULT,current,SPOT,tls,256,latency,595.550
RESULT,current,SPOT,tls,256,latency_p95,882.000
RESULT,current,SPOT,tls,256,latency_p99,993.000
RESULT,current,SPOT,tls,256,cpu_pct,6.704
RESULT,current,SPOT,tls,256,mem_mb,14.219
RESULT,current,SPOT,tls,1024,throughput,445516.600
RESULT,current,SPOT,tls,1024,bandwidth,456.210
RESULT,current,SPOT,tls,1024,latency,1088.020
RESULT,current,SPOT,tls,1024,latency_p95,1463.000
RESULT,current,SPOT,tls,1024,latency_p99,1603.010
RESULT,current,SPOT,tls,1024,cpu_pct,6.823
RESULT,current,SPOT,tls,1024,mem_mb,14.844
RESULT,current,SPOT,tls,65536,throughput,20736.000
RESULT,current,SPOT,tls,65536,bandwidth,1358.950
RESULT,current,SPOT,tls,65536,latency,27252.030
RESULT,current,SPOT,tls,65536,latency_p95,35044.000
RESULT,current,SPOT,tls,65536,latency_p99,36111.210
RESULT,current,SPOT,tls,65536,cpu_pct,6.759
RESULT,current,SPOT,tls,65536,mem_mb,15.883
RESULT,current,SPOT,tls,131072,throughput,11750.200
RESULT,current,SPOT,tls,131072,bandwidth,1540.120
RESULT,current,SPOT,tls,131072,latency,47741.010
RESULT,current,SPOT,tls,131072,latency_p95,61333.500
RESULT,current,SPOT,tls,131072,latency_p99,62741.500
RESULT,current,SPOT,tls,131072,cpu_pct,6.612
RESULT,current,SPOT,tls,131072,mem_mb,17.258
RESULT,current,SPOT,tls,262144,throughput,6225.000
RESULT,current,SPOT,tls,262144,bandwidth,1631.850
RESULT,current,SPOT,tls,262144,latency,89631.700
RESULT,current,SPOT,tls,262144,latency_p95,115984.800
RESULT,current,SPOT,tls,262144,latency_p99,118947.520
RESULT,current,SPOT,tls,262144,cpu_pct,5.876
RESULT,current,SPOT,tls,262144,mem_mb,16.934
RESULT,current,SPOT,ws,64,throughput,1208431.200
RESULT,current,SPOT,ws,64,bandwidth,77.340
RESULT,current,SPOT,ws,64,latency,127156.920
RESULT,current,SPOT,ws,64,latency_p95,146349.000
RESULT,current,SPOT,ws,64,latency_p99,148090.000
RESULT,current,SPOT,ws,64,cpu_pct,8.925
RESULT,current,SPOT,ws,64,mem_mb,12.031
RESULT,current,SPOT,ws,256,throughput,776521.400
RESULT,current,SPOT,ws,256,bandwidth,198.790
RESULT,current,SPOT,ws,256,latency,40384.620
RESULT,current,SPOT,ws,256,latency_p95,45074.000
RESULT,current,SPOT,ws,256,latency_p99,46418.000
RESULT,current,SPOT,ws,256,cpu_pct,7.375
RESULT,current,SPOT,ws,256,mem_mb,11.719
RESULT,current,SPOT,ws,1024,throughput,533534.200
RESULT,current,SPOT,ws,1024,bandwidth,546.340
RESULT,current,SPOT,ws,1024,latency,17704.840
RESULT,current,SPOT,ws,1024,latency_p95,19692.000
RESULT,current,SPOT,ws,1024,latency_p99,20300.000
RESULT,current,SPOT,ws,1024,cpu_pct,7.521
RESULT,current,SPOT,ws,1024,mem_mb,13.125
RESULT,current,SPOT,ws,65536,throughput,39321.400
RESULT,current,SPOT,ws,65536,bandwidth,2576.970
RESULT,current,SPOT,ws,65536,latency,20776.430
RESULT,current,SPOT,ws,65536,latency_p95,24619.000
RESULT,current,SPOT,ws,65536,latency_p99,25261.000
RESULT,current,SPOT,ws,65536,cpu_pct,7.509
RESULT,current,SPOT,ws,65536,mem_mb,13.348
RESULT,current,SPOT,ws,131072,throughput,26034.400
RESULT,current,SPOT,ws,131072,bandwidth,3412.380
RESULT,current,SPOT,ws,131072,latency,24729.520
RESULT,current,SPOT,ws,131072,latency_p95,30385.450
RESULT,current,SPOT,ws,131072,latency_p99,31462.000
RESULT,current,SPOT,ws,131072,cpu_pct,7.303
RESULT,current,SPOT,ws,131072,mem_mb,13.445
RESULT,current,SPOT,ws,262144,throughput,18969.200
RESULT,current,SPOT,ws,262144,bandwidth,4972.660
RESULT,current,SPOT,ws,262144,latency,27608.580
RESULT,current,SPOT,ws,262144,latency_p95,34108.000
RESULT,current,SPOT,ws,262144,latency_p99,35407.550
RESULT,current,SPOT,ws,262144,cpu_pct,6.547
RESULT,current,SPOT,ws,262144,mem_mb,20.188
RESULT,current,SPOT,wss,64,throughput,1232281.800
RESULT,current,SPOT,wss,64,bandwidth,78.870
RESULT,current,SPOT,wss,64,latency,139756.990
RESULT,current,SPOT,wss,64,latency_p95,163477.000
RESULT,current,SPOT,wss,64,latency_p99,164419.000
RESULT,current,SPOT,wss,64,cpu_pct,6.453
RESULT,current,SPOT,wss,64,mem_mb,14.617
RESULT,current,SPOT,wss,256,throughput,649767.800
RESULT,current,SPOT,wss,256,bandwidth,166.340
RESULT,current,SPOT,wss,256,latency,84978.240
RESULT,current,SPOT,wss,256,latency_p95,98258.050
RESULT,current,SPOT,wss,256,latency_p99,100492.000
RESULT,current,SPOT,wss,256,cpu_pct,5.347
RESULT,current,SPOT,wss,256,mem_mb,16.250
RESULT,current,SPOT,wss,1024,throughput,352127.800
RESULT,current,SPOT,wss,1024,bandwidth,360.580
RESULT,current,SPOT,wss,1024,latency,43234.900
RESULT,current,SPOT,wss,1024,latency_p95,47491.050
RESULT,current,SPOT,wss,1024,latency_p99,48503.000
RESULT,current,SPOT,wss,1024,cpu_pct,5.332
RESULT,current,SPOT,wss,1024,mem_mb,18.281
RESULT,current,SPOT,wss,65536,throughput,16895.800
RESULT,current,SPOT,wss,65536,bandwidth,1107.280
RESULT,current,SPOT,wss,65536,latency,40624.330
RESULT,current,SPOT,wss,65536,latency_p95,51061.100
RESULT,current,SPOT,wss,65536,latency_p99,52252.220
RESULT,current,SPOT,wss,65536,cpu_pct,5.376
RESULT,current,SPOT,wss,65536,mem_mb,15.504
RESULT,current,SPOT,wss,131072,throughput,9830.000
RESULT,current,SPOT,wss,131072,bandwidth,1288.440
RESULT,current,SPOT,wss,131072,latency,64676.580
RESULT,current,SPOT,wss,131072,latency_p95,81500.100
RESULT,current,SPOT,wss,131072,latency_p99,84110.000
RESULT,current,SPOT,wss,131072,cpu_pct,5.226
RESULT,current,SPOT,wss,131072,mem_mb,16.898
RESULT,current,SPOT,wss,262144,throughput,5375.800
RESULT,current,SPOT,wss,262144,bandwidth,1409.230
RESULT,current,SPOT,wss,262144,latency,112393.790
RESULT,current,SPOT,wss,262144,latency_p95,143809.400
RESULT,current,SPOT,wss,262144,latency_p99,148513.000
RESULT,current,SPOT,wss,262144,cpu_pct,4.610
RESULT,current,SPOT,wss,262144,mem_mb,23.680

## Completion
- status: complete
- expected_result_lines: 120
- actual_result_lines: 120

Saved result file: /home/hep7/project/kairos/zlink/core/perf/results/single/report/perf_linux_callback_20260324_181439_spot-single-20260324e.txt (status=complete)
Total benchmark time: 5m 36s (336s, exit=0)
