=== Running multi benchmark: MULTI_SPOT ===
    warmup=1s duration=1s
    recv_mode=recv
Reusing build directory: /home/hep7/project/kairos/zlink/core/build
Using CMake source directory: /home/hep7/project/kairos/zlink

## Effective Options (runner)
- patterns: MULTI_SPOT
- build_dir: /home/hep7/project/kairos/zlink/core/build
- build_mode: reuse
- reuse_build: 1
- clean_build: 0
- runs: 1
- recv_mode: recv
- duration_seconds: 1
- warmup_seconds: 1
- hwm: default(binary)
- send_hwm: default(binary)
- recv_hwm: default(binary)
- sndbuf: default(os)
- rcvbuf: default(os)
- sndtimeo_ms: 200
- rcvtimeo_ms: 200
- pin_cpu: 0
- io_threads: default(policy)
- msg_sizes: 64,256,1024,262144
- transports: wss
- results_dir: /home/hep7/project/kairos/zlink/core/perf/results
- results_tag: triage-wss-fanout192-20260324
- result_file: /home/hep7/project/kairos/zlink/core/perf/results/multi/report/perf_linux_recv_20260324_185743_triage-wss-fanout192-20260324.txt
- output_file: none
- comparison_script: /home/hep7/project/kairos/zlink/core/perf/run_comparison.py
- python: python3

## Effective Env (runner)
- PYTHONUNBUFFERED: 1
- PERF_RECV_MODE: recv
- PERF_MSG_SIZES: 64,256,1024,262144
- PERF_TRANSPORTS: wss
- PERF_NO_AUTOBUILD: 1
- PERF_DISABLE_RESOURCE_METRICS: 0

META,os,Linux 6.6.87.2-microsoft-standard-WSL2
META,cpu,Intel(R) Core(TM) Ultra 7 265K
META,cores,20
META,build,Release
META,commit,45bdf7dc
META,timestamp,2026-03-24T18:57:43+09:00
META,load_avg,6.08 2.72 3.04
META,runs,1
META,clients,100

## Effective Options (start)
- runs: 1
- recv_mode: recv
- patterns: MULTI_SPOT
- transports: wss
- msg_sizes: 64,256,1024,262144
- warmup_seconds: 1
- active_warmup: 0
- duration_seconds: 1
- clients: 100
- default_clients: 100
- default_stream_clients: 10000
- service_clients: auto
- server_io_threads: 4 (default)
- client_io_threads: 4 (default)
- hwm: 100 (default)
- sndhwm: 100 (default)
- rcvhwm: 100 (default)
- sndbuf: default(os)
- rcvbuf: default(os)
- sndtimeo_ms: 200
- rcvtimeo_ms: 200
- connect_concurrency: 128 (default)
- settle_ms: 500
- connect_ready_timeout_ms: 5000
- monitor_hwm: 1000
- server_ready_timeout_ms: 10000
- server_shutdown_timeout_ms: 5000
- server_bind_port: 0
- transport_transition_ms: 3000
- pattern_transition_ms: 3000
- lat_timeout_ms: 5000
- stream_non_tcp_clients_max: 10000
- disable_resource_metrics: 0
- timeout_seconds: auto
## PATTERN: MULTI_SPOT (one-way)
  > Benchmarking current for MULTI_SPOT...
    Testing wss | 64B,256B,1024B,262144B:
      | Size     |         Throughput |      Bandwidth |  Lat.Mean(ms) |   Lat.P95(ms) |   Lat.P99(ms) |  S.CPU% | S.Mem MB | Q.Snd.Max | Q.Rcv.Max | Q.Rcv.End |
      |----------|--------------------|----------------|---------------|---------------|---------------|---------|----------|-----------|-----------|-----------|
      | 64B      |   589.559 Kmsg/s |     37.732 MB/s |    16.691 ms |    21.549 ms |    24.290 ms |  4.800 |   45.312 |         0 |         0 |         0 |
      | 256B     |    99.984 Kmsg/s |     25.596 MB/s |   113.435 ms |   629.151 ms |   690.331 ms |  4.650 |   48.125 |         0 |         0 |         0 |
      | 1024B    |   218.204 Kmsg/s |    223.441 MB/s |    16.682 ms |    10.049 ms |   400.187 ms |  4.490 |   57.170 |         0 |         0 |         0 |
      | 262144B  |     3.220 Kmsg/s |    844.104 MB/s |    27.055 ms |    50.575 ms |   150.359 ms |  4.461 |  173.914 |         0 |         0 |         0 |
    Testing wss: Done

## Effective Options (result)
- runs: 1
- recv_mode: recv
- patterns: MULTI_SPOT
- transports: wss
- msg_sizes: 64,256,1024,262144
- warmup_seconds: 1
- active_warmup: 0
- duration_seconds: 1
- clients: 100
- default_clients: 100
- default_stream_clients: 10000
- service_clients: auto
- server_io_threads: 4 (default)
- client_io_threads: 4 (default)
- hwm: 100 (default)
- sndhwm: 100 (default)
- rcvhwm: 100 (default)
- sndbuf: default(os)
- rcvbuf: default(os)
- sndtimeo_ms: 200
- rcvtimeo_ms: 200
- connect_concurrency: 128 (default)
- settle_ms: 500
- connect_ready_timeout_ms: 5000
- monitor_hwm: 1000
- server_ready_timeout_ms: 10000
- server_shutdown_timeout_ms: 5000
- server_bind_port: 0
- transport_transition_ms: 3000
- pattern_transition_ms: 3000
- lat_timeout_ms: 5000
- stream_non_tcp_clients_max: 10000
- disable_resource_metrics: 0
- timeout_seconds: auto

## Result Data
RESULT,current,MULTI_SPOT,wss,64,bandwidth,37.732
RESULT,current,MULTI_SPOT,wss,64,latency,16691.160
RESULT,current,MULTI_SPOT,wss,64,latency_p95,21548.500
RESULT,current,MULTI_SPOT,wss,64,latency_p99,24290.000
RESULT,current,MULTI_SPOT,wss,64,server_cpu_pct,4.810
RESULT,current,MULTI_SPOT,wss,64,server_mem_mb,45.310
RESULT,current,MULTI_SPOT,wss,64,server_rcv_pending_end,0.000
RESULT,current,MULTI_SPOT,wss,64,server_rcv_pending_max,0.000
RESULT,current,MULTI_SPOT,wss,64,server_snd_pending_max,0.000
RESULT,current,MULTI_SPOT,wss,64,throughput,589559.000
RESULT,current,MULTI_SPOT,wss,256,bandwidth,25.596
RESULT,current,MULTI_SPOT,wss,256,latency,113434.523
RESULT,current,MULTI_SPOT,wss,256,latency_p95,629151.000
RESULT,current,MULTI_SPOT,wss,256,latency_p99,690331.250
RESULT,current,MULTI_SPOT,wss,256,server_cpu_pct,4.660
RESULT,current,MULTI_SPOT,wss,256,server_mem_mb,48.120
RESULT,current,MULTI_SPOT,wss,256,server_rcv_pending_end,0.000
RESULT,current,MULTI_SPOT,wss,256,server_rcv_pending_max,0.000
RESULT,current,MULTI_SPOT,wss,256,server_snd_pending_max,0.000
RESULT,current,MULTI_SPOT,wss,256,throughput,99984.000
RESULT,current,MULTI_SPOT,wss,1024,bandwidth,223.441
RESULT,current,MULTI_SPOT,wss,1024,latency,16682.127
RESULT,current,MULTI_SPOT,wss,1024,latency_p95,10049.200
RESULT,current,MULTI_SPOT,wss,1024,latency_p99,400187.290
RESULT,current,MULTI_SPOT,wss,1024,server_cpu_pct,4.490
RESULT,current,MULTI_SPOT,wss,1024,server_mem_mb,57.170
RESULT,current,MULTI_SPOT,wss,1024,server_rcv_pending_end,0.000
RESULT,current,MULTI_SPOT,wss,1024,server_rcv_pending_max,0.000
RESULT,current,MULTI_SPOT,wss,1024,server_snd_pending_max,0.000
RESULT,current,MULTI_SPOT,wss,1024,throughput,218204.000
RESULT,current,MULTI_SPOT,wss,262144,bandwidth,844.104
RESULT,current,MULTI_SPOT,wss,262144,latency,27055.208
RESULT,current,MULTI_SPOT,wss,262144,latency_p95,50575.000
RESULT,current,MULTI_SPOT,wss,262144,latency_p99,150359.000
RESULT,current,MULTI_SPOT,wss,262144,server_cpu_pct,4.530
RESULT,current,MULTI_SPOT,wss,262144,server_mem_mb,173.910
RESULT,current,MULTI_SPOT,wss,262144,server_rcv_pending_end,0.000
RESULT,current,MULTI_SPOT,wss,262144,server_rcv_pending_max,0.000
RESULT,current,MULTI_SPOT,wss,262144,server_snd_pending_max,0.000
RESULT,current,MULTI_SPOT,wss,262144,throughput,3220.000

Saved result file: /home/hep7/project/kairos/zlink/core/perf/results/multi/report/perf_linux_recv_20260324_185743_triage-wss-fanout192-20260324.txt (status=complete)

## Status Summary
- success: 4
- unsupported: 0
- skip: 0
- fail: 0
- expected result lines: 20
- actual result lines: 20
- status: complete
Total benchmark time: 27s (27s, exit=0)
