=== Running multi benchmark: MULTI_SPOT ===
    warmup=2s duration=5s
    recv_mode=recv
Reusing build directory: /home/hep7/project/kairos/zlink/core/build
Using CMake source directory: /home/hep7/project/kairos/zlink

## Effective Options (runner)
- patterns: MULTI_SPOT
- build_dir: /home/hep7/project/kairos/zlink/core/build
- build_mode: reuse
- reuse_build: 1
- clean_build: 0
- runs: 1
- recv_mode: recv
- duration_seconds: 5
- warmup_seconds: 2
- hwm: default(binary)
- send_hwm: default(binary)
- recv_hwm: default(binary)
- sndbuf: default(os)
- rcvbuf: default(os)
- sndtimeo_ms: 200
- rcvtimeo_ms: 200
- pin_cpu: 0
- io_threads: default(policy)
- msg_sizes: default(benchmark)
- transports: wss
- results_dir: /home/hep7/project/kairos/zlink/core/perf/results
- results_tag: spot-wss-hwm256
- result_file: /home/hep7/project/kairos/zlink/core/perf/results/multi/report/perf_linux_recv_20260324_163123_spot-wss-hwm256.txt
- output_file: none
- comparison_script: /home/hep7/project/kairos/zlink/core/perf/run_comparison.py
- python: python3

## Effective Env (runner)
- PYTHONUNBUFFERED: 1
- PERF_RECV_MODE: recv
- PERF_TRANSPORTS: wss
- PERF_NO_AUTOBUILD: 1
- PERF_DISABLE_RESOURCE_METRICS: 0

META,os,Linux 6.6.87.2-microsoft-standard-WSL2
META,cpu,Intel(R) Core(TM) Ultra 7 265K
META,cores,20
META,build,Release
META,commit,45bdf7dc
META,timestamp,2026-03-24T16:31:23+09:00
META,load_avg,2.68 5.19 4.95
META,runs,1
META,clients,100

## Effective Options (start)
- runs: 1
- recv_mode: recv
- patterns: MULTI_SPOT
- transports: wss
- msg_sizes: 64,256,1024,65536,131072,262144
- warmup_seconds: 2
- active_warmup: 0
- duration_seconds: 5
- clients: 100
- default_clients: 100
- default_stream_clients: 10000
- service_clients: auto
- server_io_threads: 4 (default)
- client_io_threads: 4 (default)
- hwm: 100 (default)
- sndhwm: 100 (default)
- rcvhwm: 100 (default)
- sndbuf: default(os)
- rcvbuf: default(os)
- sndtimeo_ms: 200
- rcvtimeo_ms: 200
- connect_concurrency: 128 (default)
- settle_ms: 500
- connect_ready_timeout_ms: 5000
- monitor_hwm: 1000
- server_ready_timeout_ms: 10000
- server_shutdown_timeout_ms: 5000
- server_bind_port: 0
- transport_transition_ms: 3000
- pattern_transition_ms: 3000
- lat_timeout_ms: 5000
- stream_non_tcp_clients_max: 10000
- disable_resource_metrics: 0
- timeout_seconds: auto
## PATTERN: MULTI_SPOT (one-way)
  > Benchmarking current for MULTI_SPOT...
    Testing wss | 64B,256B,1024B,65536B,131072B,262144B:
      | Size     |         Throughput |      Bandwidth |  Lat.Mean(ms) |   Lat.P95(ms) |   Lat.P99(ms) |  S.CPU% | S.Mem MB | Q.Snd.Max | Q.Rcv.Max | Q.Rcv.End |
      |----------|--------------------|----------------|---------------|---------------|---------------|---------|----------|-----------|-----------|-----------|
      | 64B      |  1212.448 Kmsg/s |     77.597 MB/s |   466.953 ms |  3247.119 ms |  3897.132 ms |  8.873 |   53.340 |         0 |         0 |         0 |
      | 256B     |  1373.182 Kmsg/s |    351.534 MB/s |   742.908 ms |  3980.601 ms |  4453.744 ms |  8.226 |   57.480 |         0 |         0 |         0 |
      | 1024B    |   279.887 Kmsg/s |    286.604 MB/s |  2613.534 ms |  3426.927 ms |  3585.632 ms |  6.259 |   77.410 |         0 |         0 |         0 |
      | 65536B   |    23.543 Kmsg/s |   1542.927 MB/s |   780.323 ms |  2967.494 ms |  3330.484 ms |  7.995 |  323.094 |         0 |         0 |         0 |
      | 131072B  |    25.596 Kmsg/s |   3354.919 MB/s |   103.749 ms |   434.133 ms |  1236.893 ms | 11.585 |  321.074 |         0 |         0 |         0 |
      | 262144B  |    11.537 Kmsg/s |   3024.460 MB/s |   320.395 ms |   706.493 ms |   758.707 ms | 11.196 |  445.344 |         0 |         0 |         0 |
    Testing wss: Done

## Effective Options (result)
- runs: 1
- recv_mode: recv
- patterns: MULTI_SPOT
- transports: wss
- msg_sizes: 64,256,1024,65536,131072,262144
- warmup_seconds: 2
- active_warmup: 0
- duration_seconds: 5
- clients: 100
- default_clients: 100
- default_stream_clients: 10000
- service_clients: auto
- server_io_threads: 4 (default)
- client_io_threads: 4 (default)
- hwm: 100 (default)
- sndhwm: 100 (default)
- rcvhwm: 100 (default)
- sndbuf: default(os)
- rcvbuf: default(os)
- sndtimeo_ms: 200
- rcvtimeo_ms: 200
- connect_concurrency: 128 (default)
- settle_ms: 500
- connect_ready_timeout_ms: 5000
- monitor_hwm: 1000
- server_ready_timeout_ms: 10000
- server_shutdown_timeout_ms: 5000
- server_bind_port: 0
- transport_transition_ms: 3000
- pattern_transition_ms: 3000
- lat_timeout_ms: 5000
- stream_non_tcp_clients_max: 10000
- disable_resource_metrics: 0
- timeout_seconds: auto

## Result Data
RESULT,current,MULTI_SPOT,wss,64,bandwidth,77.597
RESULT,current,MULTI_SPOT,wss,64,latency,466952.855
RESULT,current,MULTI_SPOT,wss,64,latency_p95,3247118.900
RESULT,current,MULTI_SPOT,wss,64,latency_p99,3897131.860
RESULT,current,MULTI_SPOT,wss,64,server_cpu_pct,8.880
RESULT,current,MULTI_SPOT,wss,64,server_mem_mb,53.340
RESULT,current,MULTI_SPOT,wss,64,server_rcv_pending_end,0.000
RESULT,current,MULTI_SPOT,wss,64,server_rcv_pending_max,0.000
RESULT,current,MULTI_SPOT,wss,64,server_snd_pending_max,0.000
RESULT,current,MULTI_SPOT,wss,64,throughput,1212447.800
RESULT,current,MULTI_SPOT,wss,256,bandwidth,351.534
RESULT,current,MULTI_SPOT,wss,256,latency,742908.492
RESULT,current,MULTI_SPOT,wss,256,latency_p95,3980601.250
RESULT,current,MULTI_SPOT,wss,256,latency_p99,4453744.430
RESULT,current,MULTI_SPOT,wss,256,server_cpu_pct,8.270
RESULT,current,MULTI_SPOT,wss,256,server_mem_mb,57.480
RESULT,current,MULTI_SPOT,wss,256,server_rcv_pending_end,0.000
RESULT,current,MULTI_SPOT,wss,256,server_rcv_pending_max,0.000
RESULT,current,MULTI_SPOT,wss,256,server_snd_pending_max,0.000
RESULT,current,MULTI_SPOT,wss,256,throughput,1373181.600
RESULT,current,MULTI_SPOT,wss,1024,bandwidth,286.604
RESULT,current,MULTI_SPOT,wss,1024,latency,2613534.036
RESULT,current,MULTI_SPOT,wss,1024,latency_p95,3426927.000
RESULT,current,MULTI_SPOT,wss,1024,latency_p99,3585632.320
RESULT,current,MULTI_SPOT,wss,1024,server_cpu_pct,6.560
RESULT,current,MULTI_SPOT,wss,1024,server_mem_mb,77.410
RESULT,current,MULTI_SPOT,wss,1024,server_rcv_pending_end,0.000
RESULT,current,MULTI_SPOT,wss,1024,server_rcv_pending_max,0.000
RESULT,current,MULTI_SPOT,wss,1024,server_snd_pending_max,0.000
RESULT,current,MULTI_SPOT,wss,1024,throughput,279887.200
RESULT,current,MULTI_SPOT,wss,65536,bandwidth,1542.927
RESULT,current,MULTI_SPOT,wss,65536,latency,780322.757
RESULT,current,MULTI_SPOT,wss,65536,latency_p95,2967494.000
RESULT,current,MULTI_SPOT,wss,65536,latency_p99,3330484.000
RESULT,current,MULTI_SPOT,wss,65536,server_cpu_pct,8.000
RESULT,current,MULTI_SPOT,wss,65536,server_mem_mb,323.090
RESULT,current,MULTI_SPOT,wss,65536,server_rcv_pending_end,0.000
RESULT,current,MULTI_SPOT,wss,65536,server_rcv_pending_max,0.000
RESULT,current,MULTI_SPOT,wss,65536,server_snd_pending_max,0.000
RESULT,current,MULTI_SPOT,wss,65536,throughput,23543.200
RESULT,current,MULTI_SPOT,wss,131072,bandwidth,3354.919
RESULT,current,MULTI_SPOT,wss,131072,latency,103748.903
RESULT,current,MULTI_SPOT,wss,131072,latency_p95,434133.000
RESULT,current,MULTI_SPOT,wss,131072,latency_p99,1236893.000
RESULT,current,MULTI_SPOT,wss,131072,server_cpu_pct,11.590
RESULT,current,MULTI_SPOT,wss,131072,server_mem_mb,321.070
RESULT,current,MULTI_SPOT,wss,131072,server_rcv_pending_end,0.000
RESULT,current,MULTI_SPOT,wss,131072,server_rcv_pending_max,0.000
RESULT,current,MULTI_SPOT,wss,131072,server_snd_pending_max,0.000
RESULT,current,MULTI_SPOT,wss,131072,throughput,25596.000
RESULT,current,MULTI_SPOT,wss,262144,bandwidth,3024.460
RESULT,current,MULTI_SPOT,wss,262144,latency,320394.727
RESULT,current,MULTI_SPOT,wss,262144,latency_p95,706493.200
RESULT,current,MULTI_SPOT,wss,262144,latency_p99,758707.310
RESULT,current,MULTI_SPOT,wss,262144,server_cpu_pct,11.230
RESULT,current,MULTI_SPOT,wss,262144,server_mem_mb,445.340
RESULT,current,MULTI_SPOT,wss,262144,server_rcv_pending_end,0.000
RESULT,current,MULTI_SPOT,wss,262144,server_rcv_pending_max,0.000
RESULT,current,MULTI_SPOT,wss,262144,server_snd_pending_max,0.000
RESULT,current,MULTI_SPOT,wss,262144,throughput,11537.400

Saved result file: /home/hep7/project/kairos/zlink/core/perf/results/multi/report/perf_linux_recv_20260324_163123_spot-wss-hwm256.txt (status=complete)

## Status Summary
- success: 6
- unsupported: 0
- skip: 0
- fail: 0
- expected result lines: 30
- actual result lines: 30
- status: complete
Total benchmark time: 1m 7s (67s, exit=0)
