=== Running multi benchmark: MULTI_SPOT ===
    warmup=1s duration=1s
    recv_mode=recv
Reusing build directory: /home/hep7/project/kairos/zlink/core/build
Using CMake source directory: /home/hep7/project/kairos/zlink

## Effective Options (runner)
- patterns: MULTI_SPOT
- build_dir: /home/hep7/project/kairos/zlink/core/build
- build_mode: reuse
- reuse_build: 1
- clean_build: 0
- runs: 1
- recv_mode: recv
- duration_seconds: 1
- warmup_seconds: 1
- hwm: default(binary)
- send_hwm: default(binary)
- recv_hwm: default(binary)
- sndbuf: default(os)
- rcvbuf: default(os)
- sndtimeo_ms: 200
- rcvtimeo_ms: 200
- pin_cpu: 0
- io_threads: 2
- msg_sizes: 64,256,65536,262144
- transports: wss
- results_dir: /home/hep7/project/kairos/zlink/core/perf/results
- results_tag: iothreads2-20260325
- result_file: /home/hep7/project/kairos/zlink/core/perf/results/multi/report/perf_linux_recv_20260325_084339_iothreads2-20260325.txt
- output_file: none
- comparison_script: /home/hep7/project/kairos/zlink/core/perf/run_comparison.py
- python: python3

## Effective Env (runner)
- PYTHONUNBUFFERED: 1
- PERF_RECV_MODE: recv
- PERF_IO_THREADS: 2
- PERF_MSG_SIZES: 64,256,65536,262144
- PERF_TRANSPORTS: wss
- PERF_NO_AUTOBUILD: 1
- PERF_DISABLE_RESOURCE_METRICS: 0

META,os,Linux 6.6.87.2-microsoft-standard-WSL2
META,cpu,Intel(R) Core(TM) Ultra 7 265K
META,cores,20
META,build,Release
META,commit,7ab6f0ae
META,timestamp,2026-03-25T08:43:39+09:00
META,load_avg,1.83 6.20 6.32
META,runs,1
META,clients,100

## Effective Options (start)
- runs: 1
- recv_mode: recv
- patterns: MULTI_SPOT
- transports: wss
- msg_sizes: 64,256,65536,262144
- warmup_seconds: 1
- active_warmup: 0
- duration_seconds: 1
- clients: 100
- default_clients: 100
- default_stream_clients: 10000
- service_clients: auto
- server_io_threads: 2 (from PERF_IO_THREADS)
- client_io_threads: 2 (from PERF_IO_THREADS)
- hwm: 100 (default)
- sndhwm: 100 (default)
- rcvhwm: 100 (default)
- sndbuf: default(os)
- rcvbuf: default(os)
- sndtimeo_ms: 200
- rcvtimeo_ms: 200
- connect_concurrency: 128 (default)
- settle_ms: 500
- connect_ready_timeout_ms: 5000
- monitor_hwm: 1000
- server_ready_timeout_ms: 10000
- server_shutdown_timeout_ms: 5000
- server_bind_port: 0
- transport_transition_ms: 3000
- pattern_transition_ms: 3000
- lat_timeout_ms: 5000
- stream_non_tcp_clients_max: 10000
- disable_resource_metrics: 0
- timeout_seconds: auto
## PATTERN: MULTI_SPOT (one-way)
  > Benchmarking current for MULTI_SPOT...
    Testing wss | 64B,256B,65536B,262144B:
      | Size     |         Throughput |      Bandwidth |  Lat.Mean(ms) |   Lat.P95(ms) |   Lat.P99(ms) |  S.CPU% | S.Mem MB | Q.Snd.Max | Q.Rcv.Max | Q.Rcv.End |
      |----------|--------------------|----------------|---------------|---------------|---------------|---------|----------|-----------|-----------|-----------|
      | 64B      |  2341.678 Kmsg/s |    149.867 MB/s |   233.343 ms |   806.677 ms |   830.423 ms |  4.625 |   50.578 |         0 |         0 |         0 |
      | 256B     |   910.577 Kmsg/s |    233.108 MB/s |   165.711 ms |   908.651 ms |   931.808 ms |  4.820 |   50.340 |         0 |         0 |         0 |
      | 65536B   |    14.805 Kmsg/s |    970.260 MB/s |   121.851 ms |   455.076 ms |   626.974 ms |  4.762 |  208.805 |         0 |         0 |         0 |
      | 262144B  |     1.721 Kmsg/s |    451.150 MB/s |   381.474 ms |   482.155 ms |   487.195 ms |  4.582 |  513.922 |         0 |         0 |         0 |
    Testing wss: Done

## Effective Options (result)
- runs: 1
- recv_mode: recv
- patterns: MULTI_SPOT
- transports: wss
- msg_sizes: 64,256,65536,262144
- warmup_seconds: 1
- active_warmup: 0
- duration_seconds: 1
- clients: 100
- default_clients: 100
- default_stream_clients: 10000
- service_clients: auto
- server_io_threads: 2 (from PERF_IO_THREADS)
- client_io_threads: 2 (from PERF_IO_THREADS)
- hwm: 100 (default)
- sndhwm: 100 (default)
- rcvhwm: 100 (default)
- sndbuf: default(os)
- rcvbuf: default(os)
- sndtimeo_ms: 200
- rcvtimeo_ms: 200
- connect_concurrency: 128 (default)
- settle_ms: 500
- connect_ready_timeout_ms: 5000
- monitor_hwm: 1000
- server_ready_timeout_ms: 10000
- server_shutdown_timeout_ms: 5000
- server_bind_port: 0
- transport_transition_ms: 3000
- pattern_transition_ms: 3000
- lat_timeout_ms: 5000
- stream_non_tcp_clients_max: 10000
- disable_resource_metrics: 0
- timeout_seconds: auto

## Result Data
RESULT,current,MULTI_SPOT,wss,64,bandwidth,149.867
RESULT,current,MULTI_SPOT,wss,64,latency,233342.518
RESULT,current,MULTI_SPOT,wss,64,latency_p95,806677.000
RESULT,current,MULTI_SPOT,wss,64,latency_p99,830423.000
RESULT,current,MULTI_SPOT,wss,64,server_cpu_pct,4.640
RESULT,current,MULTI_SPOT,wss,64,server_mem_mb,50.580
RESULT,current,MULTI_SPOT,wss,64,server_rcv_pending_end,0.000
RESULT,current,MULTI_SPOT,wss,64,server_rcv_pending_max,0.000
RESULT,current,MULTI_SPOT,wss,64,server_snd_pending_max,0.000
RESULT,current,MULTI_SPOT,wss,64,throughput,2341678.000
RESULT,current,MULTI_SPOT,wss,256,bandwidth,233.108
RESULT,current,MULTI_SPOT,wss,256,latency,165710.606
RESULT,current,MULTI_SPOT,wss,256,latency_p95,908651.000
RESULT,current,MULTI_SPOT,wss,256,latency_p99,931807.640
RESULT,current,MULTI_SPOT,wss,256,server_cpu_pct,4.820
RESULT,current,MULTI_SPOT,wss,256,server_mem_mb,50.340
RESULT,current,MULTI_SPOT,wss,256,server_rcv_pending_end,0.000
RESULT,current,MULTI_SPOT,wss,256,server_rcv_pending_max,0.000
RESULT,current,MULTI_SPOT,wss,256,server_snd_pending_max,0.000
RESULT,current,MULTI_SPOT,wss,256,throughput,910577.000
RESULT,current,MULTI_SPOT,wss,65536,bandwidth,970.260
RESULT,current,MULTI_SPOT,wss,65536,latency,121850.684
RESULT,current,MULTI_SPOT,wss,65536,latency_p95,455076.400
RESULT,current,MULTI_SPOT,wss,65536,latency_p99,626973.960
RESULT,current,MULTI_SPOT,wss,65536,server_cpu_pct,4.980
RESULT,current,MULTI_SPOT,wss,65536,server_mem_mb,209.120
RESULT,current,MULTI_SPOT,wss,65536,server_rcv_pending_end,0.000
RESULT,current,MULTI_SPOT,wss,65536,server_rcv_pending_max,0.000
RESULT,current,MULTI_SPOT,wss,65536,server_snd_pending_max,0.000
RESULT,current,MULTI_SPOT,wss,65536,throughput,14805.000
RESULT,current,MULTI_SPOT,wss,262144,bandwidth,451.150
RESULT,current,MULTI_SPOT,wss,262144,latency,381473.643
RESULT,current,MULTI_SPOT,wss,262144,latency_p95,482154.750
RESULT,current,MULTI_SPOT,wss,262144,latency_p99,487195.350
RESULT,current,MULTI_SPOT,wss,262144,server_cpu_pct,4.980
RESULT,current,MULTI_SPOT,wss,262144,server_mem_mb,517.360
RESULT,current,MULTI_SPOT,wss,262144,server_rcv_pending_end,0.000
RESULT,current,MULTI_SPOT,wss,262144,server_rcv_pending_max,0.000
RESULT,current,MULTI_SPOT,wss,262144,server_snd_pending_max,0.000
RESULT,current,MULTI_SPOT,wss,262144,throughput,1721.000

Saved result file: /home/hep7/project/kairos/zlink/core/perf/results/multi/report/perf_linux_recv_20260325_084339_iothreads2-20260325.txt (status=complete)

## Status Summary
- success: 4
- unsupported: 0
- skip: 0
- fail: 0
- expected result lines: 20
- actual result lines: 20
- status: complete
Total benchmark time: 30s (30s, exit=0)
