=== Running multi benchmark: MULTI_SPOT ===
    warmup=1s duration=1s
    recv_mode=recv
Reusing build directory: /home/hep7/project/kairos/zlink/core/build
Using CMake source directory: /home/hep7/project/kairos/zlink

## Effective Options (runner)
- patterns: MULTI_SPOT
- build_dir: /home/hep7/project/kairos/zlink/core/build
- build_mode: reuse
- reuse_build: 1
- clean_build: 0
- runs: 1
- recv_mode: recv
- duration_seconds: 1
- warmup_seconds: 1
- hwm: default(binary)
- send_hwm: default(binary)
- recv_hwm: default(binary)
- sndbuf: default(os)
- rcvbuf: default(os)
- sndtimeo_ms: 200
- rcvtimeo_ms: 200
- pin_cpu: 0
- io_threads: default(policy)
- msg_sizes: 64,256,1024,262144
- transports: wss
- results_dir: /home/hep7/project/kairos/zlink/core/perf/results
- results_tag: triage-wss-fanout96-20260324
- result_file: /home/hep7/project/kairos/zlink/core/perf/results/multi/report/perf_linux_recv_20260324_185648_triage-wss-fanout96-20260324.txt
- output_file: none
- comparison_script: /home/hep7/project/kairos/zlink/core/perf/run_comparison.py
- python: python3

## Effective Env (runner)
- PYTHONUNBUFFERED: 1
- PERF_RECV_MODE: recv
- PERF_MSG_SIZES: 64,256,1024,262144
- PERF_TRANSPORTS: wss
- PERF_NO_AUTOBUILD: 1
- PERF_DISABLE_RESOURCE_METRICS: 0

META,os,Linux 6.6.87.2-microsoft-standard-WSL2
META,cpu,Intel(R) Core(TM) Ultra 7 265K
META,cores,20
META,build,Release
META,commit,45bdf7dc
META,timestamp,2026-03-24T18:56:48+09:00
META,load_avg,0.85 1.15 2.58
META,runs,1
META,clients,100

## Effective Options (start)
- runs: 1
- recv_mode: recv
- patterns: MULTI_SPOT
- transports: wss
- msg_sizes: 64,256,1024,262144
- warmup_seconds: 1
- active_warmup: 0
- duration_seconds: 1
- clients: 100
- default_clients: 100
- default_stream_clients: 10000
- service_clients: auto
- server_io_threads: 4 (default)
- client_io_threads: 4 (default)
- hwm: 100 (default)
- sndhwm: 100 (default)
- rcvhwm: 100 (default)
- sndbuf: default(os)
- rcvbuf: default(os)
- sndtimeo_ms: 200
- rcvtimeo_ms: 200
- connect_concurrency: 128 (default)
- settle_ms: 500
- connect_ready_timeout_ms: 5000
- monitor_hwm: 1000
- server_ready_timeout_ms: 10000
- server_shutdown_timeout_ms: 5000
- server_bind_port: 0
- transport_transition_ms: 3000
- pattern_transition_ms: 3000
- lat_timeout_ms: 5000
- stream_non_tcp_clients_max: 10000
- disable_resource_metrics: 0
- timeout_seconds: auto
## PATTERN: MULTI_SPOT (one-way)
  > Benchmarking current for MULTI_SPOT...
    Testing wss | 64B,256B,1024B,262144B:
      | Size     |         Throughput |      Bandwidth |  Lat.Mean(ms) |   Lat.P95(ms) |   Lat.P99(ms) |  S.CPU% | S.Mem MB | Q.Snd.Max | Q.Rcv.Max | Q.Rcv.End |
      |----------|--------------------|----------------|---------------|---------------|---------------|---------|----------|-----------|-----------|-----------|
      | 64B      |   126.400 Kmsg/s |      8.090 MB/s |    20.599 ms |    28.226 ms |    31.559 ms |  4.910 |   45.620 |         0 |         0 |         0 |
      | 256B     |   376.495 Kmsg/s |     96.383 MB/s |    19.166 ms |    18.842 ms |   733.480 ms |  4.892 |   47.969 |         0 |         0 |         0 |
      | 1024B    |    15.699 Kmsg/s |     16.076 MB/s |   737.373 ms |  1303.431 ms |  1396.860 ms |  3.801 |   57.414 |         0 |         0 |         0 |
      | 262144B  |     5.650 Kmsg/s |   1481.114 MB/s |   209.021 ms |   303.609 ms |   365.748 ms |  5.119 |  186.094 |         0 |         0 |         0 |
    Testing wss: Done

## Effective Options (result)
- runs: 1
- recv_mode: recv
- patterns: MULTI_SPOT
- transports: wss
- msg_sizes: 64,256,1024,262144
- warmup_seconds: 1
- active_warmup: 0
- duration_seconds: 1
- clients: 100
- default_clients: 100
- default_stream_clients: 10000
- service_clients: auto
- server_io_threads: 4 (default)
- client_io_threads: 4 (default)
- hwm: 100 (default)
- sndhwm: 100 (default)
- rcvhwm: 100 (default)
- sndbuf: default(os)
- rcvbuf: default(os)
- sndtimeo_ms: 200
- rcvtimeo_ms: 200
- connect_concurrency: 128 (default)
- settle_ms: 500
- connect_ready_timeout_ms: 5000
- monitor_hwm: 1000
- server_ready_timeout_ms: 10000
- server_shutdown_timeout_ms: 5000
- server_bind_port: 0
- transport_transition_ms: 3000
- pattern_transition_ms: 3000
- lat_timeout_ms: 5000
- stream_non_tcp_clients_max: 10000
- disable_resource_metrics: 0
- timeout_seconds: auto

## Result Data
RESULT,current,MULTI_SPOT,wss,64,bandwidth,8.090
RESULT,current,MULTI_SPOT,wss,64,latency,20599.035
RESULT,current,MULTI_SPOT,wss,64,latency_p95,28225.950
RESULT,current,MULTI_SPOT,wss,64,latency_p99,31559.490
RESULT,current,MULTI_SPOT,wss,64,server_cpu_pct,4.910
RESULT,current,MULTI_SPOT,wss,64,server_mem_mb,45.620
RESULT,current,MULTI_SPOT,wss,64,server_rcv_pending_end,0.000
RESULT,current,MULTI_SPOT,wss,64,server_rcv_pending_max,0.000
RESULT,current,MULTI_SPOT,wss,64,server_snd_pending_max,0.000
RESULT,current,MULTI_SPOT,wss,64,throughput,126400.000
RESULT,current,MULTI_SPOT,wss,256,bandwidth,96.383
RESULT,current,MULTI_SPOT,wss,256,latency,19166.466
RESULT,current,MULTI_SPOT,wss,256,latency_p95,18841.900
RESULT,current,MULTI_SPOT,wss,256,latency_p99,733479.900
RESULT,current,MULTI_SPOT,wss,256,server_cpu_pct,4.900
RESULT,current,MULTI_SPOT,wss,256,server_mem_mb,47.970
RESULT,current,MULTI_SPOT,wss,256,server_rcv_pending_end,0.000
RESULT,current,MULTI_SPOT,wss,256,server_rcv_pending_max,0.000
RESULT,current,MULTI_SPOT,wss,256,server_snd_pending_max,0.000
RESULT,current,MULTI_SPOT,wss,256,throughput,376495.000
RESULT,current,MULTI_SPOT,wss,1024,bandwidth,16.076
RESULT,current,MULTI_SPOT,wss,1024,latency,737373.000
RESULT,current,MULTI_SPOT,wss,1024,latency_p95,1303430.800
RESULT,current,MULTI_SPOT,wss,1024,latency_p99,1396859.880
RESULT,current,MULTI_SPOT,wss,1024,server_cpu_pct,4.130
RESULT,current,MULTI_SPOT,wss,1024,server_mem_mb,57.410
RESULT,current,MULTI_SPOT,wss,1024,server_rcv_pending_end,0.000
RESULT,current,MULTI_SPOT,wss,1024,server_rcv_pending_max,0.000
RESULT,current,MULTI_SPOT,wss,1024,server_snd_pending_max,0.000
RESULT,current,MULTI_SPOT,wss,1024,throughput,15699.000
RESULT,current,MULTI_SPOT,wss,262144,bandwidth,1481.114
RESULT,current,MULTI_SPOT,wss,262144,latency,209021.318
RESULT,current,MULTI_SPOT,wss,262144,latency_p95,303609.400
RESULT,current,MULTI_SPOT,wss,262144,latency_p99,365748.180
RESULT,current,MULTI_SPOT,wss,262144,server_cpu_pct,5.250
RESULT,current,MULTI_SPOT,wss,262144,server_mem_mb,186.090
RESULT,current,MULTI_SPOT,wss,262144,server_rcv_pending_end,0.000
RESULT,current,MULTI_SPOT,wss,262144,server_rcv_pending_max,0.000
RESULT,current,MULTI_SPOT,wss,262144,server_snd_pending_max,0.000
RESULT,current,MULTI_SPOT,wss,262144,throughput,5650.000

Saved result file: /home/hep7/project/kairos/zlink/core/perf/results/multi/report/perf_linux_recv_20260324_185648_triage-wss-fanout96-20260324.txt (status=complete)

## Status Summary
- success: 4
- unsupported: 0
- skip: 0
- fail: 0
- expected result lines: 20
- actual result lines: 20
- status: complete
Total benchmark time: 28s (28s, exit=0)
