=== Running multi benchmark: MULTI_SPOT ===
    warmup=1s duration=1s
    recv_mode=recv
Reusing build directory: /home/hep7/project/kairos/zlink/core/build
Using CMake source directory: /home/hep7/project/kairos/zlink

## Effective Options (runner)
- patterns: MULTI_SPOT
- build_dir: /home/hep7/project/kairos/zlink/core/build
- build_mode: reuse
- reuse_build: 1
- clean_build: 0
- runs: 1
- recv_mode: recv
- duration_seconds: 1
- warmup_seconds: 1
- hwm: default(binary)
- send_hwm: default(binary)
- recv_hwm: default(binary)
- sndbuf: default(os)
- rcvbuf: default(os)
- sndtimeo_ms: 200
- rcvtimeo_ms: 200
- pin_cpu: 0
- io_threads: default(policy)
- msg_sizes: 64,256,1024,262144
- transports: wss
- results_dir: /home/hep7/project/kairos/zlink/core/perf/results
- results_tag: triage-wss-meshpub256-20260324
- result_file: /home/hep7/project/kairos/zlink/core/perf/results/multi/report/perf_linux_recv_20260324_190019_triage-wss-meshpub256-20260324.txt
- output_file: none
- comparison_script: /home/hep7/project/kairos/zlink/core/perf/run_comparison.py
- python: python3

## Effective Env (runner)
- PYTHONUNBUFFERED: 1
- PERF_RECV_MODE: recv
- PERF_MSG_SIZES: 64,256,1024,262144
- PERF_TRANSPORTS: wss
- PERF_NO_AUTOBUILD: 1
- PERF_DISABLE_RESOURCE_METRICS: 0

META,os,Linux 6.6.87.2-microsoft-standard-WSL2
META,cpu,Intel(R) Core(TM) Ultra 7 265K
META,cores,20
META,build,Release
META,commit,45bdf7dc
META,timestamp,2026-03-24T19:00:19+09:00
META,load_avg,3.70 2.92 3.06
META,runs,1
META,clients,100

## Effective Options (start)
- runs: 1
- recv_mode: recv
- patterns: MULTI_SPOT
- transports: wss
- msg_sizes: 64,256,1024,262144
- warmup_seconds: 1
- active_warmup: 0
- duration_seconds: 1
- clients: 100
- default_clients: 100
- default_stream_clients: 10000
- service_clients: auto
- server_io_threads: 4 (default)
- client_io_threads: 4 (default)
- hwm: 100 (default)
- sndhwm: 100 (default)
- rcvhwm: 100 (default)
- sndbuf: default(os)
- rcvbuf: default(os)
- sndtimeo_ms: 200
- rcvtimeo_ms: 200
- connect_concurrency: 128 (default)
- settle_ms: 500
- connect_ready_timeout_ms: 5000
- monitor_hwm: 1000
- server_ready_timeout_ms: 10000
- server_shutdown_timeout_ms: 5000
- server_bind_port: 0
- transport_transition_ms: 3000
- pattern_transition_ms: 3000
- lat_timeout_ms: 5000
- stream_non_tcp_clients_max: 10000
- disable_resource_metrics: 0
- timeout_seconds: auto
## PATTERN: MULTI_SPOT (one-way)
  > Benchmarking current for MULTI_SPOT...
    Testing wss | 64B,256B,1024B,262144B:
      | Size     |         Throughput |      Bandwidth |  Lat.Mean(ms) |   Lat.P95(ms) |   Lat.P99(ms) |  S.CPU% | S.Mem MB | Q.Snd.Max | Q.Rcv.Max | Q.Rcv.End |
      |----------|--------------------|----------------|---------------|---------------|---------------|---------|----------|-----------|-----------|-----------|
      | 64B      |   431.638 Kmsg/s |     27.625 MB/s |    12.850 ms |    22.902 ms |    24.479 ms |  5.469 |   52.172 |         0 |         0 |         0 |
      | 256B     |   151.370 Kmsg/s |     38.751 MB/s |  1350.770 ms |  1823.465 ms |  1834.721 ms |  3.883 |   55.938 |         0 |         0 |         0 |
      | 1024B    |   269.544 Kmsg/s |    276.013 MB/s |    19.659 ms |     9.169 ms |   582.597 ms |  4.590 |   69.500 |         0 |         0 |         0 |
      | 262144B  |     6.380 Kmsg/s |   1672.479 MB/s |   100.901 ms |   195.850 ms |   287.286 ms |  5.004 |  541.074 |         0 |         0 |         0 |
    Testing wss: Done

## Effective Options (result)
- runs: 1
- recv_mode: recv
- patterns: MULTI_SPOT
- transports: wss
- msg_sizes: 64,256,1024,262144
- warmup_seconds: 1
- active_warmup: 0
- duration_seconds: 1
- clients: 100
- default_clients: 100
- default_stream_clients: 10000
- service_clients: auto
- server_io_threads: 4 (default)
- client_io_threads: 4 (default)
- hwm: 100 (default)
- sndhwm: 100 (default)
- rcvhwm: 100 (default)
- sndbuf: default(os)
- rcvbuf: default(os)
- sndtimeo_ms: 200
- rcvtimeo_ms: 200
- connect_concurrency: 128 (default)
- settle_ms: 500
- connect_ready_timeout_ms: 5000
- monitor_hwm: 1000
- server_ready_timeout_ms: 10000
- server_shutdown_timeout_ms: 5000
- server_bind_port: 0
- transport_transition_ms: 3000
- pattern_transition_ms: 3000
- lat_timeout_ms: 5000
- stream_non_tcp_clients_max: 10000
- disable_resource_metrics: 0
- timeout_seconds: auto

## Result Data
RESULT,current,MULTI_SPOT,wss,64,bandwidth,27.625
RESULT,current,MULTI_SPOT,wss,64,latency,12850.456
RESULT,current,MULTI_SPOT,wss,64,latency_p95,22902.000
RESULT,current,MULTI_SPOT,wss,64,latency_p99,24479.000
RESULT,current,MULTI_SPOT,wss,64,server_cpu_pct,5.480
RESULT,current,MULTI_SPOT,wss,64,server_mem_mb,52.170
RESULT,current,MULTI_SPOT,wss,64,server_rcv_pending_end,0.000
RESULT,current,MULTI_SPOT,wss,64,server_rcv_pending_max,0.000
RESULT,current,MULTI_SPOT,wss,64,server_snd_pending_max,0.000
RESULT,current,MULTI_SPOT,wss,64,throughput,431638.000
RESULT,current,MULTI_SPOT,wss,256,bandwidth,38.751
RESULT,current,MULTI_SPOT,wss,256,latency,1350770.234
RESULT,current,MULTI_SPOT,wss,256,latency_p95,1823464.800
RESULT,current,MULTI_SPOT,wss,256,latency_p99,1834720.720
RESULT,current,MULTI_SPOT,wss,256,server_cpu_pct,4.340
RESULT,current,MULTI_SPOT,wss,256,server_mem_mb,55.940
RESULT,current,MULTI_SPOT,wss,256,server_rcv_pending_end,0.000
RESULT,current,MULTI_SPOT,wss,256,server_rcv_pending_max,0.000
RESULT,current,MULTI_SPOT,wss,256,server_snd_pending_max,0.000
RESULT,current,MULTI_SPOT,wss,256,throughput,151370.000
RESULT,current,MULTI_SPOT,wss,1024,bandwidth,276.013
RESULT,current,MULTI_SPOT,wss,1024,latency,19658.648
RESULT,current,MULTI_SPOT,wss,1024,latency_p95,9168.550
RESULT,current,MULTI_SPOT,wss,1024,latency_p99,582596.980
RESULT,current,MULTI_SPOT,wss,1024,server_cpu_pct,4.590
RESULT,current,MULTI_SPOT,wss,1024,server_mem_mb,69.500
RESULT,current,MULTI_SPOT,wss,1024,server_rcv_pending_end,0.000
RESULT,current,MULTI_SPOT,wss,1024,server_rcv_pending_max,0.000
RESULT,current,MULTI_SPOT,wss,1024,server_snd_pending_max,0.000
RESULT,current,MULTI_SPOT,wss,1024,throughput,269544.000
RESULT,current,MULTI_SPOT,wss,262144,bandwidth,1672.479
RESULT,current,MULTI_SPOT,wss,262144,latency,100901.373
RESULT,current,MULTI_SPOT,wss,262144,latency_p95,195850.000
RESULT,current,MULTI_SPOT,wss,262144,latency_p99,287286.000
RESULT,current,MULTI_SPOT,wss,262144,server_cpu_pct,5.010
RESULT,current,MULTI_SPOT,wss,262144,server_mem_mb,541.070
RESULT,current,MULTI_SPOT,wss,262144,server_rcv_pending_end,0.000
RESULT,current,MULTI_SPOT,wss,262144,server_rcv_pending_max,0.000
RESULT,current,MULTI_SPOT,wss,262144,server_snd_pending_max,0.000
RESULT,current,MULTI_SPOT,wss,262144,throughput,6380.000

Saved result file: /home/hep7/project/kairos/zlink/core/perf/results/multi/report/perf_linux_recv_20260324_190019_triage-wss-meshpub256-20260324.txt (status=complete)

## Status Summary
- success: 4
- unsupported: 0
- skip: 0
- fail: 0
- expected result lines: 20
- actual result lines: 20
- status: complete
Total benchmark time: 28s (28s, exit=0)
