=== Running multi benchmark: MULTI_SPOT ===
    warmup=1s duration=1s
    recv_mode=recv
Reusing build directory: /home/hep7/project/kairos/zlink/core/build
Using CMake source directory: /home/hep7/project/kairos/zlink

## Effective Options (runner)
- patterns: MULTI_SPOT
- build_dir: /home/hep7/project/kairos/zlink/core/build
- build_mode: reuse
- reuse_build: 1
- clean_build: 0
- runs: 1
- recv_mode: recv
- duration_seconds: 1
- warmup_seconds: 1
- hwm: default(binary)
- send_hwm: default(binary)
- recv_hwm: default(binary)
- sndbuf: default(os)
- rcvbuf: default(os)
- sndtimeo_ms: 200
- rcvtimeo_ms: 200
- pin_cpu: 0
- io_threads: default(policy)
- msg_sizes: 64,256,65536,262144
- transports: tcp,tls,wss
- results_dir: /home/hep7/project/kairos/zlink/core/perf/results
- results_tag: residual-reentry-20260325e
- result_file: /home/hep7/project/kairos/zlink/core/perf/results/multi/report/perf_linux_recv_20260325_031855_residual-reentry-20260325e.txt
- output_file: none
- comparison_script: /home/hep7/project/kairos/zlink/core/perf/run_comparison.py
- python: python3

## Effective Env (runner)
- PYTHONUNBUFFERED: 1
- PERF_RECV_MODE: recv
- PERF_MSG_SIZES: 64,256,65536,262144
- PERF_TRANSPORTS: tcp,tls,wss
- PERF_NO_AUTOBUILD: 1
- PERF_DISABLE_RESOURCE_METRICS: 0

META,os,Linux 6.6.87.2-microsoft-standard-WSL2
META,cpu,Intel(R) Core(TM) Ultra 7 265K
META,cores,20
META,build,Release
META,commit,7ab6f0ae
META,timestamp,2026-03-25T03:18:55+09:00
META,load_avg,11.08 6.87 5.75
META,runs,1
META,clients,100

## Effective Options (start)
- runs: 1
- recv_mode: recv
- patterns: MULTI_SPOT
- transports: tcp,tls,wss
- msg_sizes: 64,256,65536,262144
- warmup_seconds: 1
- active_warmup: 0
- duration_seconds: 1
- clients: 100
- default_clients: 100
- default_stream_clients: 10000
- service_clients: auto
- server_io_threads: 4 (default)
- client_io_threads: 4 (default)
- hwm: 100 (default)
- sndhwm: 100 (default)
- rcvhwm: 100 (default)
- sndbuf: default(os)
- rcvbuf: default(os)
- sndtimeo_ms: 200
- rcvtimeo_ms: 200
- connect_concurrency: 128 (default)
- settle_ms: 500
- connect_ready_timeout_ms: 5000
- monitor_hwm: 1000
- server_ready_timeout_ms: 10000
- server_shutdown_timeout_ms: 5000
- server_bind_port: 0
- transport_transition_ms: 3000
- pattern_transition_ms: 3000
- lat_timeout_ms: 5000
- stream_non_tcp_clients_max: 10000
- disable_resource_metrics: 0
- timeout_seconds: auto
## PATTERN: MULTI_SPOT (one-way)
  > Benchmarking current for MULTI_SPOT...
    Testing tcp | 64B,256B,65536B,262144B:
      | Size     |         Throughput |      Bandwidth |  Lat.Mean(ms) |   Lat.P95(ms) |   Lat.P99(ms) |  S.CPU% | S.Mem MB | Q.Snd.Max | Q.Rcv.Max | Q.Rcv.End |
      |----------|--------------------|----------------|---------------|---------------|---------------|---------|----------|-----------|-----------|-----------|
      | 64B      |  4546.300 Kmsg/s |    290.963 MB/s |   421.089 ms |   526.137 ms |   544.759 ms | 12.486 |   19.219 |         0 |         0 |         0 |
      | 256B     |  2716.052 Kmsg/s |    695.309 MB/s |  1205.736 ms |  1457.158 ms |  1594.767 ms |  9.894 |   21.094 |         0 |         0 |         0 |
      | 65536B   |    63.025 Kmsg/s |   4130.406 MB/s |   426.145 ms |   492.265 ms |   506.621 ms |  9.897 |  201.516 |         0 |         0 |         0 |
      | 262144B  |    15.780 Kmsg/s |   4136.632 MB/s |   545.356 ms |   635.114 ms |   656.926 ms | 11.254 |  214.180 |         0 |         0 |         0 |
    Testing tcp: Done
    [transport cooldown 3000ms]
    Testing tls | 64B,256B,65536B,262144B:
      | Size     |         Throughput |      Bandwidth |  Lat.Mean(ms) |   Lat.P95(ms) |   Lat.P99(ms) |  S.CPU% | S.Mem MB | Q.Snd.Max | Q.Rcv.Max | Q.Rcv.End |
      |----------|--------------------|----------------|---------------|---------------|---------------|---------|----------|-----------|-----------|-----------|
      | 64B      |   736.023 Kmsg/s |     47.105 MB/s |    41.230 ms |    76.739 ms |    78.919 ms | 12.115 |   50.895 |         0 |         0 |         0 |
      | 256B     |  1029.988 Kmsg/s |    263.677 MB/s |     7.741 ms |    23.237 ms |    27.685 ms |  9.700 |   57.900 |         0 |         0 |         0 |
      | 65536B   |    17.738 Kmsg/s |   1162.478 MB/s |    29.909 ms |    81.785 ms |   106.572 ms |  9.756 |  272.832 |         0 |         0 |         0 |
      | 262144B  |     7.498 Kmsg/s |   1965.556 MB/s |   277.269 ms |   445.710 ms |   488.809 ms | 10.395 |  630.945 |         0 |         0 |         0 |
    Testing tls: Done
    [transport cooldown 3000ms]
    Testing wss | 64B,256B,65536B,262144B:
      | Size     |         Throughput |      Bandwidth |  Lat.Mean(ms) |   Lat.P95(ms) |   Lat.P99(ms) |  S.CPU% | S.Mem MB | Q.Snd.Max | Q.Rcv.Max | Q.Rcv.End |
      |----------|--------------------|----------------|---------------|---------------|---------------|---------|----------|-----------|-----------|-----------|
      | 64B      |   625.078 Kmsg/s |     40.005 MB/s |    54.031 ms |    71.492 ms |    80.217 ms |  7.018 |   52.188 |         0 |         0 |         0 |
      | 256B     |  1514.633 Kmsg/s |    387.746 MB/s |    23.853 ms |   108.327 ms |   170.329 ms |  5.990 |   58.800 |         0 |         0 |         0 |
      | 65536B   |    26.567 Kmsg/s |   1741.095 MB/s |    57.776 ms |    76.760 ms |   156.027 ms |  5.388 |  315.250 |         0 |         0 |         0 |
      | 262144B  |     4.764 Kmsg/s |   1248.854 MB/s |    85.401 ms |   137.158 ms |   148.078 ms |  5.286 |  607.543 |         0 |         0 |         0 |
    Testing wss: Done

## Effective Options (result)
- runs: 1
- recv_mode: recv
- patterns: MULTI_SPOT
- transports: tcp,tls,wss
- msg_sizes: 64,256,65536,262144
- warmup_seconds: 1
- active_warmup: 0
- duration_seconds: 1
- clients: 100
- default_clients: 100
- default_stream_clients: 10000
- service_clients: auto
- server_io_threads: 4 (default)
- client_io_threads: 4 (default)
- hwm: 100 (default)
- sndhwm: 100 (default)
- rcvhwm: 100 (default)
- sndbuf: default(os)
- rcvbuf: default(os)
- sndtimeo_ms: 200
- rcvtimeo_ms: 200
- connect_concurrency: 128 (default)
- settle_ms: 500
- connect_ready_timeout_ms: 5000
- monitor_hwm: 1000
- server_ready_timeout_ms: 10000
- server_shutdown_timeout_ms: 5000
- server_bind_port: 0
- transport_transition_ms: 3000
- pattern_transition_ms: 3000
- lat_timeout_ms: 5000
- stream_non_tcp_clients_max: 10000
- disable_resource_metrics: 0
- timeout_seconds: auto

## Result Data
RESULT,current,MULTI_SPOT,tcp,64,bandwidth,290.963
RESULT,current,MULTI_SPOT,tcp,64,latency,421088.839
RESULT,current,MULTI_SPOT,tcp,64,latency_p95,526136.700
RESULT,current,MULTI_SPOT,tcp,64,latency_p99,544758.810
RESULT,current,MULTI_SPOT,tcp,64,server_cpu_pct,13.750
RESULT,current,MULTI_SPOT,tcp,64,server_mem_mb,19.220
RESULT,current,MULTI_SPOT,tcp,64,server_rcv_pending_end,0.000
RESULT,current,MULTI_SPOT,tcp,64,server_rcv_pending_max,0.000
RESULT,current,MULTI_SPOT,tcp,64,server_snd_pending_max,0.000
RESULT,current,MULTI_SPOT,tcp,64,throughput,4546300.000
RESULT,current,MULTI_SPOT,tcp,256,bandwidth,695.309
RESULT,current,MULTI_SPOT,tcp,256,latency,1205735.731
RESULT,current,MULTI_SPOT,tcp,256,latency_p95,1457158.400
RESULT,current,MULTI_SPOT,tcp,256,latency_p99,1594766.960
RESULT,current,MULTI_SPOT,tcp,256,server_cpu_pct,13.100
RESULT,current,MULTI_SPOT,tcp,256,server_mem_mb,21.090
RESULT,current,MULTI_SPOT,tcp,256,server_rcv_pending_end,0.000
RESULT,current,MULTI_SPOT,tcp,256,server_rcv_pending_max,0.000
RESULT,current,MULTI_SPOT,tcp,256,server_snd_pending_max,0.000
RESULT,current,MULTI_SPOT,tcp,256,throughput,2716052.000
RESULT,current,MULTI_SPOT,tcp,65536,bandwidth,4130.406
RESULT,current,MULTI_SPOT,tcp,65536,latency,426144.564
RESULT,current,MULTI_SPOT,tcp,65536,latency_p95,492264.950
RESULT,current,MULTI_SPOT,tcp,65536,latency_p99,506620.940
RESULT,current,MULTI_SPOT,tcp,65536,server_cpu_pct,11.200
RESULT,current,MULTI_SPOT,tcp,65536,server_mem_mb,201.670
RESULT,current,MULTI_SPOT,tcp,65536,server_rcv_pending_end,0.000
RESULT,current,MULTI_SPOT,tcp,65536,server_rcv_pending_max,0.000
RESULT,current,MULTI_SPOT,tcp,65536,server_snd_pending_max,0.000
RESULT,current,MULTI_SPOT,tcp,65536,throughput,63025.000
RESULT,current,MULTI_SPOT,tcp,262144,bandwidth,4136.632
RESULT,current,MULTI_SPOT,tcp,262144,latency,545356.143
RESULT,current,MULTI_SPOT,tcp,262144,latency_p95,635113.500
RESULT,current,MULTI_SPOT,tcp,262144,latency_p99,656925.760
RESULT,current,MULTI_SPOT,tcp,262144,server_cpu_pct,13.070
RESULT,current,MULTI_SPOT,tcp,262144,server_mem_mb,214.340
RESULT,current,MULTI_SPOT,tcp,262144,server_rcv_pending_end,0.000
RESULT,current,MULTI_SPOT,tcp,262144,server_rcv_pending_max,0.000
RESULT,current,MULTI_SPOT,tcp,262144,server_snd_pending_max,0.000
RESULT,current,MULTI_SPOT,tcp,262144,throughput,15780.000
RESULT,current,MULTI_SPOT,tls,64,bandwidth,47.105
RESULT,current,MULTI_SPOT,tls,64,latency,41229.911
RESULT,current,MULTI_SPOT,tls,64,latency_p95,76738.950
RESULT,current,MULTI_SPOT,tls,64,latency_p99,78918.950
RESULT,current,MULTI_SPOT,tls,64,server_cpu_pct,12.350
RESULT,current,MULTI_SPOT,tls,64,server_mem_mb,50.890
RESULT,current,MULTI_SPOT,tls,64,server_rcv_pending_end,0.000
RESULT,current,MULTI_SPOT,tls,64,server_rcv_pending_max,0.000
RESULT,current,MULTI_SPOT,tls,64,server_snd_pending_max,0.000
RESULT,current,MULTI_SPOT,tls,64,throughput,736023.000
RESULT,current,MULTI_SPOT,tls,256,bandwidth,263.677
RESULT,current,MULTI_SPOT,tls,256,latency,7740.913
RESULT,current,MULTI_SPOT,tls,256,latency_p95,23236.600
RESULT,current,MULTI_SPOT,tls,256,latency_p99,27684.650
RESULT,current,MULTI_SPOT,tls,256,server_cpu_pct,9.700
RESULT,current,MULTI_SPOT,tls,256,server_mem_mb,57.900
RESULT,current,MULTI_SPOT,tls,256,server_rcv_pending_end,0.000
RESULT,current,MULTI_SPOT,tls,256,server_rcv_pending_max,0.000
RESULT,current,MULTI_SPOT,tls,256,server_snd_pending_max,0.000
RESULT,current,MULTI_SPOT,tls,256,throughput,1029988.000
RESULT,current,MULTI_SPOT,tls,65536,bandwidth,1162.478
RESULT,current,MULTI_SPOT,tls,65536,latency,29909.128
RESULT,current,MULTI_SPOT,tls,65536,latency_p95,81785.400
RESULT,current,MULTI_SPOT,tls,65536,latency_p99,106571.840
RESULT,current,MULTI_SPOT,tls,65536,server_cpu_pct,9.770
RESULT,current,MULTI_SPOT,tls,65536,server_mem_mb,277.360
RESULT,current,MULTI_SPOT,tls,65536,server_rcv_pending_end,0.000
RESULT,current,MULTI_SPOT,tls,65536,server_rcv_pending_max,0.000
RESULT,current,MULTI_SPOT,tls,65536,server_snd_pending_max,0.000
RESULT,current,MULTI_SPOT,tls,65536,throughput,17738.000
RESULT,current,MULTI_SPOT,tls,262144,bandwidth,1965.556
RESULT,current,MULTI_SPOT,tls,262144,latency,277269.059
RESULT,current,MULTI_SPOT,tls,262144,latency_p95,445709.750
RESULT,current,MULTI_SPOT,tls,262144,latency_p99,488808.800
RESULT,current,MULTI_SPOT,tls,262144,server_cpu_pct,10.730
RESULT,current,MULTI_SPOT,tls,262144,server_mem_mb,631.100
RESULT,current,MULTI_SPOT,tls,262144,server_rcv_pending_end,0.000
RESULT,current,MULTI_SPOT,tls,262144,server_rcv_pending_max,0.000
RESULT,current,MULTI_SPOT,tls,262144,server_snd_pending_max,0.000
RESULT,current,MULTI_SPOT,tls,262144,throughput,7498.000
RESULT,current,MULTI_SPOT,wss,64,bandwidth,40.005
RESULT,current,MULTI_SPOT,wss,64,latency,54030.965
RESULT,current,MULTI_SPOT,wss,64,latency_p95,71492.200
RESULT,current,MULTI_SPOT,wss,64,latency_p99,80217.320
RESULT,current,MULTI_SPOT,wss,64,server_cpu_pct,7.070
RESULT,current,MULTI_SPOT,wss,64,server_mem_mb,52.190
RESULT,current,MULTI_SPOT,wss,64,server_rcv_pending_end,0.000
RESULT,current,MULTI_SPOT,wss,64,server_rcv_pending_max,0.000
RESULT,current,MULTI_SPOT,wss,64,server_snd_pending_max,0.000
RESULT,current,MULTI_SPOT,wss,64,throughput,625078.000
RESULT,current,MULTI_SPOT,wss,256,bandwidth,387.746
RESULT,current,MULTI_SPOT,wss,256,latency,23852.819
RESULT,current,MULTI_SPOT,wss,256,latency_p95,108326.550
RESULT,current,MULTI_SPOT,wss,256,latency_p99,170329.020
RESULT,current,MULTI_SPOT,wss,256,server_cpu_pct,5.990
RESULT,current,MULTI_SPOT,wss,256,server_mem_mb,58.800
RESULT,current,MULTI_SPOT,wss,256,server_rcv_pending_end,0.000
RESULT,current,MULTI_SPOT,wss,256,server_rcv_pending_max,0.000
RESULT,current,MULTI_SPOT,wss,256,server_snd_pending_max,0.000
RESULT,current,MULTI_SPOT,wss,256,throughput,1514633.000
RESULT,current,MULTI_SPOT,wss,65536,bandwidth,1741.095
RESULT,current,MULTI_SPOT,wss,65536,latency,57776.292
RESULT,current,MULTI_SPOT,wss,65536,latency_p95,76759.500
RESULT,current,MULTI_SPOT,wss,65536,latency_p99,156026.800
RESULT,current,MULTI_SPOT,wss,65536,server_cpu_pct,5.420
RESULT,current,MULTI_SPOT,wss,65536,server_mem_mb,316.030
RESULT,current,MULTI_SPOT,wss,65536,server_rcv_pending_end,0.000
RESULT,current,MULTI_SPOT,wss,65536,server_rcv_pending_max,0.000
RESULT,current,MULTI_SPOT,wss,65536,server_snd_pending_max,0.000
RESULT,current,MULTI_SPOT,wss,65536,throughput,26567.000
RESULT,current,MULTI_SPOT,wss,262144,bandwidth,1248.854
RESULT,current,MULTI_SPOT,wss,262144,latency,85401.087
RESULT,current,MULTI_SPOT,wss,262144,latency_p95,137158.000
RESULT,current,MULTI_SPOT,wss,262144,latency_p99,148077.720
RESULT,current,MULTI_SPOT,wss,262144,server_cpu_pct,5.310
RESULT,current,MULTI_SPOT,wss,262144,server_mem_mb,608.950
RESULT,current,MULTI_SPOT,wss,262144,server_rcv_pending_end,0.000
RESULT,current,MULTI_SPOT,wss,262144,server_rcv_pending_max,0.000
RESULT,current,MULTI_SPOT,wss,262144,server_snd_pending_max,0.000
RESULT,current,MULTI_SPOT,wss,262144,throughput,4764.000

Saved result file: /home/hep7/project/kairos/zlink/core/perf/results/multi/report/perf_linux_recv_20260325_031855_residual-reentry-20260325e.txt (status=complete)

## Status Summary
- success: 12
- unsupported: 0
- skip: 0
- fail: 0
- expected result lines: 60
- actual result lines: 60
- status: complete
Total benchmark time: 1m 4s (64s, exit=0)
