=== Running multi benchmark: MULTI_SPOT ===
    warmup=1s duration=1s
    recv_mode=recv
Reusing build directory: /home/hep7/project/kairos/zlink/core/build
Using CMake source directory: /home/hep7/project/kairos/zlink

## Effective Options (runner)
- patterns: MULTI_SPOT
- build_dir: /home/hep7/project/kairos/zlink/core/build
- build_mode: reuse
- reuse_build: 1
- clean_build: 0
- runs: 1
- recv_mode: recv
- duration_seconds: 1
- warmup_seconds: 1
- hwm: default(binary)
- send_hwm: default(binary)
- recv_hwm: default(binary)
- sndbuf: default(os)
- rcvbuf: default(os)
- sndtimeo_ms: 200
- rcvtimeo_ms: 200
- pin_cpu: 0
- io_threads: default(policy)
- msg_sizes: 64,256,65536,262144
- transports: tcp,tls,wss
- results_dir: /home/hep7/project/kairos/zlink/core/perf/results
- results_tag: residual-reentry-current-rerun
- result_file: /home/hep7/project/kairos/zlink/core/perf/results/multi/report/perf_linux_recv_20260325_025343_residual-reentry-current-rerun.txt
- output_file: none
- comparison_script: /home/hep7/project/kairos/zlink/core/perf/run_comparison.py
- python: python3

## Effective Env (runner)
- PYTHONUNBUFFERED: 1
- PERF_RECV_MODE: recv
- PERF_MSG_SIZES: 64,256,65536,262144
- PERF_TRANSPORTS: tcp,tls,wss
- PERF_NO_AUTOBUILD: 1
- PERF_DISABLE_RESOURCE_METRICS: 0

META,os,Linux 6.6.87.2-microsoft-standard-WSL2
META,cpu,Intel(R) Core(TM) Ultra 7 265K
META,cores,20
META,build,Release
META,commit,7ab6f0ae
META,timestamp,2026-03-25T02:53:43+09:00
META,load_avg,1.44 4.19 4.80
META,runs,1
META,clients,100

## Effective Options (start)
- runs: 1
- recv_mode: recv
- patterns: MULTI_SPOT
- transports: tcp,tls,wss
- msg_sizes: 64,256,65536,262144
- warmup_seconds: 1
- active_warmup: 0
- duration_seconds: 1
- clients: 100
- default_clients: 100
- default_stream_clients: 10000
- service_clients: auto
- server_io_threads: 4 (default)
- client_io_threads: 4 (default)
- hwm: 100 (default)
- sndhwm: 100 (default)
- rcvhwm: 100 (default)
- sndbuf: default(os)
- rcvbuf: default(os)
- sndtimeo_ms: 200
- rcvtimeo_ms: 200
- connect_concurrency: 128 (default)
- settle_ms: 500
- connect_ready_timeout_ms: 5000
- monitor_hwm: 1000
- server_ready_timeout_ms: 10000
- server_shutdown_timeout_ms: 5000
- server_bind_port: 0
- transport_transition_ms: 3000
- pattern_transition_ms: 3000
- lat_timeout_ms: 5000
- stream_non_tcp_clients_max: 10000
- disable_resource_metrics: 0
- timeout_seconds: auto
## PATTERN: MULTI_SPOT (one-way)
  > Benchmarking current for MULTI_SPOT...
    Testing tcp | 64B,256B,65536B,262144B:
      | Size     |         Throughput |      Bandwidth |  Lat.Mean(ms) |   Lat.P95(ms) |   Lat.P99(ms) |  S.CPU% | S.Mem MB | Q.Snd.Max | Q.Rcv.Max | Q.Rcv.End |
      |----------|--------------------|----------------|---------------|---------------|---------------|---------|----------|-----------|-----------|-----------|
      | 64B      |  4590.779 Kmsg/s |    293.810 MB/s |   418.450 ms |   509.475 ms |   524.580 ms | 12.248 |   18.906 |         0 |         0 |         0 |
      | 256B     |  2691.137 Kmsg/s |    688.931 MB/s |  1223.710 ms |  1470.969 ms |  1546.680 ms |  9.794 |   20.781 |         0 |         0 |         0 |
      | 65536B   |    53.134 Kmsg/s |   3482.190 MB/s |   494.764 ms |   571.371 ms |   590.134 ms |  8.919 |  198.379 |         0 |         0 |         0 |
      | 262144B  |    16.434 Kmsg/s |   4308.074 MB/s |   561.953 ms |   665.072 ms |   701.437 ms | 11.063 |  172.273 |         0 |         0 |         0 |
    Testing tcp: Done
    [transport cooldown 3000ms]
    Testing tls | 64B,256B,65536B,262144B:
      | Size     |         Throughput |      Bandwidth |  Lat.Mean(ms) |   Lat.P95(ms) |   Lat.P99(ms) |  S.CPU% | S.Mem MB | Q.Snd.Max | Q.Rcv.Max | Q.Rcv.End |
      |----------|--------------------|----------------|---------------|---------------|---------------|---------|----------|-----------|-----------|-----------|
      | 64B      |   770.570 Kmsg/s |     49.316 MB/s |    40.705 ms |    96.661 ms |   101.929 ms | 12.598 |   50.938 |         0 |         0 |         0 |
      | 256B     |  1858.390 Kmsg/s |    475.748 MB/s |   169.057 ms |   313.010 ms |   623.645 ms | 10.180 |   61.805 |         0 |         0 |         0 |
      | 65536B   |    27.539 Kmsg/s |   1804.796 MB/s |    81.756 ms |   220.901 ms |   247.024 ms | 10.036 |  343.336 |         0 |         0 |         0 |
      | 262144B  |    14.256 Kmsg/s |   3737.125 MB/s |   159.235 ms |   259.351 ms |   279.940 ms | 13.170 |  410.762 |         0 |         0 |         0 |
    Testing tls: Done
    [transport cooldown 3000ms]
    Testing wss | 64B,256B,65536B,262144B:
      | Size     |         Throughput |      Bandwidth |  Lat.Mean(ms) |   Lat.P95(ms) |   Lat.P99(ms) |  S.CPU% | S.Mem MB | Q.Snd.Max | Q.Rcv.Max | Q.Rcv.End |
      |----------|--------------------|----------------|---------------|---------------|---------------|---------|----------|-----------|-----------|-----------|
      | 64B      |   227.204 Kmsg/s |     14.541 MB/s |    27.750 ms |    65.047 ms |    67.275 ms |  6.430 |   51.875 |         0 |         0 |         0 |
      | 256B     |  1222.077 Kmsg/s |    312.852 MB/s |     7.728 ms |    11.474 ms |    14.354 ms |  5.598 |   56.332 |         0 |         0 |         0 |
      | 65536B   |    48.278 Kmsg/s |   3163.947 MB/s |    57.790 ms |    72.564 ms |   114.960 ms |  6.537 |  264.953 |         0 |         0 |         0 |
      | 262144B  |     9.358 Kmsg/s |   2453.144 MB/s |    87.905 ms |   124.505 ms |   148.651 ms |  6.114 |  570.168 |         0 |         0 |         0 |
    Testing wss: Done

## Effective Options (result)
- runs: 1
- recv_mode: recv
- patterns: MULTI_SPOT
- transports: tcp,tls,wss
- msg_sizes: 64,256,65536,262144
- warmup_seconds: 1
- active_warmup: 0
- duration_seconds: 1
- clients: 100
- default_clients: 100
- default_stream_clients: 10000
- service_clients: auto
- server_io_threads: 4 (default)
- client_io_threads: 4 (default)
- hwm: 100 (default)
- sndhwm: 100 (default)
- rcvhwm: 100 (default)
- sndbuf: default(os)
- rcvbuf: default(os)
- sndtimeo_ms: 200
- rcvtimeo_ms: 200
- connect_concurrency: 128 (default)
- settle_ms: 500
- connect_ready_timeout_ms: 5000
- monitor_hwm: 1000
- server_ready_timeout_ms: 10000
- server_shutdown_timeout_ms: 5000
- server_bind_port: 0
- transport_transition_ms: 3000
- pattern_transition_ms: 3000
- lat_timeout_ms: 5000
- stream_non_tcp_clients_max: 10000
- disable_resource_metrics: 0
- timeout_seconds: auto

## Result Data
RESULT,current,MULTI_SPOT,tcp,64,bandwidth,293.810
RESULT,current,MULTI_SPOT,tcp,64,latency,418449.911
RESULT,current,MULTI_SPOT,tcp,64,latency_p95,509474.700
RESULT,current,MULTI_SPOT,tcp,64,latency_p99,524580.370
RESULT,current,MULTI_SPOT,tcp,64,server_cpu_pct,13.550
RESULT,current,MULTI_SPOT,tcp,64,server_mem_mb,18.910
RESULT,current,MULTI_SPOT,tcp,64,server_rcv_pending_end,0.000
RESULT,current,MULTI_SPOT,tcp,64,server_rcv_pending_max,0.000
RESULT,current,MULTI_SPOT,tcp,64,server_snd_pending_max,0.000
RESULT,current,MULTI_SPOT,tcp,64,throughput,4590779.000
RESULT,current,MULTI_SPOT,tcp,256,bandwidth,688.931
RESULT,current,MULTI_SPOT,tcp,256,latency,1223709.925
RESULT,current,MULTI_SPOT,tcp,256,latency_p95,1470968.700
RESULT,current,MULTI_SPOT,tcp,256,latency_p99,1546680.340
RESULT,current,MULTI_SPOT,tcp,256,server_cpu_pct,13.050
RESULT,current,MULTI_SPOT,tcp,256,server_mem_mb,20.940
RESULT,current,MULTI_SPOT,tcp,256,server_rcv_pending_end,0.000
RESULT,current,MULTI_SPOT,tcp,256,server_rcv_pending_max,0.000
RESULT,current,MULTI_SPOT,tcp,256,server_snd_pending_max,0.000
RESULT,current,MULTI_SPOT,tcp,256,throughput,2691137.000
RESULT,current,MULTI_SPOT,tcp,65536,bandwidth,3482.190
RESULT,current,MULTI_SPOT,tcp,65536,latency,494764.332
RESULT,current,MULTI_SPOT,tcp,65536,latency_p95,571371.150
RESULT,current,MULTI_SPOT,tcp,65536,latency_p99,590133.670
RESULT,current,MULTI_SPOT,tcp,65536,server_cpu_pct,10.400
RESULT,current,MULTI_SPOT,tcp,65536,server_mem_mb,198.690
RESULT,current,MULTI_SPOT,tcp,65536,server_rcv_pending_end,0.000
RESULT,current,MULTI_SPOT,tcp,65536,server_rcv_pending_max,0.000
RESULT,current,MULTI_SPOT,tcp,65536,server_snd_pending_max,0.000
RESULT,current,MULTI_SPOT,tcp,65536,throughput,53134.000
RESULT,current,MULTI_SPOT,tcp,262144,bandwidth,4308.074
RESULT,current,MULTI_SPOT,tcp,262144,latency,561953.210
RESULT,current,MULTI_SPOT,tcp,262144,latency_p95,665071.900
RESULT,current,MULTI_SPOT,tcp,262144,latency_p99,701437.260
RESULT,current,MULTI_SPOT,tcp,262144,server_cpu_pct,12.810
RESULT,current,MULTI_SPOT,tcp,262144,server_mem_mb,172.270
RESULT,current,MULTI_SPOT,tcp,262144,server_rcv_pending_end,0.000
RESULT,current,MULTI_SPOT,tcp,262144,server_rcv_pending_max,0.000
RESULT,current,MULTI_SPOT,tcp,262144,server_snd_pending_max,0.000
RESULT,current,MULTI_SPOT,tcp,262144,throughput,16434.000
RESULT,current,MULTI_SPOT,tls,64,bandwidth,49.316
RESULT,current,MULTI_SPOT,tls,64,latency,40704.900
RESULT,current,MULTI_SPOT,tls,64,latency_p95,96661.000
RESULT,current,MULTI_SPOT,tls,64,latency_p99,101929.200
RESULT,current,MULTI_SPOT,tls,64,server_cpu_pct,12.830
RESULT,current,MULTI_SPOT,tls,64,server_mem_mb,50.940
RESULT,current,MULTI_SPOT,tls,64,server_rcv_pending_end,0.000
RESULT,current,MULTI_SPOT,tls,64,server_rcv_pending_max,0.000
RESULT,current,MULTI_SPOT,tls,64,server_snd_pending_max,0.000
RESULT,current,MULTI_SPOT,tls,64,throughput,770570.000
RESULT,current,MULTI_SPOT,tls,256,bandwidth,475.748
RESULT,current,MULTI_SPOT,tls,256,latency,169057.129
RESULT,current,MULTI_SPOT,tls,256,latency_p95,313010.300
RESULT,current,MULTI_SPOT,tls,256,latency_p99,623645.480
RESULT,current,MULTI_SPOT,tls,256,server_cpu_pct,10.210
RESULT,current,MULTI_SPOT,tls,256,server_mem_mb,61.800
RESULT,current,MULTI_SPOT,tls,256,server_rcv_pending_end,0.000
RESULT,current,MULTI_SPOT,tls,256,server_rcv_pending_max,0.000
RESULT,current,MULTI_SPOT,tls,256,server_snd_pending_max,0.000
RESULT,current,MULTI_SPOT,tls,256,throughput,1858390.000
RESULT,current,MULTI_SPOT,tls,65536,bandwidth,1804.796
RESULT,current,MULTI_SPOT,tls,65536,latency,81756.117
RESULT,current,MULTI_SPOT,tls,65536,latency_p95,220900.850
RESULT,current,MULTI_SPOT,tls,65536,latency_p99,247024.170
RESULT,current,MULTI_SPOT,tls,65536,server_cpu_pct,10.380
RESULT,current,MULTI_SPOT,tls,65536,server_mem_mb,343.340
RESULT,current,MULTI_SPOT,tls,65536,server_rcv_pending_end,0.000
RESULT,current,MULTI_SPOT,tls,65536,server_rcv_pending_max,0.000
RESULT,current,MULTI_SPOT,tls,65536,server_snd_pending_max,0.000
RESULT,current,MULTI_SPOT,tls,65536,throughput,27539.000
RESULT,current,MULTI_SPOT,tls,262144,bandwidth,3737.125
RESULT,current,MULTI_SPOT,tls,262144,latency,159234.686
RESULT,current,MULTI_SPOT,tls,262144,latency_p95,259351.000
RESULT,current,MULTI_SPOT,tls,262144,latency_p99,279940.250
RESULT,current,MULTI_SPOT,tls,262144,server_cpu_pct,13.480
RESULT,current,MULTI_SPOT,tls,262144,server_mem_mb,411.070
RESULT,current,MULTI_SPOT,tls,262144,server_rcv_pending_end,0.000
RESULT,current,MULTI_SPOT,tls,262144,server_rcv_pending_max,0.000
RESULT,current,MULTI_SPOT,tls,262144,server_snd_pending_max,0.000
RESULT,current,MULTI_SPOT,tls,262144,throughput,14256.000
RESULT,current,MULTI_SPOT,wss,64,bandwidth,14.541
RESULT,current,MULTI_SPOT,wss,64,latency,27750.171
RESULT,current,MULTI_SPOT,wss,64,latency_p95,65047.000
RESULT,current,MULTI_SPOT,wss,64,latency_p99,67275.000
RESULT,current,MULTI_SPOT,wss,64,server_cpu_pct,6.470
RESULT,current,MULTI_SPOT,wss,64,server_mem_mb,51.880
RESULT,current,MULTI_SPOT,wss,64,server_rcv_pending_end,0.000
RESULT,current,MULTI_SPOT,wss,64,server_rcv_pending_max,0.000
RESULT,current,MULTI_SPOT,wss,64,server_snd_pending_max,0.000
RESULT,current,MULTI_SPOT,wss,64,throughput,227204.000
RESULT,current,MULTI_SPOT,wss,256,bandwidth,312.852
RESULT,current,MULTI_SPOT,wss,256,latency,7728.415
RESULT,current,MULTI_SPOT,wss,256,latency_p95,11474.000
RESULT,current,MULTI_SPOT,wss,256,latency_p99,14354.330
RESULT,current,MULTI_SPOT,wss,256,server_cpu_pct,5.600
RESULT,current,MULTI_SPOT,wss,256,server_mem_mb,56.330
RESULT,current,MULTI_SPOT,wss,256,server_rcv_pending_end,0.000
RESULT,current,MULTI_SPOT,wss,256,server_rcv_pending_max,0.000
RESULT,current,MULTI_SPOT,wss,256,server_snd_pending_max,0.000
RESULT,current,MULTI_SPOT,wss,256,throughput,1222077.000
RESULT,current,MULTI_SPOT,wss,65536,bandwidth,3163.947
RESULT,current,MULTI_SPOT,wss,65536,latency,57790.125
RESULT,current,MULTI_SPOT,wss,65536,latency_p95,72563.850
RESULT,current,MULTI_SPOT,wss,65536,latency_p99,114960.430
RESULT,current,MULTI_SPOT,wss,65536,server_cpu_pct,6.580
RESULT,current,MULTI_SPOT,wss,65536,server_mem_mb,267.450
RESULT,current,MULTI_SPOT,wss,65536,server_rcv_pending_end,0.000
RESULT,current,MULTI_SPOT,wss,65536,server_rcv_pending_max,0.000
RESULT,current,MULTI_SPOT,wss,65536,server_snd_pending_max,0.000
RESULT,current,MULTI_SPOT,wss,65536,throughput,48278.000
RESULT,current,MULTI_SPOT,wss,262144,bandwidth,2453.144
RESULT,current,MULTI_SPOT,wss,262144,latency,87904.861
RESULT,current,MULTI_SPOT,wss,262144,latency_p95,124504.550
RESULT,current,MULTI_SPOT,wss,262144,latency_p99,148650.850
RESULT,current,MULTI_SPOT,wss,262144,server_cpu_pct,6.140
RESULT,current,MULTI_SPOT,wss,262144,server_mem_mb,571.570
RESULT,current,MULTI_SPOT,wss,262144,server_rcv_pending_end,0.000
RESULT,current,MULTI_SPOT,wss,262144,server_rcv_pending_max,0.000
RESULT,current,MULTI_SPOT,wss,262144,server_snd_pending_max,0.000
RESULT,current,MULTI_SPOT,wss,262144,throughput,9358.000

Saved result file: /home/hep7/project/kairos/zlink/core/perf/results/multi/report/perf_linux_recv_20260325_025343_residual-reentry-current-rerun.txt (status=complete)

## Status Summary
- success: 12
- unsupported: 0
- skip: 0
- fail: 0
- expected result lines: 60
- actual result lines: 60
- status: complete
Total benchmark time: 1m 4s (64s, exit=0)
