=== Running multi benchmark: MULTI_SPOT ===
    warmup=1s duration=1s
    recv_mode=recv
Reusing build directory: /home/hep7/project/kairos/zlink/core/build
Using CMake source directory: /home/hep7/project/kairos/zlink

## Effective Options (runner)
- patterns: MULTI_SPOT
- build_dir: /home/hep7/project/kairos/zlink/core/build
- build_mode: reuse
- reuse_build: 1
- clean_build: 0
- runs: 1
- recv_mode: recv
- duration_seconds: 1
- warmup_seconds: 1
- hwm: default(binary)
- send_hwm: default(binary)
- recv_hwm: default(binary)
- sndbuf: default(os)
- rcvbuf: default(os)
- sndtimeo_ms: 200
- rcvtimeo_ms: 200
- pin_cpu: 0
- io_threads: default(policy)
- msg_sizes: 64,256,1024,262144
- transports: wss
- results_dir: /home/hep7/project/kairos/zlink/core/perf/results
- results_tag: triage-wss-fanout384-20260324
- result_file: /home/hep7/project/kairos/zlink/core/perf/results/multi/report/perf_linux_recv_20260324_185838_triage-wss-fanout384-20260324.txt
- output_file: none
- comparison_script: /home/hep7/project/kairos/zlink/core/perf/run_comparison.py
- python: python3

## Effective Env (runner)
- PYTHONUNBUFFERED: 1
- PERF_RECV_MODE: recv
- PERF_MSG_SIZES: 64,256,1024,262144
- PERF_TRANSPORTS: wss
- PERF_NO_AUTOBUILD: 1
- PERF_DISABLE_RESOURCE_METRICS: 0

META,os,Linux 6.6.87.2-microsoft-standard-WSL2
META,cpu,Intel(R) Core(TM) Ultra 7 265K
META,cores,20
META,build,Release
META,commit,45bdf7dc
META,timestamp,2026-03-24T18:58:38+09:00
META,load_avg,5.58 3.10 3.14
META,runs,1
META,clients,100

## Effective Options (start)
- runs: 1
- recv_mode: recv
- patterns: MULTI_SPOT
- transports: wss
- msg_sizes: 64,256,1024,262144
- warmup_seconds: 1
- active_warmup: 0
- duration_seconds: 1
- clients: 100
- default_clients: 100
- default_stream_clients: 10000
- service_clients: auto
- server_io_threads: 4 (default)
- client_io_threads: 4 (default)
- hwm: 100 (default)
- sndhwm: 100 (default)
- rcvhwm: 100 (default)
- sndbuf: default(os)
- rcvbuf: default(os)
- sndtimeo_ms: 200
- rcvtimeo_ms: 200
- connect_concurrency: 128 (default)
- settle_ms: 500
- connect_ready_timeout_ms: 5000
- monitor_hwm: 1000
- server_ready_timeout_ms: 10000
- server_shutdown_timeout_ms: 5000
- server_bind_port: 0
- transport_transition_ms: 3000
- pattern_transition_ms: 3000
- lat_timeout_ms: 5000
- stream_non_tcp_clients_max: 10000
- disable_resource_metrics: 0
- timeout_seconds: auto
## PATTERN: MULTI_SPOT (one-way)
  > Benchmarking current for MULTI_SPOT...
    Testing wss | 64B,256B,1024B,262144B:
      | Size     |         Throughput |      Bandwidth |  Lat.Mean(ms) |   Lat.P95(ms) |   Lat.P99(ms) |  S.CPU% | S.Mem MB | Q.Snd.Max | Q.Rcv.Max | Q.Rcv.End |
      |----------|--------------------|----------------|---------------|---------------|---------------|---------|----------|-----------|-----------|-----------|
      | 64B      |   235.213 Kmsg/s |     15.054 MB/s |    34.486 ms |    23.553 ms |   970.534 ms |  4.840 |   45.470 |         0 |         0 |         0 |
      | 256B     |   209.216 Kmsg/s |     53.559 MB/s |    10.473 ms |    16.157 ms |    18.419 ms |  4.834 |   48.281 |         0 |         0 |         0 |
      | 1024B    |   423.828 Kmsg/s |    434.000 MB/s |    14.707 ms |     8.683 ms |   577.093 ms |  4.960 |   57.530 |         0 |         0 |         0 |
      | 262144B  |     7.272 Kmsg/s |   1906.311 MB/s |    40.011 ms |    78.367 ms |   227.214 ms |  5.071 |  140.609 |         0 |         0 |         0 |
    Testing wss: Done

## Effective Options (result)
- runs: 1
- recv_mode: recv
- patterns: MULTI_SPOT
- transports: wss
- msg_sizes: 64,256,1024,262144
- warmup_seconds: 1
- active_warmup: 0
- duration_seconds: 1
- clients: 100
- default_clients: 100
- default_stream_clients: 10000
- service_clients: auto
- server_io_threads: 4 (default)
- client_io_threads: 4 (default)
- hwm: 100 (default)
- sndhwm: 100 (default)
- rcvhwm: 100 (default)
- sndbuf: default(os)
- rcvbuf: default(os)
- sndtimeo_ms: 200
- rcvtimeo_ms: 200
- connect_concurrency: 128 (default)
- settle_ms: 500
- connect_ready_timeout_ms: 5000
- monitor_hwm: 1000
- server_ready_timeout_ms: 10000
- server_shutdown_timeout_ms: 5000
- server_bind_port: 0
- transport_transition_ms: 3000
- pattern_transition_ms: 3000
- lat_timeout_ms: 5000
- stream_non_tcp_clients_max: 10000
- disable_resource_metrics: 0
- timeout_seconds: auto

## Result Data
RESULT,current,MULTI_SPOT,wss,64,bandwidth,15.054
RESULT,current,MULTI_SPOT,wss,64,latency,34485.525
RESULT,current,MULTI_SPOT,wss,64,latency_p95,23553.500
RESULT,current,MULTI_SPOT,wss,64,latency_p99,970534.000
RESULT,current,MULTI_SPOT,wss,64,server_cpu_pct,4.840
RESULT,current,MULTI_SPOT,wss,64,server_mem_mb,45.470
RESULT,current,MULTI_SPOT,wss,64,server_rcv_pending_end,0.000
RESULT,current,MULTI_SPOT,wss,64,server_rcv_pending_max,0.000
RESULT,current,MULTI_SPOT,wss,64,server_snd_pending_max,0.000
RESULT,current,MULTI_SPOT,wss,64,throughput,235213.000
RESULT,current,MULTI_SPOT,wss,256,bandwidth,53.559
RESULT,current,MULTI_SPOT,wss,256,latency,10472.547
RESULT,current,MULTI_SPOT,wss,256,latency_p95,16157.450
RESULT,current,MULTI_SPOT,wss,256,latency_p99,18418.710
RESULT,current,MULTI_SPOT,wss,256,server_cpu_pct,4.840
RESULT,current,MULTI_SPOT,wss,256,server_mem_mb,48.280
RESULT,current,MULTI_SPOT,wss,256,server_rcv_pending_end,0.000
RESULT,current,MULTI_SPOT,wss,256,server_rcv_pending_max,0.000
RESULT,current,MULTI_SPOT,wss,256,server_snd_pending_max,0.000
RESULT,current,MULTI_SPOT,wss,256,throughput,209216.000
RESULT,current,MULTI_SPOT,wss,1024,bandwidth,434.000
RESULT,current,MULTI_SPOT,wss,1024,latency,14707.189
RESULT,current,MULTI_SPOT,wss,1024,latency_p95,8683.000
RESULT,current,MULTI_SPOT,wss,1024,latency_p99,577093.350
RESULT,current,MULTI_SPOT,wss,1024,server_cpu_pct,4.960
RESULT,current,MULTI_SPOT,wss,1024,server_mem_mb,57.530
RESULT,current,MULTI_SPOT,wss,1024,server_rcv_pending_end,0.000
RESULT,current,MULTI_SPOT,wss,1024,server_rcv_pending_max,0.000
RESULT,current,MULTI_SPOT,wss,1024,server_snd_pending_max,0.000
RESULT,current,MULTI_SPOT,wss,1024,throughput,423828.000
RESULT,current,MULTI_SPOT,wss,262144,bandwidth,1906.311
RESULT,current,MULTI_SPOT,wss,262144,latency,40011.167
RESULT,current,MULTI_SPOT,wss,262144,latency_p95,78367.400
RESULT,current,MULTI_SPOT,wss,262144,latency_p99,227213.830
RESULT,current,MULTI_SPOT,wss,262144,server_cpu_pct,5.080
RESULT,current,MULTI_SPOT,wss,262144,server_mem_mb,140.610
RESULT,current,MULTI_SPOT,wss,262144,server_rcv_pending_end,0.000
RESULT,current,MULTI_SPOT,wss,262144,server_rcv_pending_max,0.000
RESULT,current,MULTI_SPOT,wss,262144,server_snd_pending_max,0.000
RESULT,current,MULTI_SPOT,wss,262144,throughput,7272.000

Saved result file: /home/hep7/project/kairos/zlink/core/perf/results/multi/report/perf_linux_recv_20260324_185838_triage-wss-fanout384-20260324.txt (status=complete)

## Status Summary
- success: 4
- unsupported: 0
- skip: 0
- fail: 0
- expected result lines: 20
- actual result lines: 20
- status: complete
Total benchmark time: 26s (26s, exit=0)
