=== Running multi benchmark: MULTI_SPOT ===
    warmup=2s duration=5s
    recv_mode=recv
Reusing build directory: /home/hep7/project/kairos/zlink/core/build
Using CMake source directory: /home/hep7/project/kairos/zlink

## Effective Options (runner)
- patterns: MULTI_SPOT
- build_dir: /home/hep7/project/kairos/zlink/core/build
- build_mode: reuse
- reuse_build: 1
- clean_build: 0
- runs: 1
- recv_mode: recv
- duration_seconds: 5
- warmup_seconds: 2
- hwm: default(binary)
- send_hwm: default(binary)
- recv_hwm: default(binary)
- sndbuf: default(os)
- rcvbuf: default(os)
- sndtimeo_ms: 200
- rcvtimeo_ms: 200
- pin_cpu: 0
- io_threads: default(policy)
- msg_sizes: 64,256,1024,65536,131072,262144
- transports: tcp,tls,ws,wss
- results_dir: /home/hep7/project/kairos/zlink/core/perf/results
- results_tag: spot-multi-unbind-cleanup
- result_file: /home/hep7/project/kairos/zlink/core/perf/results/multi/report/perf_linux_recv_20260324_165337_spot-multi-unbind-cleanup.txt
- output_file: none
- comparison_script: /home/hep7/project/kairos/zlink/core/perf/run_comparison.py
- python: python3

## Effective Env (runner)
- PYTHONUNBUFFERED: 1
- PERF_RECV_MODE: recv
- PERF_MSG_SIZES: 64,256,1024,65536,131072,262144
- PERF_TRANSPORTS: tcp,tls,ws,wss
- PERF_NO_AUTOBUILD: 1
- PERF_DISABLE_RESOURCE_METRICS: 0

META,os,Linux 6.6.87.2-microsoft-standard-WSL2
META,cpu,Intel(R) Core(TM) Ultra 7 265K
META,cores,20
META,build,Release
META,commit,45bdf7dc
META,timestamp,2026-03-24T16:53:37+09:00
META,load_avg,5.08 6.63 6.07
META,runs,1
META,clients,100

## Effective Options (start)
- runs: 1
- recv_mode: recv
- patterns: MULTI_SPOT
- transports: tcp,tls,ws,wss
- msg_sizes: 64,256,1024,65536,131072,262144
- warmup_seconds: 2
- active_warmup: 0
- duration_seconds: 5
- clients: 100
- default_clients: 100
- default_stream_clients: 10000
- service_clients: auto
- server_io_threads: 4 (default)
- client_io_threads: 4 (default)
- hwm: 100 (default)
- sndhwm: 100 (default)
- rcvhwm: 100 (default)
- sndbuf: default(os)
- rcvbuf: default(os)
- sndtimeo_ms: 200
- rcvtimeo_ms: 200
- connect_concurrency: 128 (default)
- settle_ms: 500
- connect_ready_timeout_ms: 5000
- monitor_hwm: 1000
- server_ready_timeout_ms: 10000
- server_shutdown_timeout_ms: 5000
- server_bind_port: 0
- transport_transition_ms: 3000
- pattern_transition_ms: 3000
- lat_timeout_ms: 5000
- stream_non_tcp_clients_max: 10000
- disable_resource_metrics: 0
- timeout_seconds: auto
## PATTERN: MULTI_SPOT (one-way)
  > Benchmarking current for MULTI_SPOT...
    Testing tcp | 64B,256B,1024B,65536B,131072B,262144B:
      | Size     |         Throughput |      Bandwidth |  Lat.Mean(ms) |   Lat.P95(ms) |   Lat.P99(ms) |  S.CPU% | S.Mem MB | Q.Snd.Max | Q.Rcv.Max | Q.Rcv.End |
      |----------|--------------------|----------------|---------------|---------------|---------------|---------|----------|-----------|-----------|-----------|
      | 64B      |  3794.170 Kmsg/s |    242.827 MB/s |  1306.353 ms |  1964.454 ms |  2053.857 ms | 14.027 |   19.375 |         0 |         0 |         0 |
      | 256B     |  2253.520 Kmsg/s |    576.901 MB/s |  1004.992 ms |  2158.639 ms |  2418.551 ms | 11.353 |   21.719 |         0 |         0 |         0 |
      | 1024B    |  1013.066 Kmsg/s |   1037.380 MB/s |   337.461 ms |   453.311 ms |   583.245 ms |  8.892 |   31.082 |         0 |         0 |         0 |
      | 65536B   |    50.394 Kmsg/s |   3302.595 MB/s |   347.040 ms |   576.264 ms |   645.985 ms | 10.089 |  264.832 |         0 |         0 |         0 |
      | 131072B  |    29.484 Kmsg/s |   3864.553 MB/s |   465.206 ms |   673.133 ms |   725.848 ms | 11.072 |  305.648 |         0 |         0 |         0 |
      | 262144B  |    17.444 Kmsg/s |   4572.735 MB/s |   547.115 ms |   707.641 ms |   755.160 ms | 12.062 |  240.793 |         0 |         0 |         0 |
    Testing tcp: Done
    [transport cooldown 3000ms]
    Testing tls | 64B,256B,1024B,65536B,131072B,262144B:
      | Size     |         Throughput |      Bandwidth |  Lat.Mean(ms) |   Lat.P95(ms) |   Lat.P99(ms) |  S.CPU% | S.Mem MB | Q.Snd.Max | Q.Rcv.Max | Q.Rcv.End |
      |----------|--------------------|----------------|---------------|---------------|---------------|---------|----------|-----------|-----------|-----------|
      | 64B      |  2028.919 Kmsg/s |    129.851 MB/s |   407.465 ms |  1417.903 ms |  1714.636 ms | 13.176 |   59.352 |         0 |         0 |         0 |
      | 256B     |  2242.508 Kmsg/s |    574.082 MB/s |   717.028 ms |  2651.688 ms |  3869.238 ms | 12.917 |   72.742 |         0 |         0 |         0 |
      | 1024B    |  1061.727 Kmsg/s |   1087.209 MB/s |   708.548 ms |  2803.144 ms |  3134.721 ms | 12.797 |  119.164 |         0 |         0 |         0 |
      | 65536B   |    54.658 Kmsg/s |   3582.040 MB/s |   164.897 ms |   133.568 ms |  3414.261 ms | 16.827 |  509.734 |         0 |         0 |         0 |
      | 131072B  |     1.972 Kmsg/s |    258.448 MB/s |  1727.990 ms |  2375.083 ms |  2677.548 ms |  5.650 |  706.016 |         0 |         0 |         0 |
      | 262144B  |    12.129 Kmsg/s |   3179.597 MB/s |   328.816 ms |   496.213 ms |   532.990 ms | 15.296 |  740.719 |         0 |         0 |         0 |
    Testing tls: Done
    [transport cooldown 3000ms]
    Testing ws | 64B,256B,1024B,65536B,131072B,262144B:
      | Size     |         Throughput |      Bandwidth |  Lat.Mean(ms) |   Lat.P95(ms) |   Lat.P99(ms) |  S.CPU% | S.Mem MB | Q.Snd.Max | Q.Rcv.Max | Q.Rcv.End |
      |----------|--------------------|----------------|---------------|---------------|---------------|---------|----------|-----------|-----------|-----------|
      | 64B      |   917.309 Kmsg/s |     58.708 MB/s |  2759.850 ms |  4537.855 ms |  5103.098 ms |  7.656 |   21.746 |         0 |         0 |         0 |
      | 256B     |   690.338 Kmsg/s |    176.727 MB/s |  1910.563 ms |  3345.734 ms |  4060.449 ms |  8.857 |   23.594 |         0 |         0 |         0 |
      | 1024B    |   665.670 Kmsg/s |    681.646 MB/s |   462.384 ms |   771.754 ms |  1305.720 ms |  8.642 |   32.418 |         0 |         0 |         0 |
      | 65536B   |    37.398 Kmsg/s |   2450.942 MB/s |   454.466 ms |   688.321 ms |   795.379 ms |  9.232 |  259.785 |         0 |         0 |         0 |
      | 131072B  |    19.889 Kmsg/s |   2606.943 MB/s |   485.023 ms |   757.809 ms |   848.846 ms |  9.321 |  254.539 |         0 |         0 |         0 |
      | 262144B  |    11.067 Kmsg/s |   2901.148 MB/s |   809.813 ms |  1094.453 ms |  1161.739 ms |  9.593 |  205.762 |         0 |         0 |         0 |
    Testing ws: Done
    [transport cooldown 3000ms]
    Testing wss | 64B,256B,1024B,65536B,131072B,262144B:
      | Size     |         Throughput |      Bandwidth |  Lat.Mean(ms) |   Lat.P95(ms) |   Lat.P99(ms) |  S.CPU% | S.Mem MB | Q.Snd.Max | Q.Rcv.Max | Q.Rcv.End |
      |----------|--------------------|----------------|---------------|---------------|---------------|---------|----------|-----------|-----------|-----------|
      | 64B      |  1018.933 Kmsg/s |     65.212 MB/s |  2297.220 ms |  4240.133 ms |  4471.889 ms |  8.142 |   46.238 |         0 |         0 |         0 |
      | 256B     |   607.838 Kmsg/s |    155.607 MB/s |  1612.149 ms |  3981.885 ms |  4166.206 ms |  7.512 |   48.281 |         0 |         0 |         0 |
      | 1024B    |   337.132 Kmsg/s |    345.223 MB/s |  1927.384 ms |  3240.441 ms |  3373.848 ms |  6.988 |   57.766 |         0 |         0 |         0 |
      | 65536B   |    47.046 Kmsg/s |   3083.180 MB/s |   200.602 ms |  1718.825 ms |  2365.840 ms | 10.106 |  240.305 |         0 |         0 |         0 |
      | 131072B  |    15.652 Kmsg/s |   2051.487 MB/s |   626.421 ms |  2242.685 ms |  2491.870 ms |  8.468 |  212.004 |         0 |         0 |         0 |
      | 262144B  |    12.061 Kmsg/s |   3161.666 MB/s |   453.123 ms |  2808.487 ms |  3140.113 ms | 10.292 |  180.832 |         0 |         0 |         0 |
    Testing wss: Done

## Effective Options (result)
- runs: 1
- recv_mode: recv
- patterns: MULTI_SPOT
- transports: tcp,tls,ws,wss
- msg_sizes: 64,256,1024,65536,131072,262144
- warmup_seconds: 2
- active_warmup: 0
- duration_seconds: 5
- clients: 100
- default_clients: 100
- default_stream_clients: 10000
- service_clients: auto
- server_io_threads: 4 (default)
- client_io_threads: 4 (default)
- hwm: 100 (default)
- sndhwm: 100 (default)
- rcvhwm: 100 (default)
- sndbuf: default(os)
- rcvbuf: default(os)
- sndtimeo_ms: 200
- rcvtimeo_ms: 200
- connect_concurrency: 128 (default)
- settle_ms: 500
- connect_ready_timeout_ms: 5000
- monitor_hwm: 1000
- server_ready_timeout_ms: 10000
- server_shutdown_timeout_ms: 5000
- server_bind_port: 0
- transport_transition_ms: 3000
- pattern_transition_ms: 3000
- lat_timeout_ms: 5000
- stream_non_tcp_clients_max: 10000
- disable_resource_metrics: 0
- timeout_seconds: auto

## Result Data
RESULT,current,MULTI_SPOT,tcp,64,bandwidth,242.827
RESULT,current,MULTI_SPOT,tcp,64,latency,1306352.955
RESULT,current,MULTI_SPOT,tcp,64,latency_p95,1964454.000
RESULT,current,MULTI_SPOT,tcp,64,latency_p99,2053857.070
RESULT,current,MULTI_SPOT,tcp,64,server_cpu_pct,15.240
RESULT,current,MULTI_SPOT,tcp,64,server_mem_mb,19.380
RESULT,current,MULTI_SPOT,tcp,64,server_rcv_pending_end,0.000
RESULT,current,MULTI_SPOT,tcp,64,server_rcv_pending_max,0.000
RESULT,current,MULTI_SPOT,tcp,64,server_snd_pending_max,0.000
RESULT,current,MULTI_SPOT,tcp,64,throughput,3794170.000
RESULT,current,MULTI_SPOT,tcp,256,bandwidth,576.901
RESULT,current,MULTI_SPOT,tcp,256,latency,1004992.389
RESULT,current,MULTI_SPOT,tcp,256,latency_p95,2158639.150
RESULT,current,MULTI_SPOT,tcp,256,latency_p99,2418551.110
RESULT,current,MULTI_SPOT,tcp,256,server_cpu_pct,12.010
RESULT,current,MULTI_SPOT,tcp,256,server_mem_mb,21.720
RESULT,current,MULTI_SPOT,tcp,256,server_rcv_pending_end,0.000
RESULT,current,MULTI_SPOT,tcp,256,server_rcv_pending_max,0.000
RESULT,current,MULTI_SPOT,tcp,256,server_snd_pending_max,0.000
RESULT,current,MULTI_SPOT,tcp,256,throughput,2253519.600
RESULT,current,MULTI_SPOT,tcp,1024,bandwidth,1037.380
RESULT,current,MULTI_SPOT,tcp,1024,latency,337461.150
RESULT,current,MULTI_SPOT,tcp,1024,latency_p95,453311.350
RESULT,current,MULTI_SPOT,tcp,1024,latency_p99,583245.250
RESULT,current,MULTI_SPOT,tcp,1024,server_cpu_pct,9.120
RESULT,current,MULTI_SPOT,tcp,1024,server_mem_mb,31.080
RESULT,current,MULTI_SPOT,tcp,1024,server_rcv_pending_end,0.000
RESULT,current,MULTI_SPOT,tcp,1024,server_rcv_pending_max,0.000
RESULT,current,MULTI_SPOT,tcp,1024,server_snd_pending_max,0.000
RESULT,current,MULTI_SPOT,tcp,1024,throughput,1013066.400
RESULT,current,MULTI_SPOT,tcp,65536,bandwidth,3302.595
RESULT,current,MULTI_SPOT,tcp,65536,latency,347039.979
RESULT,current,MULTI_SPOT,tcp,65536,latency_p95,576264.500
RESULT,current,MULTI_SPOT,tcp,65536,latency_p99,645984.500
RESULT,current,MULTI_SPOT,tcp,65536,server_cpu_pct,10.450
RESULT,current,MULTI_SPOT,tcp,65536,server_mem_mb,264.990
RESULT,current,MULTI_SPOT,tcp,65536,server_rcv_pending_end,0.000
RESULT,current,MULTI_SPOT,tcp,65536,server_rcv_pending_max,0.000
RESULT,current,MULTI_SPOT,tcp,65536,server_snd_pending_max,0.000
RESULT,current,MULTI_SPOT,tcp,65536,throughput,50393.600
RESULT,current,MULTI_SPOT,tcp,131072,bandwidth,3864.553
RESULT,current,MULTI_SPOT,tcp,131072,latency,465205.904
RESULT,current,MULTI_SPOT,tcp,131072,latency_p95,673133.400
RESULT,current,MULTI_SPOT,tcp,131072,latency_p99,725848.280
RESULT,current,MULTI_SPOT,tcp,131072,server_cpu_pct,11.430
RESULT,current,MULTI_SPOT,tcp,131072,server_mem_mb,306.120
RESULT,current,MULTI_SPOT,tcp,131072,server_rcv_pending_end,0.000
RESULT,current,MULTI_SPOT,tcp,131072,server_rcv_pending_max,0.000
RESULT,current,MULTI_SPOT,tcp,131072,server_snd_pending_max,0.000
RESULT,current,MULTI_SPOT,tcp,131072,throughput,29484.200
RESULT,current,MULTI_SPOT,tcp,262144,bandwidth,4572.735
RESULT,current,MULTI_SPOT,tcp,262144,latency,547114.741
RESULT,current,MULTI_SPOT,tcp,262144,latency_p95,707641.300
RESULT,current,MULTI_SPOT,tcp,262144,latency_p99,755160.320
RESULT,current,MULTI_SPOT,tcp,262144,server_cpu_pct,12.800
RESULT,current,MULTI_SPOT,tcp,262144,server_mem_mb,241.260
RESULT,current,MULTI_SPOT,tcp,262144,server_rcv_pending_end,0.000
RESULT,current,MULTI_SPOT,tcp,262144,server_rcv_pending_max,0.000
RESULT,current,MULTI_SPOT,tcp,262144,server_snd_pending_max,0.000
RESULT,current,MULTI_SPOT,tcp,262144,throughput,17443.600
RESULT,current,MULTI_SPOT,tls,64,bandwidth,129.851
RESULT,current,MULTI_SPOT,tls,64,latency,407465.421
RESULT,current,MULTI_SPOT,tls,64,latency_p95,1417903.050
RESULT,current,MULTI_SPOT,tls,64,latency_p99,1714636.030
RESULT,current,MULTI_SPOT,tls,64,server_cpu_pct,13.180
RESULT,current,MULTI_SPOT,tls,64,server_mem_mb,59.350
RESULT,current,MULTI_SPOT,tls,64,server_rcv_pending_end,0.000
RESULT,current,MULTI_SPOT,tls,64,server_rcv_pending_max,0.000
RESULT,current,MULTI_SPOT,tls,64,server_snd_pending_max,0.000
RESULT,current,MULTI_SPOT,tls,64,throughput,2028919.200
RESULT,current,MULTI_SPOT,tls,256,bandwidth,574.082
RESULT,current,MULTI_SPOT,tls,256,latency,717028.410
RESULT,current,MULTI_SPOT,tls,256,latency_p95,2651687.900
RESULT,current,MULTI_SPOT,tls,256,latency_p99,3869237.940
RESULT,current,MULTI_SPOT,tls,256,server_cpu_pct,12.930
RESULT,current,MULTI_SPOT,tls,256,server_mem_mb,72.740
RESULT,current,MULTI_SPOT,tls,256,server_rcv_pending_end,0.000
RESULT,current,MULTI_SPOT,tls,256,server_rcv_pending_max,0.000
RESULT,current,MULTI_SPOT,tls,256,server_snd_pending_max,0.000
RESULT,current,MULTI_SPOT,tls,256,throughput,2242508.200
RESULT,current,MULTI_SPOT,tls,1024,bandwidth,1087.209
RESULT,current,MULTI_SPOT,tls,1024,latency,708548.147
RESULT,current,MULTI_SPOT,tls,1024,latency_p95,2803143.800
RESULT,current,MULTI_SPOT,tls,1024,latency_p99,3134721.000
RESULT,current,MULTI_SPOT,tls,1024,server_cpu_pct,12.840
RESULT,current,MULTI_SPOT,tls,1024,server_mem_mb,119.160
RESULT,current,MULTI_SPOT,tls,1024,server_rcv_pending_end,0.000
RESULT,current,MULTI_SPOT,tls,1024,server_rcv_pending_max,0.000
RESULT,current,MULTI_SPOT,tls,1024,server_snd_pending_max,0.000
RESULT,current,MULTI_SPOT,tls,1024,throughput,1061727.200
RESULT,current,MULTI_SPOT,tls,65536,bandwidth,3582.040
RESULT,current,MULTI_SPOT,tls,65536,latency,164896.761
RESULT,current,MULTI_SPOT,tls,65536,latency_p95,133567.800
RESULT,current,MULTI_SPOT,tls,65536,latency_p99,3414261.140
RESULT,current,MULTI_SPOT,tls,65536,server_cpu_pct,16.910
RESULT,current,MULTI_SPOT,tls,65536,server_mem_mb,509.730
RESULT,current,MULTI_SPOT,tls,65536,server_rcv_pending_end,0.000
RESULT,current,MULTI_SPOT,tls,65536,server_rcv_pending_max,0.000
RESULT,current,MULTI_SPOT,tls,65536,server_snd_pending_max,0.000
RESULT,current,MULTI_SPOT,tls,65536,throughput,54657.600
RESULT,current,MULTI_SPOT,tls,131072,bandwidth,258.448
RESULT,current,MULTI_SPOT,tls,131072,latency,1727990.452
RESULT,current,MULTI_SPOT,tls,131072,latency_p95,2375082.850
RESULT,current,MULTI_SPOT,tls,131072,latency_p99,2677547.940
RESULT,current,MULTI_SPOT,tls,131072,server_cpu_pct,8.750
RESULT,current,MULTI_SPOT,tls,131072,server_mem_mb,706.170
RESULT,current,MULTI_SPOT,tls,131072,server_rcv_pending_end,0.000
RESULT,current,MULTI_SPOT,tls,131072,server_rcv_pending_max,0.000
RESULT,current,MULTI_SPOT,tls,131072,server_snd_pending_max,0.000
RESULT,current,MULTI_SPOT,tls,131072,throughput,1971.800
RESULT,current,MULTI_SPOT,tls,262144,bandwidth,3179.597
RESULT,current,MULTI_SPOT,tls,262144,latency,328816.062
RESULT,current,MULTI_SPOT,tls,262144,latency_p95,496213.400
RESULT,current,MULTI_SPOT,tls,262144,latency_p99,532989.880
RESULT,current,MULTI_SPOT,tls,262144,server_cpu_pct,15.530
RESULT,current,MULTI_SPOT,tls,262144,server_mem_mb,740.720
RESULT,current,MULTI_SPOT,tls,262144,server_rcv_pending_end,0.000
RESULT,current,MULTI_SPOT,tls,262144,server_rcv_pending_max,0.000
RESULT,current,MULTI_SPOT,tls,262144,server_snd_pending_max,0.000
RESULT,current,MULTI_SPOT,tls,262144,throughput,12129.200
RESULT,current,MULTI_SPOT,ws,64,bandwidth,58.708
RESULT,current,MULTI_SPOT,ws,64,latency,2759850.376
RESULT,current,MULTI_SPOT,ws,64,latency_p95,4537855.500
RESULT,current,MULTI_SPOT,ws,64,latency_p99,5103098.260
RESULT,current,MULTI_SPOT,ws,64,server_cpu_pct,9.920
RESULT,current,MULTI_SPOT,ws,64,server_mem_mb,21.750
RESULT,current,MULTI_SPOT,ws,64,server_rcv_pending_end,0.000
RESULT,current,MULTI_SPOT,ws,64,server_rcv_pending_max,0.000
RESULT,current,MULTI_SPOT,ws,64,server_snd_pending_max,0.000
RESULT,current,MULTI_SPOT,ws,64,throughput,917309.000
RESULT,current,MULTI_SPOT,ws,256,bandwidth,176.727
RESULT,current,MULTI_SPOT,ws,256,latency,1910562.972
RESULT,current,MULTI_SPOT,ws,256,latency_p95,3345733.850
RESULT,current,MULTI_SPOT,ws,256,latency_p99,4060448.550
RESULT,current,MULTI_SPOT,ws,256,server_cpu_pct,9.580
RESULT,current,MULTI_SPOT,ws,256,server_mem_mb,23.590
RESULT,current,MULTI_SPOT,ws,256,server_rcv_pending_end,0.000
RESULT,current,MULTI_SPOT,ws,256,server_rcv_pending_max,0.000
RESULT,current,MULTI_SPOT,ws,256,server_snd_pending_max,0.000
RESULT,current,MULTI_SPOT,ws,256,throughput,690338.200
RESULT,current,MULTI_SPOT,ws,1024,bandwidth,681.646
RESULT,current,MULTI_SPOT,ws,1024,latency,462384.100
RESULT,current,MULTI_SPOT,ws,1024,latency_p95,771754.200
RESULT,current,MULTI_SPOT,ws,1024,latency_p99,1305720.080
RESULT,current,MULTI_SPOT,ws,1024,server_cpu_pct,8.900
RESULT,current,MULTI_SPOT,ws,1024,server_mem_mb,32.420
RESULT,current,MULTI_SPOT,ws,1024,server_rcv_pending_end,0.000
RESULT,current,MULTI_SPOT,ws,1024,server_rcv_pending_max,0.000
RESULT,current,MULTI_SPOT,ws,1024,server_snd_pending_max,0.000
RESULT,current,MULTI_SPOT,ws,1024,throughput,665669.600
RESULT,current,MULTI_SPOT,ws,65536,bandwidth,2450.942
RESULT,current,MULTI_SPOT,ws,65536,latency,454465.946
RESULT,current,MULTI_SPOT,ws,65536,latency_p95,688321.000
RESULT,current,MULTI_SPOT,ws,65536,latency_p99,795379.300
RESULT,current,MULTI_SPOT,ws,65536,server_cpu_pct,9.560
RESULT,current,MULTI_SPOT,ws,65536,server_mem_mb,259.940
RESULT,current,MULTI_SPOT,ws,65536,server_rcv_pending_end,0.000
RESULT,current,MULTI_SPOT,ws,65536,server_rcv_pending_max,0.000
RESULT,current,MULTI_SPOT,ws,65536,server_snd_pending_max,0.000
RESULT,current,MULTI_SPOT,ws,65536,throughput,37398.400
RESULT,current,MULTI_SPOT,ws,131072,bandwidth,2606.943
RESULT,current,MULTI_SPOT,ws,131072,latency,485022.711
RESULT,current,MULTI_SPOT,ws,131072,latency_p95,757809.300
RESULT,current,MULTI_SPOT,ws,131072,latency_p99,848845.530
RESULT,current,MULTI_SPOT,ws,131072,server_cpu_pct,9.850
RESULT,current,MULTI_SPOT,ws,131072,server_mem_mb,254.540
RESULT,current,MULTI_SPOT,ws,131072,server_rcv_pending_end,0.000
RESULT,current,MULTI_SPOT,ws,131072,server_rcv_pending_max,0.000
RESULT,current,MULTI_SPOT,ws,131072,server_snd_pending_max,0.000
RESULT,current,MULTI_SPOT,ws,131072,throughput,19889.400
RESULT,current,MULTI_SPOT,ws,262144,bandwidth,2901.148
RESULT,current,MULTI_SPOT,ws,262144,latency,809812.861
RESULT,current,MULTI_SPOT,ws,262144,latency_p95,1094453.400
RESULT,current,MULTI_SPOT,ws,262144,latency_p99,1161738.820
RESULT,current,MULTI_SPOT,ws,262144,server_cpu_pct,10.400
RESULT,current,MULTI_SPOT,ws,262144,server_mem_mb,205.760
RESULT,current,MULTI_SPOT,ws,262144,server_rcv_pending_end,0.000
RESULT,current,MULTI_SPOT,ws,262144,server_rcv_pending_max,0.000
RESULT,current,MULTI_SPOT,ws,262144,server_snd_pending_max,0.000
RESULT,current,MULTI_SPOT,ws,262144,throughput,11067.000
RESULT,current,MULTI_SPOT,wss,64,bandwidth,65.212
RESULT,current,MULTI_SPOT,wss,64,latency,2297220.028
RESULT,current,MULTI_SPOT,wss,64,latency_p95,4240133.450
RESULT,current,MULTI_SPOT,wss,64,latency_p99,4471889.290
RESULT,current,MULTI_SPOT,wss,64,server_cpu_pct,8.150
RESULT,current,MULTI_SPOT,wss,64,server_mem_mb,46.240
RESULT,current,MULTI_SPOT,wss,64,server_rcv_pending_end,0.000
RESULT,current,MULTI_SPOT,wss,64,server_rcv_pending_max,0.000
RESULT,current,MULTI_SPOT,wss,64,server_snd_pending_max,0.000
RESULT,current,MULTI_SPOT,wss,64,throughput,1018933.400
RESULT,current,MULTI_SPOT,wss,256,bandwidth,155.607
RESULT,current,MULTI_SPOT,wss,256,latency,1612148.558
RESULT,current,MULTI_SPOT,wss,256,latency_p95,3981885.000
RESULT,current,MULTI_SPOT,wss,256,latency_p99,4166205.750
RESULT,current,MULTI_SPOT,wss,256,server_cpu_pct,7.510
RESULT,current,MULTI_SPOT,wss,256,server_mem_mb,48.280
RESULT,current,MULTI_SPOT,wss,256,server_rcv_pending_end,0.000
RESULT,current,MULTI_SPOT,wss,256,server_rcv_pending_max,0.000
RESULT,current,MULTI_SPOT,wss,256,server_snd_pending_max,0.000
RESULT,current,MULTI_SPOT,wss,256,throughput,607838.000
RESULT,current,MULTI_SPOT,wss,1024,bandwidth,345.223
RESULT,current,MULTI_SPOT,wss,1024,latency,1927384.140
RESULT,current,MULTI_SPOT,wss,1024,latency_p95,3240440.700
RESULT,current,MULTI_SPOT,wss,1024,latency_p99,3373847.660
RESULT,current,MULTI_SPOT,wss,1024,server_cpu_pct,6.990
RESULT,current,MULTI_SPOT,wss,1024,server_mem_mb,57.770
RESULT,current,MULTI_SPOT,wss,1024,server_rcv_pending_end,0.000
RESULT,current,MULTI_SPOT,wss,1024,server_rcv_pending_max,0.000
RESULT,current,MULTI_SPOT,wss,1024,server_snd_pending_max,0.000
RESULT,current,MULTI_SPOT,wss,1024,throughput,337132.200
RESULT,current,MULTI_SPOT,wss,65536,bandwidth,3083.180
RESULT,current,MULTI_SPOT,wss,65536,latency,200601.825
RESULT,current,MULTI_SPOT,wss,65536,latency_p95,1718825.250
RESULT,current,MULTI_SPOT,wss,65536,latency_p99,2365840.080
RESULT,current,MULTI_SPOT,wss,65536,server_cpu_pct,10.110
RESULT,current,MULTI_SPOT,wss,65536,server_mem_mb,240.460
RESULT,current,MULTI_SPOT,wss,65536,server_rcv_pending_end,0.000
RESULT,current,MULTI_SPOT,wss,65536,server_rcv_pending_max,0.000
RESULT,current,MULTI_SPOT,wss,65536,server_snd_pending_max,0.000
RESULT,current,MULTI_SPOT,wss,65536,throughput,47045.600
RESULT,current,MULTI_SPOT,wss,131072,bandwidth,2051.487
RESULT,current,MULTI_SPOT,wss,131072,latency,626421.378
RESULT,current,MULTI_SPOT,wss,131072,latency_p95,2242685.300
RESULT,current,MULTI_SPOT,wss,131072,latency_p99,2491869.520
RESULT,current,MULTI_SPOT,wss,131072,server_cpu_pct,8.470
RESULT,current,MULTI_SPOT,wss,131072,server_mem_mb,212.000
RESULT,current,MULTI_SPOT,wss,131072,server_rcv_pending_end,0.000
RESULT,current,MULTI_SPOT,wss,131072,server_rcv_pending_max,0.000
RESULT,current,MULTI_SPOT,wss,131072,server_snd_pending_max,0.000
RESULT,current,MULTI_SPOT,wss,131072,throughput,15651.600
RESULT,current,MULTI_SPOT,wss,262144,bandwidth,3161.666
RESULT,current,MULTI_SPOT,wss,262144,latency,453123.326
RESULT,current,MULTI_SPOT,wss,262144,latency_p95,2808487.250
RESULT,current,MULTI_SPOT,wss,262144,latency_p99,3140112.900
RESULT,current,MULTI_SPOT,wss,262144,server_cpu_pct,10.310
RESULT,current,MULTI_SPOT,wss,262144,server_mem_mb,180.830
RESULT,current,MULTI_SPOT,wss,262144,server_rcv_pending_end,0.000
RESULT,current,MULTI_SPOT,wss,262144,server_rcv_pending_max,0.000
RESULT,current,MULTI_SPOT,wss,262144,server_snd_pending_max,0.000
RESULT,current,MULTI_SPOT,wss,262144,throughput,12060.800

Saved result file: /home/hep7/project/kairos/zlink/core/perf/results/multi/report/perf_linux_recv_20260324_165337_spot-multi-unbind-cleanup.txt (status=complete)

## Status Summary
- success: 24
- unsupported: 0
- skip: 0
- fail: 0
- expected result lines: 120
- actual result lines: 120
- status: complete
Total benchmark time: 3m 40s (220s, exit=0)
