[start] 2026-03-24T13:24:12+09:00
[cmd] core/perf/run_benchmarks.sh --build-dir core/build --reuse-build --pattern SPOT --runs 1 --recv callback --results-tag spot-single-recheck
Reusing build directory: /home/hep7/project/kairos/zlink/core/build
Using CMake source directory: /home/hep7/project/kairos/zlink

## Effective Options (runner)
- patterns: SPOT
- build_dir: /home/hep7/project/kairos/zlink/core/build
- build_mode: reuse
- reuse_build: 1
- clean_build: 0
- runs: 1
- recv_mode: callback
- duration_seconds: 5
- warmup_seconds: 2
- hwm: default(binary)
- send_hwm: default(binary)
- recv_hwm: default(binary)
- sndbuf: default(os)
- rcvbuf: default(os)
- sndtimeo_ms: 200
- rcvtimeo_ms: 200
- pin_cpu: 0
- io_threads: default(binary=1)
- msg_sizes: default(benchmark)
- transports: default(benchmark)
- results_dir: /home/hep7/project/kairos/zlink/core/perf/results
- results_tag: spot-single-recheck
- result_file: /home/hep7/project/kairos/zlink/core/perf/results/single/report/perf_linux_callback_20260324_132412_spot-single-recheck.txt
- output_file: none
- comparison_script: /home/hep7/project/kairos/zlink/core/perf/single/run_comparison.py
- python: python3

## Effective Env (runner)
- PYTHONUNBUFFERED: 1
- PERF_RECV_MODE: callback
- PERF_SINGLE_DURATION_SECONDS: 5
- PERF_SINGLE_WARMUP_SECONDS: 2
- PERF_SINGLE_SNDTIMEO_MS: 200
- PERF_SINGLE_RCVTIMEO_MS: 200
- PERF_NO_AUTOBUILD: 1


## Effective Options (start)
- runs: 1
- recv_mode: callback
- duration_seconds: 5
- timeout_seconds: 45
- io_threads: 1
- hwm: 1000
- sndhwm: 1000
- rcvhwm: 1000
- sndtimeo_ms: 200
- rcvtimeo_ms: 200
- patterns: SPOT
- transports: tcp,tls,ws,wss
- msg_sizes: 64,256,1024,65536,131072,262144
## PATTERN: SPOT (one-way)
  > Benchmarking current for SPOT...
    Testing tcp:
      | Size     |       Throughput |    Bandwidth |  Lat.Mean(ms) |   Lat.P95(ms) |   Lat.P99(ms) | CPU% | Mem MB | Q.Snd.Max | Q.Rcv.Max | Q.Rcv.End |
      |----------|------------------|--------------|--------------|--------------|--------------|------|--------|-----------|-----------|-----------|
      | 64B      |   1541.92 Kmsg/s |    98.68 MB/s |      0.31 ms |      0.42 ms |      0.53 ms |  9.2 |   10.8 |       N/A |       N/A |       N/A |
      | 256B     |    775.55 Kmsg/s |   198.54 MB/s |      0.52 ms |      0.78 ms |      0.89 ms |  7.2 |   10.8 |       N/A |       N/A |       N/A |
      | 1024B    |    617.39 Kmsg/s |   632.21 MB/s |      0.72 ms |      1.00 ms |      1.16 ms |  7.6 |   12.2 |       N/A |       N/A |       N/A |
      | 65536B   |     76.72 Kmsg/s |  5028.13 MB/s |      6.85 ms |      8.55 ms |      9.09 ms |  7.6 |   14.1 |       N/A |       N/A |       N/A |
      | 131072B  |     43.51 Kmsg/s |  5702.58 MB/s |     11.86 ms |     14.58 ms |     15.41 ms |  7.3 |   13.5 |       N/A |       N/A |       N/A |
      | 262144B  |     24.42 Kmsg/s |  6402.19 MB/s |     20.83 ms |     25.22 ms |     27.24 ms |  6.7 |   19.1 |       N/A |       N/A |       N/A |
    Testing tcp: Done
    Testing tls:
      | Size     |       Throughput |    Bandwidth |  Lat.Mean(ms) |   Lat.P95(ms) |   Lat.P99(ms) | CPU% | Mem MB | Q.Snd.Max | Q.Rcv.Max | Q.Rcv.End |
      |----------|------------------|--------------|--------------|--------------|--------------|------|--------|-----------|-----------|-----------|
      | 64B      |   1454.00 Kmsg/s |    93.06 MB/s |      0.41 ms |      0.49 ms |      0.55 ms |  8.3 |   14.7 |       N/A |       N/A |       N/A |
      | 256B     |    689.40 Kmsg/s |   176.49 MB/s |      0.62 ms |      0.93 ms |      1.08 ms |  6.6 |   14.5 |       N/A |       N/A |       N/A |
      | 1024B    |    456.34 Kmsg/s |   467.29 MB/s |      1.08 ms |      1.44 ms |      1.58 ms |  6.7 |   15.3 |       N/A |       N/A |       N/A |
      | 65536B   |     20.51 Kmsg/s |  1343.84 MB/s |     27.51 ms |     35.36 ms |     36.81 ms |  6.8 |   15.5 |       N/A |       N/A |       N/A |
      | 131072B  |     11.67 Kmsg/s |  1530.08 MB/s |     48.11 ms |     61.72 ms |     63.37 ms |  6.6 |   17.4 |       N/A |       N/A |       N/A |
      | 262144B  |      6.30 Kmsg/s |  1650.88 MB/s |     88.99 ms |    114.99 ms |    117.56 ms |  5.8 |   22.3 |       N/A |       N/A |       N/A |
    Testing tls: Done
    Testing ws:
      | Size     |       Throughput |    Bandwidth |  Lat.Mean(ms) |   Lat.P95(ms) |   Lat.P99(ms) | CPU% | Mem MB | Q.Snd.Max | Q.Rcv.Max | Q.Rcv.End |
      |----------|------------------|--------------|--------------|--------------|--------------|------|--------|-----------|-----------|-----------|
      | 64B      |   1179.53 Kmsg/s |    75.49 MB/s |    144.89 ms |    176.79 ms |    181.17 ms |  8.9 |   12.0 |       N/A |       N/A |       N/A |
      | 256B     |    109.15 Kmsg/s |    27.94 MB/s |      3.45 ms |      5.33 ms |      5.61 ms |  4.6 |   13.9 |       N/A |       N/A |       N/A |
      | 1024B    |    275.30 Kmsg/s |   281.91 MB/s |      0.29 ms |      0.63 ms |      1.01 ms |  6.1 |   14.4 |       N/A |       N/A |       N/A |
      | 65536B   |     51.89 Kmsg/s |  3400.60 MB/s |      5.79 ms |      6.44 ms |      6.78 ms |  7.8 |   17.2 |       N/A |       N/A |       N/A |
      | 131072B  |     31.54 Kmsg/s |  4133.75 MB/s |      4.76 ms |      5.41 ms |      5.77 ms |  7.5 |   14.8 |       N/A |       N/A |       N/A |
      | 262144B  |     20.68 Kmsg/s |  5420.67 MB/s |      2.32 ms |      2.98 ms |      3.42 ms |  6.6 |   17.6 |       N/A |       N/A |       N/A |
    Testing ws: Done
    Testing wss:
      | Size     |       Throughput |    Bandwidth |  Lat.Mean(ms) |   Lat.P95(ms) |   Lat.P99(ms) | CPU% | Mem MB | Q.Snd.Max | Q.Rcv.Max | Q.Rcv.End |
      |----------|------------------|--------------|--------------|--------------|--------------|------|--------|-----------|-----------|-----------|
      | 64B      |   1150.94 Kmsg/s |    73.66 MB/s |    187.24 ms |    226.55 ms |    232.19 ms |  6.5 |   16.4 |       N/A |       N/A |       N/A |
      | 256B     |    104.95 Kmsg/s |    26.87 MB/s |      3.59 ms |      5.31 ms |      5.66 ms |  3.5 |   18.4 |       N/A |       N/A |       N/A |
      | 1024B    |    145.79 Kmsg/s |   149.29 MB/s |      0.45 ms |      0.90 ms |      4.45 ms |  4.3 |   18.3 |       N/A |       N/A |       N/A |
      | 65536B   |     17.07 Kmsg/s |  1119.03 MB/s |     10.95 ms |     12.38 ms |     13.29 ms |  5.4 |   16.5 |       N/A |       N/A |       N/A |
      | 131072B  |     10.10 Kmsg/s |  1323.57 MB/s |     10.76 ms |     12.93 ms |     14.11 ms |  5.3 |   20.3 |       N/A |       N/A |       N/A |
      | 262144B  |      5.16 Kmsg/s |  1352.19 MB/s |     18.14 ms |     21.00 ms |     21.80 ms |  4.6 |   17.8 |       N/A |       N/A |       N/A |
    Testing wss: Done

## Effective Options (result)
- runs: 1
- recv_mode: callback
- duration_seconds: 5
- timeout_seconds: 45
- io_threads: 1
- hwm: 1000
- sndhwm: 1000
- rcvhwm: 1000
- sndtimeo_ms: 200
- rcvtimeo_ms: 200
- patterns: SPOT
- transports: tcp,tls,ws,wss
- msg_sizes: 64,256,1024,65536,131072,262144

## Result Data
RESULT,current,SPOT,tcp,64,throughput,1541921.400
RESULT,current,SPOT,tcp,64,bandwidth,98.680
RESULT,current,SPOT,tcp,64,latency,310.560
RESULT,current,SPOT,tcp,64,latency_p95,422.000
RESULT,current,SPOT,tcp,64,latency_p99,526.000
RESULT,current,SPOT,tcp,64,cpu_pct,9.186
RESULT,current,SPOT,tcp,64,mem_mb,10.781
RESULT,current,SPOT,tcp,256,throughput,775554.200
RESULT,current,SPOT,tcp,256,bandwidth,198.540
RESULT,current,SPOT,tcp,256,latency,515.240
RESULT,current,SPOT,tcp,256,latency_p95,784.000
RESULT,current,SPOT,tcp,256,latency_p99,893.000
RESULT,current,SPOT,tcp,256,cpu_pct,7.231
RESULT,current,SPOT,tcp,256,mem_mb,10.781
RESULT,current,SPOT,tcp,1024,throughput,617395.000
RESULT,current,SPOT,tcp,1024,bandwidth,632.210
RESULT,current,SPOT,tcp,1024,latency,717.930
RESULT,current,SPOT,tcp,1024,latency_p95,1002.000
RESULT,current,SPOT,tcp,1024,latency_p99,1161.000
RESULT,current,SPOT,tcp,1024,cpu_pct,7.560
RESULT,current,SPOT,tcp,1024,mem_mb,12.188
RESULT,current,SPOT,tcp,65536,throughput,76723.200
RESULT,current,SPOT,tcp,65536,bandwidth,5028.130
RESULT,current,SPOT,tcp,65536,latency,6851.510
RESULT,current,SPOT,tcp,65536,latency_p95,8551.000
RESULT,current,SPOT,tcp,65536,latency_p99,9086.010
RESULT,current,SPOT,tcp,65536,cpu_pct,7.625
RESULT,current,SPOT,tcp,65536,mem_mb,14.113
RESULT,current,SPOT,tcp,131072,throughput,43507.200
RESULT,current,SPOT,tcp,131072,bandwidth,5702.580
RESULT,current,SPOT,tcp,131072,latency,11856.410
RESULT,current,SPOT,tcp,131072,latency_p95,14582.000
RESULT,current,SPOT,tcp,131072,latency_p99,15412.010
RESULT,current,SPOT,tcp,131072,cpu_pct,7.266
RESULT,current,SPOT,tcp,131072,mem_mb,13.480
RESULT,current,SPOT,tcp,262144,throughput,24422.400
RESULT,current,SPOT,tcp,262144,bandwidth,6402.190
RESULT,current,SPOT,tcp,262144,latency,20828.980
RESULT,current,SPOT,tcp,262144,latency_p95,25224.000
RESULT,current,SPOT,tcp,262144,latency_p99,27244.890
RESULT,current,SPOT,tcp,262144,cpu_pct,6.716
RESULT,current,SPOT,tcp,262144,mem_mb,19.055
RESULT,current,SPOT,tls,64,throughput,1454000.000
RESULT,current,SPOT,tls,64,bandwidth,93.060
RESULT,current,SPOT,tls,64,latency,409.840
RESULT,current,SPOT,tls,64,latency_p95,494.000
RESULT,current,SPOT,tls,64,latency_p99,553.000
RESULT,current,SPOT,tls,64,cpu_pct,8.336
RESULT,current,SPOT,tls,64,mem_mb,14.688
RESULT,current,SPOT,tls,256,throughput,689395.200
RESULT,current,SPOT,tls,256,bandwidth,176.490
RESULT,current,SPOT,tls,256,latency,616.910
RESULT,current,SPOT,tls,256,latency_p95,929.000
RESULT,current,SPOT,tls,256,latency_p99,1076.000
RESULT,current,SPOT,tls,256,cpu_pct,6.627
RESULT,current,SPOT,tls,256,mem_mb,14.531
RESULT,current,SPOT,tls,1024,throughput,456341.000
RESULT,current,SPOT,tls,1024,bandwidth,467.290
RESULT,current,SPOT,tls,1024,latency,1077.120
RESULT,current,SPOT,tls,1024,latency_p95,1440.000
RESULT,current,SPOT,tls,1024,latency_p99,1578.000
RESULT,current,SPOT,tls,1024,cpu_pct,6.744
RESULT,current,SPOT,tls,1024,mem_mb,15.312
RESULT,current,SPOT,tls,65536,throughput,20505.400
RESULT,current,SPOT,tls,65536,bandwidth,1343.840
RESULT,current,SPOT,tls,65536,latency,27509.860
RESULT,current,SPOT,tls,65536,latency_p95,35362.000
RESULT,current,SPOT,tls,65536,latency_p99,36810.740
RESULT,current,SPOT,tls,65536,cpu_pct,6.762
RESULT,current,SPOT,tls,65536,mem_mb,15.461
RESULT,current,SPOT,tls,131072,throughput,11673.600
RESULT,current,SPOT,tls,131072,bandwidth,1530.080
RESULT,current,SPOT,tls,131072,latency,48105.860
RESULT,current,SPOT,tls,131072,latency_p95,61716.650
RESULT,current,SPOT,tls,131072,latency_p99,63365.990
RESULT,current,SPOT,tls,131072,cpu_pct,6.586
RESULT,current,SPOT,tls,131072,mem_mb,17.438
RESULT,current,SPOT,tls,262144,throughput,6297.600
RESULT,current,SPOT,tls,262144,bandwidth,1650.880
RESULT,current,SPOT,tls,262144,latency,88991.850
RESULT,current,SPOT,tls,262144,latency_p95,114989.650
RESULT,current,SPOT,tls,262144,latency_p99,117564.130
RESULT,current,SPOT,tls,262144,cpu_pct,5.806
RESULT,current,SPOT,tls,262144,mem_mb,22.262
RESULT,current,SPOT,ws,64,throughput,1179529.000
RESULT,current,SPOT,ws,64,bandwidth,75.490
RESULT,current,SPOT,ws,64,latency,144890.030
RESULT,current,SPOT,ws,64,latency_p95,176788.000
RESULT,current,SPOT,ws,64,latency_p99,181168.000
RESULT,current,SPOT,ws,64,cpu_pct,8.869
RESULT,current,SPOT,ws,64,mem_mb,12.031
RESULT,current,SPOT,ws,256,throughput,109151.600
RESULT,current,SPOT,ws,256,bandwidth,27.940
RESULT,current,SPOT,ws,256,latency,3454.720
RESULT,current,SPOT,ws,256,latency_p95,5325.000
RESULT,current,SPOT,ws,256,latency_p99,5614.000
RESULT,current,SPOT,ws,256,cpu_pct,4.562
RESULT,current,SPOT,ws,256,mem_mb,13.906
RESULT,current,SPOT,ws,1024,throughput,275301.800
RESULT,current,SPOT,ws,1024,bandwidth,281.910
RESULT,current,SPOT,ws,1024,latency,288.970
RESULT,current,SPOT,ws,1024,latency_p95,633.000
RESULT,current,SPOT,ws,1024,latency_p99,1011.000
RESULT,current,SPOT,ws,1024,cpu_pct,6.063
RESULT,current,SPOT,ws,1024,mem_mb,14.375
RESULT,current,SPOT,ws,65536,throughput,51889.000
RESULT,current,SPOT,ws,65536,bandwidth,3400.600
RESULT,current,SPOT,ws,65536,latency,5793.710
RESULT,current,SPOT,ws,65536,latency_p95,6436.000
RESULT,current,SPOT,ws,65536,latency_p99,6783.000
RESULT,current,SPOT,ws,65536,cpu_pct,7.822
RESULT,current,SPOT,ws,65536,mem_mb,17.168
RESULT,current,SPOT,ws,131072,throughput,31538.000
RESULT,current,SPOT,ws,131072,bandwidth,4133.750
RESULT,current,SPOT,ws,131072,latency,4755.110
RESULT,current,SPOT,ws,131072,latency_p95,5410.000
RESULT,current,SPOT,ws,131072,latency_p99,5767.000
RESULT,current,SPOT,ws,131072,cpu_pct,7.542
RESULT,current,SPOT,ws,131072,mem_mb,14.766
RESULT,current,SPOT,ws,262144,throughput,20678.200
RESULT,current,SPOT,ws,262144,bandwidth,5420.670
RESULT,current,SPOT,ws,262144,latency,2317.310
RESULT,current,SPOT,ws,262144,latency_p95,2981.000
RESULT,current,SPOT,ws,262144,latency_p99,3425.000
RESULT,current,SPOT,ws,262144,cpu_pct,6.594
RESULT,current,SPOT,ws,262144,mem_mb,17.578
RESULT,current,SPOT,wss,64,throughput,1150941.800
RESULT,current,SPOT,wss,64,bandwidth,73.660
RESULT,current,SPOT,wss,64,latency,187240.500
RESULT,current,SPOT,wss,64,latency_p95,226551.000
RESULT,current,SPOT,wss,64,latency_p99,232189.010
RESULT,current,SPOT,wss,64,cpu_pct,6.507
RESULT,current,SPOT,wss,64,mem_mb,16.406
RESULT,current,SPOT,wss,256,throughput,104947.000
RESULT,current,SPOT,wss,256,bandwidth,26.870
RESULT,current,SPOT,wss,256,latency,3585.080
RESULT,current,SPOT,wss,256,latency_p95,5312.000
RESULT,current,SPOT,wss,256,latency_p99,5660.000
RESULT,current,SPOT,wss,256,cpu_pct,3.468
RESULT,current,SPOT,wss,256,mem_mb,18.438
RESULT,current,SPOT,wss,1024,throughput,145791.600
RESULT,current,SPOT,wss,1024,bandwidth,149.290
RESULT,current,SPOT,wss,1024,latency,454.780
RESULT,current,SPOT,wss,1024,latency_p95,899.000
RESULT,current,SPOT,wss,1024,latency_p99,4448.000
RESULT,current,SPOT,wss,1024,cpu_pct,4.336
RESULT,current,SPOT,wss,1024,mem_mb,18.301
RESULT,current,SPOT,wss,65536,throughput,17075.000
RESULT,current,SPOT,wss,65536,bandwidth,1119.030
RESULT,current,SPOT,wss,65536,latency,10954.820
RESULT,current,SPOT,wss,65536,latency_p95,12385.000
RESULT,current,SPOT,wss,65536,latency_p99,13287.000
RESULT,current,SPOT,wss,65536,cpu_pct,5.415
RESULT,current,SPOT,wss,65536,mem_mb,16.477
RESULT,current,SPOT,wss,131072,throughput,10098.000
RESULT,current,SPOT,wss,131072,bandwidth,1323.570
RESULT,current,SPOT,wss,131072,latency,10759.740
RESULT,current,SPOT,wss,131072,latency_p95,12927.000
RESULT,current,SPOT,wss,131072,latency_p99,14110.110
RESULT,current,SPOT,wss,131072,cpu_pct,5.323
RESULT,current,SPOT,wss,131072,mem_mb,20.266
RESULT,current,SPOT,wss,262144,throughput,5158.200
RESULT,current,SPOT,wss,262144,bandwidth,1352.190
RESULT,current,SPOT,wss,262144,latency,18141.790
RESULT,current,SPOT,wss,262144,latency_p95,21003.000
RESULT,current,SPOT,wss,262144,latency_p99,21800.000
RESULT,current,SPOT,wss,262144,cpu_pct,4.646
RESULT,current,SPOT,wss,262144,mem_mb,17.777

## Completion
- status: complete
- expected_result_lines: 120
- actual_result_lines: 120

Saved result file: /home/hep7/project/kairos/zlink/core/perf/results/single/report/perf_linux_callback_20260324_132412_spot-single-recheck.txt (status=complete)
Total benchmark time: 5m 34s (334s, exit=0)
[exit] 0
