=== Running multi benchmark: MULTI_SPOT ===
    warmup=1s duration=1s
    recv_mode=recv
Reusing build directory: /home/hep7/project/kairos/zlink/core/build
Using CMake source directory: /home/hep7/project/kairos/zlink

## Effective Options (runner)
- patterns: MULTI_SPOT
- build_dir: /home/hep7/project/kairos/zlink/core/build
- build_mode: reuse
- reuse_build: 1
- clean_build: 0
- runs: 1
- recv_mode: recv
- duration_seconds: 1
- warmup_seconds: 1
- hwm: default(binary)
- send_hwm: default(binary)
- recv_hwm: default(binary)
- sndbuf: default(os)
- rcvbuf: default(os)
- sndtimeo_ms: 200
- rcvtimeo_ms: 200
- pin_cpu: 0
- io_threads: default(policy)
- msg_sizes: 64,256,1024,262144
- transports: wss
- results_dir: /home/hep7/project/kairos/zlink/core/perf/results
- results_tag: triage-wss-fanout128-20260324
- result_file: /home/hep7/project/kairos/zlink/core/perf/results/multi/report/perf_linux_recv_20260324_185716_triage-wss-fanout128-20260324.txt
- output_file: none
- comparison_script: /home/hep7/project/kairos/zlink/core/perf/run_comparison.py
- python: python3

## Effective Env (runner)
- PYTHONUNBUFFERED: 1
- PERF_RECV_MODE: recv
- PERF_MSG_SIZES: 64,256,1024,262144
- PERF_TRANSPORTS: wss
- PERF_NO_AUTOBUILD: 1
- PERF_DISABLE_RESOURCE_METRICS: 0

META,os,Linux 6.6.87.2-microsoft-standard-WSL2
META,cpu,Intel(R) Core(TM) Ultra 7 265K
META,cores,20
META,build,Release
META,commit,45bdf7dc
META,timestamp,2026-03-24T18:57:16+09:00
META,load_avg,7.92 2.67 3.04
META,runs,1
META,clients,100

## Effective Options (start)
- runs: 1
- recv_mode: recv
- patterns: MULTI_SPOT
- transports: wss
- msg_sizes: 64,256,1024,262144
- warmup_seconds: 1
- active_warmup: 0
- duration_seconds: 1
- clients: 100
- default_clients: 100
- default_stream_clients: 10000
- service_clients: auto
- server_io_threads: 4 (default)
- client_io_threads: 4 (default)
- hwm: 100 (default)
- sndhwm: 100 (default)
- rcvhwm: 100 (default)
- sndbuf: default(os)
- rcvbuf: default(os)
- sndtimeo_ms: 200
- rcvtimeo_ms: 200
- connect_concurrency: 128 (default)
- settle_ms: 500
- connect_ready_timeout_ms: 5000
- monitor_hwm: 1000
- server_ready_timeout_ms: 10000
- server_shutdown_timeout_ms: 5000
- server_bind_port: 0
- transport_transition_ms: 3000
- pattern_transition_ms: 3000
- lat_timeout_ms: 5000
- stream_non_tcp_clients_max: 10000
- disable_resource_metrics: 0
- timeout_seconds: auto
## PATTERN: MULTI_SPOT (one-way)
  > Benchmarking current for MULTI_SPOT...
    Testing wss | 64B,256B,1024B,262144B:
      | Size     |         Throughput |      Bandwidth |  Lat.Mean(ms) |   Lat.P95(ms) |   Lat.P99(ms) |  S.CPU% | S.Mem MB | Q.Snd.Max | Q.Rcv.Max | Q.Rcv.End |
      |----------|--------------------|----------------|---------------|---------------|---------------|---------|----------|-----------|-----------|-----------|
      | 64B      |    60.851 Kmsg/s |      3.894 MB/s |    19.143 ms |    25.637 ms |    27.409 ms |  4.778 |   45.312 |         0 |         0 |         0 |
      | 256B     |    85.056 Kmsg/s |     21.774 MB/s |     8.751 ms |    20.333 ms |    23.253 ms |  4.583 |   48.125 |         0 |         0 |         0 |
      | 1024B    |   343.964 Kmsg/s |    352.219 MB/s |    18.345 ms |     8.679 ms |   664.168 ms |  4.780 |   57.350 |         0 |         0 |         0 |
      | 262144B  |     7.831 Kmsg/s |   2052.850 MB/s |    34.004 ms |    55.224 ms |   119.921 ms |  5.492 |  209.402 |         0 |         0 |         0 |
    Testing wss: Done

## Effective Options (result)
- runs: 1
- recv_mode: recv
- patterns: MULTI_SPOT
- transports: wss
- msg_sizes: 64,256,1024,262144
- warmup_seconds: 1
- active_warmup: 0
- duration_seconds: 1
- clients: 100
- default_clients: 100
- default_stream_clients: 10000
- service_clients: auto
- server_io_threads: 4 (default)
- client_io_threads: 4 (default)
- hwm: 100 (default)
- sndhwm: 100 (default)
- rcvhwm: 100 (default)
- sndbuf: default(os)
- rcvbuf: default(os)
- sndtimeo_ms: 200
- rcvtimeo_ms: 200
- connect_concurrency: 128 (default)
- settle_ms: 500
- connect_ready_timeout_ms: 5000
- monitor_hwm: 1000
- server_ready_timeout_ms: 10000
- server_shutdown_timeout_ms: 5000
- server_bind_port: 0
- transport_transition_ms: 3000
- pattern_transition_ms: 3000
- lat_timeout_ms: 5000
- stream_non_tcp_clients_max: 10000
- disable_resource_metrics: 0
- timeout_seconds: auto

## Result Data
RESULT,current,MULTI_SPOT,wss,64,bandwidth,3.894
RESULT,current,MULTI_SPOT,wss,64,latency,19142.537
RESULT,current,MULTI_SPOT,wss,64,latency_p95,25637.400
RESULT,current,MULTI_SPOT,wss,64,latency_p99,27408.890
RESULT,current,MULTI_SPOT,wss,64,server_cpu_pct,4.790
RESULT,current,MULTI_SPOT,wss,64,server_mem_mb,45.310
RESULT,current,MULTI_SPOT,wss,64,server_rcv_pending_end,0.000
RESULT,current,MULTI_SPOT,wss,64,server_rcv_pending_max,0.000
RESULT,current,MULTI_SPOT,wss,64,server_snd_pending_max,0.000
RESULT,current,MULTI_SPOT,wss,64,throughput,60851.000
RESULT,current,MULTI_SPOT,wss,256,bandwidth,21.774
RESULT,current,MULTI_SPOT,wss,256,latency,8750.894
RESULT,current,MULTI_SPOT,wss,256,latency_p95,20333.300
RESULT,current,MULTI_SPOT,wss,256,latency_p99,23252.820
RESULT,current,MULTI_SPOT,wss,256,server_cpu_pct,4.590
RESULT,current,MULTI_SPOT,wss,256,server_mem_mb,48.120
RESULT,current,MULTI_SPOT,wss,256,server_rcv_pending_end,0.000
RESULT,current,MULTI_SPOT,wss,256,server_rcv_pending_max,0.000
RESULT,current,MULTI_SPOT,wss,256,server_snd_pending_max,0.000
RESULT,current,MULTI_SPOT,wss,256,throughput,85056.000
RESULT,current,MULTI_SPOT,wss,1024,bandwidth,352.219
RESULT,current,MULTI_SPOT,wss,1024,latency,18344.753
RESULT,current,MULTI_SPOT,wss,1024,latency_p95,8679.000
RESULT,current,MULTI_SPOT,wss,1024,latency_p99,664168.000
RESULT,current,MULTI_SPOT,wss,1024,server_cpu_pct,4.780
RESULT,current,MULTI_SPOT,wss,1024,server_mem_mb,57.350
RESULT,current,MULTI_SPOT,wss,1024,server_rcv_pending_end,0.000
RESULT,current,MULTI_SPOT,wss,1024,server_rcv_pending_max,0.000
RESULT,current,MULTI_SPOT,wss,1024,server_snd_pending_max,0.000
RESULT,current,MULTI_SPOT,wss,1024,throughput,343964.000
RESULT,current,MULTI_SPOT,wss,262144,bandwidth,2052.850
RESULT,current,MULTI_SPOT,wss,262144,latency,34004.162
RESULT,current,MULTI_SPOT,wss,262144,latency_p95,55224.400
RESULT,current,MULTI_SPOT,wss,262144,latency_p99,119921.160
RESULT,current,MULTI_SPOT,wss,262144,server_cpu_pct,5.510
RESULT,current,MULTI_SPOT,wss,262144,server_mem_mb,209.560
RESULT,current,MULTI_SPOT,wss,262144,server_rcv_pending_end,0.000
RESULT,current,MULTI_SPOT,wss,262144,server_rcv_pending_max,0.000
RESULT,current,MULTI_SPOT,wss,262144,server_snd_pending_max,0.000
RESULT,current,MULTI_SPOT,wss,262144,throughput,7831.000

Saved result file: /home/hep7/project/kairos/zlink/core/perf/results/multi/report/perf_linux_recv_20260324_185716_triage-wss-fanout128-20260324.txt (status=complete)

## Status Summary
- success: 4
- unsupported: 0
- skip: 0
- fail: 0
- expected result lines: 20
- actual result lines: 20
- status: complete
Total benchmark time: 27s (27s, exit=0)
