META,os,Linux 6.6.87.2-microsoft-standard-WSL2
META,cpu,Intel(R) Core(TM) Ultra 7 265K
META,cores,20
META,build,Release
META,commit,45bdf7dc
META,timestamp,2026-03-24T17:32:37+09:00
META,load_avg,0.88 4.05 4.66
META,runs,1
META,clients,100

## Effective Options (start)
- runs: 1
- recv_mode: recv
- patterns: MULTI_SPOT
- transports: tls,wss
- msg_sizes: 64,256,1024,65536,262144
- warmup_seconds: 2
- active_warmup: 0
- duration_seconds: 5
- clients: 100
- default_clients: 100
- default_stream_clients: 10000
- service_clients: auto
- server_io_threads: 4 (default)
- client_io_threads: 4 (default)
- hwm: 100 (default)
- sndhwm: 100 (default)
- rcvhwm: 100 (default)
- sndbuf: default(os)
- rcvbuf: default(os)
- sndtimeo_ms: 200
- rcvtimeo_ms: 200
- connect_concurrency: 128 (default)
- settle_ms: 500
- connect_ready_timeout_ms: 5000
- monitor_hwm: 1000
- server_ready_timeout_ms: 10000
- server_shutdown_timeout_ms: 5000
- server_bind_port: 0
- transport_transition_ms: 3000
- pattern_transition_ms: 3000
- lat_timeout_ms: 5000
- stream_non_tcp_clients_max: 10000
- disable_resource_metrics: 0
- timeout_seconds: auto
## PATTERN: MULTI_SPOT (one-way)
  > Benchmarking current for MULTI_SPOT...
    Testing tls | 64B,256B,1024B,65536B,262144B:
      | Size     |         Throughput |      Bandwidth |  Lat.Mean(ms) |   Lat.P95(ms) |   Lat.P99(ms) |  S.CPU% | S.Mem MB | Q.Snd.Max | Q.Rcv.Max | Q.Rcv.End |
      |----------|--------------------|----------------|---------------|---------------|---------------|---------|----------|-----------|-----------|-----------|
      | 64B      |  1268.570 Kmsg/s |     81.188 MB/s |   373.906 ms |  2927.098 ms |  3124.631 ms | 13.451 |   60.672 |         0 |         0 |         0 |
      | 256B     |  2852.040 Kmsg/s |    730.122 MB/s |   645.424 ms |  2866.020 ms |  3610.744 ms | 14.417 |   72.016 |         0 |         0 |         0 |
      | 1024B    |   784.357 Kmsg/s |    803.181 MB/s |  1090.158 ms |  2515.533 ms |  2710.391 ms | 11.499 |  118.688 |         0 |         0 |         0 |
      | 65536B   |    44.358 Kmsg/s |   2907.033 MB/s |   156.382 ms |   215.693 ms |   244.458 ms | 14.919 |  509.113 |         0 |         0 |         0 |
      | 262144B  |    12.403 Kmsg/s |   3251.424 MB/s |   232.482 ms |   345.623 ms |   379.129 ms | 15.392 |  603.520 |         0 |         0 |         0 |
    Testing tls: Done
    [transport cooldown 3000ms]
    Testing wss | 64B,256B,1024B,65536B,262144B:
      | Size     |         Throughput |      Bandwidth |  Lat.Mean(ms) |   Lat.P95(ms) |   Lat.P99(ms) |  S.CPU% | S.Mem MB | Q.Snd.Max | Q.Rcv.Max | Q.Rcv.End |
      |----------|--------------------|----------------|---------------|---------------|---------------|---------|----------|-----------|-----------|-----------|
      | 64B      |  1992.927 Kmsg/s |    127.547 MB/s |   339.766 ms |  1974.870 ms |  2444.543 ms |  8.523 |   63.109 |         0 |         0 |         0 |
      | 256B     |  1083.118 Kmsg/s |    277.278 MB/s |   280.371 ms |   440.653 ms |  1703.008 ms |  9.497 |   74.621 |         0 |         0 |         0 |
      | 1024B    |   691.494 Kmsg/s |    708.090 MB/s |   705.339 ms |  3765.684 ms |  4130.799 ms | 10.048 |  121.367 |         0 |         0 |         0 |
      | 65536B   |     0.381 Kmsg/s |     24.995 MB/s |  4619.415 ms |  4933.475 ms |  5512.640 ms |  4.776 |  531.359 |         0 |         0 |         0 |
      | 262144B  |     6.622 Kmsg/s |   1735.813 MB/s |   203.693 ms |   281.556 ms |   307.631 ms |  8.629 |  773.961 |         0 |         0 |         0 |
    Testing wss: Done

## Effective Options (result)
- runs: 1
- recv_mode: recv
- patterns: MULTI_SPOT
- transports: tls,wss
- msg_sizes: 64,256,1024,65536,262144
- warmup_seconds: 2
- active_warmup: 0
- duration_seconds: 5
- clients: 100
- default_clients: 100
- default_stream_clients: 10000
- service_clients: auto
- server_io_threads: 4 (default)
- client_io_threads: 4 (default)
- hwm: 100 (default)
- sndhwm: 100 (default)
- rcvhwm: 100 (default)
- sndbuf: default(os)
- rcvbuf: default(os)
- sndtimeo_ms: 200
- rcvtimeo_ms: 200
- connect_concurrency: 128 (default)
- settle_ms: 500
- connect_ready_timeout_ms: 5000
- monitor_hwm: 1000
- server_ready_timeout_ms: 10000
- server_shutdown_timeout_ms: 5000
- server_bind_port: 0
- transport_transition_ms: 3000
- pattern_transition_ms: 3000
- lat_timeout_ms: 5000
- stream_non_tcp_clients_max: 10000
- disable_resource_metrics: 0
- timeout_seconds: auto

## Result Data
RESULT,current,MULTI_SPOT,tls,64,bandwidth,81.188
RESULT,current,MULTI_SPOT,tls,64,latency,373906.339
RESULT,current,MULTI_SPOT,tls,64,latency_p95,2927098.250
RESULT,current,MULTI_SPOT,tls,64,latency_p99,3124630.850
RESULT,current,MULTI_SPOT,tls,64,server_cpu_pct,13.460
RESULT,current,MULTI_SPOT,tls,64,server_mem_mb,60.670
RESULT,current,MULTI_SPOT,tls,64,server_rcv_pending_end,0.000
RESULT,current,MULTI_SPOT,tls,64,server_rcv_pending_max,0.000
RESULT,current,MULTI_SPOT,tls,64,server_snd_pending_max,0.000
RESULT,current,MULTI_SPOT,tls,64,throughput,1268570.000
RESULT,current,MULTI_SPOT,tls,256,bandwidth,730.122
RESULT,current,MULTI_SPOT,tls,256,latency,645423.703
RESULT,current,MULTI_SPOT,tls,256,latency_p95,2866020.100
RESULT,current,MULTI_SPOT,tls,256,latency_p99,3610744.370
RESULT,current,MULTI_SPOT,tls,256,server_cpu_pct,14.450
RESULT,current,MULTI_SPOT,tls,256,server_mem_mb,72.020
RESULT,current,MULTI_SPOT,tls,256,server_rcv_pending_end,0.000
RESULT,current,MULTI_SPOT,tls,256,server_rcv_pending_max,0.000
RESULT,current,MULTI_SPOT,tls,256,server_snd_pending_max,0.000
RESULT,current,MULTI_SPOT,tls,256,throughput,2852039.600
RESULT,current,MULTI_SPOT,tls,1024,bandwidth,803.181
RESULT,current,MULTI_SPOT,tls,1024,latency,1090158.358
RESULT,current,MULTI_SPOT,tls,1024,latency_p95,2515532.950
RESULT,current,MULTI_SPOT,tls,1024,latency_p99,2710390.860
RESULT,current,MULTI_SPOT,tls,1024,server_cpu_pct,11.500
RESULT,current,MULTI_SPOT,tls,1024,server_mem_mb,118.000
RESULT,current,MULTI_SPOT,tls,1024,server_rcv_pending_end,0.000
RESULT,current,MULTI_SPOT,tls,1024,server_rcv_pending_max,0.000
RESULT,current,MULTI_SPOT,tls,1024,server_snd_pending_max,0.000
RESULT,current,MULTI_SPOT,tls,1024,throughput,784356.800
RESULT,current,MULTI_SPOT,tls,65536,bandwidth,2907.033
RESULT,current,MULTI_SPOT,tls,65536,latency,156381.739
RESULT,current,MULTI_SPOT,tls,65536,latency_p95,215693.200
RESULT,current,MULTI_SPOT,tls,65536,latency_p99,244458.040
RESULT,current,MULTI_SPOT,tls,65536,server_cpu_pct,15.060
RESULT,current,MULTI_SPOT,tls,65536,server_mem_mb,509.110
RESULT,current,MULTI_SPOT,tls,65536,server_rcv_pending_end,0.000
RESULT,current,MULTI_SPOT,tls,65536,server_rcv_pending_max,0.000
RESULT,current,MULTI_SPOT,tls,65536,server_snd_pending_max,0.000
RESULT,current,MULTI_SPOT,tls,65536,throughput,44357.800
RESULT,current,MULTI_SPOT,tls,262144,bandwidth,3251.424
RESULT,current,MULTI_SPOT,tls,262144,latency,232482.072
RESULT,current,MULTI_SPOT,tls,262144,latency_p95,345623.250
RESULT,current,MULTI_SPOT,tls,262144,latency_p99,379128.840
RESULT,current,MULTI_SPOT,tls,262144,server_cpu_pct,15.640
RESULT,current,MULTI_SPOT,tls,262144,server_mem_mb,603.520
RESULT,current,MULTI_SPOT,tls,262144,server_rcv_pending_end,0.000
RESULT,current,MULTI_SPOT,tls,262144,server_rcv_pending_max,0.000
RESULT,current,MULTI_SPOT,tls,262144,server_snd_pending_max,0.000
RESULT,current,MULTI_SPOT,tls,262144,throughput,12403.200
RESULT,current,MULTI_SPOT,wss,64,bandwidth,127.547
RESULT,current,MULTI_SPOT,wss,64,latency,339766.470
RESULT,current,MULTI_SPOT,wss,64,latency_p95,1974870.400
RESULT,current,MULTI_SPOT,wss,64,latency_p99,2444543.490
RESULT,current,MULTI_SPOT,wss,64,server_cpu_pct,8.530
RESULT,current,MULTI_SPOT,wss,64,server_mem_mb,63.110
RESULT,current,MULTI_SPOT,wss,64,server_rcv_pending_end,0.000
RESULT,current,MULTI_SPOT,wss,64,server_rcv_pending_max,0.000
RESULT,current,MULTI_SPOT,wss,64,server_snd_pending_max,0.000
RESULT,current,MULTI_SPOT,wss,64,throughput,1992926.800
RESULT,current,MULTI_SPOT,wss,256,bandwidth,277.278
RESULT,current,MULTI_SPOT,wss,256,latency,280371.286
RESULT,current,MULTI_SPOT,wss,256,latency_p95,440653.200
RESULT,current,MULTI_SPOT,wss,256,latency_p99,1703008.040
RESULT,current,MULTI_SPOT,wss,256,server_cpu_pct,9.510
RESULT,current,MULTI_SPOT,wss,256,server_mem_mb,74.620
RESULT,current,MULTI_SPOT,wss,256,server_rcv_pending_end,0.000
RESULT,current,MULTI_SPOT,wss,256,server_rcv_pending_max,0.000
RESULT,current,MULTI_SPOT,wss,256,server_snd_pending_max,0.000
RESULT,current,MULTI_SPOT,wss,256,throughput,1083118.200
RESULT,current,MULTI_SPOT,wss,1024,bandwidth,708.090
RESULT,current,MULTI_SPOT,wss,1024,latency,705339.369
RESULT,current,MULTI_SPOT,wss,1024,latency_p95,3765683.900
RESULT,current,MULTI_SPOT,wss,1024,latency_p99,4130798.530
RESULT,current,MULTI_SPOT,wss,1024,server_cpu_pct,10.110
RESULT,current,MULTI_SPOT,wss,1024,server_mem_mb,121.370
RESULT,current,MULTI_SPOT,wss,1024,server_rcv_pending_end,0.000
RESULT,current,MULTI_SPOT,wss,1024,server_rcv_pending_max,0.000
RESULT,current,MULTI_SPOT,wss,1024,server_snd_pending_max,0.000
RESULT,current,MULTI_SPOT,wss,1024,throughput,691494.400
RESULT,current,MULTI_SPOT,wss,65536,bandwidth,24.995
RESULT,current,MULTI_SPOT,wss,65536,latency,4619415.000
RESULT,current,MULTI_SPOT,wss,65536,latency_p95,4933475.300
RESULT,current,MULTI_SPOT,wss,65536,latency_p99,5512639.520
RESULT,current,MULTI_SPOT,wss,65536,server_cpu_pct,6.260
RESULT,current,MULTI_SPOT,wss,65536,server_mem_mb,531.520
RESULT,current,MULTI_SPOT,wss,65536,server_rcv_pending_end,0.000
RESULT,current,MULTI_SPOT,wss,65536,server_rcv_pending_max,0.000
RESULT,current,MULTI_SPOT,wss,65536,server_snd_pending_max,0.000
RESULT,current,MULTI_SPOT,wss,65536,throughput,381.400
RESULT,current,MULTI_SPOT,wss,262144,bandwidth,1735.813
RESULT,current,MULTI_SPOT,wss,262144,latency,203693.209
RESULT,current,MULTI_SPOT,wss,262144,latency_p95,281555.750
RESULT,current,MULTI_SPOT,wss,262144,latency_p99,307630.550
RESULT,current,MULTI_SPOT,wss,262144,server_cpu_pct,8.730
RESULT,current,MULTI_SPOT,wss,262144,server_mem_mb,774.120
RESULT,current,MULTI_SPOT,wss,262144,server_rcv_pending_end,0.000
RESULT,current,MULTI_SPOT,wss,262144,server_rcv_pending_max,0.000
RESULT,current,MULTI_SPOT,wss,262144,server_snd_pending_max,0.000
RESULT,current,MULTI_SPOT,wss,262144,throughput,6621.600

Saved result file: /home/hep7/project/kairos/zlink/core/perf/results/multi/report/perf_linux_recv_20260324_173237_triage-multi-fixed-hwm768.txt (status=complete)

## Status Summary
- success: 10
- unsupported: 0
- skip: 0
- fail: 0
- expected result lines: 50
- actual result lines: 50
- status: complete
