=== Running multi benchmark: MULTI_SPOT ===
    warmup=1s duration=1s
    recv_mode=recv
Reusing build directory: /home/hep7/project/kairos/zlink/core/build
Using CMake source directory: /home/hep7/project/kairos/zlink

## Effective Options (runner)
- patterns: MULTI_SPOT
- build_dir: /home/hep7/project/kairos/zlink/core/build
- build_mode: reuse
- reuse_build: 1
- clean_build: 0
- runs: 1
- recv_mode: recv
- duration_seconds: 1
- warmup_seconds: 1
- hwm: default(binary)
- send_hwm: default(binary)
- recv_hwm: default(binary)
- sndbuf: default(os)
- rcvbuf: default(os)
- sndtimeo_ms: 200
- rcvtimeo_ms: 200
- pin_cpu: 0
- io_threads: default(policy)
- msg_sizes: 64,256,65536,262144
- transports: wss
- results_dir: /home/hep7/project/kairos/zlink/core/perf/results
- results_tag: wss-relocatefix-20260325a
- result_file: /home/hep7/project/kairos/zlink/core/perf/results/multi/report/perf_linux_recv_20260325_003444_wss-relocatefix-20260325a.txt
- output_file: none
- comparison_script: /home/hep7/project/kairos/zlink/core/perf/run_comparison.py
- python: python3

## Effective Env (runner)
- PYTHONUNBUFFERED: 1
- PERF_RECV_MODE: recv
- PERF_MSG_SIZES: 64,256,65536,262144
- PERF_TRANSPORTS: wss
- PERF_NO_AUTOBUILD: 1
- PERF_DISABLE_RESOURCE_METRICS: 0

META,os,Linux 6.6.87.2-microsoft-standard-WSL2
META,cpu,Intel(R) Core(TM) Ultra 7 265K
META,cores,20
META,build,Release
META,commit,7ab6f0ae
META,timestamp,2026-03-25T00:34:44+09:00
META,load_avg,4.46 3.82 2.90
META,runs,1
META,clients,100

## Effective Options (start)
- runs: 1
- recv_mode: recv
- patterns: MULTI_SPOT
- transports: wss
- msg_sizes: 64,256,65536,262144
- warmup_seconds: 1
- active_warmup: 0
- duration_seconds: 1
- clients: 100
- default_clients: 100
- default_stream_clients: 10000
- service_clients: auto
- server_io_threads: 4 (default)
- client_io_threads: 4 (default)
- hwm: 100 (default)
- sndhwm: 100 (default)
- rcvhwm: 100 (default)
- sndbuf: default(os)
- rcvbuf: default(os)
- sndtimeo_ms: 200
- rcvtimeo_ms: 200
- connect_concurrency: 128 (default)
- settle_ms: 500
- connect_ready_timeout_ms: 5000
- monitor_hwm: 1000
- server_ready_timeout_ms: 10000
- server_shutdown_timeout_ms: 5000
- server_bind_port: 0
- transport_transition_ms: 3000
- pattern_transition_ms: 3000
- lat_timeout_ms: 5000
- stream_non_tcp_clients_max: 10000
- disable_resource_metrics: 0
- timeout_seconds: auto
## PATTERN: MULTI_SPOT (one-way)
  > Benchmarking current for MULTI_SPOT...
    Testing wss | 64B,256B,65536B,262144B:
      | Size     |         Throughput |      Bandwidth |  Lat.Mean(ms) |   Lat.P95(ms) |   Lat.P99(ms) |  S.CPU% | S.Mem MB | Q.Snd.Max | Q.Rcv.Max | Q.Rcv.End |
      |----------|--------------------|----------------|---------------|---------------|---------------|---------|----------|-----------|-----------|-----------|
      | 64B      |   315.060 Kmsg/s |     20.164 MB/s |    36.677 ms |    61.375 ms |    68.467 ms |  6.360 |   51.117 |         0 |         0 |         0 |
      | 256B     |   466.167 Kmsg/s |    119.339 MB/s |     6.178 ms |     8.232 ms |     9.270 ms |  5.282 |   56.379 |         0 |         0 |         0 |
      | 65536B   |    14.822 Kmsg/s |    971.375 MB/s |    43.682 ms |    89.610 ms |   213.125 ms |  4.797 |  303.941 |         0 |         0 |         0 |
      | 262144B  |     6.168 Kmsg/s |   1616.904 MB/s |   139.495 ms |   296.493 ms |   320.593 ms |  5.371 |  583.113 |         0 |         0 |         0 |
    Testing wss: Done

## Effective Options (result)
- runs: 1
- recv_mode: recv
- patterns: MULTI_SPOT
- transports: wss
- msg_sizes: 64,256,65536,262144
- warmup_seconds: 1
- active_warmup: 0
- duration_seconds: 1
- clients: 100
- default_clients: 100
- default_stream_clients: 10000
- service_clients: auto
- server_io_threads: 4 (default)
- client_io_threads: 4 (default)
- hwm: 100 (default)
- sndhwm: 100 (default)
- rcvhwm: 100 (default)
- sndbuf: default(os)
- rcvbuf: default(os)
- sndtimeo_ms: 200
- rcvtimeo_ms: 200
- connect_concurrency: 128 (default)
- settle_ms: 500
- connect_ready_timeout_ms: 5000
- monitor_hwm: 1000
- server_ready_timeout_ms: 10000
- server_shutdown_timeout_ms: 5000
- server_bind_port: 0
- transport_transition_ms: 3000
- pattern_transition_ms: 3000
- lat_timeout_ms: 5000
- stream_non_tcp_clients_max: 10000
- disable_resource_metrics: 0
- timeout_seconds: auto

## Result Data
RESULT,current,MULTI_SPOT,wss,64,bandwidth,20.164
RESULT,current,MULTI_SPOT,wss,64,latency,36676.806
RESULT,current,MULTI_SPOT,wss,64,latency_p95,61375.200
RESULT,current,MULTI_SPOT,wss,64,latency_p99,68466.700
RESULT,current,MULTI_SPOT,wss,64,server_cpu_pct,6.420
RESULT,current,MULTI_SPOT,wss,64,server_mem_mb,51.120
RESULT,current,MULTI_SPOT,wss,64,server_rcv_pending_end,0.000
RESULT,current,MULTI_SPOT,wss,64,server_rcv_pending_max,0.000
RESULT,current,MULTI_SPOT,wss,64,server_snd_pending_max,0.000
RESULT,current,MULTI_SPOT,wss,64,throughput,315060.000
RESULT,current,MULTI_SPOT,wss,256,bandwidth,119.339
RESULT,current,MULTI_SPOT,wss,256,latency,6177.550
RESULT,current,MULTI_SPOT,wss,256,latency_p95,8231.650
RESULT,current,MULTI_SPOT,wss,256,latency_p99,9270.320
RESULT,current,MULTI_SPOT,wss,256,server_cpu_pct,5.280
RESULT,current,MULTI_SPOT,wss,256,server_mem_mb,56.380
RESULT,current,MULTI_SPOT,wss,256,server_rcv_pending_end,0.000
RESULT,current,MULTI_SPOT,wss,256,server_rcv_pending_max,0.000
RESULT,current,MULTI_SPOT,wss,256,server_snd_pending_max,0.000
RESULT,current,MULTI_SPOT,wss,256,throughput,466167.000
RESULT,current,MULTI_SPOT,wss,65536,bandwidth,971.375
RESULT,current,MULTI_SPOT,wss,65536,latency,43682.058
RESULT,current,MULTI_SPOT,wss,65536,latency_p95,89610.400
RESULT,current,MULTI_SPOT,wss,65536,latency_p99,213125.110
RESULT,current,MULTI_SPOT,wss,65536,server_cpu_pct,4.860
RESULT,current,MULTI_SPOT,wss,65536,server_mem_mb,305.770
RESULT,current,MULTI_SPOT,wss,65536,server_rcv_pending_end,0.000
RESULT,current,MULTI_SPOT,wss,65536,server_rcv_pending_max,0.000
RESULT,current,MULTI_SPOT,wss,65536,server_snd_pending_max,0.000
RESULT,current,MULTI_SPOT,wss,65536,throughput,14822.000
RESULT,current,MULTI_SPOT,wss,262144,bandwidth,1616.904
RESULT,current,MULTI_SPOT,wss,262144,latency,139495.368
RESULT,current,MULTI_SPOT,wss,262144,latency_p95,296492.800
RESULT,current,MULTI_SPOT,wss,262144,latency_p99,320592.800
RESULT,current,MULTI_SPOT,wss,262144,server_cpu_pct,5.410
RESULT,current,MULTI_SPOT,wss,262144,server_mem_mb,583.270
RESULT,current,MULTI_SPOT,wss,262144,server_rcv_pending_end,0.000
RESULT,current,MULTI_SPOT,wss,262144,server_rcv_pending_max,0.000
RESULT,current,MULTI_SPOT,wss,262144,server_snd_pending_max,0.000
RESULT,current,MULTI_SPOT,wss,262144,throughput,6168.000

Saved result file: /home/hep7/project/kairos/zlink/core/perf/results/multi/report/perf_linux_recv_20260325_003444_wss-relocatefix-20260325a.txt (status=complete)

## Status Summary
- success: 4
- unsupported: 0
- skip: 0
- fail: 0
- expected result lines: 20
- actual result lines: 20
- status: complete
Total benchmark time: 29s (29s, exit=0)
