[start] 2026-03-24T13:53:06+09:00
[cmd] core/perf/run_benchmarks.sh --build-dir core/build --reuse-build --pattern SPOT --runs 1 --recv callback --results-tag spot-single-recheck
Reusing build directory: /home/hep7/project/kairos/zlink/core/build
Using CMake source directory: /home/hep7/project/kairos/zlink

## Effective Options (runner)
- patterns: SPOT
- build_dir: /home/hep7/project/kairos/zlink/core/build
- build_mode: reuse
- reuse_build: 1
- clean_build: 0
- runs: 1
- recv_mode: callback
- duration_seconds: 5
- warmup_seconds: 2
- hwm: default(binary)
- send_hwm: default(binary)
- recv_hwm: default(binary)
- sndbuf: default(os)
- rcvbuf: default(os)
- sndtimeo_ms: 200
- rcvtimeo_ms: 200
- pin_cpu: 0
- io_threads: default(binary=1)
- msg_sizes: default(benchmark)
- transports: default(benchmark)
- results_dir: /home/hep7/project/kairos/zlink/core/perf/results
- results_tag: spot-single-recheck
- result_file: /home/hep7/project/kairos/zlink/core/perf/results/single/report/perf_linux_callback_20260324_135306_spot-single-recheck.txt
- output_file: none
- comparison_script: /home/hep7/project/kairos/zlink/core/perf/single/run_comparison.py
- python: python3

## Effective Env (runner)
- PYTHONUNBUFFERED: 1
- PERF_RECV_MODE: callback
- PERF_SINGLE_DURATION_SECONDS: 5
- PERF_SINGLE_WARMUP_SECONDS: 2
- PERF_SINGLE_SNDTIMEO_MS: 200
- PERF_SINGLE_RCVTIMEO_MS: 200
- PERF_NO_AUTOBUILD: 1


## Effective Options (start)
- runs: 1
- recv_mode: callback
- duration_seconds: 5
- timeout_seconds: 45
- io_threads: 1
- hwm: 1000
- sndhwm: 1000
- rcvhwm: 1000
- sndtimeo_ms: 200
- rcvtimeo_ms: 200
- patterns: SPOT
- transports: tcp,tls,ws,wss
- msg_sizes: 64,256,1024,65536,131072,262144
## PATTERN: SPOT (one-way)
  > Benchmarking current for SPOT...
    Testing tcp:
      | Size     |       Throughput |    Bandwidth |  Lat.Mean(ms) |   Lat.P95(ms) |   Lat.P99(ms) | CPU% | Mem MB | Q.Snd.Max | Q.Rcv.Max | Q.Rcv.End |
      |----------|------------------|--------------|--------------|--------------|--------------|------|--------|-----------|-----------|-----------|
      | 64B      |   1558.72 Kmsg/s |    99.76 MB/s |      0.19 ms |      0.30 ms |      0.38 ms |  9.2 |   10.8 |       N/A |       N/A |       N/A |
      | 256B     |    798.92 Kmsg/s |   204.52 MB/s |      0.50 ms |      0.76 ms |      0.85 ms |  7.3 |   10.6 |       N/A |       N/A |       N/A |
      | 1024B    |    615.13 Kmsg/s |   629.89 MB/s |      0.78 ms |      1.03 ms |      1.14 ms |  7.5 |   11.2 |       N/A |       N/A |       N/A |
      | 65536B   |     76.40 Kmsg/s |  5006.81 MB/s |      6.90 ms |      8.56 ms |      9.04 ms |  7.6 |   13.3 |       N/A |       N/A |       N/A |
      | 131072B  |     43.93 Kmsg/s |  5757.94 MB/s |     11.74 ms |     14.30 ms |     14.91 ms |  7.1 |   13.9 |       N/A |       N/A |       N/A |
      | 262144B  |     23.83 Kmsg/s |  6246.52 MB/s |     21.42 ms |     26.17 ms |     27.46 ms |  6.6 |   14.1 |       N/A |       N/A |       N/A |
    Testing tcp: Done
    Testing tls:
      | Size     |       Throughput |    Bandwidth |  Lat.Mean(ms) |   Lat.P95(ms) |   Lat.P99(ms) | CPU% | Mem MB | Q.Snd.Max | Q.Rcv.Max | Q.Rcv.End |
      |----------|------------------|--------------|--------------|--------------|--------------|------|--------|-----------|-----------|-----------|
      | 64B      |   1469.85 Kmsg/s |    94.07 MB/s |      0.41 ms |      0.51 ms |      0.58 ms |  8.3 |   14.5 |       N/A |       N/A |       N/A |
      | 256B     |    692.99 Kmsg/s |   177.40 MB/s |      0.64 ms |      0.94 ms |      1.08 ms |  6.6 |   15.2 |       N/A |       N/A |       N/A |
      | 1024B    |    451.73 Kmsg/s |   462.57 MB/s |      1.10 ms |      1.46 ms |      1.60 ms |  6.9 |   15.2 |       N/A |       N/A |       N/A |
      | 65536B   |     20.74 Kmsg/s |  1358.95 MB/s |     27.16 ms |     34.88 ms |     36.00 ms |  6.8 |   15.8 |       N/A |       N/A |       N/A |
      | 131072B  |     11.67 Kmsg/s |  1530.08 MB/s |     48.16 ms |     61.86 ms |     63.63 ms |  6.6 |   13.5 |       N/A |       N/A |       N/A |
      | 262144B  |      6.30 Kmsg/s |  1650.88 MB/s |     89.05 ms |    115.07 ms |    118.04 ms |  5.9 |   17.3 |       N/A |       N/A |       N/A |
    Testing tls: Done
    Testing ws:
      | Size     |       Throughput |    Bandwidth |  Lat.Mean(ms) |   Lat.P95(ms) |   Lat.P99(ms) | CPU% | Mem MB | Q.Snd.Max | Q.Rcv.Max | Q.Rcv.End |
      |----------|------------------|--------------|--------------|--------------|--------------|------|--------|-----------|-----------|-----------|
      | 64B      |   1170.95 Kmsg/s |    74.94 MB/s |    166.04 ms |    200.29 ms |    203.30 ms |  8.9 |   13.0 |       N/A |       N/A |       N/A |
      | 256B     |             FAIL |         FAIL |         FAIL |         FAIL |         FAIL |  5.1 |   14.1 |       N/A |       N/A |       N/A |
      | 1024B    |             FAIL |         FAIL |         FAIL |         FAIL |         FAIL |  6.7 |   14.2 |       N/A |       N/A |       N/A |
      | 65536B   |             FAIL |         FAIL |         FAIL |         FAIL |         FAIL |  8.9 |   13.5 |       N/A |       N/A |       N/A |
      | 131072B  |             FAIL |         FAIL |         FAIL |         FAIL |         FAIL |  8.6 |   15.2 |       N/A |       N/A |       N/A |
      | 262144B  |             FAIL |         FAIL |         FAIL |         FAIL |         FAIL |  7.6 |   19.1 |       N/A |       N/A |       N/A |
    Testing ws: Done
    Testing wss:
      | Size     |       Throughput |    Bandwidth |  Lat.Mean(ms) |   Lat.P95(ms) |   Lat.P99(ms) | CPU% | Mem MB | Q.Snd.Max | Q.Rcv.Max | Q.Rcv.End |
      |----------|------------------|--------------|--------------|--------------|--------------|------|--------|-----------|-----------|-----------|
      | 64B      |   1141.83 Kmsg/s |    73.08 MB/s |    190.29 ms |    230.77 ms |    234.86 ms |  6.5 |   16.7 |       N/A |       N/A |       N/A |
      | 256B     |    104.74 Kmsg/s |    26.81 MB/s |      3.71 ms |      5.46 ms |      5.85 ms |  3.4 |   18.9 |       N/A |       N/A |       N/A |
      | 1024B    |    229.92 Kmsg/s |   235.44 MB/s |      0.52 ms |      1.50 ms |      2.44 ms |  4.7 |   17.3 |       N/A |       N/A |       N/A |
      | 65536B   |     17.51 Kmsg/s |  1147.55 MB/s |      8.73 ms |      9.83 ms |     10.35 ms |  5.4 |   18.9 |       N/A |       N/A |       N/A |
      | 131072B  |      9.89 Kmsg/s |  1296.85 MB/s |     12.11 ms |     13.85 ms |     14.53 ms |  5.3 |   16.0 |       N/A |       N/A |       N/A |
      | 262144B  |      5.09 Kmsg/s |  1333.74 MB/s |     16.96 ms |     19.91 ms |     20.67 ms |  4.6 |   20.4 |       N/A |       N/A |       N/A |
    Testing wss: Done

## Failures
- SPOT current ws 256B: non_zero_exit_-11
- SPOT current ws 1024B: non_zero_exit_-11
- SPOT current ws 65536B: non_zero_exit_-11
- SPOT current ws 131072B: non_zero_exit_-11
- SPOT current ws 262144B: non_zero_exit_-11

## Effective Options (result)
- runs: 1
- recv_mode: callback
- duration_seconds: 5
- timeout_seconds: 45
- io_threads: 1
- hwm: 1000
- sndhwm: 1000
- rcvhwm: 1000
- sndtimeo_ms: 200
- rcvtimeo_ms: 200
- patterns: SPOT
- transports: tcp,tls,ws,wss
- msg_sizes: 64,256,1024,65536,131072,262144

## Result Data
RESULT,current,SPOT,tcp,64,throughput,1558724.200
RESULT,current,SPOT,tcp,64,bandwidth,99.760
RESULT,current,SPOT,tcp,64,latency,188.650
RESULT,current,SPOT,tcp,64,latency_p95,302.000
RESULT,current,SPOT,tcp,64,latency_p99,379.000
RESULT,current,SPOT,tcp,64,cpu_pct,9.232
RESULT,current,SPOT,tcp,64,mem_mb,10.781
RESULT,current,SPOT,tcp,256,throughput,798916.000
RESULT,current,SPOT,tcp,256,bandwidth,204.520
RESULT,current,SPOT,tcp,256,latency,503.270
RESULT,current,SPOT,tcp,256,latency_p95,763.000
RESULT,current,SPOT,tcp,256,latency_p99,854.000
RESULT,current,SPOT,tcp,256,cpu_pct,7.300
RESULT,current,SPOT,tcp,256,mem_mb,10.625
RESULT,current,SPOT,tcp,1024,throughput,615127.400
RESULT,current,SPOT,tcp,1024,bandwidth,629.890
RESULT,current,SPOT,tcp,1024,latency,777.150
RESULT,current,SPOT,tcp,1024,latency_p95,1027.000
RESULT,current,SPOT,tcp,1024,latency_p99,1137.000
RESULT,current,SPOT,tcp,1024,cpu_pct,7.547
RESULT,current,SPOT,tcp,1024,mem_mb,11.250
RESULT,current,SPOT,tcp,65536,throughput,76397.800
RESULT,current,SPOT,tcp,65536,bandwidth,5006.810
RESULT,current,SPOT,tcp,65536,latency,6900.460
RESULT,current,SPOT,tcp,65536,latency_p95,8560.000
RESULT,current,SPOT,tcp,65536,latency_p99,9035.000
RESULT,current,SPOT,tcp,65536,cpu_pct,7.609
RESULT,current,SPOT,tcp,65536,mem_mb,13.297
RESULT,current,SPOT,tcp,131072,throughput,43929.600
RESULT,current,SPOT,tcp,131072,bandwidth,5757.940
RESULT,current,SPOT,tcp,131072,latency,11742.420
RESULT,current,SPOT,tcp,131072,latency_p95,14297.000
RESULT,current,SPOT,tcp,131072,latency_p99,14914.000
RESULT,current,SPOT,tcp,131072,cpu_pct,7.150
RESULT,current,SPOT,tcp,131072,mem_mb,13.852
RESULT,current,SPOT,tcp,262144,throughput,23828.600
RESULT,current,SPOT,tcp,262144,bandwidth,6246.520
RESULT,current,SPOT,tcp,262144,latency,21420.160
RESULT,current,SPOT,tcp,262144,latency_p95,26173.000
RESULT,current,SPOT,tcp,262144,latency_p99,27461.580
RESULT,current,SPOT,tcp,262144,cpu_pct,6.614
RESULT,current,SPOT,tcp,262144,mem_mb,14.102
RESULT,current,SPOT,tls,64,throughput,1469846.000
RESULT,current,SPOT,tls,64,bandwidth,94.070
RESULT,current,SPOT,tls,64,latency,409.660
RESULT,current,SPOT,tls,64,latency_p95,505.000
RESULT,current,SPOT,tls,64,latency_p99,585.000
RESULT,current,SPOT,tls,64,cpu_pct,8.328
RESULT,current,SPOT,tls,64,mem_mb,14.531
RESULT,current,SPOT,tls,256,throughput,692985.400
RESULT,current,SPOT,tls,256,bandwidth,177.400
RESULT,current,SPOT,tls,256,latency,639.150
RESULT,current,SPOT,tls,256,latency_p95,944.000
RESULT,current,SPOT,tls,256,latency_p99,1083.000
RESULT,current,SPOT,tls,256,cpu_pct,6.607
RESULT,current,SPOT,tls,256,mem_mb,15.156
RESULT,current,SPOT,tls,1024,throughput,451733.200
RESULT,current,SPOT,tls,1024,bandwidth,462.570
RESULT,current,SPOT,tls,1024,latency,1104.810
RESULT,current,SPOT,tls,1024,latency_p95,1455.000
RESULT,current,SPOT,tls,1024,latency_p99,1597.000
RESULT,current,SPOT,tls,1024,cpu_pct,6.900
RESULT,current,SPOT,tls,1024,mem_mb,15.156
RESULT,current,SPOT,tls,65536,throughput,20736.000
RESULT,current,SPOT,tls,65536,bandwidth,1358.950
RESULT,current,SPOT,tls,65536,latency,27157.230
RESULT,current,SPOT,tls,65536,latency_p95,34880.000
RESULT,current,SPOT,tls,65536,latency_p99,36000.000
RESULT,current,SPOT,tls,65536,cpu_pct,6.816
RESULT,current,SPOT,tls,65536,mem_mb,15.801
RESULT,current,SPOT,tls,131072,throughput,11673.600
RESULT,current,SPOT,tls,131072,bandwidth,1530.080
RESULT,current,SPOT,tls,131072,latency,48163.420
RESULT,current,SPOT,tls,131072,latency_p95,61860.000
RESULT,current,SPOT,tls,131072,latency_p99,63628.000
RESULT,current,SPOT,tls,131072,cpu_pct,6.623
RESULT,current,SPOT,tls,131072,mem_mb,13.484
RESULT,current,SPOT,tls,262144,throughput,6297.600
RESULT,current,SPOT,tls,262144,bandwidth,1650.880
RESULT,current,SPOT,tls,262144,latency,89050.490
RESULT,current,SPOT,tls,262144,latency_p95,115067.600
RESULT,current,SPOT,tls,262144,latency_p99,118038.130
RESULT,current,SPOT,tls,262144,cpu_pct,5.850
RESULT,current,SPOT,tls,262144,mem_mb,17.324
RESULT,current,SPOT,ws,64,throughput,1170948.800
RESULT,current,SPOT,ws,64,bandwidth,74.940
RESULT,current,SPOT,ws,64,latency,166044.630
RESULT,current,SPOT,ws,64,latency_p95,200292.000
RESULT,current,SPOT,ws,64,latency_p99,203297.000
RESULT,current,SPOT,ws,64,cpu_pct,8.907
RESULT,current,SPOT,ws,64,mem_mb,12.969
RESULT,current,SPOT,wss,64,throughput,1141830.000
RESULT,current,SPOT,wss,64,bandwidth,73.080
RESULT,current,SPOT,wss,64,latency,190285.550
RESULT,current,SPOT,wss,64,latency_p95,230768.050
RESULT,current,SPOT,wss,64,latency_p99,234863.000
RESULT,current,SPOT,wss,64,cpu_pct,6.481
RESULT,current,SPOT,wss,64,mem_mb,16.719
RESULT,current,SPOT,wss,256,throughput,104742.200
RESULT,current,SPOT,wss,256,bandwidth,26.810
RESULT,current,SPOT,wss,256,latency,3706.010
RESULT,current,SPOT,wss,256,latency_p95,5463.000
RESULT,current,SPOT,wss,256,latency_p99,5849.000
RESULT,current,SPOT,wss,256,cpu_pct,3.427
RESULT,current,SPOT,wss,256,mem_mb,18.906
RESULT,current,SPOT,wss,1024,throughput,229920.000
RESULT,current,SPOT,wss,1024,bandwidth,235.440
RESULT,current,SPOT,wss,1024,latency,524.500
RESULT,current,SPOT,wss,1024,latency_p95,1504.000
RESULT,current,SPOT,wss,1024,latency_p99,2442.000
RESULT,current,SPOT,wss,1024,cpu_pct,4.723
RESULT,current,SPOT,wss,1024,mem_mb,17.344
RESULT,current,SPOT,wss,65536,throughput,17510.200
RESULT,current,SPOT,wss,65536,bandwidth,1147.550
RESULT,current,SPOT,wss,65536,latency,8732.870
RESULT,current,SPOT,wss,65536,latency_p95,9832.000
RESULT,current,SPOT,wss,65536,latency_p99,10345.000
RESULT,current,SPOT,wss,65536,cpu_pct,5.378
RESULT,current,SPOT,wss,65536,mem_mb,18.863
RESULT,current,SPOT,wss,131072,throughput,9894.200
RESULT,current,SPOT,wss,131072,bandwidth,1296.850
RESULT,current,SPOT,wss,131072,latency,12109.480
RESULT,current,SPOT,wss,131072,latency_p95,13850.500
RESULT,current,SPOT,wss,131072,latency_p99,14528.200
RESULT,current,SPOT,wss,131072,cpu_pct,5.327
RESULT,current,SPOT,wss,131072,mem_mb,16.016
RESULT,current,SPOT,wss,262144,throughput,5087.800
RESULT,current,SPOT,wss,262144,bandwidth,1333.740
RESULT,current,SPOT,wss,262144,latency,16961.860
RESULT,current,SPOT,wss,262144,latency_p95,19909.000
RESULT,current,SPOT,wss,262144,latency_p99,20674.860
RESULT,current,SPOT,wss,262144,cpu_pct,4.630
RESULT,current,SPOT,wss,262144,mem_mb,20.363

## Completion
- status: partial
- expected_result_lines: 120
- actual_result_lines: 95

Saved result file: /home/hep7/project/kairos/zlink/core/perf/results/single/report/perf_linux_callback_20260324_135306_spot-single-recheck.txt (status=partial)
Total benchmark time: 5m 26s (326s, exit=1)
