=== Running multi benchmark: MULTI_SPOT ===
    warmup=1s duration=1s
    recv_mode=recv
Reusing build directory: /home/hep7/project/kairos/zlink/core/build
Using CMake source directory: /home/hep7/project/kairos/zlink

## Effective Options (runner)
- patterns: MULTI_SPOT
- build_dir: /home/hep7/project/kairos/zlink/core/build
- build_mode: reuse
- reuse_build: 1
- clean_build: 0
- runs: 1
- recv_mode: recv
- duration_seconds: 1
- warmup_seconds: 1
- hwm: default(binary)
- send_hwm: default(binary)
- recv_hwm: default(binary)
- sndbuf: default(os)
- rcvbuf: default(os)
- sndtimeo_ms: 200
- rcvtimeo_ms: 200
- pin_cpu: 0
- io_threads: default(policy)
- msg_sizes: 64,256,65536,262144
- transports: tls,wss
- results_dir: /home/hep7/project/kairos/zlink/core/perf/results
- results_tag: iter-barrier-restore-20260325_035957
- result_file: /home/hep7/project/kairos/zlink/core/perf/results/multi/report/perf_linux_recv_20260325_035957_iter-barrier-restore-20260325_035957.txt
- output_file: none
- comparison_script: /home/hep7/project/kairos/zlink/core/perf/run_comparison.py
- python: python3

## Effective Env (runner)
- PYTHONUNBUFFERED: 1
- PERF_RECV_MODE: recv
- PERF_MSG_SIZES: 64,256,65536,262144
- PERF_TRANSPORTS: tls,wss
- PERF_NO_AUTOBUILD: 1
- PERF_DISABLE_RESOURCE_METRICS: 0

META,os,Linux 6.6.87.2-microsoft-standard-WSL2
META,cpu,Intel(R) Core(TM) Ultra 7 265K
META,cores,20
META,build,Release
META,commit,7ab6f0ae
META,timestamp,2026-03-25T03:59:57+09:00
META,load_avg,5.88 5.75 5.51
META,runs,1
META,clients,100

## Effective Options (start)
- runs: 1
- recv_mode: recv
- patterns: MULTI_SPOT
- transports: tls,wss
- msg_sizes: 64,256,65536,262144
- warmup_seconds: 1
- active_warmup: 0
- duration_seconds: 1
- clients: 100
- default_clients: 100
- default_stream_clients: 10000
- service_clients: auto
- server_io_threads: 4 (default)
- client_io_threads: 4 (default)
- hwm: 100 (default)
- sndhwm: 100 (default)
- rcvhwm: 100 (default)
- sndbuf: default(os)
- rcvbuf: default(os)
- sndtimeo_ms: 200
- rcvtimeo_ms: 200
- connect_concurrency: 128 (default)
- settle_ms: 500
- connect_ready_timeout_ms: 5000
- monitor_hwm: 1000
- server_ready_timeout_ms: 10000
- server_shutdown_timeout_ms: 5000
- server_bind_port: 0
- transport_transition_ms: 3000
- pattern_transition_ms: 3000
- lat_timeout_ms: 5000
- stream_non_tcp_clients_max: 10000
- disable_resource_metrics: 0
- timeout_seconds: auto
## PATTERN: MULTI_SPOT (one-way)
  > Benchmarking current for MULTI_SPOT...
    Testing tls | 64B,256B,65536B,262144B:
      | Size     |         Throughput |      Bandwidth |  Lat.Mean(ms) |   Lat.P95(ms) |   Lat.P99(ms) |  S.CPU% | S.Mem MB | Q.Snd.Max | Q.Rcv.Max | Q.Rcv.End |
      |----------|--------------------|----------------|---------------|---------------|---------------|---------|----------|-----------|-----------|-----------|
      | 64B      |  2358.850 Kmsg/s |    150.966 MB/s |   128.012 ms |   573.731 ms |   724.885 ms | 12.627 |   46.875 |         0 |         0 |         0 |
      | 256B     |  1622.512 Kmsg/s |    415.363 MB/s |    67.311 ms |   329.061 ms |   439.149 ms | 10.180 |   56.180 |         0 |         0 |         0 |
      | 65536B   |    16.032 Kmsg/s |   1050.673 MB/s |    33.009 ms |    98.243 ms |   158.216 ms |  9.236 |  335.762 |         0 |         0 |         0 |
      | 262144B  |     4.049 Kmsg/s |   1061.421 MB/s |    88.857 ms |   170.066 ms |   185.268 ms |  9.468 |  564.945 |         0 |         0 |         0 |
    Testing tls: Done
    [transport cooldown 3000ms]
    Testing wss | 64B,256B,65536B,262144B:
      | Size     |         Throughput |      Bandwidth |  Lat.Mean(ms) |   Lat.P95(ms) |   Lat.P99(ms) |  S.CPU% | S.Mem MB | Q.Snd.Max | Q.Rcv.Max | Q.Rcv.End |
      |----------|--------------------|----------------|---------------|---------------|---------------|---------|----------|-----------|-----------|-----------|
      | 64B      |   415.413 Kmsg/s |     26.586 MB/s |    42.101 ms |    64.562 ms |    67.236 ms |  6.504 |   54.812 |         0 |         0 |         0 |
      | 256B     |  1159.490 Kmsg/s |    296.829 MB/s |     8.629 ms |    14.527 ms |    25.303 ms |  5.470 |   60.690 |         0 |         0 |         0 |
      | 65536B   |    16.859 Kmsg/s |   1104.871 MB/s |    30.886 ms |    47.344 ms |    80.166 ms |  5.232 |  351.887 |         0 |         0 |         0 |
      | 262144B  |     8.248 Kmsg/s |   2162.164 MB/s |    95.066 ms |   201.902 ms |   230.858 ms |  5.677 |  595.738 |         0 |         0 |         0 |
    Testing wss: Done

## Effective Options (result)
- runs: 1
- recv_mode: recv
- patterns: MULTI_SPOT
- transports: tls,wss
- msg_sizes: 64,256,65536,262144
- warmup_seconds: 1
- active_warmup: 0
- duration_seconds: 1
- clients: 100
- default_clients: 100
- default_stream_clients: 10000
- service_clients: auto
- server_io_threads: 4 (default)
- client_io_threads: 4 (default)
- hwm: 100 (default)
- sndhwm: 100 (default)
- rcvhwm: 100 (default)
- sndbuf: default(os)
- rcvbuf: default(os)
- sndtimeo_ms: 200
- rcvtimeo_ms: 200
- connect_concurrency: 128 (default)
- settle_ms: 500
- connect_ready_timeout_ms: 5000
- monitor_hwm: 1000
- server_ready_timeout_ms: 10000
- server_shutdown_timeout_ms: 5000
- server_bind_port: 0
- transport_transition_ms: 3000
- pattern_transition_ms: 3000
- lat_timeout_ms: 5000
- stream_non_tcp_clients_max: 10000
- disable_resource_metrics: 0
- timeout_seconds: auto

## Result Data
RESULT,current,MULTI_SPOT,tls,64,bandwidth,150.966
RESULT,current,MULTI_SPOT,tls,64,latency,128011.957
RESULT,current,MULTI_SPOT,tls,64,latency_p95,573730.900
RESULT,current,MULTI_SPOT,tls,64,latency_p99,724885.020
RESULT,current,MULTI_SPOT,tls,64,server_cpu_pct,12.780
RESULT,current,MULTI_SPOT,tls,64,server_mem_mb,49.530
RESULT,current,MULTI_SPOT,tls,64,server_rcv_pending_end,0.000
RESULT,current,MULTI_SPOT,tls,64,server_rcv_pending_max,0.000
RESULT,current,MULTI_SPOT,tls,64,server_snd_pending_max,0.000
RESULT,current,MULTI_SPOT,tls,64,throughput,2358850.000
RESULT,current,MULTI_SPOT,tls,256,bandwidth,415.363
RESULT,current,MULTI_SPOT,tls,256,latency,67311.291
RESULT,current,MULTI_SPOT,tls,256,latency_p95,329060.800
RESULT,current,MULTI_SPOT,tls,256,latency_p99,439148.880
RESULT,current,MULTI_SPOT,tls,256,server_cpu_pct,10.180
RESULT,current,MULTI_SPOT,tls,256,server_mem_mb,56.180
RESULT,current,MULTI_SPOT,tls,256,server_rcv_pending_end,0.000
RESULT,current,MULTI_SPOT,tls,256,server_rcv_pending_max,0.000
RESULT,current,MULTI_SPOT,tls,256,server_snd_pending_max,0.000
RESULT,current,MULTI_SPOT,tls,256,throughput,1622512.000
RESULT,current,MULTI_SPOT,tls,65536,bandwidth,1050.673
RESULT,current,MULTI_SPOT,tls,65536,latency,33008.695
RESULT,current,MULTI_SPOT,tls,65536,latency_p95,98243.250
RESULT,current,MULTI_SPOT,tls,65536,latency_p99,158216.150
RESULT,current,MULTI_SPOT,tls,65536,server_cpu_pct,9.310
RESULT,current,MULTI_SPOT,tls,65536,server_mem_mb,335.760
RESULT,current,MULTI_SPOT,tls,65536,server_rcv_pending_end,0.000
RESULT,current,MULTI_SPOT,tls,65536,server_rcv_pending_max,0.000
RESULT,current,MULTI_SPOT,tls,65536,server_snd_pending_max,0.000
RESULT,current,MULTI_SPOT,tls,65536,throughput,16032.000
RESULT,current,MULTI_SPOT,tls,262144,bandwidth,1061.421
RESULT,current,MULTI_SPOT,tls,262144,latency,88856.543
RESULT,current,MULTI_SPOT,tls,262144,latency_p95,170065.600
RESULT,current,MULTI_SPOT,tls,262144,latency_p99,185267.940
RESULT,current,MULTI_SPOT,tls,262144,server_cpu_pct,9.560
RESULT,current,MULTI_SPOT,tls,262144,server_mem_mb,568.230
RESULT,current,MULTI_SPOT,tls,262144,server_rcv_pending_end,0.000
RESULT,current,MULTI_SPOT,tls,262144,server_rcv_pending_max,0.000
RESULT,current,MULTI_SPOT,tls,262144,server_snd_pending_max,0.000
RESULT,current,MULTI_SPOT,tls,262144,throughput,4049.000
RESULT,current,MULTI_SPOT,wss,64,bandwidth,26.586
RESULT,current,MULTI_SPOT,wss,64,latency,42100.536
RESULT,current,MULTI_SPOT,wss,64,latency_p95,64561.900
RESULT,current,MULTI_SPOT,wss,64,latency_p99,67236.420
RESULT,current,MULTI_SPOT,wss,64,server_cpu_pct,6.540
RESULT,current,MULTI_SPOT,wss,64,server_mem_mb,54.810
RESULT,current,MULTI_SPOT,wss,64,server_rcv_pending_end,0.000
RESULT,current,MULTI_SPOT,wss,64,server_rcv_pending_max,0.000
RESULT,current,MULTI_SPOT,wss,64,server_snd_pending_max,0.000
RESULT,current,MULTI_SPOT,wss,64,throughput,415413.000
RESULT,current,MULTI_SPOT,wss,256,bandwidth,296.829
RESULT,current,MULTI_SPOT,wss,256,latency,8629.393
RESULT,current,MULTI_SPOT,wss,256,latency_p95,14527.300
RESULT,current,MULTI_SPOT,wss,256,latency_p99,25302.520
RESULT,current,MULTI_SPOT,wss,256,server_cpu_pct,5.470
RESULT,current,MULTI_SPOT,wss,256,server_mem_mb,60.690
RESULT,current,MULTI_SPOT,wss,256,server_rcv_pending_end,0.000
RESULT,current,MULTI_SPOT,wss,256,server_rcv_pending_max,0.000
RESULT,current,MULTI_SPOT,wss,256,server_snd_pending_max,0.000
RESULT,current,MULTI_SPOT,wss,256,throughput,1159490.000
RESULT,current,MULTI_SPOT,wss,65536,bandwidth,1104.871
RESULT,current,MULTI_SPOT,wss,65536,latency,30886.175
RESULT,current,MULTI_SPOT,wss,65536,latency_p95,47344.200
RESULT,current,MULTI_SPOT,wss,65536,latency_p99,80166.120
RESULT,current,MULTI_SPOT,wss,65536,server_cpu_pct,5.240
RESULT,current,MULTI_SPOT,wss,65536,server_mem_mb,351.890
RESULT,current,MULTI_SPOT,wss,65536,server_rcv_pending_end,0.000
RESULT,current,MULTI_SPOT,wss,65536,server_rcv_pending_max,0.000
RESULT,current,MULTI_SPOT,wss,65536,server_snd_pending_max,0.000
RESULT,current,MULTI_SPOT,wss,65536,throughput,16859.000
RESULT,current,MULTI_SPOT,wss,262144,bandwidth,2162.164
RESULT,current,MULTI_SPOT,wss,262144,latency,95065.829
RESULT,current,MULTI_SPOT,wss,262144,latency_p95,201902.050
RESULT,current,MULTI_SPOT,wss,262144,latency_p99,230857.640
RESULT,current,MULTI_SPOT,wss,262144,server_cpu_pct,5.710
RESULT,current,MULTI_SPOT,wss,262144,server_mem_mb,594.920
RESULT,current,MULTI_SPOT,wss,262144,server_rcv_pending_end,0.000
RESULT,current,MULTI_SPOT,wss,262144,server_rcv_pending_max,0.000
RESULT,current,MULTI_SPOT,wss,262144,server_snd_pending_max,0.000
RESULT,current,MULTI_SPOT,wss,262144,throughput,8248.000

Saved result file: /home/hep7/project/kairos/zlink/core/perf/results/multi/report/perf_linux_recv_20260325_035957_iter-barrier-restore-20260325_035957.txt (status=complete)

## Status Summary
- success: 8
- unsupported: 0
- skip: 0
- fail: 0
- expected result lines: 40
- actual result lines: 40
- status: complete
Total benchmark time: 48s (48s, exit=0)
