=== Running multi benchmark: MULTI_SPOT ===
    warmup=2s duration=5s
    recv_mode=recv
Reusing build directory: /home/hep7/project/kairos/zlink/core/build
Using CMake source directory: /home/hep7/project/kairos/zlink

## Effective Options (runner)
- patterns: MULTI_SPOT
- build_dir: /home/hep7/project/kairos/zlink/core/build
- build_mode: reuse
- reuse_build: 1
- clean_build: 0
- runs: 1
- recv_mode: recv
- duration_seconds: 5
- warmup_seconds: 2
- hwm: default(binary)
- send_hwm: default(binary)
- recv_hwm: default(binary)
- sndbuf: default(os)
- rcvbuf: default(os)
- sndtimeo_ms: 200
- rcvtimeo_ms: 200
- pin_cpu: 0
- io_threads: default(policy)
- msg_sizes: 64,256,1024,65536,131072,262144
- transports: wss
- results_dir: /home/hep7/project/kairos/zlink/core/perf/results
- results_tag: spot-multi-wss-fanout128-20260324_191943
- result_file: /home/hep7/project/kairos/zlink/core/perf/results/multi/report/perf_linux_recv_20260324_191943_spot-multi-wss-fanout128-20260324_191943.txt
- output_file: none
- comparison_script: /home/hep7/project/kairos/zlink/core/perf/run_comparison.py
- python: python3

## Effective Env (runner)
- PYTHONUNBUFFERED: 1
- PERF_RECV_MODE: recv
- PERF_MSG_SIZES: 64,256,1024,65536,131072,262144
- PERF_TRANSPORTS: wss
- PERF_NO_AUTOBUILD: 1
- PERF_DISABLE_RESOURCE_METRICS: 0

META,os,Linux 6.6.87.2-microsoft-standard-WSL2
META,cpu,Intel(R) Core(TM) Ultra 7 265K
META,cores,20
META,build,Release
META,commit,45bdf7dc
META,timestamp,2026-03-24T19:19:43+09:00
META,load_avg,5.62 5.37 4.48
META,runs,1
META,clients,100

## Effective Options (start)
- runs: 1
- recv_mode: recv
- patterns: MULTI_SPOT
- transports: wss
- msg_sizes: 64,256,1024,65536,131072,262144
- warmup_seconds: 2
- active_warmup: 0
- duration_seconds: 5
- clients: 100
- default_clients: 100
- default_stream_clients: 10000
- service_clients: auto
- server_io_threads: 4 (default)
- client_io_threads: 4 (default)
- hwm: 100 (default)
- sndhwm: 100 (default)
- rcvhwm: 100 (default)
- sndbuf: default(os)
- rcvbuf: default(os)
- sndtimeo_ms: 200
- rcvtimeo_ms: 200
- connect_concurrency: 128 (default)
- settle_ms: 500
- connect_ready_timeout_ms: 5000
- monitor_hwm: 1000
- server_ready_timeout_ms: 10000
- server_shutdown_timeout_ms: 5000
- server_bind_port: 0
- transport_transition_ms: 3000
- pattern_transition_ms: 3000
- lat_timeout_ms: 5000
- stream_non_tcp_clients_max: 10000
- disable_resource_metrics: 0
- timeout_seconds: auto
## PATTERN: MULTI_SPOT (one-way)
  > Benchmarking current for MULTI_SPOT...
    Testing wss | 64B,256B,1024B,65536B,131072B,262144B:
      | Size     |         Throughput |      Bandwidth |  Lat.Mean(ms) |   Lat.P95(ms) |   Lat.P99(ms) |  S.CPU% | S.Mem MB | Q.Snd.Max | Q.Rcv.Max | Q.Rcv.End |
      |----------|--------------------|----------------|---------------|---------------|---------------|---------|----------|-----------|-----------|-----------|
      | 64B      |   778.340 Kmsg/s |     49.814 MB/s |  3020.658 ms |  4854.657 ms |  5208.777 ms |  7.011 |   59.812 |         0 |         0 |         0 |
      | 256B     |  1185.938 Kmsg/s |    303.600 MB/s |  1035.347 ms |  3990.871 ms |  4245.876 ms |  8.145 |   67.480 |         0 |         0 |         0 |
      | 1024B    |  1082.957 Kmsg/s |   1108.948 MB/s |   468.669 ms |  3296.467 ms |  3861.598 ms | 10.680 |   98.094 |         0 |         0 |         0 |
      | 65536B   |    25.253 Kmsg/s |   1654.994 MB/s |   644.911 ms |  3361.576 ms |  3858.252 ms |  8.271 |  451.516 |         0 |         0 |         0 |
      | 131072B  |     0.093 Kmsg/s |     12.242 MB/s |  4071.465 ms |  5144.049 ms |  5331.575 ms |  5.030 |  614.293 |         0 |         0 |         0 |
      | 262144B  |     4.048 Kmsg/s |   1061.054 MB/s |   201.618 ms |   284.320 ms |   307.462 ms |  7.962 |  789.062 |         0 |         0 |         0 |
    Testing wss: Done

## Effective Options (result)
- runs: 1
- recv_mode: recv
- patterns: MULTI_SPOT
- transports: wss
- msg_sizes: 64,256,1024,65536,131072,262144
- warmup_seconds: 2
- active_warmup: 0
- duration_seconds: 5
- clients: 100
- default_clients: 100
- default_stream_clients: 10000
- service_clients: auto
- server_io_threads: 4 (default)
- client_io_threads: 4 (default)
- hwm: 100 (default)
- sndhwm: 100 (default)
- rcvhwm: 100 (default)
- sndbuf: default(os)
- rcvbuf: default(os)
- sndtimeo_ms: 200
- rcvtimeo_ms: 200
- connect_concurrency: 128 (default)
- settle_ms: 500
- connect_ready_timeout_ms: 5000
- monitor_hwm: 1000
- server_ready_timeout_ms: 10000
- server_shutdown_timeout_ms: 5000
- server_bind_port: 0
- transport_transition_ms: 3000
- pattern_transition_ms: 3000
- lat_timeout_ms: 5000
- stream_non_tcp_clients_max: 10000
- disable_resource_metrics: 0
- timeout_seconds: auto

## Result Data
RESULT,current,MULTI_SPOT,wss,64,bandwidth,49.814
RESULT,current,MULTI_SPOT,wss,64,latency,3020658.232
RESULT,current,MULTI_SPOT,wss,64,latency_p95,4854657.200
RESULT,current,MULTI_SPOT,wss,64,latency_p99,5208776.560
RESULT,current,MULTI_SPOT,wss,64,server_cpu_pct,7.580
RESULT,current,MULTI_SPOT,wss,64,server_mem_mb,59.810
RESULT,current,MULTI_SPOT,wss,64,server_rcv_pending_end,0.000
RESULT,current,MULTI_SPOT,wss,64,server_rcv_pending_max,0.000
RESULT,current,MULTI_SPOT,wss,64,server_snd_pending_max,0.000
RESULT,current,MULTI_SPOT,wss,64,throughput,778340.400
RESULT,current,MULTI_SPOT,wss,256,bandwidth,303.600
RESULT,current,MULTI_SPOT,wss,256,latency,1035346.662
RESULT,current,MULTI_SPOT,wss,256,latency_p95,3990870.600
RESULT,current,MULTI_SPOT,wss,256,latency_p99,4245875.960
RESULT,current,MULTI_SPOT,wss,256,server_cpu_pct,8.160
RESULT,current,MULTI_SPOT,wss,256,server_mem_mb,67.480
RESULT,current,MULTI_SPOT,wss,256,server_rcv_pending_end,0.000
RESULT,current,MULTI_SPOT,wss,256,server_rcv_pending_max,0.000
RESULT,current,MULTI_SPOT,wss,256,server_snd_pending_max,0.000
RESULT,current,MULTI_SPOT,wss,256,throughput,1185937.600
RESULT,current,MULTI_SPOT,wss,1024,bandwidth,1108.948
RESULT,current,MULTI_SPOT,wss,1024,latency,468669.329
RESULT,current,MULTI_SPOT,wss,1024,latency_p95,3296467.300
RESULT,current,MULTI_SPOT,wss,1024,latency_p99,3861598.240
RESULT,current,MULTI_SPOT,wss,1024,server_cpu_pct,10.700
RESULT,current,MULTI_SPOT,wss,1024,server_mem_mb,98.090
RESULT,current,MULTI_SPOT,wss,1024,server_rcv_pending_end,0.000
RESULT,current,MULTI_SPOT,wss,1024,server_rcv_pending_max,0.000
RESULT,current,MULTI_SPOT,wss,1024,server_snd_pending_max,0.000
RESULT,current,MULTI_SPOT,wss,1024,throughput,1082957.200
RESULT,current,MULTI_SPOT,wss,65536,bandwidth,1654.994
RESULT,current,MULTI_SPOT,wss,65536,latency,644910.765
RESULT,current,MULTI_SPOT,wss,65536,latency_p95,3361576.300
RESULT,current,MULTI_SPOT,wss,65536,latency_p99,3858252.230
RESULT,current,MULTI_SPOT,wss,65536,server_cpu_pct,8.500
RESULT,current,MULTI_SPOT,wss,65536,server_mem_mb,451.520
RESULT,current,MULTI_SPOT,wss,65536,server_rcv_pending_end,0.000
RESULT,current,MULTI_SPOT,wss,65536,server_rcv_pending_max,0.000
RESULT,current,MULTI_SPOT,wss,65536,server_snd_pending_max,0.000
RESULT,current,MULTI_SPOT,wss,65536,throughput,25253.200
RESULT,current,MULTI_SPOT,wss,131072,bandwidth,12.242
RESULT,current,MULTI_SPOT,wss,131072,latency,4071464.750
RESULT,current,MULTI_SPOT,wss,131072,latency_p95,5144049.000
RESULT,current,MULTI_SPOT,wss,131072,latency_p99,5331575.400
RESULT,current,MULTI_SPOT,wss,131072,server_cpu_pct,6.420
RESULT,current,MULTI_SPOT,wss,131072,server_mem_mb,614.290
RESULT,current,MULTI_SPOT,wss,131072,server_rcv_pending_end,0.000
RESULT,current,MULTI_SPOT,wss,131072,server_rcv_pending_max,0.000
RESULT,current,MULTI_SPOT,wss,131072,server_snd_pending_max,0.000
RESULT,current,MULTI_SPOT,wss,131072,throughput,93.400
RESULT,current,MULTI_SPOT,wss,262144,bandwidth,1061.054
RESULT,current,MULTI_SPOT,wss,262144,latency,201618.461
RESULT,current,MULTI_SPOT,wss,262144,latency_p95,284320.150
RESULT,current,MULTI_SPOT,wss,262144,latency_p99,307462.370
RESULT,current,MULTI_SPOT,wss,262144,server_cpu_pct,8.010
RESULT,current,MULTI_SPOT,wss,262144,server_mem_mb,789.060
RESULT,current,MULTI_SPOT,wss,262144,server_rcv_pending_end,0.000
RESULT,current,MULTI_SPOT,wss,262144,server_rcv_pending_max,0.000
RESULT,current,MULTI_SPOT,wss,262144,server_snd_pending_max,0.000
RESULT,current,MULTI_SPOT,wss,262144,throughput,4047.600

Saved result file: /home/hep7/project/kairos/zlink/core/perf/results/multi/report/perf_linux_recv_20260324_191943_spot-multi-wss-fanout128-20260324_191943.txt (status=complete)

## Status Summary
- success: 6
- unsupported: 0
- skip: 0
- fail: 0
- expected result lines: 30
- actual result lines: 30
- status: complete
Total benchmark time: 1m 14s (74s, exit=0)
