=== Running multi benchmark: MULTI_SPOT ===
    warmup=1s duration=1s
    recv_mode=recv
Reusing build directory: /home/hep7/project/kairos/zlink/core/build
Using CMake source directory: /home/hep7/project/kairos/zlink

## Effective Options (runner)
- patterns: MULTI_SPOT
- build_dir: /home/hep7/project/kairos/zlink/core/build
- build_mode: reuse
- reuse_build: 1
- clean_build: 0
- runs: 1
- recv_mode: recv
- duration_seconds: 1
- warmup_seconds: 1
- hwm: default(binary)
- send_hwm: default(binary)
- recv_hwm: default(binary)
- sndbuf: default(os)
- rcvbuf: default(os)
- sndtimeo_ms: 200
- rcvtimeo_ms: 200
- pin_cpu: 0
- io_threads: default(policy)
- msg_sizes: 64,256,65536,262144
- transports: tls,wss
- results_dir: /home/hep7/project/kairos/zlink/core/perf/results
- results_tag: residual-reentry-20260325-iter-current
- result_file: /home/hep7/project/kairos/zlink/core/perf/results/multi/report/perf_linux_recv_20260325_033602_residual-reentry-20260325-iter-current.txt
- output_file: none
- comparison_script: /home/hep7/project/kairos/zlink/core/perf/run_comparison.py
- python: python3

## Effective Env (runner)
- PYTHONUNBUFFERED: 1
- PERF_RECV_MODE: recv
- PERF_MSG_SIZES: 64,256,65536,262144
- PERF_TRANSPORTS: tls,wss
- PERF_NO_AUTOBUILD: 1
- PERF_DISABLE_RESOURCE_METRICS: 0

META,os,Linux 6.6.87.2-microsoft-standard-WSL2
META,cpu,Intel(R) Core(TM) Ultra 7 265K
META,cores,20
META,build,Release
META,commit,7ab6f0ae
META,timestamp,2026-03-25T03:36:02+09:00
META,load_avg,2.70 4.20 4.65
META,runs,1
META,clients,100

## Effective Options (start)
- runs: 1
- recv_mode: recv
- patterns: MULTI_SPOT
- transports: tls,wss
- msg_sizes: 64,256,65536,262144
- warmup_seconds: 1
- active_warmup: 0
- duration_seconds: 1
- clients: 100
- default_clients: 100
- default_stream_clients: 10000
- service_clients: auto
- server_io_threads: 4 (default)
- client_io_threads: 4 (default)
- hwm: 100 (default)
- sndhwm: 100 (default)
- rcvhwm: 100 (default)
- sndbuf: default(os)
- rcvbuf: default(os)
- sndtimeo_ms: 200
- rcvtimeo_ms: 200
- connect_concurrency: 128 (default)
- settle_ms: 500
- connect_ready_timeout_ms: 5000
- monitor_hwm: 1000
- server_ready_timeout_ms: 10000
- server_shutdown_timeout_ms: 5000
- server_bind_port: 0
- transport_transition_ms: 3000
- pattern_transition_ms: 3000
- lat_timeout_ms: 5000
- stream_non_tcp_clients_max: 10000
- disable_resource_metrics: 0
- timeout_seconds: auto
## PATTERN: MULTI_SPOT (one-way)
  > Benchmarking current for MULTI_SPOT...
    Testing tls | 64B,256B,65536B,262144B:
      | Size     |         Throughput |      Bandwidth |  Lat.Mean(ms) |   Lat.P95(ms) |   Lat.P99(ms) |  S.CPU% | S.Mem MB | Q.Snd.Max | Q.Rcv.Max | Q.Rcv.End |
      |----------|--------------------|----------------|---------------|---------------|---------------|---------|----------|-----------|-----------|-----------|
      | 64B      |  1194.797 Kmsg/s |     76.467 MB/s |  3486.659 ms |  3806.958 ms |  3837.820 ms |  6.707 |   50.000 |         0 |         0 |         0 |
      | 256B     |  2582.762 Kmsg/s |    661.187 MB/s |    42.174 ms |   196.972 ms |   247.691 ms | 10.080 |   56.970 |         0 |         0 |         0 |
      | 65536B   |    15.932 Kmsg/s |   1044.120 MB/s |    28.973 ms |    56.560 ms |   105.150 ms |  9.365 |  338.230 |         0 |         0 |         0 |
      | 262144B  |     4.135 Kmsg/s |   1083.965 MB/s |    94.321 ms |   183.079 ms |   202.737 ms |  9.307 |  653.223 |         0 |         0 |         0 |
    Testing tls: Done
    [transport cooldown 3000ms]
    Testing wss | 64B,256B,65536B,262144B:
      | Size     |         Throughput |      Bandwidth |  Lat.Mean(ms) |   Lat.P95(ms) |   Lat.P99(ms) |  S.CPU% | S.Mem MB | Q.Snd.Max | Q.Rcv.Max | Q.Rcv.End |
      |----------|--------------------|----------------|---------------|---------------|---------------|---------|----------|-----------|-----------|-----------|
      | 64B      |   639.395 Kmsg/s |     40.921 MB/s |    37.858 ms |    63.459 ms |    66.109 ms |  6.537 |   55.273 |         0 |         0 |         0 |
      | 256B     |   560.246 Kmsg/s |    143.423 MB/s |     5.817 ms |     7.688 ms |     9.387 ms |  5.007 |   60.281 |         0 |         0 |         0 |
      | 65536B   |    31.986 Kmsg/s |   2096.234 MB/s |   118.716 ms |   211.485 ms |   233.937 ms |  5.662 |  334.555 |         0 |         0 |         0 |
      | 262144B  |     7.139 Kmsg/s |   1871.446 MB/s |   126.936 ms |   218.526 ms |   254.665 ms |  5.304 |  605.930 |         0 |         0 |         0 |
    Testing wss: Done

## Effective Options (result)
- runs: 1
- recv_mode: recv
- patterns: MULTI_SPOT
- transports: tls,wss
- msg_sizes: 64,256,65536,262144
- warmup_seconds: 1
- active_warmup: 0
- duration_seconds: 1
- clients: 100
- default_clients: 100
- default_stream_clients: 10000
- service_clients: auto
- server_io_threads: 4 (default)
- client_io_threads: 4 (default)
- hwm: 100 (default)
- sndhwm: 100 (default)
- rcvhwm: 100 (default)
- sndbuf: default(os)
- rcvbuf: default(os)
- sndtimeo_ms: 200
- rcvtimeo_ms: 200
- connect_concurrency: 128 (default)
- settle_ms: 500
- connect_ready_timeout_ms: 5000
- monitor_hwm: 1000
- server_ready_timeout_ms: 10000
- server_shutdown_timeout_ms: 5000
- server_bind_port: 0
- transport_transition_ms: 3000
- pattern_transition_ms: 3000
- lat_timeout_ms: 5000
- stream_non_tcp_clients_max: 10000
- disable_resource_metrics: 0
- timeout_seconds: auto

## Result Data
RESULT,current,MULTI_SPOT,tls,64,bandwidth,76.467
RESULT,current,MULTI_SPOT,tls,64,latency,3486659.166
RESULT,current,MULTI_SPOT,tls,64,latency_p95,3806958.200
RESULT,current,MULTI_SPOT,tls,64,latency_p99,3837819.860
RESULT,current,MULTI_SPOT,tls,64,server_cpu_pct,12.310
RESULT,current,MULTI_SPOT,tls,64,server_mem_mb,50.000
RESULT,current,MULTI_SPOT,tls,64,server_rcv_pending_end,0.000
RESULT,current,MULTI_SPOT,tls,64,server_rcv_pending_max,0.000
RESULT,current,MULTI_SPOT,tls,64,server_snd_pending_max,0.000
RESULT,current,MULTI_SPOT,tls,64,throughput,1194797.000
RESULT,current,MULTI_SPOT,tls,256,bandwidth,661.187
RESULT,current,MULTI_SPOT,tls,256,latency,42174.253
RESULT,current,MULTI_SPOT,tls,256,latency_p95,196972.000
RESULT,current,MULTI_SPOT,tls,256,latency_p99,247691.400
RESULT,current,MULTI_SPOT,tls,256,server_cpu_pct,10.080
RESULT,current,MULTI_SPOT,tls,256,server_mem_mb,56.970
RESULT,current,MULTI_SPOT,tls,256,server_rcv_pending_end,0.000
RESULT,current,MULTI_SPOT,tls,256,server_rcv_pending_max,0.000
RESULT,current,MULTI_SPOT,tls,256,server_snd_pending_max,0.000
RESULT,current,MULTI_SPOT,tls,256,throughput,2582762.000
RESULT,current,MULTI_SPOT,tls,65536,bandwidth,1044.120
RESULT,current,MULTI_SPOT,tls,65536,latency,28973.078
RESULT,current,MULTI_SPOT,tls,65536,latency_p95,56559.900
RESULT,current,MULTI_SPOT,tls,65536,latency_p99,105149.620
RESULT,current,MULTI_SPOT,tls,65536,server_cpu_pct,9.610
RESULT,current,MULTI_SPOT,tls,65536,server_mem_mb,342.140
RESULT,current,MULTI_SPOT,tls,65536,server_rcv_pending_end,0.000
RESULT,current,MULTI_SPOT,tls,65536,server_rcv_pending_max,0.000
RESULT,current,MULTI_SPOT,tls,65536,server_snd_pending_max,0.000
RESULT,current,MULTI_SPOT,tls,65536,throughput,15932.000
RESULT,current,MULTI_SPOT,tls,262144,bandwidth,1083.965
RESULT,current,MULTI_SPOT,tls,262144,latency,94320.577
RESULT,current,MULTI_SPOT,tls,262144,latency_p95,183078.850
RESULT,current,MULTI_SPOT,tls,262144,latency_p99,202737.140
RESULT,current,MULTI_SPOT,tls,262144,server_cpu_pct,9.500
RESULT,current,MULTI_SPOT,tls,262144,server_mem_mb,654.320
RESULT,current,MULTI_SPOT,tls,262144,server_rcv_pending_end,0.000
RESULT,current,MULTI_SPOT,tls,262144,server_rcv_pending_max,0.000
RESULT,current,MULTI_SPOT,tls,262144,server_snd_pending_max,0.000
RESULT,current,MULTI_SPOT,tls,262144,throughput,4135.000
RESULT,current,MULTI_SPOT,wss,64,bandwidth,40.921
RESULT,current,MULTI_SPOT,wss,64,latency,37857.577
RESULT,current,MULTI_SPOT,wss,64,latency_p95,63458.950
RESULT,current,MULTI_SPOT,wss,64,latency_p99,66109.380
RESULT,current,MULTI_SPOT,wss,64,server_cpu_pct,6.570
RESULT,current,MULTI_SPOT,wss,64,server_mem_mb,55.270
RESULT,current,MULTI_SPOT,wss,64,server_rcv_pending_end,0.000
RESULT,current,MULTI_SPOT,wss,64,server_rcv_pending_max,0.000
RESULT,current,MULTI_SPOT,wss,64,server_snd_pending_max,0.000
RESULT,current,MULTI_SPOT,wss,64,throughput,639395.000
RESULT,current,MULTI_SPOT,wss,256,bandwidth,143.423
RESULT,current,MULTI_SPOT,wss,256,latency,5816.567
RESULT,current,MULTI_SPOT,wss,256,latency_p95,7687.650
RESULT,current,MULTI_SPOT,wss,256,latency_p99,9386.970
RESULT,current,MULTI_SPOT,wss,256,server_cpu_pct,5.010
RESULT,current,MULTI_SPOT,wss,256,server_mem_mb,60.280
RESULT,current,MULTI_SPOT,wss,256,server_rcv_pending_end,0.000
RESULT,current,MULTI_SPOT,wss,256,server_rcv_pending_max,0.000
RESULT,current,MULTI_SPOT,wss,256,server_snd_pending_max,0.000
RESULT,current,MULTI_SPOT,wss,256,throughput,560246.000
RESULT,current,MULTI_SPOT,wss,65536,bandwidth,2096.234
RESULT,current,MULTI_SPOT,wss,65536,latency,118715.823
RESULT,current,MULTI_SPOT,wss,65536,latency_p95,211485.200
RESULT,current,MULTI_SPOT,wss,65536,latency_p99,233937.040
RESULT,current,MULTI_SPOT,wss,65536,server_cpu_pct,5.710
RESULT,current,MULTI_SPOT,wss,65536,server_mem_mb,334.550
RESULT,current,MULTI_SPOT,wss,65536,server_rcv_pending_end,0.000
RESULT,current,MULTI_SPOT,wss,65536,server_rcv_pending_max,0.000
RESULT,current,MULTI_SPOT,wss,65536,server_snd_pending_max,0.000
RESULT,current,MULTI_SPOT,wss,65536,throughput,31986.000
RESULT,current,MULTI_SPOT,wss,262144,bandwidth,1871.446
RESULT,current,MULTI_SPOT,wss,262144,latency,126935.857
RESULT,current,MULTI_SPOT,wss,262144,latency_p95,218525.650
RESULT,current,MULTI_SPOT,wss,262144,latency_p99,254665.370
RESULT,current,MULTI_SPOT,wss,262144,server_cpu_pct,5.360
RESULT,current,MULTI_SPOT,wss,262144,server_mem_mb,605.900
RESULT,current,MULTI_SPOT,wss,262144,server_rcv_pending_end,0.000
RESULT,current,MULTI_SPOT,wss,262144,server_rcv_pending_max,0.000
RESULT,current,MULTI_SPOT,wss,262144,server_snd_pending_max,0.000
RESULT,current,MULTI_SPOT,wss,262144,throughput,7139.000

Saved result file: /home/hep7/project/kairos/zlink/core/perf/results/multi/report/perf_linux_recv_20260325_033602_residual-reentry-20260325-iter-current.txt (status=complete)

## Status Summary
- success: 8
- unsupported: 0
- skip: 0
- fail: 0
- expected result lines: 40
- actual result lines: 40
- status: complete
Total benchmark time: 51s (51s, exit=0)
