=== Running multi benchmark: MULTI_SPOT ===
    warmup=2s duration=5s
    recv_mode=recv
Reusing build directory: /home/hep7/project/kairos/zlink/core/build
Using CMake source directory: /home/hep7/project/kairos/zlink

## Effective Options (runner)
- patterns: MULTI_SPOT
- build_dir: /home/hep7/project/kairos/zlink/core/build
- build_mode: reuse
- reuse_build: 1
- clean_build: 0
- runs: 1
- recv_mode: recv
- duration_seconds: 5
- warmup_seconds: 2
- hwm: default(binary)
- send_hwm: default(binary)
- recv_hwm: default(binary)
- sndbuf: default(os)
- rcvbuf: default(os)
- sndtimeo_ms: 200
- rcvtimeo_ms: 200
- pin_cpu: 0
- io_threads: default(policy)
- msg_sizes: 256,65536,131072
- transports: tls
- results_dir: /home/hep7/project/kairos/zlink/core/perf/results
- results_tag: triage-multi-tls-256-65536-131072
- result_file: /home/hep7/project/kairos/zlink/core/perf/results/multi/report/perf_linux_recv_20260324_175449_triage-multi-tls-256-65536-131072.txt
- output_file: none
- comparison_script: /home/hep7/project/kairos/zlink/core/perf/run_comparison.py
- python: python3

## Effective Env (runner)
- PYTHONUNBUFFERED: 1
- PERF_RECV_MODE: recv
- PERF_MSG_SIZES: 256,65536,131072
- PERF_TRANSPORTS: tls
- PERF_NO_AUTOBUILD: 1
- PERF_DISABLE_RESOURCE_METRICS: 0

META,os,Linux 6.6.87.2-microsoft-standard-WSL2
META,cpu,Intel(R) Core(TM) Ultra 7 265K
META,cores,20
META,build,Release
META,commit,45bdf7dc
META,timestamp,2026-03-24T17:54:49+09:00
META,load_avg,6.06 7.30 6.25
META,runs,1
META,clients,100

## Effective Options (start)
- runs: 1
- recv_mode: recv
- patterns: MULTI_SPOT
- transports: tls
- msg_sizes: 256,65536,131072
- warmup_seconds: 2
- active_warmup: 0
- duration_seconds: 5
- clients: 100
- default_clients: 100
- default_stream_clients: 10000
- service_clients: auto
- server_io_threads: 4 (default)
- client_io_threads: 4 (default)
- hwm: 100 (default)
- sndhwm: 100 (default)
- rcvhwm: 100 (default)
- sndbuf: default(os)
- rcvbuf: default(os)
- sndtimeo_ms: 200
- rcvtimeo_ms: 200
- connect_concurrency: 128 (default)
- settle_ms: 500
- connect_ready_timeout_ms: 5000
- monitor_hwm: 1000
- server_ready_timeout_ms: 10000
- server_shutdown_timeout_ms: 5000
- server_bind_port: 0
- transport_transition_ms: 3000
- pattern_transition_ms: 3000
- lat_timeout_ms: 5000
- stream_non_tcp_clients_max: 10000
- disable_resource_metrics: 0
- timeout_seconds: auto
## PATTERN: MULTI_SPOT (one-way)
  > Benchmarking current for MULTI_SPOT...
    Testing tls | 256B,65536B,131072B:
      | Size     |         Throughput |      Bandwidth |  Lat.Mean(ms) |   Lat.P95(ms) |   Lat.P99(ms) |  S.CPU% | S.Mem MB | Q.Snd.Max | Q.Rcv.Max | Q.Rcv.End |
      |----------|--------------------|----------------|---------------|---------------|---------------|---------|----------|-----------|-----------|-----------|
      | 256B     |  1359.728 Kmsg/s |    348.090 MB/s |   755.990 ms |  4129.742 ms |  4479.294 ms | 11.494 |   73.645 |         0 |         0 |         0 |
      | 65536B   |    19.676 Kmsg/s |   1289.513 MB/s |   351.759 ms |  1439.100 ms |  1762.608 ms | 10.765 |  622.723 |         0 |         0 |         0 |
      | 131072B  |    28.175 Kmsg/s |   3693.006 MB/s |   984.181 ms |  4254.053 ms |  4823.520 ms | 16.068 |  531.953 |         0 |         0 |         0 |
    Testing tls: Done

## Effective Options (result)
- runs: 1
- recv_mode: recv
- patterns: MULTI_SPOT
- transports: tls
- msg_sizes: 256,65536,131072
- warmup_seconds: 2
- active_warmup: 0
- duration_seconds: 5
- clients: 100
- default_clients: 100
- default_stream_clients: 10000
- service_clients: auto
- server_io_threads: 4 (default)
- client_io_threads: 4 (default)
- hwm: 100 (default)
- sndhwm: 100 (default)
- rcvhwm: 100 (default)
- sndbuf: default(os)
- rcvbuf: default(os)
- sndtimeo_ms: 200
- rcvtimeo_ms: 200
- connect_concurrency: 128 (default)
- settle_ms: 500
- connect_ready_timeout_ms: 5000
- monitor_hwm: 1000
- server_ready_timeout_ms: 10000
- server_shutdown_timeout_ms: 5000
- server_bind_port: 0
- transport_transition_ms: 3000
- pattern_transition_ms: 3000
- lat_timeout_ms: 5000
- stream_non_tcp_clients_max: 10000
- disable_resource_metrics: 0
- timeout_seconds: auto

## Result Data
RESULT,current,MULTI_SPOT,tls,256,bandwidth,348.090
RESULT,current,MULTI_SPOT,tls,256,latency,755990.496
RESULT,current,MULTI_SPOT,tls,256,latency_p95,4129741.800
RESULT,current,MULTI_SPOT,tls,256,latency_p99,4479293.970
RESULT,current,MULTI_SPOT,tls,256,server_cpu_pct,11.510
RESULT,current,MULTI_SPOT,tls,256,server_mem_mb,73.640
RESULT,current,MULTI_SPOT,tls,256,server_rcv_pending_end,0.000
RESULT,current,MULTI_SPOT,tls,256,server_rcv_pending_max,0.000
RESULT,current,MULTI_SPOT,tls,256,server_snd_pending_max,0.000
RESULT,current,MULTI_SPOT,tls,256,throughput,1359728.200
RESULT,current,MULTI_SPOT,tls,65536,bandwidth,1289.513
RESULT,current,MULTI_SPOT,tls,65536,latency,351759.307
RESULT,current,MULTI_SPOT,tls,65536,latency_p95,1439099.500
RESULT,current,MULTI_SPOT,tls,65536,latency_p99,1762607.500
RESULT,current,MULTI_SPOT,tls,65536,server_cpu_pct,10.820
RESULT,current,MULTI_SPOT,tls,65536,server_mem_mb,622.720
RESULT,current,MULTI_SPOT,tls,65536,server_rcv_pending_end,0.000
RESULT,current,MULTI_SPOT,tls,65536,server_rcv_pending_max,0.000
RESULT,current,MULTI_SPOT,tls,65536,server_snd_pending_max,0.000
RESULT,current,MULTI_SPOT,tls,65536,throughput,19676.400
RESULT,current,MULTI_SPOT,tls,131072,bandwidth,3693.006
RESULT,current,MULTI_SPOT,tls,131072,latency,984180.637
RESULT,current,MULTI_SPOT,tls,131072,latency_p95,4254052.950
RESULT,current,MULTI_SPOT,tls,131072,latency_p99,4823520.040
RESULT,current,MULTI_SPOT,tls,131072,server_cpu_pct,16.420
RESULT,current,MULTI_SPOT,tls,131072,server_mem_mb,531.950
RESULT,current,MULTI_SPOT,tls,131072,server_rcv_pending_end,0.000
RESULT,current,MULTI_SPOT,tls,131072,server_rcv_pending_max,0.000
RESULT,current,MULTI_SPOT,tls,131072,server_snd_pending_max,0.000
RESULT,current,MULTI_SPOT,tls,131072,throughput,28175.400

Saved result file: /home/hep7/project/kairos/zlink/core/perf/results/multi/report/perf_linux_recv_20260324_175449_triage-multi-tls-256-65536-131072.txt (status=complete)

## Status Summary
- success: 3
- unsupported: 0
- skip: 0
- fail: 0
- expected result lines: 15
- actual result lines: 15
- status: complete
Total benchmark time: 24s (24s, exit=0)
