=== Running multi benchmark: MULTI_SPOT ===
    warmup=2s duration=5s
    recv_mode=recv
Reusing build directory: /home/hep7/project/kairos/zlink/core/build
Using CMake source directory: /home/hep7/project/kairos/zlink

## Effective Options (runner)
- patterns: MULTI_SPOT
- build_dir: /home/hep7/project/kairos/zlink/core/build
- build_mode: reuse
- reuse_build: 1
- clean_build: 0
- runs: 1
- recv_mode: recv
- duration_seconds: 5
- warmup_seconds: 2
- hwm: default(binary)
- send_hwm: default(binary)
- recv_hwm: default(binary)
- sndbuf: default(os)
- rcvbuf: default(os)
- sndtimeo_ms: 200
- rcvtimeo_ms: 200
- pin_cpu: 0
- io_threads: default(policy)
- msg_sizes: 64,256,1024,65536,131072,262144
- transports: tcp,tls,ws,wss
- results_dir: /home/hep7/project/kairos/zlink/core/perf/results
- results_tag: spot-multi-20260324e
- result_file: /home/hep7/project/kairos/zlink/core/perf/results/multi/report/perf_linux_recv_20260324_184116_spot-multi-20260324e.txt
- output_file: none
- comparison_script: /home/hep7/project/kairos/zlink/core/perf/run_comparison.py
- python: python3

## Effective Env (runner)
- PYTHONUNBUFFERED: 1
- PERF_RECV_MODE: recv
- PERF_MSG_SIZES: 64,256,1024,65536,131072,262144
- PERF_TRANSPORTS: tcp,tls,ws,wss
- PERF_NO_AUTOBUILD: 1
- PERF_DISABLE_RESOURCE_METRICS: 0

META,os,Linux 6.6.87.2-microsoft-standard-WSL2
META,cpu,Intel(R) Core(TM) Ultra 7 265K
META,cores,20
META,build,Release
META,commit,45bdf7dc
META,timestamp,2026-03-24T18:41:16+09:00
META,load_avg,3.03 3.61 4.00
META,runs,1
META,clients,100

## Effective Options (start)
- runs: 1
- recv_mode: recv
- patterns: MULTI_SPOT
- transports: tcp,tls,ws,wss
- msg_sizes: 64,256,1024,65536,131072,262144
- warmup_seconds: 2
- active_warmup: 0
- duration_seconds: 5
- clients: 100
- default_clients: 100
- default_stream_clients: 10000
- service_clients: auto
- server_io_threads: 4 (default)
- client_io_threads: 4 (default)
- hwm: 100 (default)
- sndhwm: 100 (default)
- rcvhwm: 100 (default)
- sndbuf: default(os)
- rcvbuf: default(os)
- sndtimeo_ms: 200
- rcvtimeo_ms: 200
- connect_concurrency: 128 (default)
- settle_ms: 500
- connect_ready_timeout_ms: 5000
- monitor_hwm: 1000
- server_ready_timeout_ms: 10000
- server_shutdown_timeout_ms: 5000
- server_bind_port: 0
- transport_transition_ms: 3000
- pattern_transition_ms: 3000
- lat_timeout_ms: 5000
- stream_non_tcp_clients_max: 10000
- disable_resource_metrics: 0
- timeout_seconds: auto
## PATTERN: MULTI_SPOT (one-way)
  > Benchmarking current for MULTI_SPOT...
    Testing tcp | 64B,256B,1024B,65536B,131072B,262144B:
      | Size     |         Throughput |      Bandwidth |  Lat.Mean(ms) |   Lat.P95(ms) |   Lat.P99(ms) |  S.CPU% | S.Mem MB | Q.Snd.Max | Q.Rcv.Max | Q.Rcv.End |
      |----------|--------------------|----------------|---------------|---------------|---------------|---------|----------|-----------|-----------|-----------|
      | 64B      |  4099.333 Kmsg/s |    262.357 MB/s |  1247.422 ms |  1822.801 ms |  1867.069 ms | 14.168 |   20.469 |         0 |         0 |         0 |
      | 256B     |  2348.157 Kmsg/s |    601.128 MB/s |   938.948 ms |  2008.497 ms |  2254.097 ms | 11.033 |   22.812 |         0 |         0 |         0 |
      | 1024B    |  1105.326 Kmsg/s |   1131.853 MB/s |   148.008 ms |   193.559 ms |   206.919 ms |  9.442 |   26.309 |         0 |         0 |         0 |
      | 65536B   |    60.385 Kmsg/s |   3957.378 MB/s |   277.608 ms |   458.824 ms |   549.761 ms | 10.815 |  268.281 |         0 |         0 |         0 |
      | 131072B  |    34.585 Kmsg/s |   4533.073 MB/s |   363.321 ms |   564.382 ms |   601.307 ms | 11.736 |  363.484 |         0 |         0 |         0 |
      | 262144B  |    16.083 Kmsg/s |   4216.010 MB/s |   656.370 ms |   787.335 ms |   821.984 ms | 11.716 |  226.125 |         0 |         0 |         0 |
    Testing tcp: Done
    [transport cooldown 3000ms]
    Testing tls | 64B,256B,1024B,65536B,131072B,262144B:
      | Size     |         Throughput |      Bandwidth |  Lat.Mean(ms) |   Lat.P95(ms) |   Lat.P99(ms) |  S.CPU% | S.Mem MB | Q.Snd.Max | Q.Rcv.Max | Q.Rcv.End |
      |----------|--------------------|----------------|---------------|---------------|---------------|---------|----------|-----------|-----------|-----------|
      | 64B      |  2584.396 Kmsg/s |    165.401 MB/s |   527.299 ms |  2391.405 ms |  2703.006 ms | 10.846 |   61.301 |         0 |         0 |         0 |
      | 256B     |  2107.588 Kmsg/s |    539.543 MB/s |   758.407 ms |  2666.322 ms |  3071.774 ms | 12.272 |   74.461 |         0 |         0 |         0 |
      | 1024B    |  1257.301 Kmsg/s |   1287.476 MB/s |   597.445 ms |  2560.247 ms |  2972.297 ms | 13.521 |  119.473 |         0 |         0 |         0 |
      | 65536B   |    43.897 Kmsg/s |   2876.860 MB/s |   546.858 ms |  3523.737 ms |  3994.053 ms | 13.923 |  589.008 |         0 |         0 |         0 |
      | 131072B  |    24.149 Kmsg/s |   3165.310 MB/s |    88.176 ms |   117.047 ms |   143.368 ms | 15.186 |  690.301 |         0 |         0 |         0 |
      | 262144B  |    14.739 Kmsg/s |   3863.688 MB/s |   242.868 ms |   421.390 ms |   453.382 ms | 16.756 |  675.555 |         0 |         0 |         0 |
    Testing tls: Done
    [transport cooldown 3000ms]
    Testing ws | 64B,256B,1024B,65536B,131072B,262144B:
      | Size     |         Throughput |      Bandwidth |  Lat.Mean(ms) |   Lat.P95(ms) |   Lat.P99(ms) |  S.CPU% | S.Mem MB | Q.Snd.Max | Q.Rcv.Max | Q.Rcv.End |
      |----------|--------------------|----------------|---------------|---------------|---------------|---------|----------|-----------|-----------|-----------|
      | 64B      |  1099.803 Kmsg/s |     70.387 MB/s |  2426.729 ms |  4080.387 ms |  5260.633 ms |  7.787 |   22.691 |         0 |         0 |         0 |
      | 256B     |  1021.523 Kmsg/s |    261.510 MB/s |  1226.947 ms |  2442.912 ms |  3599.571 ms |  8.877 |   25.156 |         0 |         0 |         0 |
      | 1024B    |   696.382 Kmsg/s |    713.095 MB/s |   464.720 ms |  1617.261 ms |  2011.438 ms |  8.664 |   34.430 |         0 |         0 |         0 |
      | 65536B   |    36.862 Kmsg/s |   2415.788 MB/s |   464.241 ms |   723.612 ms |   794.648 ms |  9.025 |  262.184 |         0 |         0 |         0 |
      | 131072B  |    21.712 Kmsg/s |   2845.809 MB/s |   572.480 ms |   848.875 ms |   925.603 ms |  9.637 |  273.574 |         0 |         0 |         0 |
      | 262144B  |    10.914 Kmsg/s |   2861.144 MB/s |   773.101 ms |   998.822 ms |  1085.459 ms |  9.121 |  185.699 |         0 |         0 |         0 |
    Testing ws: Done
    [transport cooldown 3000ms]
    Testing wss | 64B,256B,1024B,65536B,131072B,262144B:
      | Size     |         Throughput |      Bandwidth |  Lat.Mean(ms) |   Lat.P95(ms) |   Lat.P99(ms) |  S.CPU% | S.Mem MB | Q.Snd.Max | Q.Rcv.Max | Q.Rcv.End |
      |----------|--------------------|----------------|---------------|---------------|---------------|---------|----------|-----------|-----------|-----------|
      | 64B      |   784.626 Kmsg/s |     50.216 MB/s |  2311.885 ms |  4538.579 ms |  4794.973 ms |  7.618 |   46.973 |         0 |         0 |         0 |
      | 256B     |   634.751 Kmsg/s |    162.496 MB/s |  3262.078 ms |  4650.739 ms |  4913.391 ms |  6.368 |   49.062 |         0 |         0 |         0 |
      | 1024B    |   331.028 Kmsg/s |    338.973 MB/s |  2657.006 ms |  3268.263 ms |  3410.058 ms |  6.231 |   58.539 |         0 |         0 |         0 |
      | 65536B   |    34.781 Kmsg/s |   2279.421 MB/s |   449.636 ms |  1806.583 ms |  2175.717 ms |  8.480 |  249.426 |         0 |         0 |         0 |
      | 131072B  |     6.604 Kmsg/s |    865.652 MB/s |  2323.624 ms |  2771.476 ms |  2877.895 ms |  5.459 |  215.121 |         0 |         0 |         0 |
      | 262144B  |     3.907 Kmsg/s |   1024.249 MB/s |  2349.346 ms |  2804.411 ms |  2898.591 ms |  5.816 |  197.262 |         0 |         0 |         0 |
    Testing wss: Done

## Effective Options (result)
- runs: 1
- recv_mode: recv
- patterns: MULTI_SPOT
- transports: tcp,tls,ws,wss
- msg_sizes: 64,256,1024,65536,131072,262144
- warmup_seconds: 2
- active_warmup: 0
- duration_seconds: 5
- clients: 100
- default_clients: 100
- default_stream_clients: 10000
- service_clients: auto
- server_io_threads: 4 (default)
- client_io_threads: 4 (default)
- hwm: 100 (default)
- sndhwm: 100 (default)
- rcvhwm: 100 (default)
- sndbuf: default(os)
- rcvbuf: default(os)
- sndtimeo_ms: 200
- rcvtimeo_ms: 200
- connect_concurrency: 128 (default)
- settle_ms: 500
- connect_ready_timeout_ms: 5000
- monitor_hwm: 1000
- server_ready_timeout_ms: 10000
- server_shutdown_timeout_ms: 5000
- server_bind_port: 0
- transport_transition_ms: 3000
- pattern_transition_ms: 3000
- lat_timeout_ms: 5000
- stream_non_tcp_clients_max: 10000
- disable_resource_metrics: 0
- timeout_seconds: auto

## Result Data
RESULT,current,MULTI_SPOT,tcp,64,bandwidth,262.357
RESULT,current,MULTI_SPOT,tcp,64,latency,1247421.579
RESULT,current,MULTI_SPOT,tcp,64,latency_p95,1822801.250
RESULT,current,MULTI_SPOT,tcp,64,latency_p99,1867069.130
RESULT,current,MULTI_SPOT,tcp,64,server_cpu_pct,15.280
RESULT,current,MULTI_SPOT,tcp,64,server_mem_mb,20.470
RESULT,current,MULTI_SPOT,tcp,64,server_rcv_pending_end,0.000
RESULT,current,MULTI_SPOT,tcp,64,server_rcv_pending_max,0.000
RESULT,current,MULTI_SPOT,tcp,64,server_snd_pending_max,0.000
RESULT,current,MULTI_SPOT,tcp,64,throughput,4099332.600
RESULT,current,MULTI_SPOT,tcp,256,bandwidth,601.128
RESULT,current,MULTI_SPOT,tcp,256,latency,938947.778
RESULT,current,MULTI_SPOT,tcp,256,latency_p95,2008497.100
RESULT,current,MULTI_SPOT,tcp,256,latency_p99,2254097.420
RESULT,current,MULTI_SPOT,tcp,256,server_cpu_pct,11.350
RESULT,current,MULTI_SPOT,tcp,256,server_mem_mb,22.810
RESULT,current,MULTI_SPOT,tcp,256,server_rcv_pending_end,0.000
RESULT,current,MULTI_SPOT,tcp,256,server_rcv_pending_max,0.000
RESULT,current,MULTI_SPOT,tcp,256,server_snd_pending_max,0.000
RESULT,current,MULTI_SPOT,tcp,256,throughput,2348157.000
RESULT,current,MULTI_SPOT,tcp,1024,bandwidth,1131.853
RESULT,current,MULTI_SPOT,tcp,1024,latency,148007.555
RESULT,current,MULTI_SPOT,tcp,1024,latency_p95,193559.100
RESULT,current,MULTI_SPOT,tcp,1024,latency_p99,206918.910
RESULT,current,MULTI_SPOT,tcp,1024,server_cpu_pct,9.550
RESULT,current,MULTI_SPOT,tcp,1024,server_mem_mb,26.310
RESULT,current,MULTI_SPOT,tcp,1024,server_rcv_pending_end,0.000
RESULT,current,MULTI_SPOT,tcp,1024,server_rcv_pending_max,0.000
RESULT,current,MULTI_SPOT,tcp,1024,server_snd_pending_max,0.000
RESULT,current,MULTI_SPOT,tcp,1024,throughput,1105325.600
RESULT,current,MULTI_SPOT,tcp,65536,bandwidth,3957.378
RESULT,current,MULTI_SPOT,tcp,65536,latency,277607.745
RESULT,current,MULTI_SPOT,tcp,65536,latency_p95,458824.250
RESULT,current,MULTI_SPOT,tcp,65536,latency_p99,549761.450
RESULT,current,MULTI_SPOT,tcp,65536,server_cpu_pct,11.090
RESULT,current,MULTI_SPOT,tcp,65536,server_mem_mb,268.440
RESULT,current,MULTI_SPOT,tcp,65536,server_rcv_pending_end,0.000
RESULT,current,MULTI_SPOT,tcp,65536,server_rcv_pending_max,0.000
RESULT,current,MULTI_SPOT,tcp,65536,server_snd_pending_max,0.000
RESULT,current,MULTI_SPOT,tcp,65536,throughput,60384.800
RESULT,current,MULTI_SPOT,tcp,131072,bandwidth,4533.073
RESULT,current,MULTI_SPOT,tcp,131072,latency,363320.800
RESULT,current,MULTI_SPOT,tcp,131072,latency_p95,564381.750
RESULT,current,MULTI_SPOT,tcp,131072,latency_p99,601306.800
RESULT,current,MULTI_SPOT,tcp,131072,server_cpu_pct,12.170
RESULT,current,MULTI_SPOT,tcp,131072,server_mem_mb,364.110
RESULT,current,MULTI_SPOT,tcp,131072,server_rcv_pending_end,0.000
RESULT,current,MULTI_SPOT,tcp,131072,server_rcv_pending_max,0.000
RESULT,current,MULTI_SPOT,tcp,131072,server_snd_pending_max,0.000
RESULT,current,MULTI_SPOT,tcp,131072,throughput,34584.600
RESULT,current,MULTI_SPOT,tcp,262144,bandwidth,4216.010
RESULT,current,MULTI_SPOT,tcp,262144,latency,656370.021
RESULT,current,MULTI_SPOT,tcp,262144,latency_p95,787334.700
RESULT,current,MULTI_SPOT,tcp,262144,latency_p99,821984.040
RESULT,current,MULTI_SPOT,tcp,262144,server_cpu_pct,12.460
RESULT,current,MULTI_SPOT,tcp,262144,server_mem_mb,225.390
RESULT,current,MULTI_SPOT,tcp,262144,server_rcv_pending_end,0.000
RESULT,current,MULTI_SPOT,tcp,262144,server_rcv_pending_max,0.000
RESULT,current,MULTI_SPOT,tcp,262144,server_snd_pending_max,0.000
RESULT,current,MULTI_SPOT,tcp,262144,throughput,16082.800
RESULT,current,MULTI_SPOT,tls,64,bandwidth,165.401
RESULT,current,MULTI_SPOT,tls,64,latency,527298.698
RESULT,current,MULTI_SPOT,tls,64,latency_p95,2391405.000
RESULT,current,MULTI_SPOT,tls,64,latency_p99,2703006.350
RESULT,current,MULTI_SPOT,tls,64,server_cpu_pct,10.840
RESULT,current,MULTI_SPOT,tls,64,server_mem_mb,61.300
RESULT,current,MULTI_SPOT,tls,64,server_rcv_pending_end,0.000
RESULT,current,MULTI_SPOT,tls,64,server_rcv_pending_max,0.000
RESULT,current,MULTI_SPOT,tls,64,server_snd_pending_max,0.000
RESULT,current,MULTI_SPOT,tls,64,throughput,2584395.800
RESULT,current,MULTI_SPOT,tls,256,bandwidth,539.543
RESULT,current,MULTI_SPOT,tls,256,latency,758407.323
RESULT,current,MULTI_SPOT,tls,256,latency_p95,2666321.900
RESULT,current,MULTI_SPOT,tls,256,latency_p99,3071774.050
RESULT,current,MULTI_SPOT,tls,256,server_cpu_pct,12.270
RESULT,current,MULTI_SPOT,tls,256,server_mem_mb,74.460
RESULT,current,MULTI_SPOT,tls,256,server_rcv_pending_end,0.000
RESULT,current,MULTI_SPOT,tls,256,server_rcv_pending_max,0.000
RESULT,current,MULTI_SPOT,tls,256,server_snd_pending_max,0.000
RESULT,current,MULTI_SPOT,tls,256,throughput,2107588.200
RESULT,current,MULTI_SPOT,tls,1024,bandwidth,1287.476
RESULT,current,MULTI_SPOT,tls,1024,latency,597444.690
RESULT,current,MULTI_SPOT,tls,1024,latency_p95,2560246.500
RESULT,current,MULTI_SPOT,tls,1024,latency_p99,2972297.200
RESULT,current,MULTI_SPOT,tls,1024,server_cpu_pct,13.570
RESULT,current,MULTI_SPOT,tls,1024,server_mem_mb,119.470
RESULT,current,MULTI_SPOT,tls,1024,server_rcv_pending_end,0.000
RESULT,current,MULTI_SPOT,tls,1024,server_rcv_pending_max,0.000
RESULT,current,MULTI_SPOT,tls,1024,server_snd_pending_max,0.000
RESULT,current,MULTI_SPOT,tls,1024,throughput,1257301.000
RESULT,current,MULTI_SPOT,tls,65536,bandwidth,2876.860
RESULT,current,MULTI_SPOT,tls,65536,latency,546858.181
RESULT,current,MULTI_SPOT,tls,65536,latency_p95,3523737.000
RESULT,current,MULTI_SPOT,tls,65536,latency_p99,3994052.800
RESULT,current,MULTI_SPOT,tls,65536,server_cpu_pct,13.950
RESULT,current,MULTI_SPOT,tls,65536,server_mem_mb,589.010
RESULT,current,MULTI_SPOT,tls,65536,server_rcv_pending_end,0.000
RESULT,current,MULTI_SPOT,tls,65536,server_rcv_pending_max,0.000
RESULT,current,MULTI_SPOT,tls,65536,server_snd_pending_max,0.000
RESULT,current,MULTI_SPOT,tls,65536,throughput,43897.400
RESULT,current,MULTI_SPOT,tls,131072,bandwidth,3165.310
RESULT,current,MULTI_SPOT,tls,131072,latency,88176.493
RESULT,current,MULTI_SPOT,tls,131072,latency_p95,117047.200
RESULT,current,MULTI_SPOT,tls,131072,latency_p99,143367.940
RESULT,current,MULTI_SPOT,tls,131072,server_cpu_pct,15.240
RESULT,current,MULTI_SPOT,tls,131072,server_mem_mb,690.300
RESULT,current,MULTI_SPOT,tls,131072,server_rcv_pending_end,0.000
RESULT,current,MULTI_SPOT,tls,131072,server_rcv_pending_max,0.000
RESULT,current,MULTI_SPOT,tls,131072,server_snd_pending_max,0.000
RESULT,current,MULTI_SPOT,tls,131072,throughput,24149.400
RESULT,current,MULTI_SPOT,tls,262144,bandwidth,3863.688
RESULT,current,MULTI_SPOT,tls,262144,latency,242867.549
RESULT,current,MULTI_SPOT,tls,262144,latency_p95,421390.000
RESULT,current,MULTI_SPOT,tls,262144,latency_p99,453381.720
RESULT,current,MULTI_SPOT,tls,262144,server_cpu_pct,16.890
RESULT,current,MULTI_SPOT,tls,262144,server_mem_mb,675.550
RESULT,current,MULTI_SPOT,tls,262144,server_rcv_pending_end,0.000
RESULT,current,MULTI_SPOT,tls,262144,server_rcv_pending_max,0.000
RESULT,current,MULTI_SPOT,tls,262144,server_snd_pending_max,0.000
RESULT,current,MULTI_SPOT,tls,262144,throughput,14738.800
RESULT,current,MULTI_SPOT,ws,64,bandwidth,70.387
RESULT,current,MULTI_SPOT,ws,64,latency,2426729.299
RESULT,current,MULTI_SPOT,ws,64,latency_p95,4080386.500
RESULT,current,MULTI_SPOT,ws,64,latency_p99,5260632.650
RESULT,current,MULTI_SPOT,ws,64,server_cpu_pct,9.810
RESULT,current,MULTI_SPOT,ws,64,server_mem_mb,22.690
RESULT,current,MULTI_SPOT,ws,64,server_rcv_pending_end,0.000
RESULT,current,MULTI_SPOT,ws,64,server_rcv_pending_max,0.000
RESULT,current,MULTI_SPOT,ws,64,server_snd_pending_max,0.000
RESULT,current,MULTI_SPOT,ws,64,throughput,1099802.600
RESULT,current,MULTI_SPOT,ws,256,bandwidth,261.510
RESULT,current,MULTI_SPOT,ws,256,latency,1226946.992
RESULT,current,MULTI_SPOT,ws,256,latency_p95,2442911.750
RESULT,current,MULTI_SPOT,ws,256,latency_p99,3599571.050
RESULT,current,MULTI_SPOT,ws,256,server_cpu_pct,9.240
RESULT,current,MULTI_SPOT,ws,256,server_mem_mb,25.160
RESULT,current,MULTI_SPOT,ws,256,server_rcv_pending_end,0.000
RESULT,current,MULTI_SPOT,ws,256,server_rcv_pending_max,0.000
RESULT,current,MULTI_SPOT,ws,256,server_snd_pending_max,0.000
RESULT,current,MULTI_SPOT,ws,256,throughput,1021523.400
RESULT,current,MULTI_SPOT,ws,1024,bandwidth,713.095
RESULT,current,MULTI_SPOT,ws,1024,latency,464720.317
RESULT,current,MULTI_SPOT,ws,1024,latency_p95,1617260.500
RESULT,current,MULTI_SPOT,ws,1024,latency_p99,2011438.200
RESULT,current,MULTI_SPOT,ws,1024,server_cpu_pct,8.930
RESULT,current,MULTI_SPOT,ws,1024,server_mem_mb,34.430
RESULT,current,MULTI_SPOT,ws,1024,server_rcv_pending_end,0.000
RESULT,current,MULTI_SPOT,ws,1024,server_rcv_pending_max,0.000
RESULT,current,MULTI_SPOT,ws,1024,server_snd_pending_max,0.000
RESULT,current,MULTI_SPOT,ws,1024,throughput,696381.800
RESULT,current,MULTI_SPOT,ws,65536,bandwidth,2415.788
RESULT,current,MULTI_SPOT,ws,65536,latency,464240.982
RESULT,current,MULTI_SPOT,ws,65536,latency_p95,723612.050
RESULT,current,MULTI_SPOT,ws,65536,latency_p99,794647.940
RESULT,current,MULTI_SPOT,ws,65536,server_cpu_pct,9.390
RESULT,current,MULTI_SPOT,ws,65536,server_mem_mb,262.180
RESULT,current,MULTI_SPOT,ws,65536,server_rcv_pending_end,0.000
RESULT,current,MULTI_SPOT,ws,65536,server_rcv_pending_max,0.000
RESULT,current,MULTI_SPOT,ws,65536,server_snd_pending_max,0.000
RESULT,current,MULTI_SPOT,ws,65536,throughput,36862.000
RESULT,current,MULTI_SPOT,ws,131072,bandwidth,2845.809
RESULT,current,MULTI_SPOT,ws,131072,latency,572479.903
RESULT,current,MULTI_SPOT,ws,131072,latency_p95,848874.700
RESULT,current,MULTI_SPOT,ws,131072,latency_p99,925603.120
RESULT,current,MULTI_SPOT,ws,131072,server_cpu_pct,10.150
RESULT,current,MULTI_SPOT,ws,131072,server_mem_mb,274.510
RESULT,current,MULTI_SPOT,ws,131072,server_rcv_pending_end,0.000
RESULT,current,MULTI_SPOT,ws,131072,server_rcv_pending_max,0.000
RESULT,current,MULTI_SPOT,ws,131072,server_snd_pending_max,0.000
RESULT,current,MULTI_SPOT,ws,131072,throughput,21711.800
RESULT,current,MULTI_SPOT,ws,262144,bandwidth,2861.144
RESULT,current,MULTI_SPOT,ws,262144,latency,773101.011
RESULT,current,MULTI_SPOT,ws,262144,latency_p95,998821.500
RESULT,current,MULTI_SPOT,ws,262144,latency_p99,1085458.940
RESULT,current,MULTI_SPOT,ws,262144,server_cpu_pct,10.280
RESULT,current,MULTI_SPOT,ws,262144,server_mem_mb,185.860
RESULT,current,MULTI_SPOT,ws,262144,server_rcv_pending_end,0.000
RESULT,current,MULTI_SPOT,ws,262144,server_rcv_pending_max,0.000
RESULT,current,MULTI_SPOT,ws,262144,server_snd_pending_max,0.000
RESULT,current,MULTI_SPOT,ws,262144,throughput,10914.400
RESULT,current,MULTI_SPOT,wss,64,bandwidth,50.216
RESULT,current,MULTI_SPOT,wss,64,latency,2311884.959
RESULT,current,MULTI_SPOT,wss,64,latency_p95,4538579.000
RESULT,current,MULTI_SPOT,wss,64,latency_p99,4794973.000
RESULT,current,MULTI_SPOT,wss,64,server_cpu_pct,7.640
RESULT,current,MULTI_SPOT,wss,64,server_mem_mb,46.970
RESULT,current,MULTI_SPOT,wss,64,server_rcv_pending_end,0.000
RESULT,current,MULTI_SPOT,wss,64,server_rcv_pending_max,0.000
RESULT,current,MULTI_SPOT,wss,64,server_snd_pending_max,0.000
RESULT,current,MULTI_SPOT,wss,64,throughput,784626.200
RESULT,current,MULTI_SPOT,wss,256,bandwidth,162.496
RESULT,current,MULTI_SPOT,wss,256,latency,3262077.634
RESULT,current,MULTI_SPOT,wss,256,latency_p95,4650738.500
RESULT,current,MULTI_SPOT,wss,256,latency_p99,4913390.620
RESULT,current,MULTI_SPOT,wss,256,server_cpu_pct,6.820
RESULT,current,MULTI_SPOT,wss,256,server_mem_mb,49.060
RESULT,current,MULTI_SPOT,wss,256,server_rcv_pending_end,0.000
RESULT,current,MULTI_SPOT,wss,256,server_rcv_pending_max,0.000
RESULT,current,MULTI_SPOT,wss,256,server_snd_pending_max,0.000
RESULT,current,MULTI_SPOT,wss,256,throughput,634750.800
RESULT,current,MULTI_SPOT,wss,1024,bandwidth,338.973
RESULT,current,MULTI_SPOT,wss,1024,latency,2657006.193
RESULT,current,MULTI_SPOT,wss,1024,latency_p95,3268263.000
RESULT,current,MULTI_SPOT,wss,1024,latency_p99,3410057.600
RESULT,current,MULTI_SPOT,wss,1024,server_cpu_pct,6.530
RESULT,current,MULTI_SPOT,wss,1024,server_mem_mb,58.540
RESULT,current,MULTI_SPOT,wss,1024,server_rcv_pending_end,0.000
RESULT,current,MULTI_SPOT,wss,1024,server_rcv_pending_max,0.000
RESULT,current,MULTI_SPOT,wss,1024,server_snd_pending_max,0.000
RESULT,current,MULTI_SPOT,wss,1024,throughput,331028.000
RESULT,current,MULTI_SPOT,wss,65536,bandwidth,2279.421
RESULT,current,MULTI_SPOT,wss,65536,latency,449635.914
RESULT,current,MULTI_SPOT,wss,65536,latency_p95,1806583.400
RESULT,current,MULTI_SPOT,wss,65536,latency_p99,2175717.040
RESULT,current,MULTI_SPOT,wss,65536,server_cpu_pct,8.500
RESULT,current,MULTI_SPOT,wss,65536,server_mem_mb,249.580
RESULT,current,MULTI_SPOT,wss,65536,server_rcv_pending_end,0.000
RESULT,current,MULTI_SPOT,wss,65536,server_rcv_pending_max,0.000
RESULT,current,MULTI_SPOT,wss,65536,server_snd_pending_max,0.000
RESULT,current,MULTI_SPOT,wss,65536,throughput,34781.200
RESULT,current,MULTI_SPOT,wss,131072,bandwidth,865.652
RESULT,current,MULTI_SPOT,wss,131072,latency,2323624.147
RESULT,current,MULTI_SPOT,wss,131072,latency_p95,2771476.350
RESULT,current,MULTI_SPOT,wss,131072,latency_p99,2877894.720
RESULT,current,MULTI_SPOT,wss,131072,server_cpu_pct,6.130
RESULT,current,MULTI_SPOT,wss,131072,server_mem_mb,215.120
RESULT,current,MULTI_SPOT,wss,131072,server_rcv_pending_end,0.000
RESULT,current,MULTI_SPOT,wss,131072,server_rcv_pending_max,0.000
RESULT,current,MULTI_SPOT,wss,131072,server_snd_pending_max,0.000
RESULT,current,MULTI_SPOT,wss,131072,throughput,6604.400
RESULT,current,MULTI_SPOT,wss,262144,bandwidth,1024.249
RESULT,current,MULTI_SPOT,wss,262144,latency,2349346.189
RESULT,current,MULTI_SPOT,wss,262144,latency_p95,2804411.200
RESULT,current,MULTI_SPOT,wss,262144,latency_p99,2898590.800
RESULT,current,MULTI_SPOT,wss,262144,server_cpu_pct,6.520
RESULT,current,MULTI_SPOT,wss,262144,server_mem_mb,197.260
RESULT,current,MULTI_SPOT,wss,262144,server_rcv_pending_end,0.000
RESULT,current,MULTI_SPOT,wss,262144,server_rcv_pending_max,0.000
RESULT,current,MULTI_SPOT,wss,262144,server_snd_pending_max,0.000
RESULT,current,MULTI_SPOT,wss,262144,throughput,3907.200

Saved result file: /home/hep7/project/kairos/zlink/core/perf/results/multi/report/perf_linux_recv_20260324_184116_spot-multi-20260324e.txt (status=complete)

## Status Summary
- success: 24
- unsupported: 0
- skip: 0
- fail: 0
- expected result lines: 120
- actual result lines: 120
- status: complete
Total benchmark time: 3m 39s (219s, exit=0)
