[preflight] started_at=2026-03-24T13:03:54+09:00
[preflight] log=doc/plan/refactor/2nd/logs/perf_spot_single_recheck_20260324_130354.log
[preflight] build_dir_ok=1 binaries_ok=1
Reusing build directory: /home/hep7/project/kairos/zlink/core/build
Using CMake source directory: /home/hep7/project/kairos/zlink

## Effective Options (runner)
- patterns: SPOT
- build_dir: /home/hep7/project/kairos/zlink/core/build
- build_mode: reuse
- reuse_build: 1
- clean_build: 0
- runs: 1
- recv_mode: callback
- duration_seconds: 5
- warmup_seconds: 2
- hwm: default(binary)
- send_hwm: default(binary)
- recv_hwm: default(binary)
- sndbuf: default(os)
- rcvbuf: default(os)
- sndtimeo_ms: 200
- rcvtimeo_ms: 200
- pin_cpu: 0
- io_threads: default(binary=1)
- msg_sizes: default(benchmark)
- transports: default(benchmark)
- results_dir: /home/hep7/project/kairos/zlink/core/perf/results
- results_tag: spot-single-recheck
- result_file: /home/hep7/project/kairos/zlink/core/perf/results/single/report/perf_linux_callback_20260324_130354_spot-single-recheck.txt
- output_file: none
- comparison_script: /home/hep7/project/kairos/zlink/core/perf/single/run_comparison.py
- python: python3

## Effective Env (runner)
- PYTHONUNBUFFERED: 1
- PERF_RECV_MODE: callback
- PERF_SINGLE_DURATION_SECONDS: 5
- PERF_SINGLE_WARMUP_SECONDS: 2
- PERF_SINGLE_SNDTIMEO_MS: 200
- PERF_SINGLE_RCVTIMEO_MS: 200
- PERF_NO_AUTOBUILD: 1


## Effective Options (start)
- runs: 1
- recv_mode: callback
- duration_seconds: 5
- timeout_seconds: 45
- io_threads: 1
- hwm: 1000
- sndhwm: 1000
- rcvhwm: 1000
- sndtimeo_ms: 200
- rcvtimeo_ms: 200
- patterns: SPOT
- transports: tcp,tls,ws,wss
- msg_sizes: 64,256,1024,65536,131072,262144
## PATTERN: SPOT (one-way)
  > Benchmarking current for SPOT...
    Testing tcp:
      | Size     |       Throughput |    Bandwidth |  Lat.Mean(ms) |   Lat.P95(ms) |   Lat.P99(ms) | CPU% | Mem MB | Q.Snd.Max | Q.Rcv.Max | Q.Rcv.End |
      |----------|------------------|--------------|--------------|--------------|--------------|------|--------|-----------|-----------|-----------|
      | 64B      |   1543.28 Kmsg/s |    98.77 MB/s |      0.19 ms |      0.33 ms |      0.41 ms |  9.3 |   10.6 |       N/A |       N/A |       N/A |
      | 256B     |    778.60 Kmsg/s |   199.32 MB/s |      0.50 ms |      0.77 ms |      0.89 ms |  7.2 |   10.6 |       N/A |       N/A |       N/A |
      | 1024B    |    597.49 Kmsg/s |   611.82 MB/s |      0.76 ms |      1.03 ms |      1.14 ms |  7.5 |   11.7 |       N/A |       N/A |       N/A |
      | 65536B   |     74.84 Kmsg/s |  4904.60 MB/s |      7.04 ms |      8.75 ms |      9.25 ms |  7.5 |   14.0 |       N/A |       N/A |       N/A |
      | 131072B  |     42.66 Kmsg/s |  5591.32 MB/s |     12.11 ms |     14.79 ms |     15.55 ms |  7.3 |   13.9 |       N/A |       N/A |       N/A |
      | 262144B  |     23.90 Kmsg/s |  6265.08 MB/s |     21.37 ms |     25.95 ms |     26.81 ms |  6.6 |   16.6 |       N/A |       N/A |       N/A |
    Testing tcp: Done
    Testing tls:
      | Size     |       Throughput |    Bandwidth |  Lat.Mean(ms) |   Lat.P95(ms) |   Lat.P99(ms) | CPU% | Mem MB | Q.Snd.Max | Q.Rcv.Max | Q.Rcv.End |
      |----------|------------------|--------------|--------------|--------------|--------------|------|--------|-----------|-----------|-----------|
      | 64B      |   1480.80 Kmsg/s |    94.77 MB/s |      0.39 ms |      0.48 ms |      0.54 ms |  8.4 |   14.7 |       N/A |       N/A |       N/A |
      | 256B     |    709.63 Kmsg/s |   181.67 MB/s |      0.60 ms |      0.89 ms |      1.00 ms |  6.7 |   14.5 |       N/A |       N/A |       N/A |
      | 1024B    |    444.92 Kmsg/s |   455.60 MB/s |      1.09 ms |      1.47 ms |      1.62 ms |  6.8 |   15.6 |       N/A |       N/A |       N/A |
      | 65536B   |     20.66 Kmsg/s |  1353.92 MB/s |     27.33 ms |     35.11 ms |     36.40 ms |  6.7 |   15.4 |       N/A |       N/A |       N/A |
      | 131072B  |     11.65 Kmsg/s |  1526.81 MB/s |     48.15 ms |     61.91 ms |     63.76 ms |  6.4 |   17.7 |       N/A |       N/A |       N/A |
      | 262144B  |      6.33 Kmsg/s |  1659.48 MB/s |     88.35 ms |    114.20 ms |    116.82 ms |  5.9 |   22.5 |       N/A |       N/A |       N/A |
    Testing tls: Done
    Testing ws:
      | Size     |       Throughput |    Bandwidth |  Lat.Mean(ms) |   Lat.P95(ms) |   Lat.P99(ms) | CPU% | Mem MB | Q.Snd.Max | Q.Rcv.Max | Q.Rcv.End |
      |----------|------------------|--------------|--------------|--------------|--------------|------|--------|-----------|-----------|-----------|
      | 64B      |   1240.53 Kmsg/s |    79.39 MB/s |    112.66 ms |    127.24 ms |    128.18 ms |  8.9 |   11.4 |       N/A |       N/A |       N/A |
      | 256B     |    787.61 Kmsg/s |   201.63 MB/s |     38.71 ms |     43.77 ms |     45.12 ms |  7.5 |   12.5 |       N/A |       N/A |       N/A |
      | 1024B    |    514.21 Kmsg/s |   526.55 MB/s |     26.34 ms |     29.15 ms |     29.89 ms |  7.5 |   13.6 |       N/A |       N/A |       N/A |
      | 65536B   |     40.17 Kmsg/s |  2632.33 MB/s |     18.47 ms |     22.37 ms |     23.32 ms |  7.4 |   14.7 |       N/A |       N/A |       N/A |
      | 131072B  |     25.59 Kmsg/s |  3354.47 MB/s |     24.75 ms |     31.03 ms |     36.86 ms |  7.2 |   13.7 |       N/A |       N/A |       N/A |
      | 262144B  |     17.97 Kmsg/s |  4710.88 MB/s |     29.08 ms |     36.74 ms |     42.68 ms |  6.4 |   16.7 |       N/A |       N/A |       N/A |
    Testing ws: Done
    Testing wss:
      | Size     |       Throughput |    Bandwidth |  Lat.Mean(ms) |   Lat.P95(ms) |   Lat.P99(ms) | CPU% | Mem MB | Q.Snd.Max | Q.Rcv.Max | Q.Rcv.End |
      |----------|------------------|--------------|--------------|--------------|--------------|------|--------|-----------|-----------|-----------|
      | 64B      |   1237.06 Kmsg/s |    79.17 MB/s |    161.14 ms |    187.51 ms |    190.57 ms |  6.5 |   16.1 |       N/A |       N/A |       N/A |
      | 256B     |    628.54 Kmsg/s |   160.91 MB/s |     84.17 ms |     96.58 ms |     98.43 ms |  5.3 |   16.7 |       N/A |       N/A |       N/A |
      | 1024B    |    340.71 Kmsg/s |   348.88 MB/s |     45.60 ms |     50.78 ms |     55.84 ms |  5.4 |   18.0 |       N/A |       N/A |       N/A |
      | 65536B   |     16.59 Kmsg/s |  1087.15 MB/s |     42.95 ms |     52.97 ms |     54.64 ms |  5.4 |   20.1 |       N/A |       N/A |       N/A |
      | 131072B  |      9.75 Kmsg/s |  1278.37 MB/s |     64.17 ms |     82.96 ms |     84.99 ms |  5.2 |   16.8 |       N/A |       N/A |       N/A |
      | 262144B  |      5.38 Kmsg/s |  1409.23 MB/s |    112.14 ms |    143.75 ms |    148.38 ms |  4.6 |   19.1 |       N/A |       N/A |       N/A |
    Testing wss: Done

## Effective Options (result)
- runs: 1
- recv_mode: callback
- duration_seconds: 5
- timeout_seconds: 45
- io_threads: 1
- hwm: 1000
- sndhwm: 1000
- rcvhwm: 1000
- sndtimeo_ms: 200
- rcvtimeo_ms: 200
- patterns: SPOT
- transports: tcp,tls,ws,wss
- msg_sizes: 64,256,1024,65536,131072,262144

## Result Data
RESULT,current,SPOT,tcp,64,throughput,1543281.000
RESULT,current,SPOT,tcp,64,bandwidth,98.770
RESULT,current,SPOT,tcp,64,latency,186.890
RESULT,current,SPOT,tcp,64,latency_p95,330.000
RESULT,current,SPOT,tcp,64,latency_p99,413.000
RESULT,current,SPOT,tcp,64,cpu_pct,9.288
RESULT,current,SPOT,tcp,64,mem_mb,10.625
RESULT,current,SPOT,tcp,256,throughput,778598.200
RESULT,current,SPOT,tcp,256,bandwidth,199.320
RESULT,current,SPOT,tcp,256,latency,503.310
RESULT,current,SPOT,tcp,256,latency_p95,773.000
RESULT,current,SPOT,tcp,256,latency_p99,886.000
RESULT,current,SPOT,tcp,256,cpu_pct,7.206
RESULT,current,SPOT,tcp,256,mem_mb,10.625
RESULT,current,SPOT,tcp,1024,throughput,597485.000
RESULT,current,SPOT,tcp,1024,bandwidth,611.820
RESULT,current,SPOT,tcp,1024,latency,760.670
RESULT,current,SPOT,tcp,1024,latency_p95,1033.000
RESULT,current,SPOT,tcp,1024,latency_p99,1143.000
RESULT,current,SPOT,tcp,1024,cpu_pct,7.459
RESULT,current,SPOT,tcp,1024,mem_mb,11.719
RESULT,current,SPOT,tcp,65536,throughput,74838.200
RESULT,current,SPOT,tcp,65536,bandwidth,4904.600
RESULT,current,SPOT,tcp,65536,latency,7044.640
RESULT,current,SPOT,tcp,65536,latency_p95,8747.000
RESULT,current,SPOT,tcp,65536,latency_p99,9247.000
RESULT,current,SPOT,tcp,65536,cpu_pct,7.539
RESULT,current,SPOT,tcp,65536,mem_mb,14.043
RESULT,current,SPOT,tcp,131072,throughput,42658.400
RESULT,current,SPOT,tcp,131072,bandwidth,5591.320
RESULT,current,SPOT,tcp,131072,latency,12108.210
RESULT,current,SPOT,tcp,131072,latency_p95,14794.000
RESULT,current,SPOT,tcp,131072,latency_p99,15553.000
RESULT,current,SPOT,tcp,131072,cpu_pct,7.323
RESULT,current,SPOT,tcp,131072,mem_mb,13.898
RESULT,current,SPOT,tcp,262144,throughput,23899.400
RESULT,current,SPOT,tcp,262144,bandwidth,6265.080
RESULT,current,SPOT,tcp,262144,latency,21370.750
RESULT,current,SPOT,tcp,262144,latency_p95,25951.000
RESULT,current,SPOT,tcp,262144,latency_p99,26811.000
RESULT,current,SPOT,tcp,262144,cpu_pct,6.616
RESULT,current,SPOT,tcp,262144,mem_mb,16.594
RESULT,current,SPOT,tls,64,throughput,1480799.600
RESULT,current,SPOT,tls,64,bandwidth,94.770
RESULT,current,SPOT,tls,64,latency,394.230
RESULT,current,SPOT,tls,64,latency_p95,480.000
RESULT,current,SPOT,tls,64,latency_p99,535.000
RESULT,current,SPOT,tls,64,cpu_pct,8.356
RESULT,current,SPOT,tls,64,mem_mb,14.688
RESULT,current,SPOT,tls,256,throughput,709631.800
RESULT,current,SPOT,tls,256,bandwidth,181.670
RESULT,current,SPOT,tls,256,latency,600.420
RESULT,current,SPOT,tls,256,latency_p95,890.000
RESULT,current,SPOT,tls,256,latency_p99,1004.000
RESULT,current,SPOT,tls,256,cpu_pct,6.665
RESULT,current,SPOT,tls,256,mem_mb,14.531
RESULT,current,SPOT,tls,1024,throughput,444919.400
RESULT,current,SPOT,tls,1024,bandwidth,455.600
RESULT,current,SPOT,tls,1024,latency,1085.330
RESULT,current,SPOT,tls,1024,latency_p95,1474.000
RESULT,current,SPOT,tls,1024,latency_p99,1623.000
RESULT,current,SPOT,tls,1024,cpu_pct,6.777
RESULT,current,SPOT,tls,1024,mem_mb,15.625
RESULT,current,SPOT,tls,65536,throughput,20659.200
RESULT,current,SPOT,tls,65536,bandwidth,1353.920
RESULT,current,SPOT,tls,65536,latency,27328.630
RESULT,current,SPOT,tls,65536,latency_p95,35111.000
RESULT,current,SPOT,tls,65536,latency_p99,36404.000
RESULT,current,SPOT,tls,65536,cpu_pct,6.735
RESULT,current,SPOT,tls,65536,mem_mb,15.359
RESULT,current,SPOT,tls,131072,throughput,11648.600
RESULT,current,SPOT,tls,131072,bandwidth,1526.810
RESULT,current,SPOT,tls,131072,latency,48149.590
RESULT,current,SPOT,tls,131072,latency_p95,61907.000
RESULT,current,SPOT,tls,131072,latency_p99,63763.160
RESULT,current,SPOT,tls,131072,cpu_pct,6.412
RESULT,current,SPOT,tls,131072,mem_mb,17.746
RESULT,current,SPOT,tls,262144,throughput,6330.400
RESULT,current,SPOT,tls,262144,bandwidth,1659.480
RESULT,current,SPOT,tls,262144,latency,88352.630
RESULT,current,SPOT,tls,262144,latency_p95,114196.900
RESULT,current,SPOT,tls,262144,latency_p99,116815.430
RESULT,current,SPOT,tls,262144,cpu_pct,5.880
RESULT,current,SPOT,tls,262144,mem_mb,22.453
RESULT,current,SPOT,ws,64,throughput,1240529.200
RESULT,current,SPOT,ws,64,bandwidth,79.390
RESULT,current,SPOT,ws,64,latency,112662.710
RESULT,current,SPOT,ws,64,latency_p95,127240.000
RESULT,current,SPOT,ws,64,latency_p99,128175.000
RESULT,current,SPOT,ws,64,cpu_pct,8.923
RESULT,current,SPOT,ws,64,mem_mb,11.363
RESULT,current,SPOT,ws,256,throughput,787606.600
RESULT,current,SPOT,ws,256,bandwidth,201.630
RESULT,current,SPOT,ws,256,latency,38707.250
RESULT,current,SPOT,ws,256,latency_p95,43772.000
RESULT,current,SPOT,ws,256,latency_p99,45118.010
RESULT,current,SPOT,ws,256,cpu_pct,7.459
RESULT,current,SPOT,ws,256,mem_mb,12.500
RESULT,current,SPOT,ws,1024,throughput,514212.200
RESULT,current,SPOT,ws,1024,bandwidth,526.550
RESULT,current,SPOT,ws,1024,latency,26341.990
RESULT,current,SPOT,ws,1024,latency_p95,29149.000
RESULT,current,SPOT,ws,1024,latency_p99,29890.000
RESULT,current,SPOT,ws,1024,cpu_pct,7.506
RESULT,current,SPOT,ws,1024,mem_mb,13.594
RESULT,current,SPOT,ws,65536,throughput,40166.200
RESULT,current,SPOT,ws,65536,bandwidth,2632.330
RESULT,current,SPOT,ws,65536,latency,18474.740
RESULT,current,SPOT,ws,65536,latency_p95,22370.000
RESULT,current,SPOT,ws,65536,latency_p99,23317.000
RESULT,current,SPOT,ws,65536,cpu_pct,7.369
RESULT,current,SPOT,ws,65536,mem_mb,14.664
RESULT,current,SPOT,ws,131072,throughput,25592.600
RESULT,current,SPOT,ws,131072,bandwidth,3354.470
RESULT,current,SPOT,ws,131072,latency,24750.360
RESULT,current,SPOT,ws,131072,latency_p95,31033.000
RESULT,current,SPOT,ws,131072,latency_p99,36861.760
RESULT,current,SPOT,ws,131072,cpu_pct,7.208
RESULT,current,SPOT,ws,131072,mem_mb,13.730
RESULT,current,SPOT,ws,262144,throughput,17970.600
RESULT,current,SPOT,ws,262144,bandwidth,4710.880
RESULT,current,SPOT,ws,262144,latency,29081.630
RESULT,current,SPOT,ws,262144,latency_p95,36743.400
RESULT,current,SPOT,ws,262144,latency_p99,42681.000
RESULT,current,SPOT,ws,262144,cpu_pct,6.394
RESULT,current,SPOT,ws,262144,mem_mb,16.680
RESULT,current,SPOT,wss,64,throughput,1237056.400
RESULT,current,SPOT,wss,64,bandwidth,79.170
RESULT,current,SPOT,wss,64,latency,161141.060
RESULT,current,SPOT,wss,64,latency_p95,187512.000
RESULT,current,SPOT,wss,64,latency_p99,190571.000
RESULT,current,SPOT,wss,64,cpu_pct,6.544
RESULT,current,SPOT,wss,64,mem_mb,16.094
RESULT,current,SPOT,wss,256,throughput,628537.600
RESULT,current,SPOT,wss,256,bandwidth,160.910
RESULT,current,SPOT,wss,256,latency,84173.240
RESULT,current,SPOT,wss,256,latency_p95,96576.000
RESULT,current,SPOT,wss,256,latency_p99,98426.000
RESULT,current,SPOT,wss,256,cpu_pct,5.283
RESULT,current,SPOT,wss,256,mem_mb,16.719
RESULT,current,SPOT,wss,1024,throughput,340705.600
RESULT,current,SPOT,wss,1024,bandwidth,348.880
RESULT,current,SPOT,wss,1024,latency,45595.650
RESULT,current,SPOT,wss,1024,latency_p95,50776.000
RESULT,current,SPOT,wss,1024,latency_p99,55835.020
RESULT,current,SPOT,wss,1024,cpu_pct,5.403
RESULT,current,SPOT,wss,1024,mem_mb,17.969
RESULT,current,SPOT,wss,65536,throughput,16588.600
RESULT,current,SPOT,wss,65536,bandwidth,1087.150
RESULT,current,SPOT,wss,65536,latency,42951.340
RESULT,current,SPOT,wss,65536,latency_p95,52967.000
RESULT,current,SPOT,wss,65536,latency_p99,54644.000
RESULT,current,SPOT,wss,65536,cpu_pct,5.369
RESULT,current,SPOT,wss,65536,mem_mb,20.062
RESULT,current,SPOT,wss,131072,throughput,9753.200
RESULT,current,SPOT,wss,131072,bandwidth,1278.370
RESULT,current,SPOT,wss,131072,latency,64170.790
RESULT,current,SPOT,wss,131072,latency_p95,82958.750
RESULT,current,SPOT,wss,131072,latency_p99,84985.350
RESULT,current,SPOT,wss,131072,cpu_pct,5.245
RESULT,current,SPOT,wss,131072,mem_mb,16.801
RESULT,current,SPOT,wss,262144,throughput,5375.800
RESULT,current,SPOT,wss,262144,bandwidth,1409.230
RESULT,current,SPOT,wss,262144,latency,112135.090
RESULT,current,SPOT,wss,262144,latency_p95,143745.100
RESULT,current,SPOT,wss,262144,latency_p99,148376.100
RESULT,current,SPOT,wss,262144,cpu_pct,4.634
RESULT,current,SPOT,wss,262144,mem_mb,19.098

## Completion
- status: complete
- expected_result_lines: 120
- actual_result_lines: 120

Saved result file: /home/hep7/project/kairos/zlink/core/perf/results/single/report/perf_linux_callback_20260324_130354_spot-single-recheck.txt (status=complete)
Total benchmark time: 5m 35s (335s, exit=0)
