=== Running multi benchmark: MULTI_SPOT ===
    warmup=2s duration=5s
    recv_mode=recv
Reusing build directory: /home/hep7/project/kairos/zlink/core/build
Using CMake source directory: /home/hep7/project/kairos/zlink

## Effective Options (runner)
- patterns: MULTI_SPOT
- build_dir: /home/hep7/project/kairos/zlink/core/build
- build_mode: reuse
- reuse_build: 1
- clean_build: 0
- runs: 1
- recv_mode: recv
- duration_seconds: 5
- warmup_seconds: 2
- hwm: default(binary)
- send_hwm: default(binary)
- recv_hwm: default(binary)
- sndbuf: default(os)
- rcvbuf: default(os)
- sndtimeo_ms: 200
- rcvtimeo_ms: 200
- pin_cpu: 0
- io_threads: default(policy)
- msg_sizes: 64,256,1024,65536,131072,262144
- transports: tcp,tls,ws,wss
- results_dir: /home/hep7/project/kairos/zlink/core/perf/results
- results_tag: spot-multi-20260324d
- result_file: /home/hep7/project/kairos/zlink/core/perf/results/multi/report/perf_linux_recv_20260324_182038_spot-multi-20260324d.txt
- output_file: none
- comparison_script: /home/hep7/project/kairos/zlink/core/perf/run_comparison.py
- python: python3

## Effective Env (runner)
- PYTHONUNBUFFERED: 1
- PERF_RECV_MODE: recv
- PERF_MSG_SIZES: 64,256,1024,65536,131072,262144
- PERF_TRANSPORTS: tcp,tls,ws,wss
- PERF_NO_AUTOBUILD: 1
- PERF_DISABLE_RESOURCE_METRICS: 0

META,os,Linux 6.6.87.2-microsoft-standard-WSL2
META,cpu,Intel(R) Core(TM) Ultra 7 265K
META,cores,20
META,build,Release
META,commit,45bdf7dc
META,timestamp,2026-03-24T18:20:38+09:00
META,load_avg,0.61 1.87 3.21
META,runs,1
META,clients,100

## Effective Options (start)
- runs: 1
- recv_mode: recv
- patterns: MULTI_SPOT
- transports: tcp,tls,ws,wss
- msg_sizes: 64,256,1024,65536,131072,262144
- warmup_seconds: 2
- active_warmup: 0
- duration_seconds: 5
- clients: 100
- default_clients: 100
- default_stream_clients: 10000
- service_clients: auto
- server_io_threads: 4 (default)
- client_io_threads: 4 (default)
- hwm: 100 (default)
- sndhwm: 100 (default)
- rcvhwm: 100 (default)
- sndbuf: default(os)
- rcvbuf: default(os)
- sndtimeo_ms: 200
- rcvtimeo_ms: 200
- connect_concurrency: 128 (default)
- settle_ms: 500
- connect_ready_timeout_ms: 5000
- monitor_hwm: 1000
- server_ready_timeout_ms: 10000
- server_shutdown_timeout_ms: 5000
- server_bind_port: 0
- transport_transition_ms: 3000
- pattern_transition_ms: 3000
- lat_timeout_ms: 5000
- stream_non_tcp_clients_max: 10000
- disable_resource_metrics: 0
- timeout_seconds: auto
## PATTERN: MULTI_SPOT (one-way)
  > Benchmarking current for MULTI_SPOT...
    Testing tcp | 64B,256B,1024B,65536B,131072B,262144B:
      | Size     |         Throughput |      Bandwidth |  Lat.Mean(ms) |   Lat.P95(ms) |   Lat.P99(ms) |  S.CPU% | S.Mem MB | Q.Snd.Max | Q.Rcv.Max | Q.Rcv.End |
      |----------|--------------------|----------------|---------------|---------------|---------------|---------|----------|-----------|-----------|-----------|
      | 64B      |  3879.318 Kmsg/s |    248.276 MB/s |  1293.336 ms |  1860.783 ms |  1931.581 ms | 14.207 |   20.000 |         0 |         0 |         0 |
      | 256B     |  2177.468 Kmsg/s |    557.432 MB/s |  1342.905 ms |  2124.774 ms |  2404.784 ms | 11.459 |   21.875 |         0 |         0 |         0 |
      | 1024B    |  1037.603 Kmsg/s |   1062.506 MB/s |   346.673 ms |  1163.231 ms |  1390.090 ms |  8.829 |   31.914 |         0 |         0 |         0 |
      | 65536B   |    54.648 Kmsg/s |   3581.398 MB/s |   348.084 ms |   536.487 ms |   588.203 ms | 10.421 |  267.672 |         0 |         0 |         0 |
      | 131072B  |    35.605 Kmsg/s |   4666.845 MB/s |   411.153 ms |   542.839 ms |   580.126 ms | 11.804 |  394.863 |         0 |         0 |         0 |
      | 262144B  |    14.786 Kmsg/s |   3876.114 MB/s |   661.455 ms |   831.622 ms |   879.401 ms | 11.366 |  206.922 |         0 |         0 |         0 |
    Testing tcp: Done
    [transport cooldown 3000ms]
    Testing tls | 64B,256B,1024B,65536B,131072B,262144B:
      | Size     |         Throughput |      Bandwidth |  Lat.Mean(ms) |   Lat.P95(ms) |   Lat.P99(ms) |  S.CPU% | S.Mem MB | Q.Snd.Max | Q.Rcv.Max | Q.Rcv.End |
      |----------|--------------------|----------------|---------------|---------------|---------------|---------|----------|-----------|-----------|-----------|
      | 64B      |  2027.721 Kmsg/s |    129.774 MB/s |  1048.734 ms |  2921.384 ms |  3464.275 ms | 12.979 |   61.293 |         0 |         0 |         0 |
      | 256B     |  3368.367 Kmsg/s |    862.302 MB/s |   421.613 ms |  2380.888 ms |  2843.493 ms | 12.089 |   73.328 |         0 |         0 |         0 |
      | 1024B    |  1069.263 Kmsg/s |   1094.926 MB/s |   654.024 ms |  2203.539 ms |  2781.950 ms | 12.940 |  117.580 |         0 |         0 |         0 |
      | 65536B   |    36.349 Kmsg/s |   2382.194 MB/s |   685.284 ms |  3675.703 ms |  4082.589 ms | 12.567 |  565.605 |         0 |         0 |         0 |
      | 131072B  |    25.166 Kmsg/s |   3298.610 MB/s |    84.902 ms |   113.628 ms |   127.533 ms | 15.491 |  662.246 |         0 |         0 |         0 |
      | 262144B  |     8.520 Kmsg/s |   2233.572 MB/s |   151.507 ms |   193.286 ms |   208.217 ms | 13.077 |  916.453 |         0 |         0 |         0 |
    Testing tls: Done
    [transport cooldown 3000ms]
    Testing ws | 64B,256B,1024B,65536B,131072B,262144B:
      | Size     |         Throughput |      Bandwidth |  Lat.Mean(ms) |   Lat.P95(ms) |   Lat.P99(ms) |  S.CPU% | S.Mem MB | Q.Snd.Max | Q.Rcv.Max | Q.Rcv.End |
      |----------|--------------------|----------------|---------------|---------------|---------------|---------|----------|-----------|-----------|-----------|
      | 64B      |  1049.607 Kmsg/s |     67.175 MB/s |  2718.148 ms |  4875.162 ms |  5229.577 ms |  7.999 |   22.223 |         0 |         0 |         0 |
      | 256B     |   893.394 Kmsg/s |    228.709 MB/s |  1085.898 ms |  2439.317 ms |  4032.629 ms |  9.149 |   23.125 |         0 |         0 |         0 |
      | 1024B    |   714.987 Kmsg/s |    732.147 MB/s |   405.134 ms |   624.771 ms |   724.544 ms |  8.577 |   33.066 |         0 |         0 |         0 |
      | 65536B   |    38.570 Kmsg/s |   2527.697 MB/s |   364.633 ms |   689.429 ms |   784.167 ms |  9.328 |  263.074 |         0 |         0 |         0 |
      | 131072B  |    21.542 Kmsg/s |   2823.527 MB/s |   540.149 ms |   790.530 ms |   898.065 ms |  9.518 |  297.871 |         0 |         0 |         0 |
      | 262144B  |    10.895 Kmsg/s |   2856.111 MB/s |   770.820 ms |  1006.630 ms |  1105.600 ms |  9.204 |  189.090 |         0 |         0 |         0 |
    Testing ws: Done
    [transport cooldown 3000ms]
    Testing wss | 64B,256B,1024B,65536B,131072B,262144B:
      | Size     |         Throughput |      Bandwidth |  Lat.Mean(ms) |   Lat.P95(ms) |   Lat.P99(ms) |  S.CPU% | S.Mem MB | Q.Snd.Max | Q.Rcv.Max | Q.Rcv.End |
      |----------|--------------------|----------------|---------------|---------------|---------------|---------|----------|-----------|-----------|-----------|
      | 64B      |   520.776 Kmsg/s |     33.330 MB/s |  3706.739 ms |  5039.288 ms |  5535.256 ms |  6.599 |   63.805 |         0 |         0 |         0 |
      | 256B     |  1541.921 Kmsg/s |    394.732 MB/s |   814.005 ms |  4027.279 ms |  4472.588 ms |  9.518 |   75.770 |         0 |         0 |         0 |
      | 1024B    |   359.182 Kmsg/s |    367.803 MB/s |   787.773 ms |  2589.141 ms |  2767.901 ms |  6.701 |  124.746 |         0 |         0 |         0 |
      | 65536B   |    22.873 Kmsg/s |   1499.018 MB/s |   115.523 ms |   142.533 ms |   152.641 ms |  8.652 |  526.602 |         0 |         0 |         0 |
      | 131072B  |             FAIL |         FAIL |         FAIL |         FAIL |         FAIL |    N/A |      N/A |       N/A |       N/A |       N/A |
      | 262144B  |             FAIL |         FAIL |         FAIL |         FAIL |         FAIL |    N/A |      N/A |       N/A |       N/A |       N/A |
    Testing wss: Done

## Effective Options (result)
- runs: 1
- recv_mode: recv
- patterns: MULTI_SPOT
- transports: tcp,tls,ws,wss
- msg_sizes: 64,256,1024,65536,131072,262144
- warmup_seconds: 2
- active_warmup: 0
- duration_seconds: 5
- clients: 100
- default_clients: 100
- default_stream_clients: 10000
- service_clients: auto
- server_io_threads: 4 (default)
- client_io_threads: 4 (default)
- hwm: 100 (default)
- sndhwm: 100 (default)
- rcvhwm: 100 (default)
- sndbuf: default(os)
- rcvbuf: default(os)
- sndtimeo_ms: 200
- rcvtimeo_ms: 200
- connect_concurrency: 128 (default)
- settle_ms: 500
- connect_ready_timeout_ms: 5000
- monitor_hwm: 1000
- server_ready_timeout_ms: 10000
- server_shutdown_timeout_ms: 5000
- server_bind_port: 0
- transport_transition_ms: 3000
- pattern_transition_ms: 3000
- lat_timeout_ms: 5000
- stream_non_tcp_clients_max: 10000
- disable_resource_metrics: 0
- timeout_seconds: auto

## Result Data
RESULT,current,MULTI_SPOT,tcp,64,bandwidth,248.276
RESULT,current,MULTI_SPOT,tcp,64,latency,1293335.549
RESULT,current,MULTI_SPOT,tcp,64,latency_p95,1860783.200
RESULT,current,MULTI_SPOT,tcp,64,latency_p99,1931581.230
RESULT,current,MULTI_SPOT,tcp,64,server_cpu_pct,15.400
RESULT,current,MULTI_SPOT,tcp,64,server_mem_mb,20.000
RESULT,current,MULTI_SPOT,tcp,64,server_rcv_pending_end,0.000
RESULT,current,MULTI_SPOT,tcp,64,server_rcv_pending_max,0.000
RESULT,current,MULTI_SPOT,tcp,64,server_snd_pending_max,0.000
RESULT,current,MULTI_SPOT,tcp,64,throughput,3879318.000
RESULT,current,MULTI_SPOT,tcp,256,bandwidth,557.432
RESULT,current,MULTI_SPOT,tcp,256,latency,1342904.606
RESULT,current,MULTI_SPOT,tcp,256,latency_p95,2124774.100
RESULT,current,MULTI_SPOT,tcp,256,latency_p99,2404784.210
RESULT,current,MULTI_SPOT,tcp,256,server_cpu_pct,12.160
RESULT,current,MULTI_SPOT,tcp,256,server_mem_mb,21.880
RESULT,current,MULTI_SPOT,tcp,256,server_rcv_pending_end,0.000
RESULT,current,MULTI_SPOT,tcp,256,server_rcv_pending_max,0.000
RESULT,current,MULTI_SPOT,tcp,256,server_snd_pending_max,0.000
RESULT,current,MULTI_SPOT,tcp,256,throughput,2177468.400
RESULT,current,MULTI_SPOT,tcp,1024,bandwidth,1062.506
RESULT,current,MULTI_SPOT,tcp,1024,latency,346673.270
RESULT,current,MULTI_SPOT,tcp,1024,latency_p95,1163230.600
RESULT,current,MULTI_SPOT,tcp,1024,latency_p99,1390089.740
RESULT,current,MULTI_SPOT,tcp,1024,server_cpu_pct,9.030
RESULT,current,MULTI_SPOT,tcp,1024,server_mem_mb,31.910
RESULT,current,MULTI_SPOT,tcp,1024,server_rcv_pending_end,0.000
RESULT,current,MULTI_SPOT,tcp,1024,server_rcv_pending_max,0.000
RESULT,current,MULTI_SPOT,tcp,1024,server_snd_pending_max,0.000
RESULT,current,MULTI_SPOT,tcp,1024,throughput,1037603.200
RESULT,current,MULTI_SPOT,tcp,65536,bandwidth,3581.398
RESULT,current,MULTI_SPOT,tcp,65536,latency,348083.835
RESULT,current,MULTI_SPOT,tcp,65536,latency_p95,536487.000
RESULT,current,MULTI_SPOT,tcp,65536,latency_p99,588203.200
RESULT,current,MULTI_SPOT,tcp,65536,server_cpu_pct,10.710
RESULT,current,MULTI_SPOT,tcp,65536,server_mem_mb,267.670
RESULT,current,MULTI_SPOT,tcp,65536,server_rcv_pending_end,0.000
RESULT,current,MULTI_SPOT,tcp,65536,server_rcv_pending_max,0.000
RESULT,current,MULTI_SPOT,tcp,65536,server_snd_pending_max,0.000
RESULT,current,MULTI_SPOT,tcp,65536,throughput,54647.800
RESULT,current,MULTI_SPOT,tcp,131072,bandwidth,4666.845
RESULT,current,MULTI_SPOT,tcp,131072,latency,411152.821
RESULT,current,MULTI_SPOT,tcp,131072,latency_p95,542838.750
RESULT,current,MULTI_SPOT,tcp,131072,latency_p99,580125.750
RESULT,current,MULTI_SPOT,tcp,131072,server_cpu_pct,12.270
RESULT,current,MULTI_SPOT,tcp,131072,server_mem_mb,395.640
RESULT,current,MULTI_SPOT,tcp,131072,server_rcv_pending_end,0.000
RESULT,current,MULTI_SPOT,tcp,131072,server_rcv_pending_max,0.000
RESULT,current,MULTI_SPOT,tcp,131072,server_snd_pending_max,0.000
RESULT,current,MULTI_SPOT,tcp,131072,throughput,35605.200
RESULT,current,MULTI_SPOT,tcp,262144,bandwidth,3876.114
RESULT,current,MULTI_SPOT,tcp,262144,latency,661455.130
RESULT,current,MULTI_SPOT,tcp,262144,latency_p95,831622.100
RESULT,current,MULTI_SPOT,tcp,262144,latency_p99,879400.930
RESULT,current,MULTI_SPOT,tcp,262144,server_cpu_pct,12.240
RESULT,current,MULTI_SPOT,tcp,262144,server_mem_mb,207.080
RESULT,current,MULTI_SPOT,tcp,262144,server_rcv_pending_end,0.000
RESULT,current,MULTI_SPOT,tcp,262144,server_rcv_pending_max,0.000
RESULT,current,MULTI_SPOT,tcp,262144,server_snd_pending_max,0.000
RESULT,current,MULTI_SPOT,tcp,262144,throughput,14786.200
RESULT,current,MULTI_SPOT,tls,64,bandwidth,129.774
RESULT,current,MULTI_SPOT,tls,64,latency,1048733.705
RESULT,current,MULTI_SPOT,tls,64,latency_p95,2921384.300
RESULT,current,MULTI_SPOT,tls,64,latency_p99,3464274.690
RESULT,current,MULTI_SPOT,tls,64,server_cpu_pct,13.010
RESULT,current,MULTI_SPOT,tls,64,server_mem_mb,61.290
RESULT,current,MULTI_SPOT,tls,64,server_rcv_pending_end,0.000
RESULT,current,MULTI_SPOT,tls,64,server_rcv_pending_max,0.000
RESULT,current,MULTI_SPOT,tls,64,server_snd_pending_max,0.000
RESULT,current,MULTI_SPOT,tls,64,throughput,2027721.000
RESULT,current,MULTI_SPOT,tls,256,bandwidth,862.302
RESULT,current,MULTI_SPOT,tls,256,latency,421613.231
RESULT,current,MULTI_SPOT,tls,256,latency_p95,2380887.800
RESULT,current,MULTI_SPOT,tls,256,latency_p99,2843493.010
RESULT,current,MULTI_SPOT,tls,256,server_cpu_pct,12.100
RESULT,current,MULTI_SPOT,tls,256,server_mem_mb,73.330
RESULT,current,MULTI_SPOT,tls,256,server_rcv_pending_end,0.000
RESULT,current,MULTI_SPOT,tls,256,server_rcv_pending_max,0.000
RESULT,current,MULTI_SPOT,tls,256,server_snd_pending_max,0.000
RESULT,current,MULTI_SPOT,tls,256,throughput,3368367.200
RESULT,current,MULTI_SPOT,tls,1024,bandwidth,1094.926
RESULT,current,MULTI_SPOT,tls,1024,latency,654023.613
RESULT,current,MULTI_SPOT,tls,1024,latency_p95,2203538.750
RESULT,current,MULTI_SPOT,tls,1024,latency_p99,2781950.220
RESULT,current,MULTI_SPOT,tls,1024,server_cpu_pct,12.940
RESULT,current,MULTI_SPOT,tls,1024,server_mem_mb,117.580
RESULT,current,MULTI_SPOT,tls,1024,server_rcv_pending_end,0.000
RESULT,current,MULTI_SPOT,tls,1024,server_rcv_pending_max,0.000
RESULT,current,MULTI_SPOT,tls,1024,server_snd_pending_max,0.000
RESULT,current,MULTI_SPOT,tls,1024,throughput,1069263.200
RESULT,current,MULTI_SPOT,tls,65536,bandwidth,2382.194
RESULT,current,MULTI_SPOT,tls,65536,latency,685283.953
RESULT,current,MULTI_SPOT,tls,65536,latency_p95,3675702.650
RESULT,current,MULTI_SPOT,tls,65536,latency_p99,4082588.520
RESULT,current,MULTI_SPOT,tls,65536,server_cpu_pct,12.610
RESULT,current,MULTI_SPOT,tls,65536,server_mem_mb,565.240
RESULT,current,MULTI_SPOT,tls,65536,server_rcv_pending_end,0.000
RESULT,current,MULTI_SPOT,tls,65536,server_rcv_pending_max,0.000
RESULT,current,MULTI_SPOT,tls,65536,server_snd_pending_max,0.000
RESULT,current,MULTI_SPOT,tls,65536,throughput,36349.400
RESULT,current,MULTI_SPOT,tls,131072,bandwidth,3298.610
RESULT,current,MULTI_SPOT,tls,131072,latency,84902.280
RESULT,current,MULTI_SPOT,tls,131072,latency_p95,113627.600
RESULT,current,MULTI_SPOT,tls,131072,latency_p99,127532.880
RESULT,current,MULTI_SPOT,tls,131072,server_cpu_pct,15.590
RESULT,current,MULTI_SPOT,tls,131072,server_mem_mb,662.250
RESULT,current,MULTI_SPOT,tls,131072,server_rcv_pending_end,0.000
RESULT,current,MULTI_SPOT,tls,131072,server_rcv_pending_max,0.000
RESULT,current,MULTI_SPOT,tls,131072,server_snd_pending_max,0.000
RESULT,current,MULTI_SPOT,tls,131072,throughput,25166.400
RESULT,current,MULTI_SPOT,tls,262144,bandwidth,2233.572
RESULT,current,MULTI_SPOT,tls,262144,latency,151507.188
RESULT,current,MULTI_SPOT,tls,262144,latency_p95,193285.950
RESULT,current,MULTI_SPOT,tls,262144,latency_p99,208216.840
RESULT,current,MULTI_SPOT,tls,262144,server_cpu_pct,13.210
RESULT,current,MULTI_SPOT,tls,262144,server_mem_mb,916.450
RESULT,current,MULTI_SPOT,tls,262144,server_rcv_pending_end,0.000
RESULT,current,MULTI_SPOT,tls,262144,server_rcv_pending_max,0.000
RESULT,current,MULTI_SPOT,tls,262144,server_snd_pending_max,0.000
RESULT,current,MULTI_SPOT,tls,262144,throughput,8520.400
RESULT,current,MULTI_SPOT,ws,64,bandwidth,67.175
RESULT,current,MULTI_SPOT,ws,64,latency,2718148.090
RESULT,current,MULTI_SPOT,ws,64,latency_p95,4875161.800
RESULT,current,MULTI_SPOT,ws,64,latency_p99,5229576.560
RESULT,current,MULTI_SPOT,ws,64,server_cpu_pct,10.040
RESULT,current,MULTI_SPOT,ws,64,server_mem_mb,22.220
RESULT,current,MULTI_SPOT,ws,64,server_rcv_pending_end,0.000
RESULT,current,MULTI_SPOT,ws,64,server_rcv_pending_max,0.000
RESULT,current,MULTI_SPOT,ws,64,server_snd_pending_max,0.000
RESULT,current,MULTI_SPOT,ws,64,throughput,1049607.200
RESULT,current,MULTI_SPOT,ws,256,bandwidth,228.709
RESULT,current,MULTI_SPOT,ws,256,latency,1085897.905
RESULT,current,MULTI_SPOT,ws,256,latency_p95,2439317.000
RESULT,current,MULTI_SPOT,ws,256,latency_p99,4032629.400
RESULT,current,MULTI_SPOT,ws,256,server_cpu_pct,9.450
RESULT,current,MULTI_SPOT,ws,256,server_mem_mb,23.120
RESULT,current,MULTI_SPOT,ws,256,server_rcv_pending_end,0.000
RESULT,current,MULTI_SPOT,ws,256,server_rcv_pending_max,0.000
RESULT,current,MULTI_SPOT,ws,256,server_snd_pending_max,0.000
RESULT,current,MULTI_SPOT,ws,256,throughput,893394.400
RESULT,current,MULTI_SPOT,ws,1024,bandwidth,732.147
RESULT,current,MULTI_SPOT,ws,1024,latency,405134.235
RESULT,current,MULTI_SPOT,ws,1024,latency_p95,624771.100
RESULT,current,MULTI_SPOT,ws,1024,latency_p99,724543.640
RESULT,current,MULTI_SPOT,ws,1024,server_cpu_pct,8.820
RESULT,current,MULTI_SPOT,ws,1024,server_mem_mb,33.070
RESULT,current,MULTI_SPOT,ws,1024,server_rcv_pending_end,0.000
RESULT,current,MULTI_SPOT,ws,1024,server_rcv_pending_max,0.000
RESULT,current,MULTI_SPOT,ws,1024,server_snd_pending_max,0.000
RESULT,current,MULTI_SPOT,ws,1024,throughput,714987.000
RESULT,current,MULTI_SPOT,ws,65536,bandwidth,2527.697
RESULT,current,MULTI_SPOT,ws,65536,latency,364632.636
RESULT,current,MULTI_SPOT,ws,65536,latency_p95,689429.200
RESULT,current,MULTI_SPOT,ws,65536,latency_p99,784166.680
RESULT,current,MULTI_SPOT,ws,65536,server_cpu_pct,9.720
RESULT,current,MULTI_SPOT,ws,65536,server_mem_mb,263.230
RESULT,current,MULTI_SPOT,ws,65536,server_rcv_pending_end,0.000
RESULT,current,MULTI_SPOT,ws,65536,server_rcv_pending_max,0.000
RESULT,current,MULTI_SPOT,ws,65536,server_snd_pending_max,0.000
RESULT,current,MULTI_SPOT,ws,65536,throughput,38569.600
RESULT,current,MULTI_SPOT,ws,131072,bandwidth,2823.527
RESULT,current,MULTI_SPOT,ws,131072,latency,540148.506
RESULT,current,MULTI_SPOT,ws,131072,latency_p95,790529.650
RESULT,current,MULTI_SPOT,ws,131072,latency_p99,898064.640
RESULT,current,MULTI_SPOT,ws,131072,server_cpu_pct,9.960
RESULT,current,MULTI_SPOT,ws,131072,server_mem_mb,297.870
RESULT,current,MULTI_SPOT,ws,131072,server_rcv_pending_end,0.000
RESULT,current,MULTI_SPOT,ws,131072,server_rcv_pending_max,0.000
RESULT,current,MULTI_SPOT,ws,131072,server_snd_pending_max,0.000
RESULT,current,MULTI_SPOT,ws,131072,throughput,21541.800
RESULT,current,MULTI_SPOT,ws,262144,bandwidth,2856.111
RESULT,current,MULTI_SPOT,ws,262144,latency,770819.923
RESULT,current,MULTI_SPOT,ws,262144,latency_p95,1006629.850
RESULT,current,MULTI_SPOT,ws,262144,latency_p99,1105599.500
RESULT,current,MULTI_SPOT,ws,262144,server_cpu_pct,10.290
RESULT,current,MULTI_SPOT,ws,262144,server_mem_mb,189.090
RESULT,current,MULTI_SPOT,ws,262144,server_rcv_pending_end,0.000
RESULT,current,MULTI_SPOT,ws,262144,server_rcv_pending_max,0.000
RESULT,current,MULTI_SPOT,ws,262144,server_snd_pending_max,0.000
RESULT,current,MULTI_SPOT,ws,262144,throughput,10895.200
RESULT,current,MULTI_SPOT,wss,64,bandwidth,33.330
RESULT,current,MULTI_SPOT,wss,64,latency,3706738.962
RESULT,current,MULTI_SPOT,wss,64,latency_p95,5039287.500
RESULT,current,MULTI_SPOT,wss,64,latency_p99,5535255.650
RESULT,current,MULTI_SPOT,wss,64,server_cpu_pct,7.620
RESULT,current,MULTI_SPOT,wss,64,server_mem_mb,63.800
RESULT,current,MULTI_SPOT,wss,64,server_rcv_pending_end,0.000
RESULT,current,MULTI_SPOT,wss,64,server_rcv_pending_max,0.000
RESULT,current,MULTI_SPOT,wss,64,server_snd_pending_max,0.000
RESULT,current,MULTI_SPOT,wss,64,throughput,520776.200
RESULT,current,MULTI_SPOT,wss,256,bandwidth,394.732
RESULT,current,MULTI_SPOT,wss,256,latency,814005.217
RESULT,current,MULTI_SPOT,wss,256,latency_p95,4027278.950
RESULT,current,MULTI_SPOT,wss,256,latency_p99,4472588.280
RESULT,current,MULTI_SPOT,wss,256,server_cpu_pct,9.670
RESULT,current,MULTI_SPOT,wss,256,server_mem_mb,75.770
RESULT,current,MULTI_SPOT,wss,256,server_rcv_pending_end,0.000
RESULT,current,MULTI_SPOT,wss,256,server_rcv_pending_max,0.000
RESULT,current,MULTI_SPOT,wss,256,server_snd_pending_max,0.000
RESULT,current,MULTI_SPOT,wss,256,throughput,1541920.600
RESULT,current,MULTI_SPOT,wss,1024,bandwidth,367.803
RESULT,current,MULTI_SPOT,wss,1024,latency,787773.164
RESULT,current,MULTI_SPOT,wss,1024,latency_p95,2589140.600
RESULT,current,MULTI_SPOT,wss,1024,latency_p99,2767901.000
RESULT,current,MULTI_SPOT,wss,1024,server_cpu_pct,7.120
RESULT,current,MULTI_SPOT,wss,1024,server_mem_mb,124.750
RESULT,current,MULTI_SPOT,wss,1024,server_rcv_pending_end,0.000
RESULT,current,MULTI_SPOT,wss,1024,server_rcv_pending_max,0.000
RESULT,current,MULTI_SPOT,wss,1024,server_snd_pending_max,0.000
RESULT,current,MULTI_SPOT,wss,1024,throughput,359182.400
RESULT,current,MULTI_SPOT,wss,65536,bandwidth,1499.018
RESULT,current,MULTI_SPOT,wss,65536,latency,115522.613
RESULT,current,MULTI_SPOT,wss,65536,latency_p95,142533.400
RESULT,current,MULTI_SPOT,wss,65536,latency_p99,152641.240
RESULT,current,MULTI_SPOT,wss,65536,server_cpu_pct,8.700
RESULT,current,MULTI_SPOT,wss,65536,server_mem_mb,526.910
RESULT,current,MULTI_SPOT,wss,65536,server_rcv_pending_end,0.000
RESULT,current,MULTI_SPOT,wss,65536,server_rcv_pending_max,0.000
RESULT,current,MULTI_SPOT,wss,65536,server_snd_pending_max,0.000
RESULT,current,MULTI_SPOT,wss,65536,throughput,22873.200

Saved result file: /home/hep7/project/kairos/zlink/core/perf/results/multi/report/perf_linux_recv_20260324_182038_spot-multi-20260324d.txt (status=partial)

## Status Summary
- success: 22
- unsupported: 0
- skip: 0
- fail: 2
- expected result lines: 120
- actual result lines: 110
- status: partial

## Failures
- MULTI_SPOT current wss 131072B: missing_bandwidth_non_zero_exit_1_CLIENT_READY,131072_size_131072
- MULTI_SPOT current wss 131072B: missing_latency_non_zero_exit_1_CLIENT_READY,131072_size_131072
- MULTI_SPOT current wss 131072B: missing_latency_p95_non_zero_exit_1_CLIENT_READY,131072_size_131072
- MULTI_SPOT current wss 131072B: missing_latency_p99_non_zero_exit_1_CLIENT_READY,131072_size_131072
- MULTI_SPOT current wss 131072B: missing_throughput_non_zero_exit_1_CLIENT_READY,131072_size_131072
- MULTI_SPOT current wss 262144B: missing_bandwidth_non_zero_exit_1_CLIENT_READY,131072_size_131072
- MULTI_SPOT current wss 262144B: missing_latency_non_zero_exit_1_CLIENT_READY,131072_size_131072
- MULTI_SPOT current wss 262144B: missing_latency_p95_non_zero_exit_1_CLIENT_READY,131072_size_131072
- MULTI_SPOT current wss 262144B: missing_latency_p99_non_zero_exit_1_CLIENT_READY,131072_size_131072
- MULTI_SPOT current wss 262144B: missing_throughput_non_zero_exit_1_CLIENT_READY,131072_size_131072

## Failures
- MULTI_SPOT
Total benchmark time: 3m 48s (228s, exit=1)
