=== Running multi benchmark: MULTI_SPOT ===
    warmup=1s duration=1s
    recv_mode=recv
Reusing build directory: /home/hep7/project/kairos/zlink/core/build
Using CMake source directory: /home/hep7/project/kairos/zlink

## Effective Options (runner)
- patterns: MULTI_SPOT
- build_dir: /home/hep7/project/kairos/zlink/core/build
- build_mode: reuse
- reuse_build: 1
- clean_build: 0
- runs: 1
- recv_mode: recv
- duration_seconds: 1
- warmup_seconds: 1
- hwm: default(binary)
- send_hwm: default(binary)
- recv_hwm: default(binary)
- sndbuf: default(os)
- rcvbuf: default(os)
- sndtimeo_ms: 200
- rcvtimeo_ms: 200
- pin_cpu: 0
- io_threads: 1
- msg_sizes: 64,256,65536,262144
- transports: wss
- results_dir: /home/hep7/project/kairos/zlink/core/perf/results
- results_tag: iothreads1-20260325
- result_file: /home/hep7/project/kairos/zlink/core/perf/results/multi/report/perf_linux_recv_20260325_084504_iothreads1-20260325.txt
- output_file: none
- comparison_script: /home/hep7/project/kairos/zlink/core/perf/run_comparison.py
- python: python3

## Effective Env (runner)
- PYTHONUNBUFFERED: 1
- PERF_RECV_MODE: recv
- PERF_IO_THREADS: 1
- PERF_MSG_SIZES: 64,256,65536,262144
- PERF_TRANSPORTS: wss
- PERF_NO_AUTOBUILD: 1
- PERF_DISABLE_RESOURCE_METRICS: 0

META,os,Linux 6.6.87.2-microsoft-standard-WSL2
META,cpu,Intel(R) Core(TM) Ultra 7 265K
META,cores,20
META,build,Release
META,commit,7ab6f0ae
META,timestamp,2026-03-25T08:45:04+09:00
META,load_avg,0.99 4.90 5.85
META,runs,1
META,clients,100

## Effective Options (start)
- runs: 1
- recv_mode: recv
- patterns: MULTI_SPOT
- transports: wss
- msg_sizes: 64,256,65536,262144
- warmup_seconds: 1
- active_warmup: 0
- duration_seconds: 1
- clients: 100
- default_clients: 100
- default_stream_clients: 10000
- service_clients: auto
- server_io_threads: 1 (from PERF_IO_THREADS)
- client_io_threads: 1 (from PERF_IO_THREADS)
- hwm: 100 (default)
- sndhwm: 100 (default)
- rcvhwm: 100 (default)
- sndbuf: default(os)
- rcvbuf: default(os)
- sndtimeo_ms: 200
- rcvtimeo_ms: 200
- connect_concurrency: 128 (default)
- settle_ms: 500
- connect_ready_timeout_ms: 5000
- monitor_hwm: 1000
- server_ready_timeout_ms: 10000
- server_shutdown_timeout_ms: 5000
- server_bind_port: 0
- transport_transition_ms: 3000
- pattern_transition_ms: 3000
- lat_timeout_ms: 5000
- stream_non_tcp_clients_max: 10000
- disable_resource_metrics: 0
- timeout_seconds: auto
## PATTERN: MULTI_SPOT (one-way)
  > Benchmarking current for MULTI_SPOT...
    Testing wss | 64B,256B,65536B,262144B:
      | Size     |         Throughput |      Bandwidth |  Lat.Mean(ms) |   Lat.P95(ms) |   Lat.P99(ms) |  S.CPU% | S.Mem MB | Q.Snd.Max | Q.Rcv.Max | Q.Rcv.End |
      |----------|--------------------|----------------|---------------|---------------|---------------|---------|----------|-----------|-----------|-----------|
      | 64B      |  3168.232 Kmsg/s |    202.767 MB/s |   395.699 ms |   433.648 ms |   436.800 ms |  3.438 |   47.969 |         0 |         0 |         0 |
      | 256B     |  1218.346 Kmsg/s |    311.897 MB/s |   121.432 ms |   176.195 ms |   179.772 ms |  2.829 |   48.844 |         0 |         0 |         0 |
      | 65536B   |             FAIL |         FAIL |         FAIL |         FAIL |         FAIL |    N/A |      N/A |       N/A |       N/A |       N/A |
      | 262144B  |             FAIL |         FAIL |         FAIL |         FAIL |         FAIL |    N/A |      N/A |       N/A |       N/A |       N/A |
    Testing wss: Done

## Effective Options (result)
- runs: 1
- recv_mode: recv
- patterns: MULTI_SPOT
- transports: wss
- msg_sizes: 64,256,65536,262144
- warmup_seconds: 1
- active_warmup: 0
- duration_seconds: 1
- clients: 100
- default_clients: 100
- default_stream_clients: 10000
- service_clients: auto
- server_io_threads: 1 (from PERF_IO_THREADS)
- client_io_threads: 1 (from PERF_IO_THREADS)
- hwm: 100 (default)
- sndhwm: 100 (default)
- rcvhwm: 100 (default)
- sndbuf: default(os)
- rcvbuf: default(os)
- sndtimeo_ms: 200
- rcvtimeo_ms: 200
- connect_concurrency: 128 (default)
- settle_ms: 500
- connect_ready_timeout_ms: 5000
- monitor_hwm: 1000
- server_ready_timeout_ms: 10000
- server_shutdown_timeout_ms: 5000
- server_bind_port: 0
- transport_transition_ms: 3000
- pattern_transition_ms: 3000
- lat_timeout_ms: 5000
- stream_non_tcp_clients_max: 10000
- disable_resource_metrics: 0
- timeout_seconds: auto

## Result Data
RESULT,current,MULTI_SPOT,wss,64,bandwidth,202.767
RESULT,current,MULTI_SPOT,wss,64,latency,395699.349
RESULT,current,MULTI_SPOT,wss,64,latency_p95,433648.000
RESULT,current,MULTI_SPOT,wss,64,latency_p99,436799.920
RESULT,current,MULTI_SPOT,wss,64,server_cpu_pct,3.580
RESULT,current,MULTI_SPOT,wss,64,server_mem_mb,47.970
RESULT,current,MULTI_SPOT,wss,64,server_rcv_pending_end,0.000
RESULT,current,MULTI_SPOT,wss,64,server_rcv_pending_max,0.000
RESULT,current,MULTI_SPOT,wss,64,server_snd_pending_max,0.000
RESULT,current,MULTI_SPOT,wss,64,throughput,3168232.000
RESULT,current,MULTI_SPOT,wss,256,bandwidth,311.897
RESULT,current,MULTI_SPOT,wss,256,latency,121432.393
RESULT,current,MULTI_SPOT,wss,256,latency_p95,176195.250
RESULT,current,MULTI_SPOT,wss,256,latency_p99,179772.000
RESULT,current,MULTI_SPOT,wss,256,server_cpu_pct,2.860
RESULT,current,MULTI_SPOT,wss,256,server_mem_mb,48.840
RESULT,current,MULTI_SPOT,wss,256,server_rcv_pending_end,0.000
RESULT,current,MULTI_SPOT,wss,256,server_rcv_pending_max,0.000
RESULT,current,MULTI_SPOT,wss,256,server_snd_pending_max,0.000
RESULT,current,MULTI_SPOT,wss,256,throughput,1218346.000

Saved result file: /home/hep7/project/kairos/zlink/core/perf/results/multi/report/perf_linux_recv_20260325_084504_iothreads1-20260325.txt (status=partial)

## Status Summary
- success: 2
- unsupported: 0
- skip: 0
- fail: 2
- expected result lines: 20
- actual result lines: 10
- status: partial

## Failures
- MULTI_SPOT current wss 65536B: missing_bandwidth_non_zero_exit_1_CLIENT_READY,65536_size_65536
- MULTI_SPOT current wss 65536B: missing_latency_non_zero_exit_1_CLIENT_READY,65536_size_65536
- MULTI_SPOT current wss 65536B: missing_latency_p95_non_zero_exit_1_CLIENT_READY,65536_size_65536
- MULTI_SPOT current wss 65536B: missing_latency_p99_non_zero_exit_1_CLIENT_READY,65536_size_65536
- MULTI_SPOT current wss 65536B: missing_throughput_non_zero_exit_1_CLIENT_READY,65536_size_65536
- MULTI_SPOT current wss 262144B: missing_bandwidth_non_zero_exit_1_CLIENT_READY,65536_size_65536
- MULTI_SPOT current wss 262144B: missing_latency_non_zero_exit_1_CLIENT_READY,65536_size_65536
- MULTI_SPOT current wss 262144B: missing_latency_p95_non_zero_exit_1_CLIENT_READY,65536_size_65536
- MULTI_SPOT current wss 262144B: missing_latency_p99_non_zero_exit_1_CLIENT_READY,65536_size_65536
- MULTI_SPOT current wss 262144B: missing_throughput_non_zero_exit_1_CLIENT_READY,65536_size_65536

## Failures
- MULTI_SPOT
Total benchmark time: 26s (26s, exit=1)
