=== Running multi benchmark: MULTI_SPOT ===
    warmup=2s duration=5s
    recv_mode=recv
Reusing build directory: /home/hep7/project/kairos/zlink/core/build
Using CMake source directory: /home/hep7/project/kairos/zlink

## Effective Options (runner)
- patterns: MULTI_SPOT
- build_dir: /home/hep7/project/kairos/zlink/core/build
- build_mode: reuse
- reuse_build: 1
- clean_build: 0
- runs: 1
- recv_mode: recv
- duration_seconds: 5
- warmup_seconds: 2
- hwm: default(binary)
- send_hwm: default(binary)
- recv_hwm: default(binary)
- sndbuf: default(os)
- rcvbuf: default(os)
- sndtimeo_ms: 200
- rcvtimeo_ms: 200
- pin_cpu: 0
- io_threads: default(policy)
- msg_sizes: 64,256,1024,65536,131072,262144
- transports: tcp,tls
- results_dir: /home/hep7/project/kairos/zlink/core/perf/results
- results_tag: triage-multi-tcp-tls-hwm1024-20260324
- result_file: /home/hep7/project/kairos/zlink/core/perf/results/multi/report/perf_linux_recv_20260324_180647_triage-multi-tcp-tls-hwm1024-20260324.txt
- output_file: none
- comparison_script: /home/hep7/project/kairos/zlink/core/perf/run_comparison.py
- python: python3

## Effective Env (runner)
- PYTHONUNBUFFERED: 1
- PERF_RECV_MODE: recv
- PERF_MSG_SIZES: 64,256,1024,65536,131072,262144
- PERF_TRANSPORTS: tcp,tls
- PERF_NO_AUTOBUILD: 1
- PERF_DISABLE_RESOURCE_METRICS: 0

META,os,Linux 6.6.87.2-microsoft-standard-WSL2
META,cpu,Intel(R) Core(TM) Ultra 7 265K
META,cores,20
META,build,Release
META,commit,45bdf7dc
META,timestamp,2026-03-24T18:06:47+09:00
META,load_avg,1.89 2.51 4.21
META,runs,1
META,clients,100

## Effective Options (start)
- runs: 1
- recv_mode: recv
- patterns: MULTI_SPOT
- transports: tcp,tls
- msg_sizes: 64,256,1024,65536,131072,262144
- warmup_seconds: 2
- active_warmup: 0
- duration_seconds: 5
- clients: 100
- default_clients: 100
- default_stream_clients: 10000
- service_clients: auto
- server_io_threads: 4 (default)
- client_io_threads: 4 (default)
- hwm: 100 (default)
- sndhwm: 100 (default)
- rcvhwm: 100 (default)
- sndbuf: default(os)
- rcvbuf: default(os)
- sndtimeo_ms: 200
- rcvtimeo_ms: 200
- connect_concurrency: 128 (default)
- settle_ms: 500
- connect_ready_timeout_ms: 5000
- monitor_hwm: 1000
- server_ready_timeout_ms: 10000
- server_shutdown_timeout_ms: 5000
- server_bind_port: 0
- transport_transition_ms: 3000
- pattern_transition_ms: 3000
- lat_timeout_ms: 5000
- stream_non_tcp_clients_max: 10000
- disable_resource_metrics: 0
- timeout_seconds: auto
## PATTERN: MULTI_SPOT (one-way)
  > Benchmarking current for MULTI_SPOT...
    Testing tcp | 64B,256B,1024B,65536B,131072B,262144B:
      | Size     |         Throughput |      Bandwidth |  Lat.Mean(ms) |   Lat.P95(ms) |   Lat.P99(ms) |  S.CPU% | S.Mem MB | Q.Snd.Max | Q.Rcv.Max | Q.Rcv.End |
      |----------|--------------------|----------------|---------------|---------------|---------------|---------|----------|-----------|-----------|-----------|
      | 64B      |  4129.972 Kmsg/s |    264.318 MB/s |  1364.923 ms |  3286.173 ms |  3354.116 ms | 14.447 |   30.996 |         0 |         0 |         0 |
      | 256B     |  2262.619 Kmsg/s |    579.231 MB/s |  1404.644 ms |  2266.842 ms |  2490.800 ms | 12.680 |   55.984 |         0 |         0 |         0 |
      | 1024B    |  1011.493 Kmsg/s |   1035.768 MB/s |   385.096 ms |   559.491 ms |   658.249 ms | 10.147 |  104.820 |         0 |         0 |         0 |
      | 65536B   |    35.783 Kmsg/s |   2345.101 MB/s |  1652.869 ms |  2115.382 ms |  2275.019 ms |  8.669 |  681.512 |         0 |         0 |         0 |
      | 131072B  |    18.431 Kmsg/s |   2415.736 MB/s |  2493.954 ms |  3186.452 ms |  3357.015 ms |  9.938 |  688.445 |         0 |         0 |         0 |
      | 262144B  |     4.267 Kmsg/s |   1118.516 MB/s |  4084.868 ms |  4685.678 ms |  4747.477 ms |  8.352 |  963.582 |         0 |         0 |         0 |
    Testing tcp: Done
    [transport cooldown 3000ms]
    Testing tls | 64B,256B,1024B,65536B,131072B,262144B:
      | Size     |         Throughput |      Bandwidth |  Lat.Mean(ms) |   Lat.P95(ms) |   Lat.P99(ms) |  S.CPU% | S.Mem MB | Q.Snd.Max | Q.Rcv.Max | Q.Rcv.End |
      |----------|--------------------|----------------|---------------|---------------|---------------|---------|----------|-----------|-----------|-----------|
      | 64B      |  1431.719 Kmsg/s |     91.630 MB/s |   934.899 ms |  3155.804 ms |  3776.781 ms | 11.912 |   64.902 |         0 |         0 |         0 |
      | 256B     |  1645.141 Kmsg/s |    421.156 MB/s |   833.714 ms |  3093.979 ms |  4022.848 ms | 11.598 |   82.887 |         0 |         0 |         0 |
      | 1024B    |  1040.520 Kmsg/s |   1065.493 MB/s |   701.291 ms |  2466.988 ms |  2940.970 ms | 13.320 |  137.710 |         0 |         0 |         0 |
      | 65536B   |     4.255 Kmsg/s |    278.882 MB/s |   746.462 ms |  1536.897 ms |  1761.518 ms |  5.968 |  734.480 |         0 |         0 |         0 |
      | 131072B  |    23.450 Kmsg/s |   3073.691 MB/s |  1025.712 ms |  1876.763 ms |  4288.412 ms | 15.711 |  687.363 |         0 |         0 |         0 |
      | 262144B  |    12.177 Kmsg/s |   3192.075 MB/s |  1002.130 ms |  1780.896 ms |  1892.458 ms | 16.322 |  491.516 |         0 |         0 |         0 |
    Testing tls: Done

## Effective Options (result)
- runs: 1
- recv_mode: recv
- patterns: MULTI_SPOT
- transports: tcp,tls
- msg_sizes: 64,256,1024,65536,131072,262144
- warmup_seconds: 2
- active_warmup: 0
- duration_seconds: 5
- clients: 100
- default_clients: 100
- default_stream_clients: 10000
- service_clients: auto
- server_io_threads: 4 (default)
- client_io_threads: 4 (default)
- hwm: 100 (default)
- sndhwm: 100 (default)
- rcvhwm: 100 (default)
- sndbuf: default(os)
- rcvbuf: default(os)
- sndtimeo_ms: 200
- rcvtimeo_ms: 200
- connect_concurrency: 128 (default)
- settle_ms: 500
- connect_ready_timeout_ms: 5000
- monitor_hwm: 1000
- server_ready_timeout_ms: 10000
- server_shutdown_timeout_ms: 5000
- server_bind_port: 0
- transport_transition_ms: 3000
- pattern_transition_ms: 3000
- lat_timeout_ms: 5000
- stream_non_tcp_clients_max: 10000
- disable_resource_metrics: 0
- timeout_seconds: auto

## Result Data
RESULT,current,MULTI_SPOT,tcp,64,bandwidth,264.318
RESULT,current,MULTI_SPOT,tcp,64,latency,1364923.320
RESULT,current,MULTI_SPOT,tcp,64,latency_p95,3286173.300
RESULT,current,MULTI_SPOT,tcp,64,latency_p99,3354116.010
RESULT,current,MULTI_SPOT,tcp,64,server_cpu_pct,17.330
RESULT,current,MULTI_SPOT,tcp,64,server_mem_mb,31.000
RESULT,current,MULTI_SPOT,tcp,64,server_rcv_pending_end,0.000
RESULT,current,MULTI_SPOT,tcp,64,server_rcv_pending_max,0.000
RESULT,current,MULTI_SPOT,tcp,64,server_snd_pending_max,0.000
RESULT,current,MULTI_SPOT,tcp,64,throughput,4129972.000
RESULT,current,MULTI_SPOT,tcp,256,bandwidth,579.231
RESULT,current,MULTI_SPOT,tcp,256,latency,1404644.204
RESULT,current,MULTI_SPOT,tcp,256,latency_p95,2266842.200
RESULT,current,MULTI_SPOT,tcp,256,latency_p99,2490800.450
RESULT,current,MULTI_SPOT,tcp,256,server_cpu_pct,13.520
RESULT,current,MULTI_SPOT,tcp,256,server_mem_mb,55.980
RESULT,current,MULTI_SPOT,tcp,256,server_rcv_pending_end,0.000
RESULT,current,MULTI_SPOT,tcp,256,server_rcv_pending_max,0.000
RESULT,current,MULTI_SPOT,tcp,256,server_snd_pending_max,0.000
RESULT,current,MULTI_SPOT,tcp,256,throughput,2262619.200
RESULT,current,MULTI_SPOT,tcp,1024,bandwidth,1035.768
RESULT,current,MULTI_SPOT,tcp,1024,latency,385096.247
RESULT,current,MULTI_SPOT,tcp,1024,latency_p95,559490.900
RESULT,current,MULTI_SPOT,tcp,1024,latency_p99,658248.560
RESULT,current,MULTI_SPOT,tcp,1024,server_cpu_pct,10.520
RESULT,current,MULTI_SPOT,tcp,1024,server_mem_mb,104.820
RESULT,current,MULTI_SPOT,tcp,1024,server_rcv_pending_end,0.000
RESULT,current,MULTI_SPOT,tcp,1024,server_rcv_pending_max,0.000
RESULT,current,MULTI_SPOT,tcp,1024,server_snd_pending_max,0.000
RESULT,current,MULTI_SPOT,tcp,1024,throughput,1011492.600
RESULT,current,MULTI_SPOT,tcp,65536,bandwidth,2345.101
RESULT,current,MULTI_SPOT,tcp,65536,latency,1652868.870
RESULT,current,MULTI_SPOT,tcp,65536,latency_p95,2115382.350
RESULT,current,MULTI_SPOT,tcp,65536,latency_p99,2275019.230
RESULT,current,MULTI_SPOT,tcp,65536,server_cpu_pct,10.820
RESULT,current,MULTI_SPOT,tcp,65536,server_mem_mb,681.510
RESULT,current,MULTI_SPOT,tcp,65536,server_rcv_pending_end,0.000
RESULT,current,MULTI_SPOT,tcp,65536,server_rcv_pending_max,0.000
RESULT,current,MULTI_SPOT,tcp,65536,server_snd_pending_max,0.000
RESULT,current,MULTI_SPOT,tcp,65536,throughput,35783.400
RESULT,current,MULTI_SPOT,tcp,131072,bandwidth,2415.736
RESULT,current,MULTI_SPOT,tcp,131072,latency,2493954.276
RESULT,current,MULTI_SPOT,tcp,131072,latency_p95,3186451.500
RESULT,current,MULTI_SPOT,tcp,131072,latency_p99,3357015.150
RESULT,current,MULTI_SPOT,tcp,131072,server_cpu_pct,13.170
RESULT,current,MULTI_SPOT,tcp,131072,server_mem_mb,688.600
RESULT,current,MULTI_SPOT,tcp,131072,server_rcv_pending_end,0.000
RESULT,current,MULTI_SPOT,tcp,131072,server_rcv_pending_max,0.000
RESULT,current,MULTI_SPOT,tcp,131072,server_snd_pending_max,0.000
RESULT,current,MULTI_SPOT,tcp,131072,throughput,18430.600
RESULT,current,MULTI_SPOT,tcp,262144,bandwidth,1118.516
RESULT,current,MULTI_SPOT,tcp,262144,latency,4084868.154
RESULT,current,MULTI_SPOT,tcp,262144,latency_p95,4685678.200
RESULT,current,MULTI_SPOT,tcp,262144,latency_p99,4747477.440
RESULT,current,MULTI_SPOT,tcp,262144,server_cpu_pct,12.740
RESULT,current,MULTI_SPOT,tcp,262144,server_mem_mb,963.580
RESULT,current,MULTI_SPOT,tcp,262144,server_rcv_pending_end,0.000
RESULT,current,MULTI_SPOT,tcp,262144,server_rcv_pending_max,0.000
RESULT,current,MULTI_SPOT,tcp,262144,server_snd_pending_max,0.000
RESULT,current,MULTI_SPOT,tcp,262144,throughput,4266.800
RESULT,current,MULTI_SPOT,tls,64,bandwidth,91.630
RESULT,current,MULTI_SPOT,tls,64,latency,934899.417
RESULT,current,MULTI_SPOT,tls,64,latency_p95,3155804.350
RESULT,current,MULTI_SPOT,tls,64,latency_p99,3776781.280
RESULT,current,MULTI_SPOT,tls,64,server_cpu_pct,11.960
RESULT,current,MULTI_SPOT,tls,64,server_mem_mb,64.900
RESULT,current,MULTI_SPOT,tls,64,server_rcv_pending_end,0.000
RESULT,current,MULTI_SPOT,tls,64,server_rcv_pending_max,0.000
RESULT,current,MULTI_SPOT,tls,64,server_snd_pending_max,0.000
RESULT,current,MULTI_SPOT,tls,64,throughput,1431718.800
RESULT,current,MULTI_SPOT,tls,256,bandwidth,421.156
RESULT,current,MULTI_SPOT,tls,256,latency,833714.057
RESULT,current,MULTI_SPOT,tls,256,latency_p95,3093979.150
RESULT,current,MULTI_SPOT,tls,256,latency_p99,4022847.950
RESULT,current,MULTI_SPOT,tls,256,server_cpu_pct,11.610
RESULT,current,MULTI_SPOT,tls,256,server_mem_mb,82.890
RESULT,current,MULTI_SPOT,tls,256,server_rcv_pending_end,0.000
RESULT,current,MULTI_SPOT,tls,256,server_rcv_pending_max,0.000
RESULT,current,MULTI_SPOT,tls,256,server_snd_pending_max,0.000
RESULT,current,MULTI_SPOT,tls,256,throughput,1645140.800
RESULT,current,MULTI_SPOT,tls,1024,bandwidth,1065.493
RESULT,current,MULTI_SPOT,tls,1024,latency,701290.916
RESULT,current,MULTI_SPOT,tls,1024,latency_p95,2466987.700
RESULT,current,MULTI_SPOT,tls,1024,latency_p99,2940970.470
RESULT,current,MULTI_SPOT,tls,1024,server_cpu_pct,13.320
RESULT,current,MULTI_SPOT,tls,1024,server_mem_mb,137.710
RESULT,current,MULTI_SPOT,tls,1024,server_rcv_pending_end,0.000
RESULT,current,MULTI_SPOT,tls,1024,server_rcv_pending_max,0.000
RESULT,current,MULTI_SPOT,tls,1024,server_snd_pending_max,0.000
RESULT,current,MULTI_SPOT,tls,1024,throughput,1040520.400
RESULT,current,MULTI_SPOT,tls,65536,bandwidth,278.882
RESULT,current,MULTI_SPOT,tls,65536,latency,746462.135
RESULT,current,MULTI_SPOT,tls,65536,latency_p95,1536896.500
RESULT,current,MULTI_SPOT,tls,65536,latency_p99,1761517.940
RESULT,current,MULTI_SPOT,tls,65536,server_cpu_pct,9.200
RESULT,current,MULTI_SPOT,tls,65536,server_mem_mb,734.480
RESULT,current,MULTI_SPOT,tls,65536,server_rcv_pending_end,0.000
RESULT,current,MULTI_SPOT,tls,65536,server_rcv_pending_max,0.000
RESULT,current,MULTI_SPOT,tls,65536,server_snd_pending_max,0.000
RESULT,current,MULTI_SPOT,tls,65536,throughput,4255.400
RESULT,current,MULTI_SPOT,tls,131072,bandwidth,3073.691
RESULT,current,MULTI_SPOT,tls,131072,latency,1025712.086
RESULT,current,MULTI_SPOT,tls,131072,latency_p95,1876763.250
RESULT,current,MULTI_SPOT,tls,131072,latency_p99,4288412.400
RESULT,current,MULTI_SPOT,tls,131072,server_cpu_pct,16.270
RESULT,current,MULTI_SPOT,tls,131072,server_mem_mb,687.360
RESULT,current,MULTI_SPOT,tls,131072,server_rcv_pending_end,0.000
RESULT,current,MULTI_SPOT,tls,131072,server_rcv_pending_max,0.000
RESULT,current,MULTI_SPOT,tls,131072,server_snd_pending_max,0.000
RESULT,current,MULTI_SPOT,tls,131072,throughput,23450.400
RESULT,current,MULTI_SPOT,tls,262144,bandwidth,3192.075
RESULT,current,MULTI_SPOT,tls,262144,latency,1002130.450
RESULT,current,MULTI_SPOT,tls,262144,latency_p95,1780896.000
RESULT,current,MULTI_SPOT,tls,262144,latency_p99,1892457.940
RESULT,current,MULTI_SPOT,tls,262144,server_cpu_pct,16.910
RESULT,current,MULTI_SPOT,tls,262144,server_mem_mb,492.300
RESULT,current,MULTI_SPOT,tls,262144,server_rcv_pending_end,0.000
RESULT,current,MULTI_SPOT,tls,262144,server_rcv_pending_max,0.000
RESULT,current,MULTI_SPOT,tls,262144,server_snd_pending_max,0.000
RESULT,current,MULTI_SPOT,tls,262144,throughput,12176.800

Saved result file: /home/hep7/project/kairos/zlink/core/perf/results/multi/report/perf_linux_recv_20260324_180647_triage-multi-tcp-tls-hwm1024-20260324.txt (status=complete)

## Status Summary
- success: 12
- unsupported: 0
- skip: 0
- fail: 0
- expected result lines: 60
- actual result lines: 60
- status: complete
Total benchmark time: 1m 48s (108s, exit=0)
