=== Running multi benchmark: MULTI_SPOT ===
    warmup=1s duration=1s
    recv_mode=recv
Reusing build directory: /home/hep7/project/kairos/zlink/core/build
Using CMake source directory: /home/hep7/project/kairos/zlink

## Effective Options (runner)
- patterns: MULTI_SPOT
- build_dir: /home/hep7/project/kairos/zlink/core/build
- build_mode: reuse
- reuse_build: 1
- clean_build: 0
- runs: 1
- recv_mode: recv
- duration_seconds: 1
- warmup_seconds: 1
- hwm: default(binary)
- send_hwm: default(binary)
- recv_hwm: default(binary)
- sndbuf: default(os)
- rcvbuf: default(os)
- sndtimeo_ms: 200
- rcvtimeo_ms: 200
- pin_cpu: 0
- io_threads: default(policy)
- msg_sizes: 64,256,1024,262144
- transports: wss
- results_dir: /home/hep7/project/kairos/zlink/core/perf/results
- results_tag: triage-wss-meshpub512-20260324
- result_file: /home/hep7/project/kairos/zlink/core/perf/results/multi/report/perf_linux_recv_20260324_190139_triage-wss-meshpub512-20260324.txt
- output_file: none
- comparison_script: /home/hep7/project/kairos/zlink/core/perf/run_comparison.py
- python: python3

## Effective Env (runner)
- PYTHONUNBUFFERED: 1
- PERF_RECV_MODE: recv
- PERF_MSG_SIZES: 64,256,1024,262144
- PERF_TRANSPORTS: wss
- PERF_NO_AUTOBUILD: 1
- PERF_DISABLE_RESOURCE_METRICS: 0

META,os,Linux 6.6.87.2-microsoft-standard-WSL2
META,cpu,Intel(R) Core(TM) Ultra 7 265K
META,cores,20
META,build,Release
META,commit,45bdf7dc
META,timestamp,2026-03-24T19:01:39+09:00
META,load_avg,4.94 3.44 3.22
META,runs,1
META,clients,100

## Effective Options (start)
- runs: 1
- recv_mode: recv
- patterns: MULTI_SPOT
- transports: wss
- msg_sizes: 64,256,1024,262144
- warmup_seconds: 1
- active_warmup: 0
- duration_seconds: 1
- clients: 100
- default_clients: 100
- default_stream_clients: 10000
- service_clients: auto
- server_io_threads: 4 (default)
- client_io_threads: 4 (default)
- hwm: 100 (default)
- sndhwm: 100 (default)
- rcvhwm: 100 (default)
- sndbuf: default(os)
- rcvbuf: default(os)
- sndtimeo_ms: 200
- rcvtimeo_ms: 200
- connect_concurrency: 128 (default)
- settle_ms: 500
- connect_ready_timeout_ms: 5000
- monitor_hwm: 1000
- server_ready_timeout_ms: 10000
- server_shutdown_timeout_ms: 5000
- server_bind_port: 0
- transport_transition_ms: 3000
- pattern_transition_ms: 3000
- lat_timeout_ms: 5000
- stream_non_tcp_clients_max: 10000
- disable_resource_metrics: 0
- timeout_seconds: auto
## PATTERN: MULTI_SPOT (one-way)
  > Benchmarking current for MULTI_SPOT...
    Testing wss | 64B,256B,1024B,262144B:
      | Size     |         Throughput |      Bandwidth |  Lat.Mean(ms) |   Lat.P95(ms) |   Lat.P99(ms) |  S.CPU% | S.Mem MB | Q.Snd.Max | Q.Rcv.Max | Q.Rcv.End |
      |----------|--------------------|----------------|---------------|---------------|---------------|---------|----------|-----------|-----------|-----------|
      | 64B      |   771.679 Kmsg/s |     49.387 MB/s |    15.185 ms |    44.477 ms |    47.392 ms |  5.819 |   57.344 |         0 |         0 |         0 |
      | 256B     |   606.979 Kmsg/s |    155.387 MB/s |    54.040 ms |   664.645 ms |   868.474 ms |  4.860 |   62.340 |         0 |         0 |         0 |
      | 1024B    |   410.509 Kmsg/s |    420.361 MB/s |    12.122 ms |     9.397 ms |    10.313 ms |  5.450 |   86.520 |         0 |         0 |         0 |
      | 262144B  |    10.490 Kmsg/s |   2749.891 MB/s |   136.964 ms |   225.527 ms |   265.440 ms |  5.919 |  508.352 |         0 |         0 |         0 |
    Testing wss: Done

## Effective Options (result)
- runs: 1
- recv_mode: recv
- patterns: MULTI_SPOT
- transports: wss
- msg_sizes: 64,256,1024,262144
- warmup_seconds: 1
- active_warmup: 0
- duration_seconds: 1
- clients: 100
- default_clients: 100
- default_stream_clients: 10000
- service_clients: auto
- server_io_threads: 4 (default)
- client_io_threads: 4 (default)
- hwm: 100 (default)
- sndhwm: 100 (default)
- rcvhwm: 100 (default)
- sndbuf: default(os)
- rcvbuf: default(os)
- sndtimeo_ms: 200
- rcvtimeo_ms: 200
- connect_concurrency: 128 (default)
- settle_ms: 500
- connect_ready_timeout_ms: 5000
- monitor_hwm: 1000
- server_ready_timeout_ms: 10000
- server_shutdown_timeout_ms: 5000
- server_bind_port: 0
- transport_transition_ms: 3000
- pattern_transition_ms: 3000
- lat_timeout_ms: 5000
- stream_non_tcp_clients_max: 10000
- disable_resource_metrics: 0
- timeout_seconds: auto

## Result Data
RESULT,current,MULTI_SPOT,wss,64,bandwidth,49.387
RESULT,current,MULTI_SPOT,wss,64,latency,15184.621
RESULT,current,MULTI_SPOT,wss,64,latency_p95,44477.250
RESULT,current,MULTI_SPOT,wss,64,latency_p99,47391.850
RESULT,current,MULTI_SPOT,wss,64,server_cpu_pct,5.850
RESULT,current,MULTI_SPOT,wss,64,server_mem_mb,57.340
RESULT,current,MULTI_SPOT,wss,64,server_rcv_pending_end,0.000
RESULT,current,MULTI_SPOT,wss,64,server_rcv_pending_max,0.000
RESULT,current,MULTI_SPOT,wss,64,server_snd_pending_max,0.000
RESULT,current,MULTI_SPOT,wss,64,throughput,771679.000
RESULT,current,MULTI_SPOT,wss,256,bandwidth,155.387
RESULT,current,MULTI_SPOT,wss,256,latency,54040.115
RESULT,current,MULTI_SPOT,wss,256,latency_p95,664644.600
RESULT,current,MULTI_SPOT,wss,256,latency_p99,868474.000
RESULT,current,MULTI_SPOT,wss,256,server_cpu_pct,4.860
RESULT,current,MULTI_SPOT,wss,256,server_mem_mb,62.340
RESULT,current,MULTI_SPOT,wss,256,server_rcv_pending_end,0.000
RESULT,current,MULTI_SPOT,wss,256,server_rcv_pending_max,0.000
RESULT,current,MULTI_SPOT,wss,256,server_snd_pending_max,0.000
RESULT,current,MULTI_SPOT,wss,256,throughput,606979.000
RESULT,current,MULTI_SPOT,wss,1024,bandwidth,420.361
RESULT,current,MULTI_SPOT,wss,1024,latency,12122.005
RESULT,current,MULTI_SPOT,wss,1024,latency_p95,9397.000
RESULT,current,MULTI_SPOT,wss,1024,latency_p99,10312.970
RESULT,current,MULTI_SPOT,wss,1024,server_cpu_pct,5.450
RESULT,current,MULTI_SPOT,wss,1024,server_mem_mb,86.520
RESULT,current,MULTI_SPOT,wss,1024,server_rcv_pending_end,0.000
RESULT,current,MULTI_SPOT,wss,1024,server_rcv_pending_max,0.000
RESULT,current,MULTI_SPOT,wss,1024,server_snd_pending_max,0.000
RESULT,current,MULTI_SPOT,wss,1024,throughput,410509.000
RESULT,current,MULTI_SPOT,wss,262144,bandwidth,2749.891
RESULT,current,MULTI_SPOT,wss,262144,latency,136963.948
RESULT,current,MULTI_SPOT,wss,262144,latency_p95,225526.600
RESULT,current,MULTI_SPOT,wss,262144,latency_p99,265440.240
RESULT,current,MULTI_SPOT,wss,262144,server_cpu_pct,5.990
RESULT,current,MULTI_SPOT,wss,262144,server_mem_mb,508.510
RESULT,current,MULTI_SPOT,wss,262144,server_rcv_pending_end,0.000
RESULT,current,MULTI_SPOT,wss,262144,server_rcv_pending_max,0.000
RESULT,current,MULTI_SPOT,wss,262144,server_snd_pending_max,0.000
RESULT,current,MULTI_SPOT,wss,262144,throughput,10490.000

Saved result file: /home/hep7/project/kairos/zlink/core/perf/results/multi/report/perf_linux_recv_20260324_190139_triage-wss-meshpub512-20260324.txt (status=complete)

## Status Summary
- success: 4
- unsupported: 0
- skip: 0
- fail: 0
- expected result lines: 20
- actual result lines: 20
- status: complete
Total benchmark time: 27s (27s, exit=0)
