=== Running multi benchmark: MULTI_SPOT ===
    warmup=1s duration=1s
    recv_mode=recv
Reusing build directory: /home/hep7/project/kairos/zlink/core/build
Using CMake source directory: /home/hep7/project/kairos/zlink

## Effective Options (runner)
- patterns: MULTI_SPOT
- build_dir: /home/hep7/project/kairos/zlink/core/build
- build_mode: reuse
- reuse_build: 1
- clean_build: 0
- runs: 1
- recv_mode: recv
- duration_seconds: 1
- warmup_seconds: 1
- hwm: default(binary)
- send_hwm: default(binary)
- recv_hwm: default(binary)
- sndbuf: default(os)
- rcvbuf: default(os)
- sndtimeo_ms: 200
- rcvtimeo_ms: 200
- pin_cpu: 0
- io_threads: default(policy)
- msg_sizes: 64,256,65536,262144
- transports: tcp,tls,wss
- results_dir: /home/hep7/project/kairos/zlink/core/perf/results
- results_tag: residual-reentry-20260325a
- result_file: /home/hep7/project/kairos/zlink/core/perf/results/multi/report/perf_linux_recv_20260325_002632_residual-reentry-20260325a.txt
- output_file: none
- comparison_script: /home/hep7/project/kairos/zlink/core/perf/run_comparison.py
- python: python3

## Effective Env (runner)
- PYTHONUNBUFFERED: 1
- PERF_RECV_MODE: recv
- PERF_MSG_SIZES: 64,256,65536,262144
- PERF_TRANSPORTS: tcp,tls,wss
- PERF_NO_AUTOBUILD: 1
- PERF_DISABLE_RESOURCE_METRICS: 0

META,os,Linux 6.6.87.2-microsoft-standard-WSL2
META,cpu,Intel(R) Core(TM) Ultra 7 265K
META,cores,20
META,build,Release
META,commit,7ab6f0ae
META,timestamp,2026-03-25T00:26:33+09:00
META,load_avg,2.92 2.77 2.50
META,runs,1
META,clients,100

## Effective Options (start)
- runs: 1
- recv_mode: recv
- patterns: MULTI_SPOT
- transports: tcp,tls,wss
- msg_sizes: 64,256,65536,262144
- warmup_seconds: 1
- active_warmup: 0
- duration_seconds: 1
- clients: 100
- default_clients: 100
- default_stream_clients: 10000
- service_clients: auto
- server_io_threads: 4 (default)
- client_io_threads: 4 (default)
- hwm: 100 (default)
- sndhwm: 100 (default)
- rcvhwm: 100 (default)
- sndbuf: default(os)
- rcvbuf: default(os)
- sndtimeo_ms: 200
- rcvtimeo_ms: 200
- connect_concurrency: 128 (default)
- settle_ms: 500
- connect_ready_timeout_ms: 5000
- monitor_hwm: 1000
- server_ready_timeout_ms: 10000
- server_shutdown_timeout_ms: 5000
- server_bind_port: 0
- transport_transition_ms: 3000
- pattern_transition_ms: 3000
- lat_timeout_ms: 5000
- stream_non_tcp_clients_max: 10000
- disable_resource_metrics: 0
- timeout_seconds: auto
## PATTERN: MULTI_SPOT (one-way)
  > Benchmarking current for MULTI_SPOT...
    Testing tcp | 64B,256B,65536B,262144B:
      | Size     |         Throughput |      Bandwidth |  Lat.Mean(ms) |   Lat.P95(ms) |   Lat.P99(ms) |  S.CPU% | S.Mem MB | Q.Snd.Max | Q.Rcv.Max | Q.Rcv.End |
      |----------|--------------------|----------------|---------------|---------------|---------------|---------|----------|-----------|-----------|-----------|
      | 64B      |  4829.617 Kmsg/s |    309.095 MB/s |   425.589 ms |   509.610 ms |   571.089 ms | 12.069 |   18.750 |         0 |         0 |         0 |
      | 256B     |  2824.184 Kmsg/s |    722.991 MB/s |  1100.966 ms |  1343.645 ms |  1454.694 ms | 10.023 |   20.469 |         0 |         0 |         0 |
      | 65536B   |    55.334 Kmsg/s |   3626.369 MB/s |   480.470 ms |   558.211 ms |   588.002 ms |  9.645 |  200.871 |         0 |         0 |         0 |
      | 262144B  |    16.188 Kmsg/s |   4243.587 MB/s |   551.723 ms |   641.615 ms |   668.958 ms | 10.918 |  160.312 |         0 |         0 |         0 |
    Testing tcp: Done
    [transport cooldown 3000ms]
    Testing tls | 64B,256B,65536B,262144B:
      | Size     |         Throughput |      Bandwidth |  Lat.Mean(ms) |   Lat.P95(ms) |   Lat.P99(ms) |  S.CPU% | S.Mem MB | Q.Snd.Max | Q.Rcv.Max | Q.Rcv.End |
      |----------|--------------------|----------------|---------------|---------------|---------------|---------|----------|-----------|-----------|-----------|
      | 64B      |  1009.772 Kmsg/s |     64.625 MB/s |    50.419 ms |    83.200 ms |   129.246 ms | 12.525 |   54.188 |         0 |         0 |         0 |
      | 256B     |  1094.461 Kmsg/s |    280.182 MB/s |    38.027 ms |   157.756 ms |   188.218 ms | 10.337 |   61.457 |         0 |         0 |         0 |
      | 65536B   |    15.698 Kmsg/s |   1028.784 MB/s |    45.411 ms |   138.899 ms |   160.108 ms |  9.382 |  399.023 |         0 |         0 |         0 |
      | 262144B  |     8.385 Kmsg/s |   2198.077 MB/s |   134.158 ms |   304.003 ms |   328.458 ms | 11.008 |  476.562 |         0 |         0 |         0 |
    Testing tls: Done
    [transport cooldown 3000ms]
    Testing wss | 64B,256B,65536B,262144B:
      | Size     |         Throughput |      Bandwidth |  Lat.Mean(ms) |   Lat.P95(ms) |   Lat.P99(ms) |  S.CPU% | S.Mem MB | Q.Snd.Max | Q.Rcv.Max | Q.Rcv.End |
      |----------|--------------------|----------------|---------------|---------------|---------------|---------|----------|-----------|-----------|-----------|
      | 64B      |   628.024 Kmsg/s |     40.194 MB/s |    40.334 ms |    68.367 ms |    70.739 ms |  6.799 |   52.344 |         0 |         0 |         0 |
      | 256B     |   819.035 Kmsg/s |    209.673 MB/s |     7.174 ms |    11.963 ms |    14.166 ms |  5.510 |   57.980 |         0 |         0 |         0 |
      | 65536B   |    15.310 Kmsg/s |   1003.356 MB/s |    25.897 ms |    30.784 ms |   138.273 ms |  5.008 |  310.984 |         0 |         0 |         0 |
      | 262144B  |    12.138 Kmsg/s |   3181.904 MB/s |   132.258 ms |   239.346 ms |   274.234 ms |  6.502 |  483.973 |         0 |         0 |         0 |
    Testing wss: Done

## Effective Options (result)
- runs: 1
- recv_mode: recv
- patterns: MULTI_SPOT
- transports: tcp,tls,wss
- msg_sizes: 64,256,65536,262144
- warmup_seconds: 1
- active_warmup: 0
- duration_seconds: 1
- clients: 100
- default_clients: 100
- default_stream_clients: 10000
- service_clients: auto
- server_io_threads: 4 (default)
- client_io_threads: 4 (default)
- hwm: 100 (default)
- sndhwm: 100 (default)
- rcvhwm: 100 (default)
- sndbuf: default(os)
- rcvbuf: default(os)
- sndtimeo_ms: 200
- rcvtimeo_ms: 200
- connect_concurrency: 128 (default)
- settle_ms: 500
- connect_ready_timeout_ms: 5000
- monitor_hwm: 1000
- server_ready_timeout_ms: 10000
- server_shutdown_timeout_ms: 5000
- server_bind_port: 0
- transport_transition_ms: 3000
- pattern_transition_ms: 3000
- lat_timeout_ms: 5000
- stream_non_tcp_clients_max: 10000
- disable_resource_metrics: 0
- timeout_seconds: auto

## Result Data
RESULT,current,MULTI_SPOT,tcp,64,bandwidth,309.095
RESULT,current,MULTI_SPOT,tcp,64,latency,425588.618
RESULT,current,MULTI_SPOT,tcp,64,latency_p95,509610.000
RESULT,current,MULTI_SPOT,tcp,64,latency_p99,571089.380
RESULT,current,MULTI_SPOT,tcp,64,server_cpu_pct,13.370
RESULT,current,MULTI_SPOT,tcp,64,server_mem_mb,18.750
RESULT,current,MULTI_SPOT,tcp,64,server_rcv_pending_end,0.000
RESULT,current,MULTI_SPOT,tcp,64,server_rcv_pending_max,0.000
RESULT,current,MULTI_SPOT,tcp,64,server_snd_pending_max,0.000
RESULT,current,MULTI_SPOT,tcp,64,throughput,4829617.000
RESULT,current,MULTI_SPOT,tcp,256,bandwidth,722.991
RESULT,current,MULTI_SPOT,tcp,256,latency,1100966.288
RESULT,current,MULTI_SPOT,tcp,256,latency_p95,1343645.000
RESULT,current,MULTI_SPOT,tcp,256,latency_p99,1454693.880
RESULT,current,MULTI_SPOT,tcp,256,server_cpu_pct,13.050
RESULT,current,MULTI_SPOT,tcp,256,server_mem_mb,20.470
RESULT,current,MULTI_SPOT,tcp,256,server_rcv_pending_end,0.000
RESULT,current,MULTI_SPOT,tcp,256,server_rcv_pending_max,0.000
RESULT,current,MULTI_SPOT,tcp,256,server_snd_pending_max,0.000
RESULT,current,MULTI_SPOT,tcp,256,throughput,2824184.000
RESULT,current,MULTI_SPOT,tcp,65536,bandwidth,3626.369
RESULT,current,MULTI_SPOT,tcp,65536,latency,480469.921
RESULT,current,MULTI_SPOT,tcp,65536,latency_p95,558210.500
RESULT,current,MULTI_SPOT,tcp,65536,latency_p99,588001.560
RESULT,current,MULTI_SPOT,tcp,65536,server_cpu_pct,11.010
RESULT,current,MULTI_SPOT,tcp,65536,server_mem_mb,201.030
RESULT,current,MULTI_SPOT,tcp,65536,server_rcv_pending_end,0.000
RESULT,current,MULTI_SPOT,tcp,65536,server_rcv_pending_max,0.000
RESULT,current,MULTI_SPOT,tcp,65536,server_snd_pending_max,0.000
RESULT,current,MULTI_SPOT,tcp,65536,throughput,55334.000
RESULT,current,MULTI_SPOT,tcp,262144,bandwidth,4243.587
RESULT,current,MULTI_SPOT,tcp,262144,latency,551723.494
RESULT,current,MULTI_SPOT,tcp,262144,latency_p95,641615.150
RESULT,current,MULTI_SPOT,tcp,262144,latency_p99,668957.750
RESULT,current,MULTI_SPOT,tcp,262144,server_cpu_pct,13.100
RESULT,current,MULTI_SPOT,tcp,262144,server_mem_mb,160.470
RESULT,current,MULTI_SPOT,tcp,262144,server_rcv_pending_end,0.000
RESULT,current,MULTI_SPOT,tcp,262144,server_rcv_pending_max,0.000
RESULT,current,MULTI_SPOT,tcp,262144,server_snd_pending_max,0.000
RESULT,current,MULTI_SPOT,tcp,262144,throughput,16188.000
RESULT,current,MULTI_SPOT,tls,64,bandwidth,64.625
RESULT,current,MULTI_SPOT,tls,64,latency,50418.886
RESULT,current,MULTI_SPOT,tls,64,latency_p95,83200.300
RESULT,current,MULTI_SPOT,tls,64,latency_p99,129246.290
RESULT,current,MULTI_SPOT,tls,64,server_cpu_pct,12.750
RESULT,current,MULTI_SPOT,tls,64,server_mem_mb,54.340
RESULT,current,MULTI_SPOT,tls,64,server_rcv_pending_end,0.000
RESULT,current,MULTI_SPOT,tls,64,server_rcv_pending_max,0.000
RESULT,current,MULTI_SPOT,tls,64,server_snd_pending_max,0.000
RESULT,current,MULTI_SPOT,tls,64,throughput,1009772.000
RESULT,current,MULTI_SPOT,tls,256,bandwidth,280.182
RESULT,current,MULTI_SPOT,tls,256,latency,38027.054
RESULT,current,MULTI_SPOT,tls,256,latency_p95,157756.500
RESULT,current,MULTI_SPOT,tls,256,latency_p99,188217.960
RESULT,current,MULTI_SPOT,tls,256,server_cpu_pct,10.360
RESULT,current,MULTI_SPOT,tls,256,server_mem_mb,61.460
RESULT,current,MULTI_SPOT,tls,256,server_rcv_pending_end,0.000
RESULT,current,MULTI_SPOT,tls,256,server_rcv_pending_max,0.000
RESULT,current,MULTI_SPOT,tls,256,server_snd_pending_max,0.000
RESULT,current,MULTI_SPOT,tls,256,throughput,1094461.000
RESULT,current,MULTI_SPOT,tls,65536,bandwidth,1028.784
RESULT,current,MULTI_SPOT,tls,65536,latency,45410.729
RESULT,current,MULTI_SPOT,tls,65536,latency_p95,138899.500
RESULT,current,MULTI_SPOT,tls,65536,latency_p99,160108.200
RESULT,current,MULTI_SPOT,tls,65536,server_cpu_pct,9.390
RESULT,current,MULTI_SPOT,tls,65536,server_mem_mb,403.120
RESULT,current,MULTI_SPOT,tls,65536,server_rcv_pending_end,0.000
RESULT,current,MULTI_SPOT,tls,65536,server_rcv_pending_max,0.000
RESULT,current,MULTI_SPOT,tls,65536,server_snd_pending_max,0.000
RESULT,current,MULTI_SPOT,tls,65536,throughput,15698.000
RESULT,current,MULTI_SPOT,tls,262144,bandwidth,2198.077
RESULT,current,MULTI_SPOT,tls,262144,latency,134157.844
RESULT,current,MULTI_SPOT,tls,262144,latency_p95,304002.900
RESULT,current,MULTI_SPOT,tls,262144,latency_p99,328458.480
RESULT,current,MULTI_SPOT,tls,262144,server_cpu_pct,11.310
RESULT,current,MULTI_SPOT,tls,262144,server_mem_mb,479.060
RESULT,current,MULTI_SPOT,tls,262144,server_rcv_pending_end,0.000
RESULT,current,MULTI_SPOT,tls,262144,server_rcv_pending_max,0.000
RESULT,current,MULTI_SPOT,tls,262144,server_snd_pending_max,0.000
RESULT,current,MULTI_SPOT,tls,262144,throughput,8385.000
RESULT,current,MULTI_SPOT,wss,64,bandwidth,40.194
RESULT,current,MULTI_SPOT,wss,64,latency,40334.480
RESULT,current,MULTI_SPOT,wss,64,latency_p95,68367.100
RESULT,current,MULTI_SPOT,wss,64,latency_p99,70739.220
RESULT,current,MULTI_SPOT,wss,64,server_cpu_pct,6.850
RESULT,current,MULTI_SPOT,wss,64,server_mem_mb,52.340
RESULT,current,MULTI_SPOT,wss,64,server_rcv_pending_end,0.000
RESULT,current,MULTI_SPOT,wss,64,server_rcv_pending_max,0.000
RESULT,current,MULTI_SPOT,wss,64,server_snd_pending_max,0.000
RESULT,current,MULTI_SPOT,wss,64,throughput,628024.000
RESULT,current,MULTI_SPOT,wss,256,bandwidth,209.673
RESULT,current,MULTI_SPOT,wss,256,latency,7173.604
RESULT,current,MULTI_SPOT,wss,256,latency_p95,11962.500
RESULT,current,MULTI_SPOT,wss,256,latency_p99,14166.300
RESULT,current,MULTI_SPOT,wss,256,server_cpu_pct,5.510
RESULT,current,MULTI_SPOT,wss,256,server_mem_mb,57.980
RESULT,current,MULTI_SPOT,wss,256,server_rcv_pending_end,0.000
RESULT,current,MULTI_SPOT,wss,256,server_rcv_pending_max,0.000
RESULT,current,MULTI_SPOT,wss,256,server_snd_pending_max,0.000
RESULT,current,MULTI_SPOT,wss,256,throughput,819035.000
RESULT,current,MULTI_SPOT,wss,65536,bandwidth,1003.356
RESULT,current,MULTI_SPOT,wss,65536,latency,25897.495
RESULT,current,MULTI_SPOT,wss,65536,latency_p95,30783.800
RESULT,current,MULTI_SPOT,wss,65536,latency_p99,138273.320
RESULT,current,MULTI_SPOT,wss,65536,server_cpu_pct,5.010
RESULT,current,MULTI_SPOT,wss,65536,server_mem_mb,309.720
RESULT,current,MULTI_SPOT,wss,65536,server_rcv_pending_end,0.000
RESULT,current,MULTI_SPOT,wss,65536,server_rcv_pending_max,0.000
RESULT,current,MULTI_SPOT,wss,65536,server_snd_pending_max,0.000
RESULT,current,MULTI_SPOT,wss,65536,throughput,15310.000
RESULT,current,MULTI_SPOT,wss,262144,bandwidth,3181.904
RESULT,current,MULTI_SPOT,wss,262144,latency,132257.829
RESULT,current,MULTI_SPOT,wss,262144,latency_p95,239346.000
RESULT,current,MULTI_SPOT,wss,262144,latency_p99,274233.600
RESULT,current,MULTI_SPOT,wss,262144,server_cpu_pct,6.550
RESULT,current,MULTI_SPOT,wss,262144,server_mem_mb,485.380
RESULT,current,MULTI_SPOT,wss,262144,server_rcv_pending_end,0.000
RESULT,current,MULTI_SPOT,wss,262144,server_rcv_pending_max,0.000
RESULT,current,MULTI_SPOT,wss,262144,server_snd_pending_max,0.000
RESULT,current,MULTI_SPOT,wss,262144,throughput,12138.000

Saved result file: /home/hep7/project/kairos/zlink/core/perf/results/multi/report/perf_linux_recv_20260325_002632_residual-reentry-20260325a.txt (status=complete)

## Status Summary
- success: 12
- unsupported: 0
- skip: 0
- fail: 0
- expected result lines: 60
- actual result lines: 60
- status: complete
Total benchmark time: 1m 5s (65s, exit=0)
