Reusing build directory: /home/hep7/project/kairos/zlink/core/build
Using CMake source directory: /home/hep7/project/kairos/zlink

## Effective Options (runner)
- patterns: PAIR,GATEWAY,SPOT
- build_dir: /home/hep7/project/kairos/zlink/core/build
- build_mode: reuse
- reuse_build: 1
- clean_build: 0
- runs: 1
- recv_mode: callback
- duration_seconds: 1
- warmup_seconds: 1
- hwm: default(binary)
- send_hwm: default(binary)
- recv_hwm: default(binary)
- sndbuf: default(os)
- rcvbuf: default(os)
- sndtimeo_ms: 200
- rcvtimeo_ms: 200
- pin_cpu: 0
- io_threads: default(binary=1)
- msg_sizes: 64,1024,65536
- transports: tcp,tls,ws,wss
- results_dir: /home/hep7/project/kairos/zlink/core/perf/results
- results_tag: smoke-single-20260325a
- result_file: /home/hep7/project/kairos/zlink/core/perf/results/single/report/perf_linux_callback_20260325_002009_smoke-single-20260325a.txt
- output_file: none
- comparison_script: /home/hep7/project/kairos/zlink/core/perf/single/run_comparison.py
- python: python3

## Effective Env (runner)
- PYTHONUNBUFFERED: 1
- PERF_RECV_MODE: callback
- PERF_MSG_SIZES: 64,1024,65536
- PERF_TRANSPORTS: tcp,tls,ws,wss
- PERF_SINGLE_DURATION_SECONDS: 1
- PERF_SINGLE_WARMUP_SECONDS: 1
- PERF_SINGLE_SNDTIMEO_MS: 200
- PERF_SINGLE_RCVTIMEO_MS: 200
- PERF_NO_AUTOBUILD: 1


## Effective Options (start)
- runs: 1
- recv_mode: callback
- duration_seconds: 1
- timeout_seconds: 30
- io_threads: 1
- hwm: 1000
- sndhwm: 1000
- rcvhwm: 1000
- sndtimeo_ms: 200
- rcvtimeo_ms: 200
- patterns: PAIR,GATEWAY,SPOT
- transports: tcp,tls,ws,wss
- msg_sizes: 64,1024,65536
## PATTERN: PAIR (one-way)
  > Benchmarking current for PAIR...
    Testing tcp:
      | Size     |       Throughput |    Bandwidth |  Lat.Mean(ms) |   Lat.P95(ms) |   Lat.P99(ms) | CPU% | Mem MB | Q.Snd.Max | Q.Rcv.Max | Q.Rcv.End |
      |----------|------------------|--------------|--------------|--------------|--------------|------|--------|-----------|-----------|-----------|
      | 64B      |    681.50 Kmsg/s |    43.62 MB/s |      0.06 ms |      0.15 ms |      0.24 ms |  2.9 |    9.7 |       493 |         0 |         0 |
      | 1024B    |    676.00 Kmsg/s |   692.22 MB/s |      0.33 ms |      0.45 ms |      0.54 ms |  4.4 |   10.3 |        41 |         0 |         0 |
      | 65536B   |     98.00 Kmsg/s |  6422.46 MB/s |      6.48 ms |      8.22 ms |      8.66 ms |  5.0 |   30.4 |       869 |         0 |         0 |
    Testing tcp: Done
    Testing tls:
      | Size     |       Throughput |    Bandwidth |  Lat.Mean(ms) |   Lat.P95(ms) |   Lat.P99(ms) | CPU% | Mem MB | Q.Snd.Max | Q.Rcv.Max | Q.Rcv.End |
      |----------|------------------|--------------|--------------|--------------|--------------|------|--------|-----------|-----------|-----------|
      | 64B      |    702.50 Kmsg/s |    44.96 MB/s |      0.10 ms |      0.18 ms |      0.28 ms |  2.9 |   13.4 |       549 |         0 |         0 |
      | 1024B    |    689.95 Kmsg/s |   706.50 MB/s |      0.51 ms |      0.82 ms |      0.88 ms |  5.9 |   14.4 |       927 |         0 |         0 |
      | 65536B   |     26.50 Kmsg/s |  1736.70 MB/s |     27.65 ms |     35.99 ms |     36.88 ms |  5.8 |   73.4 |       921 |         0 |         0 |
    Testing tls: Done
    Testing ws:
      | Size     |       Throughput |    Bandwidth |  Lat.Mean(ms) |   Lat.P95(ms) |   Lat.P99(ms) | CPU% | Mem MB | Q.Snd.Max | Q.Rcv.Max | Q.Rcv.End |
      |----------|------------------|--------------|--------------|--------------|--------------|------|--------|-----------|-----------|-----------|
      | 64B      |    693.50 Kmsg/s |    44.38 MB/s |      0.14 ms |      0.20 ms |      0.29 ms |  3.1 |   10.2 |       357 |         0 |         0 |
      | 1024B    |    678.49 Kmsg/s |   694.77 MB/s |      0.60 ms |      0.85 ms |      0.99 ms |  5.6 |   11.1 |       577 |         0 |         0 |
      | 65536B   |     42.59 Kmsg/s |  2791.18 MB/s |     26.03 ms |     30.95 ms |     32.35 ms |  6.3 |   57.1 |       591 |         0 |         0 |
    Testing ws: Done
    Testing wss:
      | Size     |       Throughput |    Bandwidth |  Lat.Mean(ms) |   Lat.P95(ms) |   Lat.P99(ms) | CPU% | Mem MB | Q.Snd.Max | Q.Rcv.Max | Q.Rcv.End |
      |----------|------------------|--------------|--------------|--------------|--------------|------|--------|-----------|-----------|-----------|
      | 64B      |    707.00 Kmsg/s |    45.25 MB/s |      0.17 ms |      0.28 ms |      0.44 ms |  3.1 |   14.7 |       169 |         0 |         0 |
      | 1024B    |    543.00 Kmsg/s |   556.03 MB/s |     29.56 ms |     35.69 ms |     36.48 ms |  6.6 |   15.6 |       565 |         0 |         0 |
      | 65536B   |     18.50 Kmsg/s |  1212.42 MB/s |     55.13 ms |     68.42 ms |     69.94 ms |  5.6 |   72.5 |       561 |         0 |         0 |
    Testing wss: Done

===============================================================================

## PATTERN: GATEWAY (one-way)
  > Benchmarking current for GATEWAY...
    Testing tcp:
      | Size     |       Throughput |    Bandwidth |  Lat.Mean(ms) |   Lat.P95(ms) |   Lat.P99(ms) | CPU% | Mem MB | Q.Snd.Max | Q.Rcv.Max | Q.Rcv.End |
      |----------|------------------|--------------|--------------|--------------|--------------|------|--------|-----------|-----------|-----------|
      | 64B      |   2381.62 Kmsg/s |   152.42 MB/s |      0.03 ms |      0.05 ms |      0.06 ms | 11.1 |    9.5 |       543 |         0 |         0 |
      | 1024B    |   1149.46 Kmsg/s |  1177.05 MB/s |      0.57 ms |      0.69 ms |      0.76 ms |  8.1 |   10.3 |       995 |         0 |         0 |
      | 65536B   |     98.43 Kmsg/s |  6450.97 MB/s |      6.80 ms |      8.33 ms |      8.68 ms |  7.6 |   60.3 |       927 |         0 |         0 |
    Testing tcp: Done
    Testing tls:
      | Size     |       Throughput |    Bandwidth |  Lat.Mean(ms) |   Lat.P95(ms) |   Lat.P99(ms) | CPU% | Mem MB | Q.Snd.Max | Q.Rcv.Max | Q.Rcv.End |
      |----------|------------------|--------------|--------------|--------------|--------------|------|--------|-----------|-----------|-----------|
      | 64B      |   2369.78 Kmsg/s |   151.67 MB/s |      0.05 ms |      0.06 ms |      0.11 ms | 11.1 |   13.4 |       519 |         0 |         0 |
      | 1024B    |    743.50 Kmsg/s |   761.34 MB/s |      0.92 ms |      1.13 ms |      1.20 ms |  7.3 |   14.4 |       983 |         0 |         0 |
      | 65536B   |     26.00 Kmsg/s |  1703.94 MB/s |     28.35 ms |     36.69 ms |     38.41 ms |  6.0 |   71.9 |       967 |         0 |         0 |
    Testing tls: Done
    Testing ws:
      | Size     |       Throughput |    Bandwidth |  Lat.Mean(ms) |   Lat.P95(ms) |   Lat.P99(ms) | CPU% | Mem MB | Q.Snd.Max | Q.Rcv.Max | Q.Rcv.End |
      |----------|------------------|--------------|--------------|--------------|--------------|------|--------|-----------|-----------|-----------|
      | 64B      |   1987.31 Kmsg/s |   127.19 MB/s |    115.19 ms |    190.38 ms |    220.00 ms |  9.6 |   10.3 |       515 |         0 |         0 |
      | 1024B    |    875.50 Kmsg/s |   896.51 MB/s |     19.48 ms |     21.72 ms |     25.65 ms |  7.5 |   11.1 |       959 |         0 |         0 |
      | 65536B   |     43.97 Kmsg/s |  2881.36 MB/s |     23.23 ms |     27.91 ms |     29.03 ms |  6.4 |   66.1 |       563 |         0 |         0 |
    Testing ws: Done
    Testing wss:
      | Size     |       Throughput |    Bandwidth |  Lat.Mean(ms) |   Lat.P95(ms) |   Lat.P99(ms) | CPU% | Mem MB | Q.Snd.Max | Q.Rcv.Max | Q.Rcv.End |
      |----------|------------------|--------------|--------------|--------------|--------------|------|--------|-----------|-----------|-----------|
      | 64B      |   1989.00 Kmsg/s |   127.30 MB/s |    108.72 ms |    166.26 ms |    200.14 ms |  9.5 |   14.7 |       519 |         0 |         0 |
      | 1024B    |    545.00 Kmsg/s |   558.08 MB/s |     34.26 ms |     38.50 ms |     39.10 ms |  6.7 |   15.6 |       879 |         0 |         0 |
      | 65536B   |     18.50 Kmsg/s |  1212.42 MB/s |     55.33 ms |     68.58 ms |     70.52 ms |  5.6 |   69.9 |       559 |         0 |         0 |
    Testing wss: Done

===============================================================================

## PATTERN: SPOT (one-way)
  > Benchmarking current for SPOT...
    Testing tcp:
      | Size     |       Throughput |    Bandwidth |  Lat.Mean(ms) |   Lat.P95(ms) |   Lat.P99(ms) | CPU% | Mem MB | Q.Snd.Max | Q.Rcv.Max | Q.Rcv.End |
      |----------|------------------|--------------|--------------|--------------|--------------|------|--------|-----------|-----------|-----------|
      | 64B      |   1712.47 Kmsg/s |   109.60 MB/s |      0.23 ms |      0.35 ms |      0.40 ms |  4.6 |   10.9 |       N/A |       N/A |       N/A |
      | 1024B    |    698.88 Kmsg/s |   715.65 MB/s |      0.65 ms |      0.86 ms |      0.94 ms |  3.8 |   11.9 |       N/A |       N/A |       N/A |
      | 65536B   |     86.02 Kmsg/s |  5637.14 MB/s |      6.12 ms |      7.63 ms |      8.02 ms |  3.9 |   12.3 |       N/A |       N/A |       N/A |
    Testing tcp: Done
    Testing tls:
      | Size     |       Throughput |    Bandwidth |  Lat.Mean(ms) |   Lat.P95(ms) |   Lat.P99(ms) | CPU% | Mem MB | Q.Snd.Max | Q.Rcv.Max | Q.Rcv.End |
      |----------|------------------|--------------|--------------|--------------|--------------|------|--------|-----------|-----------|-----------|
      | 64B      |   1619.17 Kmsg/s |   103.63 MB/s |      0.32 ms |      0.42 ms |      0.48 ms |  4.1 |   14.8 |       N/A |       N/A |       N/A |
      | 1024B    |    522.67 Kmsg/s |   535.21 MB/s |      0.94 ms |      1.23 ms |      1.34 ms |  3.3 |   14.8 |       N/A |       N/A |       N/A |
      | 65536B   |     23.04 Kmsg/s |  1509.95 MB/s |     24.50 ms |     31.95 ms |     33.04 ms |  3.3 |   15.6 |       N/A |       N/A |       N/A |
    Testing tls: Done
    Testing ws:
      | Size     |       Throughput |    Bandwidth |  Lat.Mean(ms) |   Lat.P95(ms) |   Lat.P99(ms) | CPU% | Mem MB | Q.Snd.Max | Q.Rcv.Max | Q.Rcv.End |
      |----------|------------------|--------------|--------------|--------------|--------------|------|--------|-----------|-----------|-----------|
      | 64B      |   1464.93 Kmsg/s |    93.76 MB/s |    113.19 ms |    158.28 ms |    161.94 ms |  4.6 |   12.0 |       N/A |       N/A |       N/A |
      | 1024B    |    551.88 Kmsg/s |   565.13 MB/s |     30.91 ms |     34.93 ms |     36.04 ms |  3.7 |   14.2 |       N/A |       N/A |       N/A |
      | 65536B   |     43.01 Kmsg/s |  2818.51 MB/s |     19.71 ms |     23.54 ms |     28.53 ms |  3.8 |   12.5 |       N/A |       N/A |       N/A |
    Testing ws: Done
    Testing wss:
      | Size     |       Throughput |    Bandwidth |  Lat.Mean(ms) |   Lat.P95(ms) |   Lat.P99(ms) | CPU% | Mem MB | Q.Snd.Max | Q.Rcv.Max | Q.Rcv.End |
      |----------|------------------|--------------|--------------|--------------|--------------|------|--------|-----------|-----------|-----------|
      | 64B      |   1469.25 Kmsg/s |    94.03 MB/s |    127.22 ms |    174.93 ms |    182.76 ms |  3.0 |   15.9 |       N/A |       N/A |       N/A |
      | 1024B    |    385.15 Kmsg/s |   394.39 MB/s |     48.47 ms |     55.55 ms |     57.01 ms |  2.5 |   17.0 |       N/A |       N/A |       N/A |
      | 65536B   |     18.04 Kmsg/s |  1182.01 MB/s |     46.60 ms |     57.16 ms |     58.91 ms |  2.4 |   20.0 |       N/A |       N/A |       N/A |
    Testing wss: Done

## Effective Options (result)
- runs: 1
- recv_mode: callback
- duration_seconds: 1
- timeout_seconds: 30
- io_threads: 1
- hwm: 1000
- sndhwm: 1000
- rcvhwm: 1000
- sndtimeo_ms: 200
- rcvtimeo_ms: 200
- patterns: PAIR,GATEWAY,SPOT
- transports: tcp,tls,ws,wss
- msg_sizes: 64,1024,65536

## Result Data
RESULT,current,GATEWAY,tcp,64,throughput,2381624.000
RESULT,current,GATEWAY,tcp,64,bandwidth,152.420
RESULT,current,GATEWAY,tcp,64,latency,28.130
RESULT,current,GATEWAY,tcp,64,latency_p95,47.000
RESULT,current,GATEWAY,tcp,64,latency_p99,62.000
RESULT,current,GATEWAY,tcp,64,cpu_pct,11.116
RESULT,current,GATEWAY,tcp,64,mem_mb,9.531
RESULT,current,GATEWAY,tcp,64,snd_pending_max,543.000
RESULT,current,GATEWAY,tcp,64,rcv_pending_max,0.000
RESULT,current,GATEWAY,tcp,64,rcv_pending_end,0.000
RESULT,current,GATEWAY,tcp,1024,throughput,1149461.000
RESULT,current,GATEWAY,tcp,1024,bandwidth,1177.050
RESULT,current,GATEWAY,tcp,1024,latency,568.520
RESULT,current,GATEWAY,tcp,1024,latency_p95,690.000
RESULT,current,GATEWAY,tcp,1024,latency_p99,756.000
RESULT,current,GATEWAY,tcp,1024,cpu_pct,8.084
RESULT,current,GATEWAY,tcp,1024,mem_mb,10.312
RESULT,current,GATEWAY,tcp,1024,snd_pending_max,995.000
RESULT,current,GATEWAY,tcp,1024,rcv_pending_max,0.000
RESULT,current,GATEWAY,tcp,1024,rcv_pending_end,0.000
RESULT,current,GATEWAY,tcp,65536,throughput,98434.000
RESULT,current,GATEWAY,tcp,65536,bandwidth,6450.970
RESULT,current,GATEWAY,tcp,65536,latency,6803.580
RESULT,current,GATEWAY,tcp,65536,latency_p95,8329.000
RESULT,current,GATEWAY,tcp,65536,latency_p99,8683.670
RESULT,current,GATEWAY,tcp,65536,cpu_pct,7.559
RESULT,current,GATEWAY,tcp,65536,mem_mb,60.301
RESULT,current,GATEWAY,tcp,65536,snd_pending_max,927.000
RESULT,current,GATEWAY,tcp,65536,rcv_pending_max,0.000
RESULT,current,GATEWAY,tcp,65536,rcv_pending_end,0.000
RESULT,current,GATEWAY,tls,64,throughput,2369782.000
RESULT,current,GATEWAY,tls,64,bandwidth,151.670
RESULT,current,GATEWAY,tls,64,latency,45.200
RESULT,current,GATEWAY,tls,64,latency_p95,62.000
RESULT,current,GATEWAY,tls,64,latency_p99,107.000
RESULT,current,GATEWAY,tls,64,cpu_pct,11.115
RESULT,current,GATEWAY,tls,64,mem_mb,13.438
RESULT,current,GATEWAY,tls,64,snd_pending_max,519.000
RESULT,current,GATEWAY,tls,64,rcv_pending_max,0.000
RESULT,current,GATEWAY,tls,64,rcv_pending_end,0.000
RESULT,current,GATEWAY,tls,1024,throughput,743500.000
RESULT,current,GATEWAY,tls,1024,bandwidth,761.340
RESULT,current,GATEWAY,tls,1024,latency,922.030
RESULT,current,GATEWAY,tls,1024,latency_p95,1130.000
RESULT,current,GATEWAY,tls,1024,latency_p99,1197.000
RESULT,current,GATEWAY,tls,1024,cpu_pct,7.284
RESULT,current,GATEWAY,tls,1024,mem_mb,14.375
RESULT,current,GATEWAY,tls,1024,snd_pending_max,983.000
RESULT,current,GATEWAY,tls,1024,rcv_pending_max,0.000
RESULT,current,GATEWAY,tls,1024,rcv_pending_end,0.000
RESULT,current,GATEWAY,tls,65536,throughput,26000.000
RESULT,current,GATEWAY,tls,65536,bandwidth,1703.940
RESULT,current,GATEWAY,tls,65536,latency,28347.580
RESULT,current,GATEWAY,tls,65536,latency_p95,36690.000
RESULT,current,GATEWAY,tls,65536,latency_p99,38409.000
RESULT,current,GATEWAY,tls,65536,cpu_pct,5.965
RESULT,current,GATEWAY,tls,65536,mem_mb,71.887
RESULT,current,GATEWAY,tls,65536,snd_pending_max,967.000
RESULT,current,GATEWAY,tls,65536,rcv_pending_max,0.000
RESULT,current,GATEWAY,tls,65536,rcv_pending_end,0.000
RESULT,current,GATEWAY,ws,64,throughput,1987308.000
RESULT,current,GATEWAY,ws,64,bandwidth,127.190
RESULT,current,GATEWAY,ws,64,latency,115187.310
RESULT,current,GATEWAY,ws,64,latency_p95,190377.050
RESULT,current,GATEWAY,ws,64,latency_p99,220001.030
RESULT,current,GATEWAY,ws,64,cpu_pct,9.616
RESULT,current,GATEWAY,ws,64,mem_mb,10.312
RESULT,current,GATEWAY,ws,64,snd_pending_max,515.000
RESULT,current,GATEWAY,ws,64,rcv_pending_max,0.000
RESULT,current,GATEWAY,ws,64,rcv_pending_end,0.000
RESULT,current,GATEWAY,ws,1024,throughput,875500.000
RESULT,current,GATEWAY,ws,1024,bandwidth,896.510
RESULT,current,GATEWAY,ws,1024,latency,19484.170
RESULT,current,GATEWAY,ws,1024,latency_p95,21719.000
RESULT,current,GATEWAY,ws,1024,latency_p99,25650.010
RESULT,current,GATEWAY,ws,1024,cpu_pct,7.502
RESULT,current,GATEWAY,ws,1024,mem_mb,11.094
RESULT,current,GATEWAY,ws,1024,snd_pending_max,959.000
RESULT,current,GATEWAY,ws,1024,rcv_pending_max,0.000
RESULT,current,GATEWAY,ws,1024,rcv_pending_end,0.000
RESULT,current,GATEWAY,ws,65536,throughput,43966.000
RESULT,current,GATEWAY,ws,65536,bandwidth,2881.360
RESULT,current,GATEWAY,ws,65536,latency,23229.250
RESULT,current,GATEWAY,ws,65536,latency_p95,27909.750
RESULT,current,GATEWAY,ws,65536,latency_p99,29031.350
RESULT,current,GATEWAY,ws,65536,cpu_pct,6.410
RESULT,current,GATEWAY,ws,65536,mem_mb,66.109
RESULT,current,GATEWAY,ws,65536,snd_pending_max,563.000
RESULT,current,GATEWAY,ws,65536,rcv_pending_max,0.000
RESULT,current,GATEWAY,ws,65536,rcv_pending_end,0.000
RESULT,current,GATEWAY,wss,64,throughput,1989004.000
RESULT,current,GATEWAY,wss,64,bandwidth,127.300
RESULT,current,GATEWAY,wss,64,latency,108724.940
RESULT,current,GATEWAY,wss,64,latency_p95,166258.050
RESULT,current,GATEWAY,wss,64,latency_p99,200142.020
RESULT,current,GATEWAY,wss,64,cpu_pct,9.510
RESULT,current,GATEWAY,wss,64,mem_mb,14.688
RESULT,current,GATEWAY,wss,64,snd_pending_max,519.000
RESULT,current,GATEWAY,wss,64,rcv_pending_max,0.000
RESULT,current,GATEWAY,wss,64,rcv_pending_end,0.000
RESULT,current,GATEWAY,wss,1024,throughput,545000.000
RESULT,current,GATEWAY,wss,1024,bandwidth,558.080
RESULT,current,GATEWAY,wss,1024,latency,34262.610
RESULT,current,GATEWAY,wss,1024,latency_p95,38496.000
RESULT,current,GATEWAY,wss,1024,latency_p99,39105.000
RESULT,current,GATEWAY,wss,1024,cpu_pct,6.735
RESULT,current,GATEWAY,wss,1024,mem_mb,15.625
RESULT,current,GATEWAY,wss,1024,snd_pending_max,879.000
RESULT,current,GATEWAY,wss,1024,rcv_pending_max,0.000
RESULT,current,GATEWAY,wss,1024,rcv_pending_end,0.000
RESULT,current,GATEWAY,wss,65536,throughput,18500.000
RESULT,current,GATEWAY,wss,65536,bandwidth,1212.420
RESULT,current,GATEWAY,wss,65536,latency,55329.800
RESULT,current,GATEWAY,wss,65536,latency_p95,68584.050
RESULT,current,GATEWAY,wss,65536,latency_p99,70517.060
RESULT,current,GATEWAY,wss,65536,cpu_pct,5.623
RESULT,current,GATEWAY,wss,65536,mem_mb,69.879
RESULT,current,GATEWAY,wss,65536,snd_pending_max,559.000
RESULT,current,GATEWAY,wss,65536,rcv_pending_max,0.000
RESULT,current,GATEWAY,wss,65536,rcv_pending_end,0.000
RESULT,current,PAIR,tcp,64,throughput,681500.000
RESULT,current,PAIR,tcp,64,bandwidth,43.620
RESULT,current,PAIR,tcp,64,latency,62.490
RESULT,current,PAIR,tcp,64,latency_p95,146.000
RESULT,current,PAIR,tcp,64,latency_p99,238.000
RESULT,current,PAIR,tcp,64,cpu_pct,2.897
RESULT,current,PAIR,tcp,64,mem_mb,9.688
RESULT,current,PAIR,tcp,64,snd_pending_max,493.000
RESULT,current,PAIR,tcp,64,rcv_pending_max,0.000
RESULT,current,PAIR,tcp,64,rcv_pending_end,0.000
RESULT,current,PAIR,tcp,1024,throughput,676000.000
RESULT,current,PAIR,tcp,1024,bandwidth,692.220
RESULT,current,PAIR,tcp,1024,latency,327.740
RESULT,current,PAIR,tcp,1024,latency_p95,454.000
RESULT,current,PAIR,tcp,1024,latency_p99,542.000
RESULT,current,PAIR,tcp,1024,cpu_pct,4.442
RESULT,current,PAIR,tcp,1024,mem_mb,10.312
RESULT,current,PAIR,tcp,1024,snd_pending_max,41.000
RESULT,current,PAIR,tcp,1024,rcv_pending_max,0.000
RESULT,current,PAIR,tcp,1024,rcv_pending_end,0.000
RESULT,current,PAIR,tcp,65536,throughput,97999.000
RESULT,current,PAIR,tcp,65536,bandwidth,6422.460
RESULT,current,PAIR,tcp,65536,latency,6477.750
RESULT,current,PAIR,tcp,65536,latency_p95,8216.000
RESULT,current,PAIR,tcp,65536,latency_p99,8659.000
RESULT,current,PAIR,tcp,65536,cpu_pct,4.951
RESULT,current,PAIR,tcp,65536,mem_mb,30.375
RESULT,current,PAIR,tcp,65536,snd_pending_max,869.000
RESULT,current,PAIR,tcp,65536,rcv_pending_max,0.000
RESULT,current,PAIR,tcp,65536,rcv_pending_end,0.000
RESULT,current,PAIR,tls,64,throughput,702500.000
RESULT,current,PAIR,tls,64,bandwidth,44.960
RESULT,current,PAIR,tls,64,latency,95.520
RESULT,current,PAIR,tls,64,latency_p95,183.000
RESULT,current,PAIR,tls,64,latency_p99,282.000
RESULT,current,PAIR,tls,64,cpu_pct,2.878
RESULT,current,PAIR,tls,64,mem_mb,13.438
RESULT,current,PAIR,tls,64,snd_pending_max,549.000
RESULT,current,PAIR,tls,64,rcv_pending_max,0.000
RESULT,current,PAIR,tls,64,rcv_pending_end,0.000
RESULT,current,PAIR,tls,1024,throughput,689946.000
RESULT,current,PAIR,tls,1024,bandwidth,706.500
RESULT,current,PAIR,tls,1024,latency,507.600
RESULT,current,PAIR,tls,1024,latency_p95,818.000
RESULT,current,PAIR,tls,1024,latency_p99,884.000
RESULT,current,PAIR,tls,1024,cpu_pct,5.944
RESULT,current,PAIR,tls,1024,mem_mb,14.375
RESULT,current,PAIR,tls,1024,snd_pending_max,927.000
RESULT,current,PAIR,tls,1024,rcv_pending_max,0.000
RESULT,current,PAIR,tls,1024,rcv_pending_end,0.000
RESULT,current,PAIR,tls,65536,throughput,26500.000
RESULT,current,PAIR,tls,65536,bandwidth,1736.700
RESULT,current,PAIR,tls,65536,latency,27651.720
RESULT,current,PAIR,tls,65536,latency_p95,35994.050
RESULT,current,PAIR,tls,65536,latency_p99,36877.020
RESULT,current,PAIR,tls,65536,cpu_pct,5.817
RESULT,current,PAIR,tls,65536,mem_mb,73.379
RESULT,current,PAIR,tls,65536,snd_pending_max,921.000
RESULT,current,PAIR,tls,65536,rcv_pending_max,0.000
RESULT,current,PAIR,tls,65536,rcv_pending_end,0.000
RESULT,current,PAIR,ws,64,throughput,693500.000
RESULT,current,PAIR,ws,64,bandwidth,44.380
RESULT,current,PAIR,ws,64,latency,135.210
RESULT,current,PAIR,ws,64,latency_p95,205.000
RESULT,current,PAIR,ws,64,latency_p99,292.000
RESULT,current,PAIR,ws,64,cpu_pct,3.148
RESULT,current,PAIR,ws,64,mem_mb,10.156
RESULT,current,PAIR,ws,64,snd_pending_max,357.000
RESULT,current,PAIR,ws,64,rcv_pending_max,0.000
RESULT,current,PAIR,ws,64,rcv_pending_end,0.000
RESULT,current,PAIR,ws,1024,throughput,678489.000
RESULT,current,PAIR,ws,1024,bandwidth,694.770
RESULT,current,PAIR,ws,1024,latency,596.330
RESULT,current,PAIR,ws,1024,latency_p95,854.000
RESULT,current,PAIR,ws,1024,latency_p99,989.000
RESULT,current,PAIR,ws,1024,cpu_pct,5.624
RESULT,current,PAIR,ws,1024,mem_mb,11.094
RESULT,current,PAIR,ws,1024,snd_pending_max,577.000
RESULT,current,PAIR,ws,1024,rcv_pending_max,0.000
RESULT,current,PAIR,ws,1024,rcv_pending_end,0.000
RESULT,current,PAIR,ws,65536,throughput,42590.000
RESULT,current,PAIR,ws,65536,bandwidth,2791.180
RESULT,current,PAIR,ws,65536,latency,26034.980
RESULT,current,PAIR,ws,65536,latency_p95,30951.000
RESULT,current,PAIR,ws,65536,latency_p99,32351.330
RESULT,current,PAIR,ws,65536,cpu_pct,6.259
RESULT,current,PAIR,ws,65536,mem_mb,57.145
RESULT,current,PAIR,ws,65536,snd_pending_max,591.000
RESULT,current,PAIR,ws,65536,rcv_pending_max,0.000
RESULT,current,PAIR,ws,65536,rcv_pending_end,0.000
RESULT,current,PAIR,wss,64,throughput,707000.000
RESULT,current,PAIR,wss,64,bandwidth,45.250
RESULT,current,PAIR,wss,64,latency,172.650
RESULT,current,PAIR,wss,64,latency_p95,275.000
RESULT,current,PAIR,wss,64,latency_p99,438.000
RESULT,current,PAIR,wss,64,cpu_pct,3.122
RESULT,current,PAIR,wss,64,mem_mb,14.688
RESULT,current,PAIR,wss,64,snd_pending_max,169.000
RESULT,current,PAIR,wss,64,rcv_pending_max,0.000
RESULT,current,PAIR,wss,64,rcv_pending_end,0.000
RESULT,current,PAIR,wss,1024,throughput,543000.000
RESULT,current,PAIR,wss,1024,bandwidth,556.030
RESULT,current,PAIR,wss,1024,latency,29563.250
RESULT,current,PAIR,wss,1024,latency_p95,35687.000
RESULT,current,PAIR,wss,1024,latency_p99,36475.000
RESULT,current,PAIR,wss,1024,cpu_pct,6.577
RESULT,current,PAIR,wss,1024,mem_mb,15.625
RESULT,current,PAIR,wss,1024,snd_pending_max,565.000
RESULT,current,PAIR,wss,1024,rcv_pending_max,0.000
RESULT,current,PAIR,wss,1024,rcv_pending_end,0.000
RESULT,current,PAIR,wss,65536,throughput,18500.000
RESULT,current,PAIR,wss,65536,bandwidth,1212.420
RESULT,current,PAIR,wss,65536,latency,55134.150
RESULT,current,PAIR,wss,65536,latency_p95,68416.050
RESULT,current,PAIR,wss,65536,latency_p99,69944.010
RESULT,current,PAIR,wss,65536,cpu_pct,5.617
RESULT,current,PAIR,wss,65536,mem_mb,72.488
RESULT,current,PAIR,wss,65536,snd_pending_max,561.000
RESULT,current,PAIR,wss,65536,rcv_pending_max,0.000
RESULT,current,PAIR,wss,65536,rcv_pending_end,0.000
RESULT,current,SPOT,tcp,64,throughput,1712472.000
RESULT,current,SPOT,tcp,64,bandwidth,109.600
RESULT,current,SPOT,tcp,64,latency,229.890
RESULT,current,SPOT,tcp,64,latency_p95,352.000
RESULT,current,SPOT,tcp,64,latency_p99,402.000
RESULT,current,SPOT,tcp,64,cpu_pct,4.552
RESULT,current,SPOT,tcp,64,mem_mb,10.938
RESULT,current,SPOT,tcp,1024,throughput,698880.000
RESULT,current,SPOT,tcp,1024,bandwidth,715.650
RESULT,current,SPOT,tcp,1024,latency,645.700
RESULT,current,SPOT,tcp,1024,latency_p95,860.000
RESULT,current,SPOT,tcp,1024,latency_p99,943.000
RESULT,current,SPOT,tcp,1024,cpu_pct,3.804
RESULT,current,SPOT,tcp,1024,mem_mb,11.875
RESULT,current,SPOT,tcp,65536,throughput,86016.000
RESULT,current,SPOT,tcp,65536,bandwidth,5637.140
RESULT,current,SPOT,tcp,65536,latency,6117.600
RESULT,current,SPOT,tcp,65536,latency_p95,7629.250
RESULT,current,SPOT,tcp,65536,latency_p99,8023.000
RESULT,current,SPOT,tcp,65536,cpu_pct,3.899
RESULT,current,SPOT,tcp,65536,mem_mb,12.316
RESULT,current,SPOT,tls,64,throughput,1619168.000
RESULT,current,SPOT,tls,64,bandwidth,103.630
RESULT,current,SPOT,tls,64,latency,315.590
RESULT,current,SPOT,tls,64,latency_p95,424.000
RESULT,current,SPOT,tls,64,latency_p99,484.000
RESULT,current,SPOT,tls,64,cpu_pct,4.064
RESULT,current,SPOT,tls,64,mem_mb,14.844
RESULT,current,SPOT,tls,1024,throughput,522667.000
RESULT,current,SPOT,tls,1024,bandwidth,535.210
RESULT,current,SPOT,tls,1024,latency,939.060
RESULT,current,SPOT,tls,1024,latency_p95,1234.000
RESULT,current,SPOT,tls,1024,latency_p99,1345.000
RESULT,current,SPOT,tls,1024,cpu_pct,3.348
RESULT,current,SPOT,tls,1024,mem_mb,14.844
RESULT,current,SPOT,tls,65536,throughput,23040.000
RESULT,current,SPOT,tls,65536,bandwidth,1509.950
RESULT,current,SPOT,tls,65536,latency,24500.470
RESULT,current,SPOT,tls,65536,latency_p95,31948.100
RESULT,current,SPOT,tls,65536,latency_p99,33043.830
RESULT,current,SPOT,tls,65536,cpu_pct,3.349
RESULT,current,SPOT,tls,65536,mem_mb,15.602
RESULT,current,SPOT,ws,64,throughput,1464928.000
RESULT,current,SPOT,ws,64,bandwidth,93.760
RESULT,current,SPOT,ws,64,latency,113193.770
RESULT,current,SPOT,ws,64,latency_p95,158278.050
RESULT,current,SPOT,ws,64,latency_p99,161937.000
RESULT,current,SPOT,ws,64,cpu_pct,4.570
RESULT,current,SPOT,ws,64,mem_mb,12.031
RESULT,current,SPOT,ws,1024,throughput,551885.000
RESULT,current,SPOT,ws,1024,bandwidth,565.130
RESULT,current,SPOT,ws,1024,latency,30906.050
RESULT,current,SPOT,ws,1024,latency_p95,34930.000
RESULT,current,SPOT,ws,1024,latency_p99,36041.000
RESULT,current,SPOT,ws,1024,cpu_pct,3.718
RESULT,current,SPOT,ws,1024,mem_mb,14.219
RESULT,current,SPOT,ws,65536,throughput,43007.000
RESULT,current,SPOT,ws,65536,bandwidth,2818.510
RESULT,current,SPOT,ws,65536,latency,19707.480
RESULT,current,SPOT,ws,65536,latency_p95,23543.000
RESULT,current,SPOT,ws,65536,latency_p99,28532.280
RESULT,current,SPOT,ws,65536,cpu_pct,3.780
RESULT,current,SPOT,ws,65536,mem_mb,12.492
RESULT,current,SPOT,wss,64,throughput,1469248.000
RESULT,current,SPOT,wss,64,bandwidth,94.030
RESULT,current,SPOT,wss,64,latency,127223.600
RESULT,current,SPOT,wss,64,latency_p95,174925.050
RESULT,current,SPOT,wss,64,latency_p99,182762.010
RESULT,current,SPOT,wss,64,cpu_pct,3.028
RESULT,current,SPOT,wss,64,mem_mb,15.938
RESULT,current,SPOT,wss,1024,throughput,385150.000
RESULT,current,SPOT,wss,1024,bandwidth,394.390
RESULT,current,SPOT,wss,1024,latency,48467.100
RESULT,current,SPOT,wss,1024,latency_p95,55546.000
RESULT,current,SPOT,wss,1024,latency_p99,57006.020
RESULT,current,SPOT,wss,1024,cpu_pct,2.455
RESULT,current,SPOT,wss,1024,mem_mb,17.031
RESULT,current,SPOT,wss,65536,throughput,18036.000
RESULT,current,SPOT,wss,65536,bandwidth,1182.010
RESULT,current,SPOT,wss,65536,latency,46598.370
RESULT,current,SPOT,wss,65536,latency_p95,57156.250
RESULT,current,SPOT,wss,65536,latency_p99,58906.650
RESULT,current,SPOT,wss,65536,cpu_pct,2.419
RESULT,current,SPOT,wss,65536,mem_mb,20.020

## Completion
- status: complete
- expected_result_lines: 180
- actual_result_lines: 180

Saved result file: /home/hep7/project/kairos/zlink/core/perf/results/single/report/perf_linux_callback_20260325_002009_smoke-single-20260325a.txt (status=complete)
Total benchmark time: 2m 52s (172s, exit=0)
