=== Phase 2 stress preflight start ===
started_at=2026-03-24 07:40:55 +0900
build_dir=core/build
ctest_metadata=ok
  Test  #57: test_service_introspection_discovery_control_path
  Test  #50: test_service_introspection_discovery_ordering
  Test  #51: test_service_introspection_discovery_self_close
  Test  #53: test_service_introspection_discovery_lifecycle
  Test  #54: test_service_introspection_registry_lifecycle
  Test  #55: test_service_introspection_registry_query_lifecycle
  Test  #98: test_gateway_runtime_reads
  Test #100: test_gateway_send_plane_updates
  Test #101: test_gateway_attach_query_ordering
  Test  #97: test_gateway_send_ready_self_close
  Test #102: test_gateway_monitor_self_close
  Test  #72: test_spot_service_introspection_monitors
  Test  #73: test_spot_service_introspection_late_connect
  Test  #74: test_spot_service_introspection_subscription_ready_loss
  Test  #75: test_spot_service_introspection_handler_monitor_close
  Test  #80: test_spot_service_introspection_snapshots
=== Phase 2 stress preflight success ===
preflight_log=/home/hep7/project/kairos/zlink/doc/plan/refactor/2nd/logs/phase2_thread_safe_stress_preflight_20260324_074055.log
