=== Repeat repro start ===
Started: 2026-03-24 04:48:05 +0900
Command: ZLINK_TEST_DEBUG=1 ctest --test-dir core/build --output-on-failure --repeat until-fail:500 -R '^test_gateway_runtime_reads$'
Internal ctest changing into directory: /home/hep7/project/kairos/zlink/core/build
Test project /home/hep7/project/kairos/zlink/core/build
    Start 98: test_gateway_runtime_reads
    Test #98: test_gateway_runtime_reads .......   Passed    0.05 sec
    Start 98: test_gateway_runtime_reads
    Test #98: test_gateway_runtime_reads .......   Passed    0.03 sec
    Start 98: test_gateway_runtime_reads
    Test #98: test_gateway_runtime_reads .......   Passed    0.03 sec
    Start 98: test_gateway_runtime_reads
    Test #98: test_gateway_runtime_reads .......   Passed    0.03 sec
    Start 98: test_gateway_runtime_reads
    Test #98: test_gateway_runtime_reads .......   Passed    0.03 sec
    Start 98: test_gateway_runtime_reads
    Test #98: test_gateway_runtime_reads .......   Passed    0.03 sec
    Start 98: test_gateway_runtime_reads
    Test #98: test_gateway_runtime_reads .......   Passed    0.03 sec
    Start 98: test_gateway_runtime_reads
    Test #98: test_gateway_runtime_reads .......   Passed    0.03 sec
    Start 98: test_gateway_runtime_reads
    Test #98: test_gateway_runtime_reads .......   Passed    0.03 sec
    Start 98: test_gateway_runtime_reads
    Test #98: test_gateway_runtime_reads .......   Passed    0.03 sec
    Start 98: test_gateway_runtime_reads
    Test #98: test_gateway_runtime_reads .......   Passed    0.03 sec
    Start 98: test_gateway_runtime_reads
    Test #98: test_gateway_runtime_reads .......   Passed    0.03 sec
    Start 98: test_gateway_runtime_reads
    Test #98: test_gateway_runtime_reads .......   Passed    0.03 sec
    Start 98: test_gateway_runtime_reads
    Test #98: test_gateway_runtime_reads .......   Passed    0.03 sec
    Start 98: test_gateway_runtime_reads
    Test #98: test_gateway_runtime_reads .......   Passed    0.03 sec
    Start 98: test_gateway_runtime_reads
    Test #98: test_gateway_runtime_reads .......   Passed    0.03 sec
    Start 98: test_gateway_runtime_reads
    Test #98: test_gateway_runtime_reads .......   Passed    0.03 sec
    Start 98: test_gateway_runtime_reads
    Test #98: test_gateway_runtime_reads .......   Passed    0.03 sec
    Start 98: test_gateway_runtime_reads
    Test #98: test_gateway_runtime_reads .......   Passed    0.03 sec
    Start 98: test_gateway_runtime_reads
    Test #98: test_gateway_runtime_reads .......   Passed    0.03 sec
    Start 98: test_gateway_runtime_reads
    Test #98: test_gateway_runtime_reads .......   Passed    0.03 sec
    Start 98: test_gateway_runtime_reads
    Test #98: test_gateway_runtime_reads .......   Passed    0.03 sec
    Start 98: test_gateway_runtime_reads
    Test #98: test_gateway_runtime_reads .......   Passed    0.03 sec
    Start 98: test_gateway_runtime_reads
    Test #98: test_gateway_runtime_reads .......   Passed    0.03 sec
    Start 98: test_gateway_runtime_reads
    Test #98: test_gateway_runtime_reads .......   Passed    0.03 sec
    Start 98: test_gateway_runtime_reads
    Test #98: test_gateway_runtime_reads .......   Passed    0.03 sec
    Start 98: test_gateway_runtime_reads
    Test #98: test_gateway_runtime_reads .......   Passed    0.03 sec
    Start 98: test_gateway_runtime_reads
    Test #98: test_gateway_runtime_reads .......   Passed    0.03 sec
    Start 98: test_gateway_runtime_reads
    Test #98: test_gateway_runtime_reads .......   Passed    0.03 sec
    Start 98: test_gateway_runtime_reads
    Test #98: test_gateway_runtime_reads .......   Passed    0.03 sec
    Start 98: test_gateway_runtime_reads
    Test #98: test_gateway_runtime_reads .......   Passed    0.03 sec
    Start 98: test_gateway_runtime_reads
    Test #98: test_gateway_runtime_reads .......   Passed    0.03 sec
    Start 98: test_gateway_runtime_reads
    Test #98: test_gateway_runtime_reads .......   Passed    0.03 sec
    Start 98: test_gateway_runtime_reads
    Test #98: test_gateway_runtime_reads .......   Passed    0.03 sec
    Start 98: test_gateway_runtime_reads
    Test #98: test_gateway_runtime_reads .......   Passed    0.03 sec
    Start 98: test_gateway_runtime_reads
    Test #98: test_gateway_runtime_reads .......   Passed    0.03 sec
    Start 98: test_gateway_runtime_reads
    Test #98: test_gateway_runtime_reads .......   Passed    0.03 sec
    Start 98: test_gateway_runtime_reads
    Test #98: test_gateway_runtime_reads .......   Passed    0.03 sec
    Start 98: test_gateway_runtime_reads
    Test #98: test_gateway_runtime_reads .......   Passed    0.03 sec
    Start 98: test_gateway_runtime_reads
    Test #98: test_gateway_runtime_reads .......   Passed    0.03 sec
    Start 98: test_gateway_runtime_reads
    Test #98: test_gateway_runtime_reads .......   Passed    0.03 sec
    Start 98: test_gateway_runtime_reads
    Test #98: test_gateway_runtime_reads .......   Passed    0.03 sec
    Start 98: test_gateway_runtime_reads
    Test #98: test_gateway_runtime_reads .......   Passed    0.03 sec
    Start 98: test_gateway_runtime_reads
    Test #98: test_gateway_runtime_reads .......   Passed    0.03 sec
    Start 98: test_gateway_runtime_reads
    Test #98: test_gateway_runtime_reads .......   Passed    0.03 sec
    Start 98: test_gateway_runtime_reads
    Test #98: test_gateway_runtime_reads .......   Passed    0.03 sec
    Start 98: test_gateway_runtime_reads
    Test #98: test_gateway_runtime_reads .......   Passed    0.03 sec
    Start 98: test_gateway_runtime_reads
    Test #98: test_gateway_runtime_reads .......   Passed    0.03 sec
    Start 98: test_gateway_runtime_reads
    Test #98: test_gateway_runtime_reads .......   Passed    0.03 sec
    Start 98: test_gateway_runtime_reads
    Test #98: test_gateway_runtime_reads .......   Passed    0.03 sec
    Start 98: test_gateway_runtime_reads
    Test #98: test_gateway_runtime_reads .......   Passed    0.03 sec
    Start 98: test_gateway_runtime_reads
    Test #98: test_gateway_runtime_reads .......   Passed    0.03 sec
    Start 98: test_gateway_runtime_reads
    Test #98: test_gateway_runtime_reads .......   Passed    0.03 sec
    Start 98: test_gateway_runtime_reads
    Test #98: test_gateway_runtime_reads .......   Passed    0.04 sec
    Start 98: test_gateway_runtime_reads
    Test #98: test_gateway_runtime_reads .......   Passed    0.04 sec
    Start 98: test_gateway_runtime_reads
    Test #98: test_gateway_runtime_reads .......   Passed    0.03 sec
    Start 98: test_gateway_runtime_reads
    Test #98: test_gateway_runtime_reads .......   Passed    0.03 sec
    Start 98: test_gateway_runtime_reads
    Test #98: test_gateway_runtime_reads .......   Passed    0.03 sec
    Start 98: test_gateway_runtime_reads
    Test #98: test_gateway_runtime_reads .......   Passed    0.03 sec
    Start 98: test_gateway_runtime_reads
    Test #98: test_gateway_runtime_reads .......   Passed    0.03 sec
    Start 98: test_gateway_runtime_reads
    Test #98: test_gateway_runtime_reads .......   Passed    0.03 sec
    Start 98: test_gateway_runtime_reads
    Test #98: test_gateway_runtime_reads .......   Passed    0.03 sec
    Start 98: test_gateway_runtime_reads
    Test #98: test_gateway_runtime_reads .......   Passed    0.03 sec
    Start 98: test_gateway_runtime_reads
    Test #98: test_gateway_runtime_reads .......   Passed    0.03 sec
    Start 98: test_gateway_runtime_reads
    Test #98: test_gateway_runtime_reads .......   Passed    0.03 sec
    Start 98: test_gateway_runtime_reads
    Test #98: test_gateway_runtime_reads .......   Passed    0.03 sec
    Start 98: test_gateway_runtime_reads
    Test #98: test_gateway_runtime_reads .......   Passed    0.03 sec
    Start 98: test_gateway_runtime_reads
    Test #98: test_gateway_runtime_reads .......   Passed    0.03 sec
    Start 98: test_gateway_runtime_reads
    Test #98: test_gateway_runtime_reads .......   Passed    0.03 sec
    Start 98: test_gateway_runtime_reads
    Test #98: test_gateway_runtime_reads .......   Passed    0.03 sec
    Start 98: test_gateway_runtime_reads
    Test #98: test_gateway_runtime_reads .......   Passed    0.03 sec
    Start 98: test_gateway_runtime_reads
    Test #98: test_gateway_runtime_reads .......   Passed    0.03 sec
    Start 98: test_gateway_runtime_reads
    Test #98: test_gateway_runtime_reads .......   Passed    0.03 sec
    Start 98: test_gateway_runtime_reads
    Test #98: test_gateway_runtime_reads .......   Passed    0.04 sec
    Start 98: test_gateway_runtime_reads
    Test #98: test_gateway_runtime_reads .......   Passed    0.03 sec
    Start 98: test_gateway_runtime_reads
    Test #98: test_gateway_runtime_reads .......   Passed    0.03 sec
    Start 98: test_gateway_runtime_reads
    Test #98: test_gateway_runtime_reads .......   Passed    0.03 sec
    Start 98: test_gateway_runtime_reads
    Test #98: test_gateway_runtime_reads .......   Passed    0.03 sec
    Start 98: test_gateway_runtime_reads
    Test #98: test_gateway_runtime_reads .......   Passed    0.03 sec
    Start 98: test_gateway_runtime_reads
    Test #98: test_gateway_runtime_reads .......   Passed    0.03 sec
    Start 98: test_gateway_runtime_reads
    Test #98: test_gateway_runtime_reads .......   Passed    0.03 sec
    Start 98: test_gateway_runtime_reads
    Test #98: test_gateway_runtime_reads .......   Passed    0.03 sec
    Start 98: test_gateway_runtime_reads
    Test #98: test_gateway_runtime_reads .......   Passed    0.03 sec
    Start 98: test_gateway_runtime_reads
    Test #98: test_gateway_runtime_reads .......   Passed    0.03 sec
    Start 98: test_gateway_runtime_reads
    Test #98: test_gateway_runtime_reads .......   Passed    0.03 sec
    Start 98: test_gateway_runtime_reads
    Test #98: test_gateway_runtime_reads .......   Passed    0.03 sec
    Start 98: test_gateway_runtime_reads
    Test #98: test_gateway_runtime_reads .......   Passed    0.03 sec
    Start 98: test_gateway_runtime_reads
    Test #98: test_gateway_runtime_reads .......   Passed    0.03 sec
    Start 98: test_gateway_runtime_reads
    Test #98: test_gateway_runtime_reads .......   Passed    0.03 sec
    Start 98: test_gateway_runtime_reads
    Test #98: test_gateway_runtime_reads .......   Passed    0.03 sec
    Start 98: test_gateway_runtime_reads
    Test #98: test_gateway_runtime_reads .......   Passed    0.03 sec
    Start 98: test_gateway_runtime_reads
    Test #98: test_gateway_runtime_reads .......   Passed    0.03 sec
    Start 98: test_gateway_runtime_reads
    Test #98: test_gateway_runtime_reads .......   Passed    0.03 sec
    Start 98: test_gateway_runtime_reads
    Test #98: test_gateway_runtime_reads .......   Passed    0.03 sec
    Start 98: test_gateway_runtime_reads
    Test #98: test_gateway_runtime_reads .......   Passed    0.03 sec
    Start 98: test_gateway_runtime_reads
    Test #98: test_gateway_runtime_reads .......   Passed    0.03 sec
    Start 98: test_gateway_runtime_reads
    Test #98: test_gateway_runtime_reads .......   Passed    0.03 sec
    Start 98: test_gateway_runtime_reads
    Test #98: test_gateway_runtime_reads .......   Passed    0.03 sec
    Start 98: test_gateway_runtime_reads
    Test #98: test_gateway_runtime_reads .......   Passed    0.03 sec
    Start 98: test_gateway_runtime_reads
    Test #98: test_gateway_runtime_reads .......   Passed    0.03 sec
    Start 98: test_gateway_runtime_reads
    Test #98: test_gateway_runtime_reads .......   Passed    0.03 sec
    Start 98: test_gateway_runtime_reads
    Test #98: test_gateway_runtime_reads .......   Passed    0.03 sec
    Start 98: test_gateway_runtime_reads
    Test #98: test_gateway_runtime_reads .......   Passed    0.03 sec
    Start 98: test_gateway_runtime_reads
    Test #98: test_gateway_runtime_reads .......   Passed    0.03 sec
    Start 98: test_gateway_runtime_reads
    Test #98: test_gateway_runtime_reads .......   Passed    0.03 sec
    Start 98: test_gateway_runtime_reads
    Test #98: test_gateway_runtime_reads .......   Passed    0.03 sec
    Start 98: test_gateway_runtime_reads
    Test #98: test_gateway_runtime_reads .......   Passed    0.03 sec
    Start 98: test_gateway_runtime_reads
    Test #98: test_gateway_runtime_reads .......   Passed    0.03 sec
    Start 98: test_gateway_runtime_reads
    Test #98: test_gateway_runtime_reads .......   Passed    0.03 sec
    Start 98: test_gateway_runtime_reads
    Test #98: test_gateway_runtime_reads .......   Passed    0.03 sec
    Start 98: test_gateway_runtime_reads
    Test #98: test_gateway_runtime_reads .......   Passed    0.03 sec
    Start 98: test_gateway_runtime_reads
    Test #98: test_gateway_runtime_reads .......   Passed    0.03 sec
    Start 98: test_gateway_runtime_reads
    Test #98: test_gateway_runtime_reads .......   Passed    0.03 sec
    Start 98: test_gateway_runtime_reads
    Test #98: test_gateway_runtime_reads .......   Passed    0.03 sec
    Start 98: test_gateway_runtime_reads
    Test #98: test_gateway_runtime_reads .......   Passed    0.03 sec
    Start 98: test_gateway_runtime_reads
    Test #98: test_gateway_runtime_reads .......   Passed    0.03 sec
    Start 98: test_gateway_runtime_reads
    Test #98: test_gateway_runtime_reads .......   Passed    0.03 sec
    Start 98: test_gateway_runtime_reads
    Test #98: test_gateway_runtime_reads .......   Passed    0.03 sec
    Start 98: test_gateway_runtime_reads
    Test #98: test_gateway_runtime_reads .......   Passed    0.03 sec
    Start 98: test_gateway_runtime_reads
    Test #98: test_gateway_runtime_reads .......   Passed    0.03 sec
    Start 98: test_gateway_runtime_reads
    Test #98: test_gateway_runtime_reads .......   Passed    0.03 sec
    Start 98: test_gateway_runtime_reads
    Test #98: test_gateway_runtime_reads .......   Passed    0.03 sec
    Start 98: test_gateway_runtime_reads
    Test #98: test_gateway_runtime_reads .......   Passed    0.03 sec
    Start 98: test_gateway_runtime_reads
    Test #98: test_gateway_runtime_reads .......   Passed    0.03 sec
    Start 98: test_gateway_runtime_reads
    Test #98: test_gateway_runtime_reads .......   Passed    0.04 sec
    Start 98: test_gateway_runtime_reads
    Test #98: test_gateway_runtime_reads .......   Passed    0.03 sec
    Start 98: test_gateway_runtime_reads
    Test #98: test_gateway_runtime_reads .......   Passed    0.03 sec
    Start 98: test_gateway_runtime_reads
    Test #98: test_gateway_runtime_reads .......   Passed    0.03 sec
    Start 98: test_gateway_runtime_reads
    Test #98: test_gateway_runtime_reads .......   Passed    0.03 sec
    Start 98: test_gateway_runtime_reads
    Test #98: test_gateway_runtime_reads .......   Passed    0.03 sec
    Start 98: test_gateway_runtime_reads
    Test #98: test_gateway_runtime_reads .......   Passed    0.03 sec
    Start 98: test_gateway_runtime_reads
    Test #98: test_gateway_runtime_reads .......   Passed    0.03 sec
    Start 98: test_gateway_runtime_reads
    Test #98: test_gateway_runtime_reads .......   Passed    0.03 sec
    Start 98: test_gateway_runtime_reads
    Test #98: test_gateway_runtime_reads .......   Passed    0.03 sec
    Start 98: test_gateway_runtime_reads
    Test #98: test_gateway_runtime_reads .......   Passed    0.03 sec
    Start 98: test_gateway_runtime_reads
    Test #98: test_gateway_runtime_reads .......   Passed    0.03 sec
    Start 98: test_gateway_runtime_reads
    Test #98: test_gateway_runtime_reads .......   Passed    0.03 sec
    Start 98: test_gateway_runtime_reads
    Test #98: test_gateway_runtime_reads .......   Passed    0.03 sec
    Start 98: test_gateway_runtime_reads
    Test #98: test_gateway_runtime_reads .......   Passed    0.04 sec
    Start 98: test_gateway_runtime_reads
    Test #98: test_gateway_runtime_reads .......   Passed    0.03 sec
    Start 98: test_gateway_runtime_reads
    Test #98: test_gateway_runtime_reads .......   Passed    0.03 sec
    Start 98: test_gateway_runtime_reads
    Test #98: test_gateway_runtime_reads .......   Passed    0.03 sec
    Start 98: test_gateway_runtime_reads
    Test #98: test_gateway_runtime_reads .......   Passed    0.03 sec
    Start 98: test_gateway_runtime_reads
    Test #98: test_gateway_runtime_reads .......   Passed    0.03 sec
    Start 98: test_gateway_runtime_reads
    Test #98: test_gateway_runtime_reads .......   Passed    0.03 sec
    Start 98: test_gateway_runtime_reads
    Test #98: test_gateway_runtime_reads .......   Passed    0.03 sec
    Start 98: test_gateway_runtime_reads
    Test #98: test_gateway_runtime_reads .......   Passed    0.03 sec
    Start 98: test_gateway_runtime_reads
    Test #98: test_gateway_runtime_reads .......   Passed    0.03 sec
    Start 98: test_gateway_runtime_reads
    Test #98: test_gateway_runtime_reads .......   Passed    0.03 sec
    Start 98: test_gateway_runtime_reads
    Test #98: test_gateway_runtime_reads .......   Passed    0.03 sec
    Start 98: test_gateway_runtime_reads
    Test #98: test_gateway_runtime_reads .......   Passed    0.03 sec
    Start 98: test_gateway_runtime_reads
    Test #98: test_gateway_runtime_reads .......   Passed    0.03 sec
    Start 98: test_gateway_runtime_reads
    Test #98: test_gateway_runtime_reads .......   Passed    0.03 sec
    Start 98: test_gateway_runtime_reads
    Test #98: test_gateway_runtime_reads .......   Passed    0.03 sec
    Start 98: test_gateway_runtime_reads
    Test #98: test_gateway_runtime_reads .......   Passed    0.03 sec
    Start 98: test_gateway_runtime_reads
    Test #98: test_gateway_runtime_reads .......   Passed    0.03 sec
    Start 98: test_gateway_runtime_reads
    Test #98: test_gateway_runtime_reads .......   Passed    0.03 sec
    Start 98: test_gateway_runtime_reads
    Test #98: test_gateway_runtime_reads .......   Passed    0.03 sec
    Start 98: test_gateway_runtime_reads
    Test #98: test_gateway_runtime_reads .......   Passed    0.03 sec
    Start 98: test_gateway_runtime_reads
    Test #98: test_gateway_runtime_reads .......   Passed    0.03 sec
    Start 98: test_gateway_runtime_reads
    Test #98: test_gateway_runtime_reads .......   Passed    0.03 sec
    Start 98: test_gateway_runtime_reads
    Test #98: test_gateway_runtime_reads .......   Passed    0.03 sec
    Start 98: test_gateway_runtime_reads
    Test #98: test_gateway_runtime_reads .......   Passed    0.03 sec
    Start 98: test_gateway_runtime_reads
    Test #98: test_gateway_runtime_reads .......   Passed    0.03 sec
    Start 98: test_gateway_runtime_reads
    Test #98: test_gateway_runtime_reads .......   Passed    0.03 sec
    Start 98: test_gateway_runtime_reads
    Test #98: test_gateway_runtime_reads .......   Passed    0.03 sec
    Start 98: test_gateway_runtime_reads
    Test #98: test_gateway_runtime_reads .......   Passed    0.03 sec
    Start 98: test_gateway_runtime_reads
    Test #98: test_gateway_runtime_reads .......   Passed    0.03 sec
    Start 98: test_gateway_runtime_reads
    Test #98: test_gateway_runtime_reads .......   Passed    0.03 sec
    Start 98: test_gateway_runtime_reads
    Test #98: test_gateway_runtime_reads .......   Passed    0.03 sec
    Start 98: test_gateway_runtime_reads
    Test #98: test_gateway_runtime_reads .......   Passed    0.03 sec
    Start 98: test_gateway_runtime_reads
    Test #98: test_gateway_runtime_reads .......   Passed    0.03 sec
    Start 98: test_gateway_runtime_reads
    Test #98: test_gateway_runtime_reads .......   Passed    0.03 sec
    Start 98: test_gateway_runtime_reads
    Test #98: test_gateway_runtime_reads .......   Passed    0.03 sec
    Start 98: test_gateway_runtime_reads
    Test #98: test_gateway_runtime_reads .......   Passed    0.03 sec
    Start 98: test_gateway_runtime_reads
    Test #98: test_gateway_runtime_reads .......   Passed    0.03 sec
    Start 98: test_gateway_runtime_reads
    Test #98: test_gateway_runtime_reads .......   Passed    0.03 sec
    Start 98: test_gateway_runtime_reads
    Test #98: test_gateway_runtime_reads .......   Passed    0.03 sec
    Start 98: test_gateway_runtime_reads
    Test #98: test_gateway_runtime_reads .......   Passed    0.03 sec
    Start 98: test_gateway_runtime_reads
    Test #98: test_gateway_runtime_reads .......   Passed    0.03 sec
    Start 98: test_gateway_runtime_reads
    Test #98: test_gateway_runtime_reads .......   Passed    0.03 sec
    Start 98: test_gateway_runtime_reads
    Test #98: test_gateway_runtime_reads .......   Passed    0.03 sec
    Start 98: test_gateway_runtime_reads
    Test #98: test_gateway_runtime_reads .......   Passed    0.03 sec
    Start 98: test_gateway_runtime_reads
    Test #98: test_gateway_runtime_reads .......   Passed    0.03 sec
    Start 98: test_gateway_runtime_reads
    Test #98: test_gateway_runtime_reads .......   Passed    0.03 sec
    Start 98: test_gateway_runtime_reads
    Test #98: test_gateway_runtime_reads .......   Passed    0.03 sec
    Start 98: test_gateway_runtime_reads
    Test #98: test_gateway_runtime_reads .......   Passed    0.03 sec
    Start 98: test_gateway_runtime_reads
    Test #98: test_gateway_runtime_reads .......   Passed    0.03 sec
    Start 98: test_gateway_runtime_reads
    Test #98: test_gateway_runtime_reads .......   Passed    0.03 sec
    Start 98: test_gateway_runtime_reads
    Test #98: test_gateway_runtime_reads .......   Passed    0.03 sec
    Start 98: test_gateway_runtime_reads
    Test #98: test_gateway_runtime_reads .......   Passed    0.03 sec
    Start 98: test_gateway_runtime_reads
    Test #98: test_gateway_runtime_reads .......   Passed    0.03 sec
    Start 98: test_gateway_runtime_reads
    Test #98: test_gateway_runtime_reads .......   Passed    0.03 sec
    Start 98: test_gateway_runtime_reads
    Test #98: test_gateway_runtime_reads .......   Passed    0.03 sec
    Start 98: test_gateway_runtime_reads
    Test #98: test_gateway_runtime_reads .......   Passed    0.03 sec
    Start 98: test_gateway_runtime_reads
    Test #98: test_gateway_runtime_reads .......   Passed    0.03 sec
    Start 98: test_gateway_runtime_reads
    Test #98: test_gateway_runtime_reads .......   Passed    0.03 sec
    Start 98: test_gateway_runtime_reads
    Test #98: test_gateway_runtime_reads .......   Passed    0.03 sec
    Start 98: test_gateway_runtime_reads
    Test #98: test_gateway_runtime_reads .......   Passed    0.03 sec
    Start 98: test_gateway_runtime_reads
    Test #98: test_gateway_runtime_reads .......   Passed    0.03 sec
    Start 98: test_gateway_runtime_reads
    Test #98: test_gateway_runtime_reads .......   Passed    0.03 sec
    Start 98: test_gateway_runtime_reads
    Test #98: test_gateway_runtime_reads .......   Passed    0.03 sec
    Start 98: test_gateway_runtime_reads
    Test #98: test_gateway_runtime_reads .......   Passed    0.03 sec
    Start 98: test_gateway_runtime_reads
    Test #98: test_gateway_runtime_reads .......   Passed    0.03 sec
    Start 98: test_gateway_runtime_reads
    Test #98: test_gateway_runtime_reads .......   Passed    0.03 sec
    Start 98: test_gateway_runtime_reads
    Test #98: test_gateway_runtime_reads .......   Passed    0.03 sec
    Start 98: test_gateway_runtime_reads
    Test #98: test_gateway_runtime_reads .......   Passed    0.03 sec
    Start 98: test_gateway_runtime_reads
    Test #98: test_gateway_runtime_reads .......   Passed    0.03 sec
    Start 98: test_gateway_runtime_reads
    Test #98: test_gateway_runtime_reads .......   Passed    0.03 sec
    Start 98: test_gateway_runtime_reads
    Test #98: test_gateway_runtime_reads .......   Passed    0.03 sec
    Start 98: test_gateway_runtime_reads
    Test #98: test_gateway_runtime_reads .......   Passed    0.03 sec
    Start 98: test_gateway_runtime_reads
    Test #98: test_gateway_runtime_reads .......   Passed    0.04 sec
    Start 98: test_gateway_runtime_reads
    Test #98: test_gateway_runtime_reads .......   Passed    0.03 sec
    Start 98: test_gateway_runtime_reads
    Test #98: test_gateway_runtime_reads .......   Passed    0.03 sec
    Start 98: test_gateway_runtime_reads
    Test #98: test_gateway_runtime_reads .......   Passed    0.03 sec
    Start 98: test_gateway_runtime_reads
    Test #98: test_gateway_runtime_reads .......   Passed    0.03 sec
    Start 98: test_gateway_runtime_reads
    Test #98: test_gateway_runtime_reads .......   Passed    0.03 sec
    Start 98: test_gateway_runtime_reads
    Test #98: test_gateway_runtime_reads .......   Passed    0.03 sec
    Start 98: test_gateway_runtime_reads
    Test #98: test_gateway_runtime_reads .......   Passed    0.03 sec
    Start 98: test_gateway_runtime_reads
    Test #98: test_gateway_runtime_reads .......   Passed    0.03 sec
    Start 98: test_gateway_runtime_reads
    Test #98: test_gateway_runtime_reads .......   Passed    0.03 sec
    Start 98: test_gateway_runtime_reads
    Test #98: test_gateway_runtime_reads .......   Passed    0.03 sec
    Start 98: test_gateway_runtime_reads
    Test #98: test_gateway_runtime_reads .......   Passed    0.03 sec
    Start 98: test_gateway_runtime_reads
    Test #98: test_gateway_runtime_reads .......   Passed    0.03 sec
    Start 98: test_gateway_runtime_reads
    Test #98: test_gateway_runtime_reads .......   Passed    0.03 sec
    Start 98: test_gateway_runtime_reads
    Test #98: test_gateway_runtime_reads .......   Passed    0.03 sec
    Start 98: test_gateway_runtime_reads
    Test #98: test_gateway_runtime_reads .......   Passed    0.03 sec
    Start 98: test_gateway_runtime_reads
    Test #98: test_gateway_runtime_reads .......   Passed    0.03 sec
    Start 98: test_gateway_runtime_reads
    Test #98: test_gateway_runtime_reads .......   Passed    0.03 sec
    Start 98: test_gateway_runtime_reads
    Test #98: test_gateway_runtime_reads .......   Passed    0.03 sec
    Start 98: test_gateway_runtime_reads
    Test #98: test_gateway_runtime_reads .......   Passed    0.03 sec
    Start 98: test_gateway_runtime_reads
    Test #98: test_gateway_runtime_reads .......   Passed    0.03 sec
    Start 98: test_gateway_runtime_reads
    Test #98: test_gateway_runtime_reads .......   Passed    0.03 sec
    Start 98: test_gateway_runtime_reads
    Test #98: test_gateway_runtime_reads .......   Passed    0.03 sec
    Start 98: test_gateway_runtime_reads
    Test #98: test_gateway_runtime_reads .......   Passed    0.03 sec
    Start 98: test_gateway_runtime_reads
    Test #98: test_gateway_runtime_reads .......   Passed    0.04 sec
    Start 98: test_gateway_runtime_reads
    Test #98: test_gateway_runtime_reads .......   Passed    0.03 sec
    Start 98: test_gateway_runtime_reads
    Test #98: test_gateway_runtime_reads .......   Passed    0.03 sec
    Start 98: test_gateway_runtime_reads
    Test #98: test_gateway_runtime_reads .......   Passed    0.03 sec
    Start 98: test_gateway_runtime_reads
    Test #98: test_gateway_runtime_reads .......   Passed    0.03 sec
    Start 98: test_gateway_runtime_reads
    Test #98: test_gateway_runtime_reads .......   Passed    0.03 sec
    Start 98: test_gateway_runtime_reads
    Test #98: test_gateway_runtime_reads .......   Passed    0.03 sec
    Start 98: test_gateway_runtime_reads
    Test #98: test_gateway_runtime_reads .......   Passed    0.03 sec
    Start 98: test_gateway_runtime_reads
    Test #98: test_gateway_runtime_reads .......   Passed    0.03 sec
    Start 98: test_gateway_runtime_reads
    Test #98: test_gateway_runtime_reads .......   Passed    0.03 sec
    Start 98: test_gateway_runtime_reads
    Test #98: test_gateway_runtime_reads .......   Passed    0.03 sec
    Start 98: test_gateway_runtime_reads
    Test #98: test_gateway_runtime_reads .......   Passed    0.03 sec
    Start 98: test_gateway_runtime_reads
    Test #98: test_gateway_runtime_reads .......   Passed    0.03 sec
    Start 98: test_gateway_runtime_reads
    Test #98: test_gateway_runtime_reads .......   Passed    0.03 sec
    Start 98: test_gateway_runtime_reads
    Test #98: test_gateway_runtime_reads .......   Passed    0.03 sec
    Start 98: test_gateway_runtime_reads
    Test #98: test_gateway_runtime_reads .......   Passed    0.03 sec
    Start 98: test_gateway_runtime_reads
    Test #98: test_gateway_runtime_reads .......   Passed    0.03 sec
    Start 98: test_gateway_runtime_reads
    Test #98: test_gateway_runtime_reads .......   Passed    0.03 sec
    Start 98: test_gateway_runtime_reads
    Test #98: test_gateway_runtime_reads .......   Passed    0.04 sec
    Start 98: test_gateway_runtime_reads
    Test #98: test_gateway_runtime_reads .......   Passed    0.03 sec
    Start 98: test_gateway_runtime_reads
    Test #98: test_gateway_runtime_reads .......   Passed    0.03 sec
    Start 98: test_gateway_runtime_reads
    Test #98: test_gateway_runtime_reads .......   Passed    0.03 sec
    Start 98: test_gateway_runtime_reads
    Test #98: test_gateway_runtime_reads .......   Passed    0.03 sec
    Start 98: test_gateway_runtime_reads
    Test #98: test_gateway_runtime_reads .......   Passed    0.03 sec
    Start 98: test_gateway_runtime_reads
    Test #98: test_gateway_runtime_reads .......   Passed    0.03 sec
    Start 98: test_gateway_runtime_reads
    Test #98: test_gateway_runtime_reads .......   Passed    0.03 sec
    Start 98: test_gateway_runtime_reads
    Test #98: test_gateway_runtime_reads .......   Passed    0.03 sec
    Start 98: test_gateway_runtime_reads
    Test #98: test_gateway_runtime_reads .......   Passed    0.03 sec
    Start 98: test_gateway_runtime_reads
    Test #98: test_gateway_runtime_reads .......   Passed    0.03 sec
    Start 98: test_gateway_runtime_reads
    Test #98: test_gateway_runtime_reads .......   Passed    0.03 sec
    Start 98: test_gateway_runtime_reads
    Test #98: test_gateway_runtime_reads .......   Passed    0.03 sec
    Start 98: test_gateway_runtime_reads
    Test #98: test_gateway_runtime_reads .......   Passed    0.03 sec
    Start 98: test_gateway_runtime_reads
    Test #98: test_gateway_runtime_reads .......   Passed    0.03 sec
    Start 98: test_gateway_runtime_reads
    Test #98: test_gateway_runtime_reads .......   Passed    0.03 sec
    Start 98: test_gateway_runtime_reads
    Test #98: test_gateway_runtime_reads .......   Passed    0.03 sec
    Start 98: test_gateway_runtime_reads
    Test #98: test_gateway_runtime_reads .......   Passed    0.04 sec
    Start 98: test_gateway_runtime_reads
    Test #98: test_gateway_runtime_reads .......   Passed    0.03 sec
    Start 98: test_gateway_runtime_reads
    Test #98: test_gateway_runtime_reads .......   Passed    0.03 sec
    Start 98: test_gateway_runtime_reads
    Test #98: test_gateway_runtime_reads .......   Passed    0.03 sec
    Start 98: test_gateway_runtime_reads
    Test #98: test_gateway_runtime_reads .......   Passed    0.03 sec
    Start 98: test_gateway_runtime_reads
    Test #98: test_gateway_runtime_reads .......   Passed    0.03 sec
    Start 98: test_gateway_runtime_reads
    Test #98: test_gateway_runtime_reads .......   Passed    0.03 sec
    Start 98: test_gateway_runtime_reads
    Test #98: test_gateway_runtime_reads .......   Passed    0.03 sec
    Start 98: test_gateway_runtime_reads
    Test #98: test_gateway_runtime_reads .......   Passed    0.03 sec
    Start 98: test_gateway_runtime_reads
    Test #98: test_gateway_runtime_reads .......   Passed    0.03 sec
    Start 98: test_gateway_runtime_reads
    Test #98: test_gateway_runtime_reads .......   Passed    0.03 sec
    Start 98: test_gateway_runtime_reads
    Test #98: test_gateway_runtime_reads .......   Passed    0.03 sec
    Start 98: test_gateway_runtime_reads
    Test #98: test_gateway_runtime_reads .......   Passed    0.03 sec
    Start 98: test_gateway_runtime_reads
    Test #98: test_gateway_runtime_reads .......   Passed    0.03 sec
    Start 98: test_gateway_runtime_reads
    Test #98: test_gateway_runtime_reads .......   Passed    0.03 sec
    Start 98: test_gateway_runtime_reads
    Test #98: test_gateway_runtime_reads .......   Passed    0.03 sec
    Start 98: test_gateway_runtime_reads
    Test #98: test_gateway_runtime_reads .......   Passed    0.03 sec
    Start 98: test_gateway_runtime_reads
    Test #98: test_gateway_runtime_reads .......   Passed    0.03 sec
    Start 98: test_gateway_runtime_reads
    Test #98: test_gateway_runtime_reads .......   Passed    0.03 sec
    Start 98: test_gateway_runtime_reads
    Test #98: test_gateway_runtime_reads .......   Passed    0.03 sec
    Start 98: test_gateway_runtime_reads
    Test #98: test_gateway_runtime_reads .......   Passed    0.03 sec
    Start 98: test_gateway_runtime_reads
    Test #98: test_gateway_runtime_reads .......   Passed    0.03 sec
    Start 98: test_gateway_runtime_reads
    Test #98: test_gateway_runtime_reads .......   Passed    0.03 sec
    Start 98: test_gateway_runtime_reads
    Test #98: test_gateway_runtime_reads .......   Passed    0.03 sec
    Start 98: test_gateway_runtime_reads
    Test #98: test_gateway_runtime_reads .......   Passed    0.03 sec
    Start 98: test_gateway_runtime_reads
    Test #98: test_gateway_runtime_reads .......   Passed    0.03 sec
    Start 98: test_gateway_runtime_reads
    Test #98: test_gateway_runtime_reads .......   Passed    0.03 sec
    Start 98: test_gateway_runtime_reads
    Test #98: test_gateway_runtime_reads .......   Passed    0.03 sec
    Start 98: test_gateway_runtime_reads
    Test #98: test_gateway_runtime_reads .......   Passed    0.03 sec
    Start 98: test_gateway_runtime_reads
    Test #98: test_gateway_runtime_reads .......   Passed    0.03 sec
    Start 98: test_gateway_runtime_reads
    Test #98: test_gateway_runtime_reads .......   Passed    0.03 sec
    Start 98: test_gateway_runtime_reads
    Test #98: test_gateway_runtime_reads .......   Passed    0.04 sec
    Start 98: test_gateway_runtime_reads
    Test #98: test_gateway_runtime_reads .......   Passed    0.04 sec
    Start 98: test_gateway_runtime_reads
    Test #98: test_gateway_runtime_reads .......   Passed    0.03 sec
    Start 98: test_gateway_runtime_reads
    Test #98: test_gateway_runtime_reads .......   Passed    0.03 sec
    Start 98: test_gateway_runtime_reads
    Test #98: test_gateway_runtime_reads .......   Passed    0.03 sec
    Start 98: test_gateway_runtime_reads
    Test #98: test_gateway_runtime_reads .......   Passed    0.03 sec
    Start 98: test_gateway_runtime_reads
    Test #98: test_gateway_runtime_reads .......   Passed    0.03 sec
    Start 98: test_gateway_runtime_reads
    Test #98: test_gateway_runtime_reads .......   Passed    0.03 sec
    Start 98: test_gateway_runtime_reads
    Test #98: test_gateway_runtime_reads .......   Passed    0.03 sec
    Start 98: test_gateway_runtime_reads
    Test #98: test_gateway_runtime_reads .......   Passed    0.03 sec
    Start 98: test_gateway_runtime_reads
    Test #98: test_gateway_runtime_reads .......   Passed    0.03 sec
    Start 98: test_gateway_runtime_reads
    Test #98: test_gateway_runtime_reads .......   Passed    0.03 sec
    Start 98: test_gateway_runtime_reads
    Test #98: test_gateway_runtime_reads .......   Passed    0.03 sec
    Start 98: test_gateway_runtime_reads
    Test #98: test_gateway_runtime_reads .......   Passed    0.03 sec
    Start 98: test_gateway_runtime_reads
    Test #98: test_gateway_runtime_reads .......   Passed    0.03 sec
    Start 98: test_gateway_runtime_reads
    Test #98: test_gateway_runtime_reads .......   Passed    0.03 sec
    Start 98: test_gateway_runtime_reads
    Test #98: test_gateway_runtime_reads .......   Passed    0.03 sec
    Start 98: test_gateway_runtime_reads
    Test #98: test_gateway_runtime_reads .......   Passed    0.03 sec
    Start 98: test_gateway_runtime_reads
    Test #98: test_gateway_runtime_reads .......   Passed    0.03 sec
    Start 98: test_gateway_runtime_reads
    Test #98: test_gateway_runtime_reads .......   Passed    0.03 sec
    Start 98: test_gateway_runtime_reads
    Test #98: test_gateway_runtime_reads .......   Passed    0.03 sec
    Start 98: test_gateway_runtime_reads
    Test #98: test_gateway_runtime_reads .......   Passed    0.03 sec
    Start 98: test_gateway_runtime_reads
    Test #98: test_gateway_runtime_reads .......   Passed    0.03 sec
    Start 98: test_gateway_runtime_reads
    Test #98: test_gateway_runtime_reads .......   Passed    0.03 sec
    Start 98: test_gateway_runtime_reads
    Test #98: test_gateway_runtime_reads .......   Passed    0.04 sec
    Start 98: test_gateway_runtime_reads
    Test #98: test_gateway_runtime_reads .......   Passed    0.03 sec
    Start 98: test_gateway_runtime_reads
    Test #98: test_gateway_runtime_reads .......   Passed    0.03 sec
    Start 98: test_gateway_runtime_reads
    Test #98: test_gateway_runtime_reads .......   Passed    0.03 sec
    Start 98: test_gateway_runtime_reads
    Test #98: test_gateway_runtime_reads .......   Passed    0.03 sec
    Start 98: test_gateway_runtime_reads
    Test #98: test_gateway_runtime_reads .......   Passed    0.03 sec
    Start 98: test_gateway_runtime_reads
    Test #98: test_gateway_runtime_reads .......   Passed    0.03 sec
    Start 98: test_gateway_runtime_reads
    Test #98: test_gateway_runtime_reads .......   Passed    0.03 sec
    Start 98: test_gateway_runtime_reads
    Test #98: test_gateway_runtime_reads .......   Passed    0.03 sec
    Start 98: test_gateway_runtime_reads
    Test #98: test_gateway_runtime_reads .......   Passed    0.03 sec
    Start 98: test_gateway_runtime_reads
    Test #98: test_gateway_runtime_reads .......   Passed    0.03 sec
    Start 98: test_gateway_runtime_reads
    Test #98: test_gateway_runtime_reads .......***Timeout  60.07 sec


0% tests passed, 1 tests failed out of 1

Label Time Summary:
integration    =  60.07 sec*proc (1 test)
serial         =  60.07 sec*proc (1 test)

Total Test time (real) =  70.49 sec

The following tests FAILED:
	 98 - test_gateway_runtime_reads (Timeout)
Errors while running CTest
