Internal ctest changing into directory: /home/hep7/project/kairos/zlink/core/build
Test project /home/hep7/project/kairos/zlink/core/build
    Start  17: test_gateway_with_handler
1/5 Test  #17: test_gateway_with_handler .........   Passed    0.02 sec
    Start  28: test_stream_threadsafe
2/5 Test  #28: test_stream_threadsafe ............   Passed    9.70 sec
    Start  34: test_service_discovery
3/5 Test  #34: test_service_discovery ............   Passed    0.62 sec
    Start  37: test_spot_service_introspection
4/5 Test  #37: test_spot_service_introspection ...   Passed   62.11 sec
    Start 132: unittest_typed_option
5/5 Test #132: unittest_typed_option .............   Passed    2.00 sec

100% tests passed, 0 tests failed out of 5

Label Time Summary:
e2e              =  62.73 sec*proc (2 tests)
integration      =   9.72 sec*proc (2 tests)
parallel-safe    =   2.00 sec*proc (1 test)
serial           =  72.45 sec*proc (4 tests)
unittest         =   2.00 sec*proc (1 test)

Total Test time (real) =  74.46 sec
