=== Phase 2 thread-safe stress preflight ===
started_at=2026-03-24 06:05:43 +0900
build_dir=core/build
ctest_root_ok=1
registered_test=test_service_introspection_discovery_control_path
registered_test=test_service_introspection_discovery_ordering
registered_test=test_service_introspection_discovery_self_close
registered_test=test_service_introspection_discovery_lifecycle
registered_test=test_service_introspection_registry_lifecycle
registered_test=test_service_introspection_registry_query_lifecycle
registered_test=test_gateway_runtime_reads
registered_test=test_gateway_send_plane_updates
registered_test=test_gateway_attach_query_ordering
registered_test=test_gateway_send_ready_self_close
registered_test=test_gateway_monitor_self_close
registered_test=test_spot_service_introspection_monitors
registered_test=test_spot_service_introspection_late_connect
registered_test=test_spot_service_introspection_subscription_ready_loss
registered_test=test_spot_service_introspection_handler_monitor_close
registered_test=test_spot_service_introspection_snapshots
preflight=success
