[preflight] 2026-03-25 12:03:29 +0900
Internal ctest changing into directory: /home/hep7/project/kairos/zlink/core/build
Test project /home/hep7/project/kairos/zlink/core/build
  Test  #30: test_stream_fastpath
  Test  #59: test_service_introspection_transport_ws
  Test  #62: test_service_introspection_registry_peer_mixed_ws
  Test  #88: test_gateway_ws
  Test  #90: test_gateway_wss
  Test #107: test_spot_pubsub_scenario_peer_wss

Total Tests: 6
[build]
[  1%] Built target unity
[  2%] Built target perf_stream_client
[ 51%] Built target objects
[ 51%] Built target libzlink
[ 52%] Built target libzlink-static
[ 53%] Built target perf_pair
[ 54%] Built target perf_dealer_dealer
[ 55%] Built target perf_gateway
[ 55%] Built target comp_src_pubsub_server
[ 55%] Built target perf_pubsub
[ 56%] Built target perf_router_router
[ 56%] Built target perf_dealer_router
[ 56%] Built target perf_spot
[ 57%] Built target comp_src_spot_server
[ 57%] Built target comp_src_router_router_server
[ 57%] Built target comp_src_gateway_client
[ 59%] Built target comp_src_gateway_server
[ 58%] Built target comp_src_dealer_router_server
[ 60%] Built target comp_src_dealer_dealer_server
[ 60%] Built target comp_src_dealer_dealer_client
[ 61%] Built target comp_src_router_router_client
[ 64%] Built target testutil
[ 64%] Built target testutil-static
[ 65%] Built target comp_src_pubsub_client
[ 65%] Built target comp_src_dealer_router_client
[ 66%] Built target comp_src_spot_client
[ 66%] Built target comp_src_stream_server
[ 66%] Built target test_monitor_enhanced
[ 66%] Built target test_thread_safe_contract_policy
[ 69%] Built target test_monitor_service_contract
[ 69%] Built target test_multi_stream_benchmark_process
[ 69%] Built target test_monitor_socket_contract
[ 69%] Built target test_thread_safe_scaling_contract
[ 69%] Built target test_ancillaries
[ 69%] Built target test_multi_pubsub_benchmark_process
[ 69%] Built target test_gateway_monitor_process
[ 70%] Built target test_monitor_perf_contract
[ 71%] Built target test_single_spot_benchmark_process
[ 71%] Built target test_multi_spot_benchmark_process
[ 73%] Built target test_monitor_with_handler
[ 73%] Built target test_single_pair_benchmark_process
[ 73%] Built target test_socket_with_handler
[ 74%] Built target test_connect_resolve
[ 74%] Built target test_gateway
[ 75%] Built target test_gateway_with_handler
[ 76%] Built target test_gateway_handover
[ 76%] Built target test_socket_null
[ 77%] Built target test_stream_socket
[ 79%] Built target test_multi_socket_contract_regressions
[ 79%] Built target test_reconnect_ivl
[ 80%] Built target test_heartbeats
[ 81%] Built target test_stream_routing_id_size
[ 82%] Built target test_service_discovery
[ 82%] Built target test_pubsub_filter_xpub
[ 83%] Built target test_stream_threadsafe
[ 85%] Built target test_reconnect_options
[ 85%] Built target test_capabilities
[ 85%] Built target test_stream_send_blocking_wakeup
[ 85%] Built target test_stream_fastpath
[ 86%] Built target test_transport_matrix
[ 86%] Built target test_router_multiple_dealers
[ 86%] Built target test_router_auto_id_format
[ 87%] Built target test_service_introspection
[ 89%] Built target test_spot_pubsub_scenario
[ 90%] Built target test_spot_service_introspection
[ 91%] Built target test_scenario_stream_zlink
[ 92%] Built target test_scenario_stream_client
[ 93%] Built target unittest_ypipe
[ 93%] Built target unittest_raw_decoder
[ 93%] Built target unittest_zmp_decoder
[ 93%] Built target unittest_mtrie
[ 93%] Built target test_scenario_stream_zmq
[ 94%] Built target unittest_radix_tree
[ 95%] Built target unittest_msg_view
[ 96%] Built target unittest_spot_data_plane_protocol
[ 97%] Built target unittest_service_mode_policy
[ 97%] Built target test_scenario_stream_asio
[ 97%] Built target unittest_ip_resolver
[ 97%] Built target unittest_service_runtime_base
[100%] Built target unittest_typed_option
[100%] Built target unittest_poller
[100%] Built target unittest_spot_data_plane_budget
[100%] Built target unittest_spot_subject_access
[gate] test_stream_fastpath
Internal ctest changing into directory: /home/hep7/project/kairos/zlink/core/build
Test project /home/hep7/project/kairos/zlink/core/build
    Start 30: test_stream_fastpath
1/1 Test #30: test_stream_fastpath .............   Passed    0.01 sec

100% tests passed, 0 tests failed out of 1

Label Time Summary:
integration    =   0.01 sec*proc (1 test)
serial         =   0.01 sec*proc (1 test)

Total Test time (real) =   0.01 sec
[gate] transport smoke
Internal ctest changing into directory: /home/hep7/project/kairos/zlink/core/build
Test project /home/hep7/project/kairos/zlink/core/build
    Start  59: test_service_introspection_transport_ws
1/5 Test  #59: test_service_introspection_transport_ws .............   Passed    0.01 sec
    Start  62: test_service_introspection_registry_peer_mixed_ws
2/5 Test  #62: test_service_introspection_registry_peer_mixed_ws ...   Passed    0.03 sec
    Start  88: test_gateway_ws
3/5 Test  #88: test_gateway_ws .....................................   Passed    0.04 sec
    Start  90: test_gateway_wss
4/5 Test  #90: test_gateway_wss ....................................   Passed    0.04 sec
    Start 107: test_spot_pubsub_scenario_peer_wss
5/5 Test #107: test_spot_pubsub_scenario_peer_wss ..................   Passed    9.86 sec

100% tests passed, 0 tests failed out of 5

Label Time Summary:
integration    =   9.94 sec*proc (3 tests)
serial         =   9.94 sec*proc (3 tests)

Total Test time (real) =   9.99 sec
[abi]
