=== Phase 2 thread-safe stress preflight ===
started_at=2026-03-24 05:07:20 +0900
build_dir=core/build
ctest_root_ok=1
test_ancillaries
test_thread_safe_contract_policy
test_monitor_enhanced
test_monitor_socket_contract
test_monitor_perf_contract
test_multi_pubsub_benchmark_process
test_multi_spot_benchmark_process
test_multi_stream_benchmark_process
test_gateway_monitor_process
test_single_pair_benchmark_process
test_single_spot_benchmark_process
test_monitor_service_contract
test_monitor_with_handler
test_socket_with_handler
test_connect_resolve
test_gateway
test_gateway_with_handler
test_gateway_handover
test_capabilities
test_socket_null
test_heartbeats
test_multi_socket_contract_regressions
test_reconnect_ivl
test_reconnect_options
test_pubsub_filter_xpub
test_router_multiple_dealers
test_stream_socket
test_stream_threadsafe
test_stream_send_blocking_wakeup
test_stream_fastpath
test_transport_matrix
test_router_auto_id_format
test_stream_routing_id_size
test_service_discovery
test_service_introspection
test_spot_pubsub_scenario
test_spot_service_introspection
test_scenario_stream_client
test_scenario_stream_zlink
test_scenario_stream_asio
test_scenario_stream_zmq
test_service_introspection_discovery_monitor
test_service_introspection_discovery_ready_changed
test_service_introspection_gateway_options
test_service_introspection_gateway_monitors
test_service_introspection_topology_snapshot
test_service_introspection_gateway_peer_snapshot
test_service_introspection_gateway_registry_status
test_service_introspection_closed_event
test_service_introspection_discovery_ordering
test_service_introspection_discovery_self_close
test_service_introspection_discovery_no_latch
test_service_introspection_discovery_lifecycle
test_service_introspection_registry_lifecycle
test_service_introspection_registry_query_lifecycle
test_service_introspection_registry_control_path
test_service_introspection_discovery_control_path
test_service_introspection_transport_restriction
test_service_introspection_transport_ws
test_service_introspection_transport_tls
test_service_introspection_registry_peer_sync
test_service_introspection_registry_peer_mixed_ws
test_service_introspection_topology_reports
test_thread_safe_scaling_raw
test_thread_safe_scaling_gateway
test_thread_safe_scaling_spot
test_service_discovery_provider_registration
test_service_discovery_service_filtering
test_service_discovery_heartbeat_timeout
test_service_discovery_registry_rebind
test_spot_service_introspection_pub_sub_options
test_spot_service_introspection_monitors
test_spot_service_introspection_late_connect
test_spot_service_introspection_subscription_ready_loss
test_spot_service_introspection_handler_monitor_close
test_spot_service_introspection_callback_recv_regression
test_spot_service_introspection_recv_model_regression
test_spot_service_introspection_publish_rollback
test_spot_service_introspection_unified_spot
test_spot_service_introspection_snapshots
test_gateway_provider_options
test_gateway_refresh_existing_service
test_gateway_router_peer_stats
test_gateway_single_service
test_gateway_send_rid
test_gateway_multi_service
test_gateway_refresh_update
test_gateway_ws
test_gateway_tls
test_gateway_wss
test_gateway_round_robin
test_gateway_weighted
test_gateway_callback_recv_regression
test_gateway_recv_model_regression
test_gateway_manual_topology_ownership
test_gateway_local_weight_zero
test_gateway_send_ready_self_close
test_gateway_runtime_reads
test_gateway_monitor_snapshot_churn
test_gateway_send_plane_updates
test_gateway_attach_query_ordering
test_gateway_monitor_self_close
test_spot_pubsub_scenario_peer_ipc
test_spot_pubsub_scenario_peer_tcp
test_spot_pubsub_scenario_peer_ws
test_spot_pubsub_scenario_peer_tls
test_spot_pubsub_scenario_peer_wss
test_spot_pubsub_scenario_unified_wss_ready_delivery
test_spot_pubsub_scenario_multi_publisher
test_spot_pubsub_scenario_concurrent_publish
test_spot_pubsub_scenario_node_child_interop
test_spot_pubsub_scenario_node_remote_mesh
test_spot_pubsub_scenario_sub_option_inheritance
test_spot_pubsub_scenario_first_publish_race
test_spot_pubsub_scenario_sub_handler_basic
test_spot_pubsub_scenario_recv_handle_isolation
test_spot_pubsub_scenario_recv_service_isolation
test_spot_pubsub_scenario_source_rid
unittest_ypipe
unittest_poller
unittest_service_mode_policy
unittest_mtrie
unittest_ip_resolver
unittest_radix_tree
unittest_zmp_decoder
unittest_raw_decoder
unittest_msg_view
unittest_service_runtime_base
unittest_typed_option
registered_test=test_service_introspection_discovery_control_path
registered_test=test_service_introspection_discovery_ordering
registered_test=test_service_introspection_discovery_self_close
registered_test=test_service_introspection_discovery_lifecycle
registered_test=test_service_introspection_registry_lifecycle
registered_test=test_service_introspection_registry_query_lifecycle
registered_test=test_gateway_runtime_reads
registered_test=test_gateway_send_plane_updates
registered_test=test_gateway_attach_query_ordering
registered_test=test_gateway_send_ready_self_close
registered_test=test_gateway_monitor_self_close
registered_test=test_spot_service_introspection_monitors
registered_test=test_spot_service_introspection_late_connect
registered_test=test_spot_service_introspection_subscription_ready_loss
registered_test=test_spot_service_introspection_handler_monitor_close
registered_test=test_spot_service_introspection_snapshots
preflight=success
