=== Verifying stress test registration ===
=== Stress test registration verified ===
=== Repeating test_service_introspection_discovery_control_path (10 iterations) ===
--- test_service_introspection_discovery_control_path iteration 1/10 ---
Internal ctest changing into directory: /home/hep7/project/kairos/zlink/core/build
Test project /home/hep7/project/kairos/zlink/core/build
    Start 57: test_service_introspection_discovery_control_path
1/1 Test #57: test_service_introspection_discovery_control_path ...   Passed    0.01 sec

100% tests passed, 0 tests failed out of 1

Total Test time (real) =   0.01 sec
--- test_service_introspection_discovery_control_path iteration 2/10 ---
Internal ctest changing into directory: /home/hep7/project/kairos/zlink/core/build
Test project /home/hep7/project/kairos/zlink/core/build
    Start 57: test_service_introspection_discovery_control_path
1/1 Test #57: test_service_introspection_discovery_control_path ...   Passed    0.01 sec

100% tests passed, 0 tests failed out of 1

Total Test time (real) =   0.01 sec
--- test_service_introspection_discovery_control_path iteration 3/10 ---
Internal ctest changing into directory: /home/hep7/project/kairos/zlink/core/build
Test project /home/hep7/project/kairos/zlink/core/build
    Start 57: test_service_introspection_discovery_control_path
1/1 Test #57: test_service_introspection_discovery_control_path ...   Passed    0.01 sec

100% tests passed, 0 tests failed out of 1

Total Test time (real) =   0.01 sec
--- test_service_introspection_discovery_control_path iteration 4/10 ---
Internal ctest changing into directory: /home/hep7/project/kairos/zlink/core/build
Test project /home/hep7/project/kairos/zlink/core/build
    Start 57: test_service_introspection_discovery_control_path
1/1 Test #57: test_service_introspection_discovery_control_path ...   Passed    0.01 sec

100% tests passed, 0 tests failed out of 1

Total Test time (real) =   0.01 sec
--- test_service_introspection_discovery_control_path iteration 5/10 ---
Internal ctest changing into directory: /home/hep7/project/kairos/zlink/core/build
Test project /home/hep7/project/kairos/zlink/core/build
    Start 57: test_service_introspection_discovery_control_path
1/1 Test #57: test_service_introspection_discovery_control_path ...   Passed    0.01 sec

100% tests passed, 0 tests failed out of 1

Total Test time (real) =   0.01 sec
--- test_service_introspection_discovery_control_path iteration 6/10 ---
Internal ctest changing into directory: /home/hep7/project/kairos/zlink/core/build
Test project /home/hep7/project/kairos/zlink/core/build
    Start 57: test_service_introspection_discovery_control_path
1/1 Test #57: test_service_introspection_discovery_control_path ...   Passed    0.01 sec

100% tests passed, 0 tests failed out of 1

Total Test time (real) =   0.01 sec
--- test_service_introspection_discovery_control_path iteration 7/10 ---
Internal ctest changing into directory: /home/hep7/project/kairos/zlink/core/build
Test project /home/hep7/project/kairos/zlink/core/build
    Start 57: test_service_introspection_discovery_control_path
1/1 Test #57: test_service_introspection_discovery_control_path ...   Passed    0.01 sec

100% tests passed, 0 tests failed out of 1

Total Test time (real) =   0.01 sec
--- test_service_introspection_discovery_control_path iteration 8/10 ---
Internal ctest changing into directory: /home/hep7/project/kairos/zlink/core/build
Test project /home/hep7/project/kairos/zlink/core/build
    Start 57: test_service_introspection_discovery_control_path
1/1 Test #57: test_service_introspection_discovery_control_path ...   Passed    0.01 sec

100% tests passed, 0 tests failed out of 1

Total Test time (real) =   0.01 sec
--- test_service_introspection_discovery_control_path iteration 9/10 ---
Internal ctest changing into directory: /home/hep7/project/kairos/zlink/core/build
Test project /home/hep7/project/kairos/zlink/core/build
    Start 57: test_service_introspection_discovery_control_path
1/1 Test #57: test_service_introspection_discovery_control_path ...   Passed    0.01 sec

100% tests passed, 0 tests failed out of 1

Total Test time (real) =   0.01 sec
--- test_service_introspection_discovery_control_path iteration 10/10 ---
Internal ctest changing into directory: /home/hep7/project/kairos/zlink/core/build
Test project /home/hep7/project/kairos/zlink/core/build
    Start 57: test_service_introspection_discovery_control_path
1/1 Test #57: test_service_introspection_discovery_control_path ...   Passed    0.01 sec

100% tests passed, 0 tests failed out of 1

Total Test time (real) =   0.01 sec
=== Repeating test_service_introspection_discovery_ordering (10 iterations) ===
--- test_service_introspection_discovery_ordering iteration 1/10 ---
Internal ctest changing into directory: /home/hep7/project/kairos/zlink/core/build
Test project /home/hep7/project/kairos/zlink/core/build
    Start 50: test_service_introspection_discovery_ordering
1/1 Test #50: test_service_introspection_discovery_ordering ...   Passed    0.04 sec

100% tests passed, 0 tests failed out of 1

Total Test time (real) =   0.04 sec
--- test_service_introspection_discovery_ordering iteration 2/10 ---
Internal ctest changing into directory: /home/hep7/project/kairos/zlink/core/build
Test project /home/hep7/project/kairos/zlink/core/build
    Start 50: test_service_introspection_discovery_ordering
1/1 Test #50: test_service_introspection_discovery_ordering ...   Passed    0.04 sec

100% tests passed, 0 tests failed out of 1

Total Test time (real) =   0.04 sec
--- test_service_introspection_discovery_ordering iteration 3/10 ---
Internal ctest changing into directory: /home/hep7/project/kairos/zlink/core/build
Test project /home/hep7/project/kairos/zlink/core/build
    Start 50: test_service_introspection_discovery_ordering
1/1 Test #50: test_service_introspection_discovery_ordering ...   Passed    0.04 sec

100% tests passed, 0 tests failed out of 1

Total Test time (real) =   0.04 sec
--- test_service_introspection_discovery_ordering iteration 4/10 ---
Internal ctest changing into directory: /home/hep7/project/kairos/zlink/core/build
Test project /home/hep7/project/kairos/zlink/core/build
    Start 50: test_service_introspection_discovery_ordering
1/1 Test #50: test_service_introspection_discovery_ordering ...   Passed    0.04 sec

100% tests passed, 0 tests failed out of 1

Total Test time (real) =   0.04 sec
--- test_service_introspection_discovery_ordering iteration 5/10 ---
Internal ctest changing into directory: /home/hep7/project/kairos/zlink/core/build
Test project /home/hep7/project/kairos/zlink/core/build
    Start 50: test_service_introspection_discovery_ordering
1/1 Test #50: test_service_introspection_discovery_ordering ...   Passed    0.04 sec

100% tests passed, 0 tests failed out of 1

Total Test time (real) =   0.04 sec
--- test_service_introspection_discovery_ordering iteration 6/10 ---
Internal ctest changing into directory: /home/hep7/project/kairos/zlink/core/build
Test project /home/hep7/project/kairos/zlink/core/build
    Start 50: test_service_introspection_discovery_ordering
1/1 Test #50: test_service_introspection_discovery_ordering ...   Passed    0.04 sec

100% tests passed, 0 tests failed out of 1

Total Test time (real) =   0.04 sec
--- test_service_introspection_discovery_ordering iteration 7/10 ---
Internal ctest changing into directory: /home/hep7/project/kairos/zlink/core/build
Test project /home/hep7/project/kairos/zlink/core/build
    Start 50: test_service_introspection_discovery_ordering
1/1 Test #50: test_service_introspection_discovery_ordering ...   Passed    0.04 sec

100% tests passed, 0 tests failed out of 1

Total Test time (real) =   0.04 sec
--- test_service_introspection_discovery_ordering iteration 8/10 ---
Internal ctest changing into directory: /home/hep7/project/kairos/zlink/core/build
Test project /home/hep7/project/kairos/zlink/core/build
    Start 50: test_service_introspection_discovery_ordering
1/1 Test #50: test_service_introspection_discovery_ordering ...   Passed    0.04 sec

100% tests passed, 0 tests failed out of 1

Total Test time (real) =   0.04 sec
--- test_service_introspection_discovery_ordering iteration 9/10 ---
Internal ctest changing into directory: /home/hep7/project/kairos/zlink/core/build
Test project /home/hep7/project/kairos/zlink/core/build
    Start 50: test_service_introspection_discovery_ordering
1/1 Test #50: test_service_introspection_discovery_ordering ...   Passed    0.04 sec

100% tests passed, 0 tests failed out of 1

Total Test time (real) =   0.04 sec
--- test_service_introspection_discovery_ordering iteration 10/10 ---
Internal ctest changing into directory: /home/hep7/project/kairos/zlink/core/build
Test project /home/hep7/project/kairos/zlink/core/build
    Start 50: test_service_introspection_discovery_ordering
1/1 Test #50: test_service_introspection_discovery_ordering ...   Passed    0.04 sec

100% tests passed, 0 tests failed out of 1

Total Test time (real) =   0.04 sec
=== Repeating test_service_introspection_discovery_self_close (10 iterations) ===
--- test_service_introspection_discovery_self_close iteration 1/10 ---
Internal ctest changing into directory: /home/hep7/project/kairos/zlink/core/build
Test project /home/hep7/project/kairos/zlink/core/build
    Start 51: test_service_introspection_discovery_self_close
1/1 Test #51: test_service_introspection_discovery_self_close ...   Passed    0.03 sec

100% tests passed, 0 tests failed out of 1

Total Test time (real) =   0.04 sec
--- test_service_introspection_discovery_self_close iteration 2/10 ---
Internal ctest changing into directory: /home/hep7/project/kairos/zlink/core/build
Test project /home/hep7/project/kairos/zlink/core/build
    Start 51: test_service_introspection_discovery_self_close
1/1 Test #51: test_service_introspection_discovery_self_close ...   Passed    0.03 sec

100% tests passed, 0 tests failed out of 1

Total Test time (real) =   0.04 sec
--- test_service_introspection_discovery_self_close iteration 3/10 ---
Internal ctest changing into directory: /home/hep7/project/kairos/zlink/core/build
Test project /home/hep7/project/kairos/zlink/core/build
    Start 51: test_service_introspection_discovery_self_close
1/1 Test #51: test_service_introspection_discovery_self_close ...   Passed    0.03 sec

100% tests passed, 0 tests failed out of 1

Total Test time (real) =   0.04 sec
--- test_service_introspection_discovery_self_close iteration 4/10 ---
Internal ctest changing into directory: /home/hep7/project/kairos/zlink/core/build
Test project /home/hep7/project/kairos/zlink/core/build
    Start 51: test_service_introspection_discovery_self_close
1/1 Test #51: test_service_introspection_discovery_self_close ...   Passed    0.03 sec

100% tests passed, 0 tests failed out of 1

Total Test time (real) =   0.04 sec
--- test_service_introspection_discovery_self_close iteration 5/10 ---
Internal ctest changing into directory: /home/hep7/project/kairos/zlink/core/build
Test project /home/hep7/project/kairos/zlink/core/build
    Start 51: test_service_introspection_discovery_self_close
1/1 Test #51: test_service_introspection_discovery_self_close ...   Passed    0.03 sec

100% tests passed, 0 tests failed out of 1

Total Test time (real) =   0.03 sec
--- test_service_introspection_discovery_self_close iteration 6/10 ---
Internal ctest changing into directory: /home/hep7/project/kairos/zlink/core/build
Test project /home/hep7/project/kairos/zlink/core/build
    Start 51: test_service_introspection_discovery_self_close
1/1 Test #51: test_service_introspection_discovery_self_close ...   Passed    0.03 sec

100% tests passed, 0 tests failed out of 1

Total Test time (real) =   0.03 sec
--- test_service_introspection_discovery_self_close iteration 7/10 ---
Internal ctest changing into directory: /home/hep7/project/kairos/zlink/core/build
Test project /home/hep7/project/kairos/zlink/core/build
    Start 51: test_service_introspection_discovery_self_close
1/1 Test #51: test_service_introspection_discovery_self_close ...   Passed    0.03 sec

100% tests passed, 0 tests failed out of 1

Total Test time (real) =   0.03 sec
--- test_service_introspection_discovery_self_close iteration 8/10 ---
Internal ctest changing into directory: /home/hep7/project/kairos/zlink/core/build
Test project /home/hep7/project/kairos/zlink/core/build
    Start 51: test_service_introspection_discovery_self_close
1/1 Test #51: test_service_introspection_discovery_self_close ...   Passed    0.03 sec

100% tests passed, 0 tests failed out of 1

Total Test time (real) =   0.03 sec
--- test_service_introspection_discovery_self_close iteration 9/10 ---
Internal ctest changing into directory: /home/hep7/project/kairos/zlink/core/build
Test project /home/hep7/project/kairos/zlink/core/build
    Start 51: test_service_introspection_discovery_self_close
1/1 Test #51: test_service_introspection_discovery_self_close ...   Passed    0.03 sec

100% tests passed, 0 tests failed out of 1

Total Test time (real) =   0.03 sec
--- test_service_introspection_discovery_self_close iteration 10/10 ---
Internal ctest changing into directory: /home/hep7/project/kairos/zlink/core/build
Test project /home/hep7/project/kairos/zlink/core/build
    Start 51: test_service_introspection_discovery_self_close
1/1 Test #51: test_service_introspection_discovery_self_close ...   Passed    0.03 sec

100% tests passed, 0 tests failed out of 1

Total Test time (real) =   0.03 sec
=== Repeating test_service_introspection_discovery_lifecycle (10 iterations) ===
--- test_service_introspection_discovery_lifecycle iteration 1/10 ---
Internal ctest changing into directory: /home/hep7/project/kairos/zlink/core/build
Test project /home/hep7/project/kairos/zlink/core/build
    Start 53: test_service_introspection_discovery_lifecycle
1/1 Test #53: test_service_introspection_discovery_lifecycle ...   Passed    0.01 sec

100% tests passed, 0 tests failed out of 1

Total Test time (real) =   0.01 sec
--- test_service_introspection_discovery_lifecycle iteration 2/10 ---
Internal ctest changing into directory: /home/hep7/project/kairos/zlink/core/build
Test project /home/hep7/project/kairos/zlink/core/build
    Start 53: test_service_introspection_discovery_lifecycle
1/1 Test #53: test_service_introspection_discovery_lifecycle ...   Passed    0.01 sec

100% tests passed, 0 tests failed out of 1

Total Test time (real) =   0.01 sec
--- test_service_introspection_discovery_lifecycle iteration 3/10 ---
Internal ctest changing into directory: /home/hep7/project/kairos/zlink/core/build
Test project /home/hep7/project/kairos/zlink/core/build
    Start 53: test_service_introspection_discovery_lifecycle
1/1 Test #53: test_service_introspection_discovery_lifecycle ...   Passed    0.01 sec

100% tests passed, 0 tests failed out of 1

Total Test time (real) =   0.01 sec
--- test_service_introspection_discovery_lifecycle iteration 4/10 ---
Internal ctest changing into directory: /home/hep7/project/kairos/zlink/core/build
Test project /home/hep7/project/kairos/zlink/core/build
    Start 53: test_service_introspection_discovery_lifecycle
1/1 Test #53: test_service_introspection_discovery_lifecycle ...   Passed    0.01 sec

100% tests passed, 0 tests failed out of 1

Total Test time (real) =   0.01 sec
--- test_service_introspection_discovery_lifecycle iteration 5/10 ---
Internal ctest changing into directory: /home/hep7/project/kairos/zlink/core/build
Test project /home/hep7/project/kairos/zlink/core/build
    Start 53: test_service_introspection_discovery_lifecycle
1/1 Test #53: test_service_introspection_discovery_lifecycle ...   Passed    0.01 sec

100% tests passed, 0 tests failed out of 1

Total Test time (real) =   0.01 sec
--- test_service_introspection_discovery_lifecycle iteration 6/10 ---
Internal ctest changing into directory: /home/hep7/project/kairos/zlink/core/build
Test project /home/hep7/project/kairos/zlink/core/build
    Start 53: test_service_introspection_discovery_lifecycle
1/1 Test #53: test_service_introspection_discovery_lifecycle ...   Passed    0.01 sec

100% tests passed, 0 tests failed out of 1

Total Test time (real) =   0.01 sec
--- test_service_introspection_discovery_lifecycle iteration 7/10 ---
Internal ctest changing into directory: /home/hep7/project/kairos/zlink/core/build
Test project /home/hep7/project/kairos/zlink/core/build
    Start 53: test_service_introspection_discovery_lifecycle
1/1 Test #53: test_service_introspection_discovery_lifecycle ...   Passed    0.01 sec

100% tests passed, 0 tests failed out of 1

Total Test time (real) =   0.01 sec
--- test_service_introspection_discovery_lifecycle iteration 8/10 ---
Internal ctest changing into directory: /home/hep7/project/kairos/zlink/core/build
Test project /home/hep7/project/kairos/zlink/core/build
    Start 53: test_service_introspection_discovery_lifecycle
1/1 Test #53: test_service_introspection_discovery_lifecycle ...   Passed    0.01 sec

100% tests passed, 0 tests failed out of 1

Total Test time (real) =   0.01 sec
--- test_service_introspection_discovery_lifecycle iteration 9/10 ---
Internal ctest changing into directory: /home/hep7/project/kairos/zlink/core/build
Test project /home/hep7/project/kairos/zlink/core/build
    Start 53: test_service_introspection_discovery_lifecycle
1/1 Test #53: test_service_introspection_discovery_lifecycle ...   Passed    0.01 sec

100% tests passed, 0 tests failed out of 1

Total Test time (real) =   0.01 sec
--- test_service_introspection_discovery_lifecycle iteration 10/10 ---
Internal ctest changing into directory: /home/hep7/project/kairos/zlink/core/build
Test project /home/hep7/project/kairos/zlink/core/build
    Start 53: test_service_introspection_discovery_lifecycle
1/1 Test #53: test_service_introspection_discovery_lifecycle ...   Passed    0.01 sec

100% tests passed, 0 tests failed out of 1

Total Test time (real) =   0.01 sec
=== Repeating test_service_introspection_registry_lifecycle (10 iterations) ===
--- test_service_introspection_registry_lifecycle iteration 1/10 ---
Internal ctest changing into directory: /home/hep7/project/kairos/zlink/core/build
Test project /home/hep7/project/kairos/zlink/core/build
    Start 54: test_service_introspection_registry_lifecycle
1/1 Test #54: test_service_introspection_registry_lifecycle ...   Passed    0.01 sec

100% tests passed, 0 tests failed out of 1

Total Test time (real) =   0.01 sec
--- test_service_introspection_registry_lifecycle iteration 2/10 ---
Internal ctest changing into directory: /home/hep7/project/kairos/zlink/core/build
Test project /home/hep7/project/kairos/zlink/core/build
    Start 54: test_service_introspection_registry_lifecycle
1/1 Test #54: test_service_introspection_registry_lifecycle ...   Passed    0.01 sec

100% tests passed, 0 tests failed out of 1

Total Test time (real) =   0.01 sec
--- test_service_introspection_registry_lifecycle iteration 3/10 ---
Internal ctest changing into directory: /home/hep7/project/kairos/zlink/core/build
Test project /home/hep7/project/kairos/zlink/core/build
    Start 54: test_service_introspection_registry_lifecycle
1/1 Test #54: test_service_introspection_registry_lifecycle ...   Passed    0.01 sec

100% tests passed, 0 tests failed out of 1

Total Test time (real) =   0.01 sec
--- test_service_introspection_registry_lifecycle iteration 4/10 ---
Internal ctest changing into directory: /home/hep7/project/kairos/zlink/core/build
Test project /home/hep7/project/kairos/zlink/core/build
    Start 54: test_service_introspection_registry_lifecycle
1/1 Test #54: test_service_introspection_registry_lifecycle ...   Passed    0.01 sec

100% tests passed, 0 tests failed out of 1

Total Test time (real) =   0.01 sec
--- test_service_introspection_registry_lifecycle iteration 5/10 ---
Internal ctest changing into directory: /home/hep7/project/kairos/zlink/core/build
Test project /home/hep7/project/kairos/zlink/core/build
    Start 54: test_service_introspection_registry_lifecycle
1/1 Test #54: test_service_introspection_registry_lifecycle ...   Passed    0.01 sec

100% tests passed, 0 tests failed out of 1

Total Test time (real) =   0.01 sec
--- test_service_introspection_registry_lifecycle iteration 6/10 ---
Internal ctest changing into directory: /home/hep7/project/kairos/zlink/core/build
Test project /home/hep7/project/kairos/zlink/core/build
    Start 54: test_service_introspection_registry_lifecycle
1/1 Test #54: test_service_introspection_registry_lifecycle ...   Passed    0.01 sec

100% tests passed, 0 tests failed out of 1

Total Test time (real) =   0.01 sec
--- test_service_introspection_registry_lifecycle iteration 7/10 ---
Internal ctest changing into directory: /home/hep7/project/kairos/zlink/core/build
Test project /home/hep7/project/kairos/zlink/core/build
    Start 54: test_service_introspection_registry_lifecycle
1/1 Test #54: test_service_introspection_registry_lifecycle ...   Passed    0.01 sec

100% tests passed, 0 tests failed out of 1

Total Test time (real) =   0.01 sec
--- test_service_introspection_registry_lifecycle iteration 8/10 ---
Internal ctest changing into directory: /home/hep7/project/kairos/zlink/core/build
Test project /home/hep7/project/kairos/zlink/core/build
    Start 54: test_service_introspection_registry_lifecycle
1/1 Test #54: test_service_introspection_registry_lifecycle ...   Passed    0.01 sec

100% tests passed, 0 tests failed out of 1

Total Test time (real) =   0.01 sec
--- test_service_introspection_registry_lifecycle iteration 9/10 ---
Internal ctest changing into directory: /home/hep7/project/kairos/zlink/core/build
Test project /home/hep7/project/kairos/zlink/core/build
    Start 54: test_service_introspection_registry_lifecycle
1/1 Test #54: test_service_introspection_registry_lifecycle ...   Passed    0.01 sec

100% tests passed, 0 tests failed out of 1

Total Test time (real) =   0.01 sec
--- test_service_introspection_registry_lifecycle iteration 10/10 ---
Internal ctest changing into directory: /home/hep7/project/kairos/zlink/core/build
Test project /home/hep7/project/kairos/zlink/core/build
    Start 54: test_service_introspection_registry_lifecycle
1/1 Test #54: test_service_introspection_registry_lifecycle ...   Passed    0.01 sec

100% tests passed, 0 tests failed out of 1

Total Test time (real) =   0.01 sec
=== Repeating test_service_introspection_registry_query_lifecycle (10 iterations) ===
--- test_service_introspection_registry_query_lifecycle iteration 1/10 ---
Internal ctest changing into directory: /home/hep7/project/kairos/zlink/core/build
Test project /home/hep7/project/kairos/zlink/core/build
    Start 55: test_service_introspection_registry_query_lifecycle
1/1 Test #55: test_service_introspection_registry_query_lifecycle ...   Passed    0.01 sec

100% tests passed, 0 tests failed out of 1

Total Test time (real) =   0.01 sec
--- test_service_introspection_registry_query_lifecycle iteration 2/10 ---
Internal ctest changing into directory: /home/hep7/project/kairos/zlink/core/build
Test project /home/hep7/project/kairos/zlink/core/build
    Start 55: test_service_introspection_registry_query_lifecycle
1/1 Test #55: test_service_introspection_registry_query_lifecycle ...   Passed    0.01 sec

100% tests passed, 0 tests failed out of 1

Total Test time (real) =   0.01 sec
--- test_service_introspection_registry_query_lifecycle iteration 3/10 ---
Internal ctest changing into directory: /home/hep7/project/kairos/zlink/core/build
Test project /home/hep7/project/kairos/zlink/core/build
    Start 55: test_service_introspection_registry_query_lifecycle
1/1 Test #55: test_service_introspection_registry_query_lifecycle ...   Passed    0.01 sec

100% tests passed, 0 tests failed out of 1

Total Test time (real) =   0.01 sec
--- test_service_introspection_registry_query_lifecycle iteration 4/10 ---
Internal ctest changing into directory: /home/hep7/project/kairos/zlink/core/build
Test project /home/hep7/project/kairos/zlink/core/build
    Start 55: test_service_introspection_registry_query_lifecycle
1/1 Test #55: test_service_introspection_registry_query_lifecycle ...   Passed    0.01 sec

100% tests passed, 0 tests failed out of 1

Total Test time (real) =   0.01 sec
--- test_service_introspection_registry_query_lifecycle iteration 5/10 ---
Internal ctest changing into directory: /home/hep7/project/kairos/zlink/core/build
Test project /home/hep7/project/kairos/zlink/core/build
    Start 55: test_service_introspection_registry_query_lifecycle
1/1 Test #55: test_service_introspection_registry_query_lifecycle ...   Passed    0.01 sec

100% tests passed, 0 tests failed out of 1

Total Test time (real) =   0.01 sec
--- test_service_introspection_registry_query_lifecycle iteration 6/10 ---
Internal ctest changing into directory: /home/hep7/project/kairos/zlink/core/build
Test project /home/hep7/project/kairos/zlink/core/build
    Start 55: test_service_introspection_registry_query_lifecycle
1/1 Test #55: test_service_introspection_registry_query_lifecycle ...   Passed    0.01 sec

100% tests passed, 0 tests failed out of 1

Total Test time (real) =   0.01 sec
--- test_service_introspection_registry_query_lifecycle iteration 7/10 ---
Internal ctest changing into directory: /home/hep7/project/kairos/zlink/core/build
Test project /home/hep7/project/kairos/zlink/core/build
    Start 55: test_service_introspection_registry_query_lifecycle
1/1 Test #55: test_service_introspection_registry_query_lifecycle ...   Passed    0.01 sec

100% tests passed, 0 tests failed out of 1

Total Test time (real) =   0.01 sec
--- test_service_introspection_registry_query_lifecycle iteration 8/10 ---
Internal ctest changing into directory: /home/hep7/project/kairos/zlink/core/build
Test project /home/hep7/project/kairos/zlink/core/build
    Start 55: test_service_introspection_registry_query_lifecycle
1/1 Test #55: test_service_introspection_registry_query_lifecycle ...   Passed    0.01 sec

100% tests passed, 0 tests failed out of 1

Total Test time (real) =   0.01 sec
--- test_service_introspection_registry_query_lifecycle iteration 9/10 ---
Internal ctest changing into directory: /home/hep7/project/kairos/zlink/core/build
Test project /home/hep7/project/kairos/zlink/core/build
    Start 55: test_service_introspection_registry_query_lifecycle
1/1 Test #55: test_service_introspection_registry_query_lifecycle ...   Passed    0.01 sec

100% tests passed, 0 tests failed out of 1

Total Test time (real) =   0.01 sec
--- test_service_introspection_registry_query_lifecycle iteration 10/10 ---
Internal ctest changing into directory: /home/hep7/project/kairos/zlink/core/build
Test project /home/hep7/project/kairos/zlink/core/build
    Start 55: test_service_introspection_registry_query_lifecycle
1/1 Test #55: test_service_introspection_registry_query_lifecycle ...   Passed    0.01 sec

100% tests passed, 0 tests failed out of 1

Total Test time (real) =   0.01 sec
=== Repeating test_gateway_runtime_reads (10 iterations) ===
--- test_gateway_runtime_reads iteration 1/10 ---
Internal ctest changing into directory: /home/hep7/project/kairos/zlink/core/build
Test project /home/hep7/project/kairos/zlink/core/build
    Start 98: test_gateway_runtime_reads
1/1 Test #98: test_gateway_runtime_reads .......   Passed    0.03 sec

100% tests passed, 0 tests failed out of 1

Label Time Summary:
integration    =   0.03 sec*proc (1 test)
serial         =   0.03 sec*proc (1 test)

Total Test time (real) =   0.03 sec
--- test_gateway_runtime_reads iteration 2/10 ---
Internal ctest changing into directory: /home/hep7/project/kairos/zlink/core/build
Test project /home/hep7/project/kairos/zlink/core/build
    Start 98: test_gateway_runtime_reads
1/1 Test #98: test_gateway_runtime_reads .......   Passed    0.03 sec

100% tests passed, 0 tests failed out of 1

Label Time Summary:
integration    =   0.03 sec*proc (1 test)
serial         =   0.03 sec*proc (1 test)

Total Test time (real) =   0.03 sec
--- test_gateway_runtime_reads iteration 3/10 ---
Internal ctest changing into directory: /home/hep7/project/kairos/zlink/core/build
Test project /home/hep7/project/kairos/zlink/core/build
    Start 98: test_gateway_runtime_reads
1/1 Test #98: test_gateway_runtime_reads .......   Passed    0.03 sec

100% tests passed, 0 tests failed out of 1

Label Time Summary:
integration    =   0.03 sec*proc (1 test)
serial         =   0.03 sec*proc (1 test)

Total Test time (real) =   0.03 sec
--- test_gateway_runtime_reads iteration 4/10 ---
Internal ctest changing into directory: /home/hep7/project/kairos/zlink/core/build
Test project /home/hep7/project/kairos/zlink/core/build
    Start 98: test_gateway_runtime_reads
1/1 Test #98: test_gateway_runtime_reads .......   Passed    0.03 sec

100% tests passed, 0 tests failed out of 1

Label Time Summary:
integration    =   0.03 sec*proc (1 test)
serial         =   0.03 sec*proc (1 test)

Total Test time (real) =   0.03 sec
--- test_gateway_runtime_reads iteration 5/10 ---
Internal ctest changing into directory: /home/hep7/project/kairos/zlink/core/build
Test project /home/hep7/project/kairos/zlink/core/build
    Start 98: test_gateway_runtime_reads
1/1 Test #98: test_gateway_runtime_reads .......   Passed    0.03 sec

100% tests passed, 0 tests failed out of 1

Label Time Summary:
integration    =   0.03 sec*proc (1 test)
serial         =   0.03 sec*proc (1 test)

Total Test time (real) =   0.03 sec
--- test_gateway_runtime_reads iteration 6/10 ---
Internal ctest changing into directory: /home/hep7/project/kairos/zlink/core/build
Test project /home/hep7/project/kairos/zlink/core/build
    Start 98: test_gateway_runtime_reads
1/1 Test #98: test_gateway_runtime_reads .......   Passed    0.03 sec

100% tests passed, 0 tests failed out of 1

Label Time Summary:
integration    =   0.03 sec*proc (1 test)
serial         =   0.03 sec*proc (1 test)

Total Test time (real) =   0.03 sec
--- test_gateway_runtime_reads iteration 7/10 ---
Internal ctest changing into directory: /home/hep7/project/kairos/zlink/core/build
Test project /home/hep7/project/kairos/zlink/core/build
    Start 98: test_gateway_runtime_reads
1/1 Test #98: test_gateway_runtime_reads .......   Passed    0.03 sec

100% tests passed, 0 tests failed out of 1

Label Time Summary:
integration    =   0.03 sec*proc (1 test)
serial         =   0.03 sec*proc (1 test)

Total Test time (real) =   0.03 sec
--- test_gateway_runtime_reads iteration 8/10 ---
Internal ctest changing into directory: /home/hep7/project/kairos/zlink/core/build
Test project /home/hep7/project/kairos/zlink/core/build
    Start 98: test_gateway_runtime_reads
1/1 Test #98: test_gateway_runtime_reads .......   Passed    0.03 sec

100% tests passed, 0 tests failed out of 1

Label Time Summary:
integration    =   0.03 sec*proc (1 test)
serial         =   0.03 sec*proc (1 test)

Total Test time (real) =   0.03 sec
--- test_gateway_runtime_reads iteration 9/10 ---
Internal ctest changing into directory: /home/hep7/project/kairos/zlink/core/build
Test project /home/hep7/project/kairos/zlink/core/build
    Start 98: test_gateway_runtime_reads
1/1 Test #98: test_gateway_runtime_reads .......   Passed    0.03 sec

100% tests passed, 0 tests failed out of 1

Label Time Summary:
integration    =   0.03 sec*proc (1 test)
serial         =   0.03 sec*proc (1 test)

Total Test time (real) =   0.03 sec
--- test_gateway_runtime_reads iteration 10/10 ---
Internal ctest changing into directory: /home/hep7/project/kairos/zlink/core/build
Test project /home/hep7/project/kairos/zlink/core/build
    Start 98: test_gateway_runtime_reads
1/1 Test #98: test_gateway_runtime_reads .......   Passed    0.03 sec

100% tests passed, 0 tests failed out of 1

Label Time Summary:
integration    =   0.03 sec*proc (1 test)
serial         =   0.03 sec*proc (1 test)

Total Test time (real) =   0.03 sec
=== Repeating test_gateway_send_plane_updates (10 iterations) ===
--- test_gateway_send_plane_updates iteration 1/10 ---
Internal ctest changing into directory: /home/hep7/project/kairos/zlink/core/build
Test project /home/hep7/project/kairos/zlink/core/build
    Start 100: test_gateway_send_plane_updates
1/1 Test #100: test_gateway_send_plane_updates ...   Passed   16.21 sec

100% tests passed, 0 tests failed out of 1

Label Time Summary:
regression    =  16.21 sec*proc (1 test)
serial        =  16.21 sec*proc (1 test)

Total Test time (real) =  16.21 sec
--- test_gateway_send_plane_updates iteration 2/10 ---
Internal ctest changing into directory: /home/hep7/project/kairos/zlink/core/build
Test project /home/hep7/project/kairos/zlink/core/build
    Start 100: test_gateway_send_plane_updates
1/1 Test #100: test_gateway_send_plane_updates ...   Passed   14.18 sec

100% tests passed, 0 tests failed out of 1

Label Time Summary:
regression    =  14.18 sec*proc (1 test)
serial        =  14.18 sec*proc (1 test)

Total Test time (real) =  14.18 sec
--- test_gateway_send_plane_updates iteration 3/10 ---
Internal ctest changing into directory: /home/hep7/project/kairos/zlink/core/build
Test project /home/hep7/project/kairos/zlink/core/build
    Start 100: test_gateway_send_plane_updates
1/1 Test #100: test_gateway_send_plane_updates ...   Passed    6.11 sec

100% tests passed, 0 tests failed out of 1

Label Time Summary:
regression    =   6.11 sec*proc (1 test)
serial        =   6.11 sec*proc (1 test)

Total Test time (real) =   6.12 sec
--- test_gateway_send_plane_updates iteration 4/10 ---
Internal ctest changing into directory: /home/hep7/project/kairos/zlink/core/build
Test project /home/hep7/project/kairos/zlink/core/build
    Start 100: test_gateway_send_plane_updates
1/1 Test #100: test_gateway_send_plane_updates ...   Passed   18.22 sec

100% tests passed, 0 tests failed out of 1

Label Time Summary:
regression    =  18.22 sec*proc (1 test)
serial        =  18.22 sec*proc (1 test)

Total Test time (real) =  18.22 sec
--- test_gateway_send_plane_updates iteration 5/10 ---
Internal ctest changing into directory: /home/hep7/project/kairos/zlink/core/build
Test project /home/hep7/project/kairos/zlink/core/build
    Start 100: test_gateway_send_plane_updates
1/1 Test #100: test_gateway_send_plane_updates ...   Passed   16.20 sec

100% tests passed, 0 tests failed out of 1

Label Time Summary:
regression    =  16.20 sec*proc (1 test)
serial        =  16.20 sec*proc (1 test)

Total Test time (real) =  16.21 sec
--- test_gateway_send_plane_updates iteration 6/10 ---
Internal ctest changing into directory: /home/hep7/project/kairos/zlink/core/build
Test project /home/hep7/project/kairos/zlink/core/build
    Start 100: test_gateway_send_plane_updates
1/1 Test #100: test_gateway_send_plane_updates ...   Passed   14.18 sec

100% tests passed, 0 tests failed out of 1

Label Time Summary:
regression    =  14.18 sec*proc (1 test)
serial        =  14.18 sec*proc (1 test)

Total Test time (real) =  14.18 sec
--- test_gateway_send_plane_updates iteration 7/10 ---
Internal ctest changing into directory: /home/hep7/project/kairos/zlink/core/build
Test project /home/hep7/project/kairos/zlink/core/build
    Start 100: test_gateway_send_plane_updates
1/1 Test #100: test_gateway_send_plane_updates ...   Passed   18.24 sec

100% tests passed, 0 tests failed out of 1

Label Time Summary:
regression    =  18.24 sec*proc (1 test)
serial        =  18.24 sec*proc (1 test)

Total Test time (real) =  18.24 sec
--- test_gateway_send_plane_updates iteration 8/10 ---
Internal ctest changing into directory: /home/hep7/project/kairos/zlink/core/build
Test project /home/hep7/project/kairos/zlink/core/build
    Start 100: test_gateway_send_plane_updates
1/1 Test #100: test_gateway_send_plane_updates ...   Passed   12.17 sec

100% tests passed, 0 tests failed out of 1

Label Time Summary:
regression    =  12.17 sec*proc (1 test)
serial        =  12.17 sec*proc (1 test)

Total Test time (real) =  12.17 sec
--- test_gateway_send_plane_updates iteration 9/10 ---
Internal ctest changing into directory: /home/hep7/project/kairos/zlink/core/build
Test project /home/hep7/project/kairos/zlink/core/build
    Start 100: test_gateway_send_plane_updates
1/1 Test #100: test_gateway_send_plane_updates ...   Passed   22.25 sec

100% tests passed, 0 tests failed out of 1

Label Time Summary:
regression    =  22.25 sec*proc (1 test)
serial        =  22.25 sec*proc (1 test)

Total Test time (real) =  22.25 sec
--- test_gateway_send_plane_updates iteration 10/10 ---
Internal ctest changing into directory: /home/hep7/project/kairos/zlink/core/build
Test project /home/hep7/project/kairos/zlink/core/build
    Start 100: test_gateway_send_plane_updates
1/1 Test #100: test_gateway_send_plane_updates ...   Passed   14.19 sec

100% tests passed, 0 tests failed out of 1

Label Time Summary:
regression    =  14.19 sec*proc (1 test)
serial        =  14.19 sec*proc (1 test)

Total Test time (real) =  14.19 sec
=== Repeating test_gateway_attach_query_ordering (10 iterations) ===
--- test_gateway_attach_query_ordering iteration 1/10 ---
Internal ctest changing into directory: /home/hep7/project/kairos/zlink/core/build
Test project /home/hep7/project/kairos/zlink/core/build
    Start 101: test_gateway_attach_query_ordering
1/1 Test #101: test_gateway_attach_query_ordering ...   Passed    0.01 sec

100% tests passed, 0 tests failed out of 1

Label Time Summary:
integration    =   0.01 sec*proc (1 test)
serial         =   0.01 sec*proc (1 test)

Total Test time (real) =   0.02 sec
--- test_gateway_attach_query_ordering iteration 2/10 ---
Internal ctest changing into directory: /home/hep7/project/kairos/zlink/core/build
Test project /home/hep7/project/kairos/zlink/core/build
    Start 101: test_gateway_attach_query_ordering
1/1 Test #101: test_gateway_attach_query_ordering ...   Passed    0.01 sec

100% tests passed, 0 tests failed out of 1

Label Time Summary:
integration    =   0.01 sec*proc (1 test)
serial         =   0.01 sec*proc (1 test)

Total Test time (real) =   0.02 sec
--- test_gateway_attach_query_ordering iteration 3/10 ---
Internal ctest changing into directory: /home/hep7/project/kairos/zlink/core/build
Test project /home/hep7/project/kairos/zlink/core/build
    Start 101: test_gateway_attach_query_ordering
1/1 Test #101: test_gateway_attach_query_ordering ...   Passed    0.02 sec

100% tests passed, 0 tests failed out of 1

Label Time Summary:
integration    =   0.02 sec*proc (1 test)
serial         =   0.02 sec*proc (1 test)

Total Test time (real) =   0.02 sec
--- test_gateway_attach_query_ordering iteration 4/10 ---
Internal ctest changing into directory: /home/hep7/project/kairos/zlink/core/build
Test project /home/hep7/project/kairos/zlink/core/build
    Start 101: test_gateway_attach_query_ordering
1/1 Test #101: test_gateway_attach_query_ordering ...   Passed    0.02 sec

100% tests passed, 0 tests failed out of 1

Label Time Summary:
integration    =   0.02 sec*proc (1 test)
serial         =   0.02 sec*proc (1 test)

Total Test time (real) =   0.02 sec
--- test_gateway_attach_query_ordering iteration 5/10 ---
Internal ctest changing into directory: /home/hep7/project/kairos/zlink/core/build
Test project /home/hep7/project/kairos/zlink/core/build
    Start 101: test_gateway_attach_query_ordering
1/1 Test #101: test_gateway_attach_query_ordering ...   Passed    0.02 sec

100% tests passed, 0 tests failed out of 1

Label Time Summary:
integration    =   0.02 sec*proc (1 test)
serial         =   0.02 sec*proc (1 test)

Total Test time (real) =   0.02 sec
--- test_gateway_attach_query_ordering iteration 6/10 ---
Internal ctest changing into directory: /home/hep7/project/kairos/zlink/core/build
Test project /home/hep7/project/kairos/zlink/core/build
    Start 101: test_gateway_attach_query_ordering
1/1 Test #101: test_gateway_attach_query_ordering ...   Passed    0.02 sec

100% tests passed, 0 tests failed out of 1

Label Time Summary:
integration    =   0.02 sec*proc (1 test)
serial         =   0.02 sec*proc (1 test)

Total Test time (real) =   0.02 sec
--- test_gateway_attach_query_ordering iteration 7/10 ---
Internal ctest changing into directory: /home/hep7/project/kairos/zlink/core/build
Test project /home/hep7/project/kairos/zlink/core/build
    Start 101: test_gateway_attach_query_ordering
1/1 Test #101: test_gateway_attach_query_ordering ...   Passed    0.02 sec

100% tests passed, 0 tests failed out of 1

Label Time Summary:
integration    =   0.02 sec*proc (1 test)
serial         =   0.02 sec*proc (1 test)

Total Test time (real) =   0.02 sec
--- test_gateway_attach_query_ordering iteration 8/10 ---
Internal ctest changing into directory: /home/hep7/project/kairos/zlink/core/build
Test project /home/hep7/project/kairos/zlink/core/build
    Start 101: test_gateway_attach_query_ordering
1/1 Test #101: test_gateway_attach_query_ordering ...   Passed    0.02 sec

100% tests passed, 0 tests failed out of 1

Label Time Summary:
integration    =   0.02 sec*proc (1 test)
serial         =   0.02 sec*proc (1 test)

Total Test time (real) =   0.02 sec
--- test_gateway_attach_query_ordering iteration 9/10 ---
Internal ctest changing into directory: /home/hep7/project/kairos/zlink/core/build
Test project /home/hep7/project/kairos/zlink/core/build
    Start 101: test_gateway_attach_query_ordering
1/1 Test #101: test_gateway_attach_query_ordering ...   Passed    0.02 sec

100% tests passed, 0 tests failed out of 1

Label Time Summary:
integration    =   0.02 sec*proc (1 test)
serial         =   0.02 sec*proc (1 test)

Total Test time (real) =   0.02 sec
--- test_gateway_attach_query_ordering iteration 10/10 ---
Internal ctest changing into directory: /home/hep7/project/kairos/zlink/core/build
Test project /home/hep7/project/kairos/zlink/core/build
    Start 101: test_gateway_attach_query_ordering
1/1 Test #101: test_gateway_attach_query_ordering ...   Passed    0.02 sec

100% tests passed, 0 tests failed out of 1

Label Time Summary:
integration    =   0.02 sec*proc (1 test)
serial         =   0.02 sec*proc (1 test)

Total Test time (real) =   0.02 sec
=== Repeating test_gateway_send_ready_self_close (10 iterations) ===
--- test_gateway_send_ready_self_close iteration 1/10 ---
Internal ctest changing into directory: /home/hep7/project/kairos/zlink/core/build
Test project /home/hep7/project/kairos/zlink/core/build
    Start 97: test_gateway_send_ready_self_close
1/1 Test #97: test_gateway_send_ready_self_close ...   Passed    4.04 sec

100% tests passed, 0 tests failed out of 1

Label Time Summary:
integration    =   4.04 sec*proc (1 test)
serial         =   4.04 sec*proc (1 test)

Total Test time (real) =   4.05 sec
--- test_gateway_send_ready_self_close iteration 2/10 ---
Internal ctest changing into directory: /home/hep7/project/kairos/zlink/core/build
Test project /home/hep7/project/kairos/zlink/core/build
    Start 97: test_gateway_send_ready_self_close
1/1 Test #97: test_gateway_send_ready_self_close ...   Passed    2.04 sec

100% tests passed, 0 tests failed out of 1

Label Time Summary:
integration    =   2.04 sec*proc (1 test)
serial         =   2.04 sec*proc (1 test)

Total Test time (real) =   2.04 sec
--- test_gateway_send_ready_self_close iteration 3/10 ---
Internal ctest changing into directory: /home/hep7/project/kairos/zlink/core/build
Test project /home/hep7/project/kairos/zlink/core/build
    Start 97: test_gateway_send_ready_self_close
1/1 Test #97: test_gateway_send_ready_self_close ...   Passed    2.03 sec

100% tests passed, 0 tests failed out of 1

Label Time Summary:
integration    =   2.03 sec*proc (1 test)
serial         =   2.03 sec*proc (1 test)

Total Test time (real) =   2.03 sec
--- test_gateway_send_ready_self_close iteration 4/10 ---
Internal ctest changing into directory: /home/hep7/project/kairos/zlink/core/build
Test project /home/hep7/project/kairos/zlink/core/build
    Start 97: test_gateway_send_ready_self_close
1/1 Test #97: test_gateway_send_ready_self_close ...   Passed    2.03 sec

100% tests passed, 0 tests failed out of 1

Label Time Summary:
integration    =   2.03 sec*proc (1 test)
serial         =   2.03 sec*proc (1 test)

Total Test time (real) =   2.03 sec
--- test_gateway_send_ready_self_close iteration 5/10 ---
Internal ctest changing into directory: /home/hep7/project/kairos/zlink/core/build
Test project /home/hep7/project/kairos/zlink/core/build
    Start 97: test_gateway_send_ready_self_close
1/1 Test #97: test_gateway_send_ready_self_close ...   Passed   16.08 sec

100% tests passed, 0 tests failed out of 1

Label Time Summary:
integration    =  16.08 sec*proc (1 test)
serial         =  16.08 sec*proc (1 test)

Total Test time (real) =  16.08 sec
--- test_gateway_send_ready_self_close iteration 6/10 ---
Internal ctest changing into directory: /home/hep7/project/kairos/zlink/core/build
Test project /home/hep7/project/kairos/zlink/core/build
    Start 97: test_gateway_send_ready_self_close
1/1 Test #97: test_gateway_send_ready_self_close ...   Passed    2.04 sec

100% tests passed, 0 tests failed out of 1

Label Time Summary:
integration    =   2.04 sec*proc (1 test)
serial         =   2.04 sec*proc (1 test)

Total Test time (real) =   2.04 sec
--- test_gateway_send_ready_self_close iteration 7/10 ---
Internal ctest changing into directory: /home/hep7/project/kairos/zlink/core/build
Test project /home/hep7/project/kairos/zlink/core/build
    Start 97: test_gateway_send_ready_self_close
1/1 Test #97: test_gateway_send_ready_self_close ...   Passed   12.07 sec

100% tests passed, 0 tests failed out of 1

Label Time Summary:
integration    =  12.07 sec*proc (1 test)
serial         =  12.07 sec*proc (1 test)

Total Test time (real) =  12.07 sec
--- test_gateway_send_ready_self_close iteration 8/10 ---
Internal ctest changing into directory: /home/hep7/project/kairos/zlink/core/build
Test project /home/hep7/project/kairos/zlink/core/build
    Start 97: test_gateway_send_ready_self_close
1/1 Test #97: test_gateway_send_ready_self_close ...   Passed    0.02 sec

100% tests passed, 0 tests failed out of 1

Label Time Summary:
integration    =   0.02 sec*proc (1 test)
serial         =   0.02 sec*proc (1 test)

Total Test time (real) =   0.02 sec
--- test_gateway_send_ready_self_close iteration 9/10 ---
Internal ctest changing into directory: /home/hep7/project/kairos/zlink/core/build
Test project /home/hep7/project/kairos/zlink/core/build
    Start 97: test_gateway_send_ready_self_close
1/1 Test #97: test_gateway_send_ready_self_close ...   Passed    6.05 sec

100% tests passed, 0 tests failed out of 1

Label Time Summary:
integration    =   6.05 sec*proc (1 test)
serial         =   6.05 sec*proc (1 test)

Total Test time (real) =   6.06 sec
--- test_gateway_send_ready_self_close iteration 10/10 ---
Internal ctest changing into directory: /home/hep7/project/kairos/zlink/core/build
Test project /home/hep7/project/kairos/zlink/core/build
    Start 97: test_gateway_send_ready_self_close
1/1 Test #97: test_gateway_send_ready_self_close ...   Passed    0.02 sec

100% tests passed, 0 tests failed out of 1

Label Time Summary:
integration    =   0.02 sec*proc (1 test)
serial         =   0.02 sec*proc (1 test)

Total Test time (real) =   0.02 sec
=== Repeating test_gateway_monitor_self_close (10 iterations) ===
--- test_gateway_monitor_self_close iteration 1/10 ---
Internal ctest changing into directory: /home/hep7/project/kairos/zlink/core/build
Test project /home/hep7/project/kairos/zlink/core/build
    Start 102: test_gateway_monitor_self_close
1/1 Test #102: test_gateway_monitor_self_close ...   Passed    0.03 sec

100% tests passed, 0 tests failed out of 1

Label Time Summary:
integration    =   0.03 sec*proc (1 test)
serial         =   0.03 sec*proc (1 test)

Total Test time (real) =   0.03 sec
--- test_gateway_monitor_self_close iteration 2/10 ---
Internal ctest changing into directory: /home/hep7/project/kairos/zlink/core/build
Test project /home/hep7/project/kairos/zlink/core/build
    Start 102: test_gateway_monitor_self_close
1/1 Test #102: test_gateway_monitor_self_close ...   Passed    0.03 sec

100% tests passed, 0 tests failed out of 1

Label Time Summary:
integration    =   0.03 sec*proc (1 test)
serial         =   0.03 sec*proc (1 test)

Total Test time (real) =   0.03 sec
--- test_gateway_monitor_self_close iteration 3/10 ---
Internal ctest changing into directory: /home/hep7/project/kairos/zlink/core/build
Test project /home/hep7/project/kairos/zlink/core/build
    Start 102: test_gateway_monitor_self_close
1/1 Test #102: test_gateway_monitor_self_close ...   Passed    0.03 sec

100% tests passed, 0 tests failed out of 1

Label Time Summary:
integration    =   0.03 sec*proc (1 test)
serial         =   0.03 sec*proc (1 test)

Total Test time (real) =   0.03 sec
--- test_gateway_monitor_self_close iteration 4/10 ---
Internal ctest changing into directory: /home/hep7/project/kairos/zlink/core/build
Test project /home/hep7/project/kairos/zlink/core/build
    Start 102: test_gateway_monitor_self_close
1/1 Test #102: test_gateway_monitor_self_close ...   Passed    0.03 sec

100% tests passed, 0 tests failed out of 1

Label Time Summary:
integration    =   0.03 sec*proc (1 test)
serial         =   0.03 sec*proc (1 test)

Total Test time (real) =   0.03 sec
--- test_gateway_monitor_self_close iteration 5/10 ---
Internal ctest changing into directory: /home/hep7/project/kairos/zlink/core/build
Test project /home/hep7/project/kairos/zlink/core/build
    Start 102: test_gateway_monitor_self_close
1/1 Test #102: test_gateway_monitor_self_close ...   Passed    0.03 sec

100% tests passed, 0 tests failed out of 1

Label Time Summary:
integration    =   0.03 sec*proc (1 test)
serial         =   0.03 sec*proc (1 test)

Total Test time (real) =   0.03 sec
--- test_gateway_monitor_self_close iteration 6/10 ---
Internal ctest changing into directory: /home/hep7/project/kairos/zlink/core/build
Test project /home/hep7/project/kairos/zlink/core/build
    Start 102: test_gateway_monitor_self_close
1/1 Test #102: test_gateway_monitor_self_close ...   Passed    0.03 sec

100% tests passed, 0 tests failed out of 1

Label Time Summary:
integration    =   0.03 sec*proc (1 test)
serial         =   0.03 sec*proc (1 test)

Total Test time (real) =   0.03 sec
--- test_gateway_monitor_self_close iteration 7/10 ---
Internal ctest changing into directory: /home/hep7/project/kairos/zlink/core/build
Test project /home/hep7/project/kairos/zlink/core/build
    Start 102: test_gateway_monitor_self_close
1/1 Test #102: test_gateway_monitor_self_close ...   Passed    0.03 sec

100% tests passed, 0 tests failed out of 1

Label Time Summary:
integration    =   0.03 sec*proc (1 test)
serial         =   0.03 sec*proc (1 test)

Total Test time (real) =   0.03 sec
--- test_gateway_monitor_self_close iteration 8/10 ---
Internal ctest changing into directory: /home/hep7/project/kairos/zlink/core/build
Test project /home/hep7/project/kairos/zlink/core/build
    Start 102: test_gateway_monitor_self_close
1/1 Test #102: test_gateway_monitor_self_close ...   Passed    0.03 sec

100% tests passed, 0 tests failed out of 1

Label Time Summary:
integration    =   0.03 sec*proc (1 test)
serial         =   0.03 sec*proc (1 test)

Total Test time (real) =   0.03 sec
--- test_gateway_monitor_self_close iteration 9/10 ---
Internal ctest changing into directory: /home/hep7/project/kairos/zlink/core/build
Test project /home/hep7/project/kairos/zlink/core/build
    Start 102: test_gateway_monitor_self_close
1/1 Test #102: test_gateway_monitor_self_close ...   Passed    0.03 sec

100% tests passed, 0 tests failed out of 1

Label Time Summary:
integration    =   0.03 sec*proc (1 test)
serial         =   0.03 sec*proc (1 test)

Total Test time (real) =   0.03 sec
--- test_gateway_monitor_self_close iteration 10/10 ---
Internal ctest changing into directory: /home/hep7/project/kairos/zlink/core/build
Test project /home/hep7/project/kairos/zlink/core/build
    Start 102: test_gateway_monitor_self_close
1/1 Test #102: test_gateway_monitor_self_close ...   Passed    0.04 sec

100% tests passed, 0 tests failed out of 1

Label Time Summary:
integration    =   0.04 sec*proc (1 test)
serial         =   0.04 sec*proc (1 test)

Total Test time (real) =   0.04 sec
=== Repeating test_spot_service_introspection_monitors (10 iterations) ===
--- test_spot_service_introspection_monitors iteration 1/10 ---
Internal ctest changing into directory: /home/hep7/project/kairos/zlink/core/build
Test project /home/hep7/project/kairos/zlink/core/build
    Start 72: test_spot_service_introspection_monitors
1/1 Test #72: test_spot_service_introspection_monitors ...   Passed    4.57 sec

100% tests passed, 0 tests failed out of 1

Label Time Summary:
integration    =   4.57 sec*proc (1 test)
serial         =   4.57 sec*proc (1 test)

Total Test time (real) =   4.58 sec
--- test_spot_service_introspection_monitors iteration 2/10 ---
Internal ctest changing into directory: /home/hep7/project/kairos/zlink/core/build
Test project /home/hep7/project/kairos/zlink/core/build
    Start 72: test_spot_service_introspection_monitors
1/1 Test #72: test_spot_service_introspection_monitors ...   Passed    4.60 sec

100% tests passed, 0 tests failed out of 1

Label Time Summary:
integration    =   4.60 sec*proc (1 test)
serial         =   4.60 sec*proc (1 test)

Total Test time (real) =   4.60 sec
--- test_spot_service_introspection_monitors iteration 3/10 ---
Internal ctest changing into directory: /home/hep7/project/kairos/zlink/core/build
Test project /home/hep7/project/kairos/zlink/core/build
    Start 72: test_spot_service_introspection_monitors
1/1 Test #72: test_spot_service_introspection_monitors ...   Passed    4.57 sec

100% tests passed, 0 tests failed out of 1

Label Time Summary:
integration    =   4.57 sec*proc (1 test)
serial         =   4.57 sec*proc (1 test)

Total Test time (real) =   4.57 sec
--- test_spot_service_introspection_monitors iteration 4/10 ---
Internal ctest changing into directory: /home/hep7/project/kairos/zlink/core/build
Test project /home/hep7/project/kairos/zlink/core/build
    Start 72: test_spot_service_introspection_monitors
1/1 Test #72: test_spot_service_introspection_monitors ...   Passed    4.56 sec

100% tests passed, 0 tests failed out of 1

Label Time Summary:
integration    =   4.56 sec*proc (1 test)
serial         =   4.56 sec*proc (1 test)

Total Test time (real) =   4.57 sec
--- test_spot_service_introspection_monitors iteration 5/10 ---
Internal ctest changing into directory: /home/hep7/project/kairos/zlink/core/build
Test project /home/hep7/project/kairos/zlink/core/build
    Start 72: test_spot_service_introspection_monitors
1/1 Test #72: test_spot_service_introspection_monitors ...   Passed    4.62 sec

100% tests passed, 0 tests failed out of 1

Label Time Summary:
integration    =   4.62 sec*proc (1 test)
serial         =   4.62 sec*proc (1 test)

Total Test time (real) =   4.62 sec
--- test_spot_service_introspection_monitors iteration 6/10 ---
Internal ctest changing into directory: /home/hep7/project/kairos/zlink/core/build
Test project /home/hep7/project/kairos/zlink/core/build
    Start 72: test_spot_service_introspection_monitors
1/1 Test #72: test_spot_service_introspection_monitors ...   Passed    4.56 sec

100% tests passed, 0 tests failed out of 1

Label Time Summary:
integration    =   4.56 sec*proc (1 test)
serial         =   4.56 sec*proc (1 test)

Total Test time (real) =   4.57 sec
--- test_spot_service_introspection_monitors iteration 7/10 ---
Internal ctest changing into directory: /home/hep7/project/kairos/zlink/core/build
Test project /home/hep7/project/kairos/zlink/core/build
    Start 72: test_spot_service_introspection_monitors
1/1 Test #72: test_spot_service_introspection_monitors ...   Passed    4.58 sec

100% tests passed, 0 tests failed out of 1

Label Time Summary:
integration    =   4.58 sec*proc (1 test)
serial         =   4.58 sec*proc (1 test)

Total Test time (real) =   4.58 sec
--- test_spot_service_introspection_monitors iteration 8/10 ---
Internal ctest changing into directory: /home/hep7/project/kairos/zlink/core/build
Test project /home/hep7/project/kairos/zlink/core/build
    Start 72: test_spot_service_introspection_monitors
1/1 Test #72: test_spot_service_introspection_monitors ...   Passed    4.56 sec

100% tests passed, 0 tests failed out of 1

Label Time Summary:
integration    =   4.56 sec*proc (1 test)
serial         =   4.56 sec*proc (1 test)

Total Test time (real) =   4.57 sec
--- test_spot_service_introspection_monitors iteration 9/10 ---
Internal ctest changing into directory: /home/hep7/project/kairos/zlink/core/build
Test project /home/hep7/project/kairos/zlink/core/build
    Start 72: test_spot_service_introspection_monitors
1/1 Test #72: test_spot_service_introspection_monitors ...   Passed    4.57 sec

100% tests passed, 0 tests failed out of 1

Label Time Summary:
integration    =   4.57 sec*proc (1 test)
serial         =   4.57 sec*proc (1 test)

Total Test time (real) =   4.57 sec
--- test_spot_service_introspection_monitors iteration 10/10 ---
Internal ctest changing into directory: /home/hep7/project/kairos/zlink/core/build
Test project /home/hep7/project/kairos/zlink/core/build
    Start 72: test_spot_service_introspection_monitors
1/1 Test #72: test_spot_service_introspection_monitors ...   Passed    4.57 sec

100% tests passed, 0 tests failed out of 1

Label Time Summary:
integration    =   4.57 sec*proc (1 test)
serial         =   4.57 sec*proc (1 test)

Total Test time (real) =   4.57 sec
=== Repeating test_spot_service_introspection_late_connect (10 iterations) ===
--- test_spot_service_introspection_late_connect iteration 1/10 ---
Internal ctest changing into directory: /home/hep7/project/kairos/zlink/core/build
Test project /home/hep7/project/kairos/zlink/core/build
    Start 73: test_spot_service_introspection_late_connect
1/1 Test #73: test_spot_service_introspection_late_connect ...   Passed    4.61 sec

100% tests passed, 0 tests failed out of 1

Label Time Summary:
integration    =   4.61 sec*proc (1 test)
serial         =   4.61 sec*proc (1 test)

Total Test time (real) =   4.61 sec
--- test_spot_service_introspection_late_connect iteration 2/10 ---
Internal ctest changing into directory: /home/hep7/project/kairos/zlink/core/build
Test project /home/hep7/project/kairos/zlink/core/build
    Start 73: test_spot_service_introspection_late_connect
1/1 Test #73: test_spot_service_introspection_late_connect ...   Passed    4.61 sec

100% tests passed, 0 tests failed out of 1

Label Time Summary:
integration    =   4.61 sec*proc (1 test)
serial         =   4.61 sec*proc (1 test)

Total Test time (real) =   4.61 sec
--- test_spot_service_introspection_late_connect iteration 3/10 ---
Internal ctest changing into directory: /home/hep7/project/kairos/zlink/core/build
Test project /home/hep7/project/kairos/zlink/core/build
    Start 73: test_spot_service_introspection_late_connect
1/1 Test #73: test_spot_service_introspection_late_connect ...   Passed    4.60 sec

100% tests passed, 0 tests failed out of 1

Label Time Summary:
integration    =   4.60 sec*proc (1 test)
serial         =   4.60 sec*proc (1 test)

Total Test time (real) =   4.60 sec
--- test_spot_service_introspection_late_connect iteration 4/10 ---
Internal ctest changing into directory: /home/hep7/project/kairos/zlink/core/build
Test project /home/hep7/project/kairos/zlink/core/build
    Start 73: test_spot_service_introspection_late_connect
1/1 Test #73: test_spot_service_introspection_late_connect ...   Passed    4.60 sec

100% tests passed, 0 tests failed out of 1

Label Time Summary:
integration    =   4.60 sec*proc (1 test)
serial         =   4.60 sec*proc (1 test)

Total Test time (real) =   4.60 sec
--- test_spot_service_introspection_late_connect iteration 5/10 ---
Internal ctest changing into directory: /home/hep7/project/kairos/zlink/core/build
Test project /home/hep7/project/kairos/zlink/core/build
    Start 73: test_spot_service_introspection_late_connect
1/1 Test #73: test_spot_service_introspection_late_connect ...   Passed    4.60 sec

100% tests passed, 0 tests failed out of 1

Label Time Summary:
integration    =   4.60 sec*proc (1 test)
serial         =   4.60 sec*proc (1 test)

Total Test time (real) =   4.61 sec
--- test_spot_service_introspection_late_connect iteration 6/10 ---
Internal ctest changing into directory: /home/hep7/project/kairos/zlink/core/build
Test project /home/hep7/project/kairos/zlink/core/build
    Start 73: test_spot_service_introspection_late_connect
1/1 Test #73: test_spot_service_introspection_late_connect ...   Passed    4.60 sec

100% tests passed, 0 tests failed out of 1

Label Time Summary:
integration    =   4.60 sec*proc (1 test)
serial         =   4.60 sec*proc (1 test)

Total Test time (real) =   4.60 sec
--- test_spot_service_introspection_late_connect iteration 7/10 ---
Internal ctest changing into directory: /home/hep7/project/kairos/zlink/core/build
Test project /home/hep7/project/kairos/zlink/core/build
    Start 73: test_spot_service_introspection_late_connect
1/1 Test #73: test_spot_service_introspection_late_connect ...   Passed    4.61 sec

100% tests passed, 0 tests failed out of 1

Label Time Summary:
integration    =   4.61 sec*proc (1 test)
serial         =   4.61 sec*proc (1 test)

Total Test time (real) =   4.61 sec
--- test_spot_service_introspection_late_connect iteration 8/10 ---
Internal ctest changing into directory: /home/hep7/project/kairos/zlink/core/build
Test project /home/hep7/project/kairos/zlink/core/build
    Start 73: test_spot_service_introspection_late_connect
1/1 Test #73: test_spot_service_introspection_late_connect ...   Passed    4.61 sec

100% tests passed, 0 tests failed out of 1

Label Time Summary:
integration    =   4.61 sec*proc (1 test)
serial         =   4.61 sec*proc (1 test)

Total Test time (real) =   4.61 sec
--- test_spot_service_introspection_late_connect iteration 9/10 ---
Internal ctest changing into directory: /home/hep7/project/kairos/zlink/core/build
Test project /home/hep7/project/kairos/zlink/core/build
    Start 73: test_spot_service_introspection_late_connect
1/1 Test #73: test_spot_service_introspection_late_connect ...   Passed    4.60 sec

100% tests passed, 0 tests failed out of 1

Label Time Summary:
integration    =   4.60 sec*proc (1 test)
serial         =   4.60 sec*proc (1 test)

Total Test time (real) =   4.60 sec
--- test_spot_service_introspection_late_connect iteration 10/10 ---
Internal ctest changing into directory: /home/hep7/project/kairos/zlink/core/build
Test project /home/hep7/project/kairos/zlink/core/build
    Start 73: test_spot_service_introspection_late_connect
1/1 Test #73: test_spot_service_introspection_late_connect ...   Passed    4.79 sec

100% tests passed, 0 tests failed out of 1

Label Time Summary:
integration    =   4.79 sec*proc (1 test)
serial         =   4.79 sec*proc (1 test)

Total Test time (real) =   4.79 sec
=== Repeating test_spot_service_introspection_subscription_ready_loss (10 iterations) ===
--- test_spot_service_introspection_subscription_ready_loss iteration 1/10 ---
Internal ctest changing into directory: /home/hep7/project/kairos/zlink/core/build
Test project /home/hep7/project/kairos/zlink/core/build
    Start 74: test_spot_service_introspection_subscription_ready_loss
1/1 Test #74: test_spot_service_introspection_subscription_ready_loss ...   Passed    4.57 sec

100% tests passed, 0 tests failed out of 1

Label Time Summary:
integration    =   4.57 sec*proc (1 test)
serial         =   4.57 sec*proc (1 test)

Total Test time (real) =   4.58 sec
--- test_spot_service_introspection_subscription_ready_loss iteration 2/10 ---
Internal ctest changing into directory: /home/hep7/project/kairos/zlink/core/build
Test project /home/hep7/project/kairos/zlink/core/build
    Start 74: test_spot_service_introspection_subscription_ready_loss
1/1 Test #74: test_spot_service_introspection_subscription_ready_loss ...   Passed    4.57 sec

100% tests passed, 0 tests failed out of 1

Label Time Summary:
integration    =   4.57 sec*proc (1 test)
serial         =   4.57 sec*proc (1 test)

Total Test time (real) =   4.57 sec
--- test_spot_service_introspection_subscription_ready_loss iteration 3/10 ---
Internal ctest changing into directory: /home/hep7/project/kairos/zlink/core/build
Test project /home/hep7/project/kairos/zlink/core/build
    Start 74: test_spot_service_introspection_subscription_ready_loss
1/1 Test #74: test_spot_service_introspection_subscription_ready_loss ...   Passed    4.57 sec

100% tests passed, 0 tests failed out of 1

Label Time Summary:
integration    =   4.57 sec*proc (1 test)
serial         =   4.57 sec*proc (1 test)

Total Test time (real) =   4.57 sec
--- test_spot_service_introspection_subscription_ready_loss iteration 4/10 ---
Internal ctest changing into directory: /home/hep7/project/kairos/zlink/core/build
Test project /home/hep7/project/kairos/zlink/core/build
    Start 74: test_spot_service_introspection_subscription_ready_loss
1/1 Test #74: test_spot_service_introspection_subscription_ready_loss ...   Passed    4.57 sec

100% tests passed, 0 tests failed out of 1

Label Time Summary:
integration    =   4.57 sec*proc (1 test)
serial         =   4.57 sec*proc (1 test)

Total Test time (real) =   4.57 sec
--- test_spot_service_introspection_subscription_ready_loss iteration 5/10 ---
Internal ctest changing into directory: /home/hep7/project/kairos/zlink/core/build
Test project /home/hep7/project/kairos/zlink/core/build
    Start 74: test_spot_service_introspection_subscription_ready_loss
1/1 Test #74: test_spot_service_introspection_subscription_ready_loss ...   Passed    4.57 sec

100% tests passed, 0 tests failed out of 1

Label Time Summary:
integration    =   4.57 sec*proc (1 test)
serial         =   4.57 sec*proc (1 test)

Total Test time (real) =   4.57 sec
--- test_spot_service_introspection_subscription_ready_loss iteration 6/10 ---
Internal ctest changing into directory: /home/hep7/project/kairos/zlink/core/build
Test project /home/hep7/project/kairos/zlink/core/build
    Start 74: test_spot_service_introspection_subscription_ready_loss
1/1 Test #74: test_spot_service_introspection_subscription_ready_loss ...   Passed    4.57 sec

100% tests passed, 0 tests failed out of 1

Label Time Summary:
integration    =   4.57 sec*proc (1 test)
serial         =   4.57 sec*proc (1 test)

Total Test time (real) =   4.57 sec
--- test_spot_service_introspection_subscription_ready_loss iteration 7/10 ---
Internal ctest changing into directory: /home/hep7/project/kairos/zlink/core/build
Test project /home/hep7/project/kairos/zlink/core/build
    Start 74: test_spot_service_introspection_subscription_ready_loss
1/1 Test #74: test_spot_service_introspection_subscription_ready_loss ...   Passed    4.57 sec

100% tests passed, 0 tests failed out of 1

Label Time Summary:
integration    =   4.57 sec*proc (1 test)
serial         =   4.57 sec*proc (1 test)

Total Test time (real) =   4.57 sec
--- test_spot_service_introspection_subscription_ready_loss iteration 8/10 ---
Internal ctest changing into directory: /home/hep7/project/kairos/zlink/core/build
Test project /home/hep7/project/kairos/zlink/core/build
    Start 74: test_spot_service_introspection_subscription_ready_loss
1/1 Test #74: test_spot_service_introspection_subscription_ready_loss ...   Passed    4.57 sec

100% tests passed, 0 tests failed out of 1

Label Time Summary:
integration    =   4.57 sec*proc (1 test)
serial         =   4.57 sec*proc (1 test)

Total Test time (real) =   4.57 sec
--- test_spot_service_introspection_subscription_ready_loss iteration 9/10 ---
Internal ctest changing into directory: /home/hep7/project/kairos/zlink/core/build
Test project /home/hep7/project/kairos/zlink/core/build
    Start 74: test_spot_service_introspection_subscription_ready_loss
1/1 Test #74: test_spot_service_introspection_subscription_ready_loss ...   Passed    4.57 sec

100% tests passed, 0 tests failed out of 1

Label Time Summary:
integration    =   4.57 sec*proc (1 test)
serial         =   4.57 sec*proc (1 test)

Total Test time (real) =   4.57 sec
--- test_spot_service_introspection_subscription_ready_loss iteration 10/10 ---
Internal ctest changing into directory: /home/hep7/project/kairos/zlink/core/build
Test project /home/hep7/project/kairos/zlink/core/build
    Start 74: test_spot_service_introspection_subscription_ready_loss
1/1 Test #74: test_spot_service_introspection_subscription_ready_loss ...   Passed    4.59 sec

100% tests passed, 0 tests failed out of 1

Label Time Summary:
integration    =   4.59 sec*proc (1 test)
serial         =   4.59 sec*proc (1 test)

Total Test time (real) =   4.59 sec
=== Repeating test_spot_service_introspection_handler_monitor_close (10 iterations) ===
--- test_spot_service_introspection_handler_monitor_close iteration 1/10 ---
Internal ctest changing into directory: /home/hep7/project/kairos/zlink/core/build
Test project /home/hep7/project/kairos/zlink/core/build
    Start 75: test_spot_service_introspection_handler_monitor_close
1/1 Test #75: test_spot_service_introspection_handler_monitor_close ...   Passed   22.24 sec

100% tests passed, 0 tests failed out of 1

Label Time Summary:
integration    =  22.24 sec*proc (1 test)
serial         =  22.24 sec*proc (1 test)

Total Test time (real) =  22.24 sec
--- test_spot_service_introspection_handler_monitor_close iteration 2/10 ---
Internal ctest changing into directory: /home/hep7/project/kairos/zlink/core/build
Test project /home/hep7/project/kairos/zlink/core/build
    Start 75: test_spot_service_introspection_handler_monitor_close
1/1 Test #75: test_spot_service_introspection_handler_monitor_close ...   Passed   22.19 sec

100% tests passed, 0 tests failed out of 1

Label Time Summary:
integration    =  22.19 sec*proc (1 test)
serial         =  22.19 sec*proc (1 test)

Total Test time (real) =  22.19 sec
--- test_spot_service_introspection_handler_monitor_close iteration 3/10 ---
Internal ctest changing into directory: /home/hep7/project/kairos/zlink/core/build
Test project /home/hep7/project/kairos/zlink/core/build
    Start 75: test_spot_service_introspection_handler_monitor_close
1/1 Test #75: test_spot_service_introspection_handler_monitor_close ...   Passed   21.98 sec

100% tests passed, 0 tests failed out of 1

Label Time Summary:
integration    =  21.98 sec*proc (1 test)
serial         =  21.98 sec*proc (1 test)

Total Test time (real) =  21.98 sec
--- test_spot_service_introspection_handler_monitor_close iteration 4/10 ---
Internal ctest changing into directory: /home/hep7/project/kairos/zlink/core/build
Test project /home/hep7/project/kairos/zlink/core/build
    Start 75: test_spot_service_introspection_handler_monitor_close
1/1 Test #75: test_spot_service_introspection_handler_monitor_close ...   Passed   22.24 sec

100% tests passed, 0 tests failed out of 1

Label Time Summary:
integration    =  22.24 sec*proc (1 test)
serial         =  22.24 sec*proc (1 test)

Total Test time (real) =  22.25 sec
--- test_spot_service_introspection_handler_monitor_close iteration 5/10 ---
Internal ctest changing into directory: /home/hep7/project/kairos/zlink/core/build
Test project /home/hep7/project/kairos/zlink/core/build
    Start 75: test_spot_service_introspection_handler_monitor_close
1/1 Test #75: test_spot_service_introspection_handler_monitor_close ...   Passed   21.82 sec

100% tests passed, 0 tests failed out of 1

Label Time Summary:
integration    =  21.82 sec*proc (1 test)
serial         =  21.82 sec*proc (1 test)

Total Test time (real) =  21.82 sec
--- test_spot_service_introspection_handler_monitor_close iteration 6/10 ---
Internal ctest changing into directory: /home/hep7/project/kairos/zlink/core/build
Test project /home/hep7/project/kairos/zlink/core/build
    Start 75: test_spot_service_introspection_handler_monitor_close
1/1 Test #75: test_spot_service_introspection_handler_monitor_close ...   Passed   21.87 sec

100% tests passed, 0 tests failed out of 1

Label Time Summary:
integration    =  21.87 sec*proc (1 test)
serial         =  21.87 sec*proc (1 test)

Total Test time (real) =  21.87 sec
--- test_spot_service_introspection_handler_monitor_close iteration 7/10 ---
Internal ctest changing into directory: /home/hep7/project/kairos/zlink/core/build
Test project /home/hep7/project/kairos/zlink/core/build
    Start 75: test_spot_service_introspection_handler_monitor_close
1/1 Test #75: test_spot_service_introspection_handler_monitor_close ...   Passed   22.27 sec

100% tests passed, 0 tests failed out of 1

Label Time Summary:
integration    =  22.27 sec*proc (1 test)
serial         =  22.27 sec*proc (1 test)

Total Test time (real) =  22.28 sec
--- test_spot_service_introspection_handler_monitor_close iteration 8/10 ---
Internal ctest changing into directory: /home/hep7/project/kairos/zlink/core/build
Test project /home/hep7/project/kairos/zlink/core/build
    Start 75: test_spot_service_introspection_handler_monitor_close
1/1 Test #75: test_spot_service_introspection_handler_monitor_close ...   Passed   22.22 sec

100% tests passed, 0 tests failed out of 1

Label Time Summary:
integration    =  22.22 sec*proc (1 test)
serial         =  22.22 sec*proc (1 test)

Total Test time (real) =  22.23 sec
--- test_spot_service_introspection_handler_monitor_close iteration 9/10 ---
Internal ctest changing into directory: /home/hep7/project/kairos/zlink/core/build
Test project /home/hep7/project/kairos/zlink/core/build
    Start 75: test_spot_service_introspection_handler_monitor_close
1/1 Test #75: test_spot_service_introspection_handler_monitor_close ...   Passed   22.23 sec

100% tests passed, 0 tests failed out of 1

Label Time Summary:
integration    =  22.23 sec*proc (1 test)
serial         =  22.23 sec*proc (1 test)

Total Test time (real) =  22.23 sec
--- test_spot_service_introspection_handler_monitor_close iteration 10/10 ---
Internal ctest changing into directory: /home/hep7/project/kairos/zlink/core/build
Test project /home/hep7/project/kairos/zlink/core/build
    Start 75: test_spot_service_introspection_handler_monitor_close
1/1 Test #75: test_spot_service_introspection_handler_monitor_close ...   Passed   21.72 sec

100% tests passed, 0 tests failed out of 1

Label Time Summary:
integration    =  21.72 sec*proc (1 test)
serial         =  21.72 sec*proc (1 test)

Total Test time (real) =  21.73 sec
=== Repeating test_spot_service_introspection_snapshots (10 iterations) ===
--- test_spot_service_introspection_snapshots iteration 1/10 ---
Internal ctest changing into directory: /home/hep7/project/kairos/zlink/core/build
Test project /home/hep7/project/kairos/zlink/core/build
    Start 80: test_spot_service_introspection_snapshots
1/1 Test #80: test_spot_service_introspection_snapshots ...   Passed    4.60 sec

100% tests passed, 0 tests failed out of 1

Label Time Summary:
integration    =   4.60 sec*proc (1 test)
serial         =   4.60 sec*proc (1 test)

Total Test time (real) =   4.60 sec
--- test_spot_service_introspection_snapshots iteration 2/10 ---
Internal ctest changing into directory: /home/hep7/project/kairos/zlink/core/build
Test project /home/hep7/project/kairos/zlink/core/build
    Start 80: test_spot_service_introspection_snapshots
1/1 Test #80: test_spot_service_introspection_snapshots ...   Passed    4.60 sec

100% tests passed, 0 tests failed out of 1

Label Time Summary:
integration    =   4.60 sec*proc (1 test)
serial         =   4.60 sec*proc (1 test)

Total Test time (real) =   4.60 sec
--- test_spot_service_introspection_snapshots iteration 3/10 ---
Internal ctest changing into directory: /home/hep7/project/kairos/zlink/core/build
Test project /home/hep7/project/kairos/zlink/core/build
    Start 80: test_spot_service_introspection_snapshots
1/1 Test #80: test_spot_service_introspection_snapshots ...   Passed    4.59 sec

100% tests passed, 0 tests failed out of 1

Label Time Summary:
integration    =   4.59 sec*proc (1 test)
serial         =   4.59 sec*proc (1 test)

Total Test time (real) =   4.60 sec
--- test_spot_service_introspection_snapshots iteration 4/10 ---
Internal ctest changing into directory: /home/hep7/project/kairos/zlink/core/build
Test project /home/hep7/project/kairos/zlink/core/build
    Start 80: test_spot_service_introspection_snapshots
1/1 Test #80: test_spot_service_introspection_snapshots ...   Passed    4.61 sec

100% tests passed, 0 tests failed out of 1

Label Time Summary:
integration    =   4.61 sec*proc (1 test)
serial         =   4.61 sec*proc (1 test)

Total Test time (real) =   4.62 sec
--- test_spot_service_introspection_snapshots iteration 5/10 ---
Internal ctest changing into directory: /home/hep7/project/kairos/zlink/core/build
Test project /home/hep7/project/kairos/zlink/core/build
    Start 80: test_spot_service_introspection_snapshots
1/1 Test #80: test_spot_service_introspection_snapshots ...   Passed    4.61 sec

100% tests passed, 0 tests failed out of 1

Label Time Summary:
integration    =   4.61 sec*proc (1 test)
serial         =   4.61 sec*proc (1 test)

Total Test time (real) =   4.61 sec
--- test_spot_service_introspection_snapshots iteration 6/10 ---
Internal ctest changing into directory: /home/hep7/project/kairos/zlink/core/build
Test project /home/hep7/project/kairos/zlink/core/build
    Start 80: test_spot_service_introspection_snapshots
1/1 Test #80: test_spot_service_introspection_snapshots ...   Passed    4.58 sec

100% tests passed, 0 tests failed out of 1

Label Time Summary:
integration    =   4.58 sec*proc (1 test)
serial         =   4.58 sec*proc (1 test)

Total Test time (real) =   4.59 sec
--- test_spot_service_introspection_snapshots iteration 7/10 ---
Internal ctest changing into directory: /home/hep7/project/kairos/zlink/core/build
Test project /home/hep7/project/kairos/zlink/core/build
    Start 80: test_spot_service_introspection_snapshots
1/1 Test #80: test_spot_service_introspection_snapshots ...   Passed    4.60 sec

100% tests passed, 0 tests failed out of 1

Label Time Summary:
integration    =   4.60 sec*proc (1 test)
serial         =   4.60 sec*proc (1 test)

Total Test time (real) =   4.60 sec
--- test_spot_service_introspection_snapshots iteration 8/10 ---
Internal ctest changing into directory: /home/hep7/project/kairos/zlink/core/build
Test project /home/hep7/project/kairos/zlink/core/build
    Start 80: test_spot_service_introspection_snapshots
1/1 Test #80: test_spot_service_introspection_snapshots ...   Passed    4.61 sec

100% tests passed, 0 tests failed out of 1

Label Time Summary:
integration    =   4.61 sec*proc (1 test)
serial         =   4.61 sec*proc (1 test)

Total Test time (real) =   4.62 sec
--- test_spot_service_introspection_snapshots iteration 9/10 ---
Internal ctest changing into directory: /home/hep7/project/kairos/zlink/core/build
Test project /home/hep7/project/kairos/zlink/core/build
    Start 80: test_spot_service_introspection_snapshots
1/1 Test #80: test_spot_service_introspection_snapshots ...   Passed    4.61 sec

100% tests passed, 0 tests failed out of 1

Label Time Summary:
integration    =   4.61 sec*proc (1 test)
serial         =   4.61 sec*proc (1 test)

Total Test time (real) =   4.61 sec
--- test_spot_service_introspection_snapshots iteration 10/10 ---
Internal ctest changing into directory: /home/hep7/project/kairos/zlink/core/build
Test project /home/hep7/project/kairos/zlink/core/build
    Start 80: test_spot_service_introspection_snapshots
1/1 Test #80: test_spot_service_introspection_snapshots ...   Passed    4.61 sec

100% tests passed, 0 tests failed out of 1

Label Time Summary:
integration    =   4.61 sec*proc (1 test)
serial         =   4.61 sec*proc (1 test)

Total Test time (real) =   4.61 sec
=== Thread-safe contract stress completed ===
