=== Phase 2 preflight start ===
started_at=2026-03-24 04:28:11 +0900
build_dir=/home/hep7/project/kairos/zlink/core/build
ctest_metadata=ok
registered=test_service_introspection_discovery_control_path
registered=test_service_introspection_discovery_ordering
registered=test_service_introspection_discovery_self_close
registered=test_service_introspection_discovery_lifecycle
registered=test_service_introspection_registry_lifecycle
registered=test_service_introspection_registry_query_lifecycle
registered=test_gateway_runtime_reads
registered=test_gateway_send_plane_updates
registered=test_gateway_attach_query_ordering
registered=test_gateway_send_ready_self_close
registered=test_gateway_monitor_self_close
registered=test_spot_service_introspection_monitors
registered=test_spot_service_introspection_late_connect
registered=test_spot_service_introspection_subscription_ready_loss
registered=test_spot_service_introspection_handler_monitor_close
registered=test_spot_service_introspection_snapshots
=== Phase 2 preflight success ===
preflight_log=/home/hep7/project/kairos/zlink/doc/plan/refactor/2nd/logs/phase2_thread_safe_stress_preflight_20260324_042811.log
