=== Repeating test_service_introspection_discovery_control_path (100 iterations) ===
Internal ctest changing into directory: /home/hep7/project/kairos/zlink/core/build
Test project /home/hep7/project/kairos/zlink/core/build
    Start 57: test_service_introspection_discovery_control_path
    Test #57: test_service_introspection_discovery_control_path ...   Passed    0.01 sec
    Start 57: test_service_introspection_discovery_control_path
    Test #57: test_service_introspection_discovery_control_path ...   Passed    0.01 sec
    Start 57: test_service_introspection_discovery_control_path
    Test #57: test_service_introspection_discovery_control_path ...   Passed    0.01 sec
    Start 57: test_service_introspection_discovery_control_path
    Test #57: test_service_introspection_discovery_control_path ...   Passed    0.01 sec
    Start 57: test_service_introspection_discovery_control_path
    Test #57: test_service_introspection_discovery_control_path ...   Passed    0.01 sec
    Start 57: test_service_introspection_discovery_control_path
    Test #57: test_service_introspection_discovery_control_path ...   Passed    0.01 sec
    Start 57: test_service_introspection_discovery_control_path
    Test #57: test_service_introspection_discovery_control_path ...   Passed    0.01 sec
    Start 57: test_service_introspection_discovery_control_path
    Test #57: test_service_introspection_discovery_control_path ...   Passed    0.01 sec
    Start 57: test_service_introspection_discovery_control_path
    Test #57: test_service_introspection_discovery_control_path ...   Passed    0.01 sec
    Start 57: test_service_introspection_discovery_control_path
    Test #57: test_service_introspection_discovery_control_path ...   Passed    0.01 sec
    Start 57: test_service_introspection_discovery_control_path
    Test #57: test_service_introspection_discovery_control_path ...   Passed    0.01 sec
    Start 57: test_service_introspection_discovery_control_path
    Test #57: test_service_introspection_discovery_control_path ...   Passed    0.01 sec
    Start 57: test_service_introspection_discovery_control_path
    Test #57: test_service_introspection_discovery_control_path ...   Passed    0.01 sec
    Start 57: test_service_introspection_discovery_control_path
    Test #57: test_service_introspection_discovery_control_path ...   Passed    0.01 sec
    Start 57: test_service_introspection_discovery_control_path
    Test #57: test_service_introspection_discovery_control_path ...   Passed    0.01 sec
    Start 57: test_service_introspection_discovery_control_path
    Test #57: test_service_introspection_discovery_control_path ...   Passed    0.01 sec
    Start 57: test_service_introspection_discovery_control_path
    Test #57: test_service_introspection_discovery_control_path ...   Passed    0.01 sec
    Start 57: test_service_introspection_discovery_control_path
    Test #57: test_service_introspection_discovery_control_path ...   Passed    0.01 sec
    Start 57: test_service_introspection_discovery_control_path
    Test #57: test_service_introspection_discovery_control_path ...   Passed    0.01 sec
    Start 57: test_service_introspection_discovery_control_path
    Test #57: test_service_introspection_discovery_control_path ...   Passed    0.01 sec
    Start 57: test_service_introspection_discovery_control_path
    Test #57: test_service_introspection_discovery_control_path ...   Passed    0.01 sec
    Start 57: test_service_introspection_discovery_control_path
    Test #57: test_service_introspection_discovery_control_path ...   Passed    0.01 sec
    Start 57: test_service_introspection_discovery_control_path
    Test #57: test_service_introspection_discovery_control_path ...   Passed    0.01 sec
    Start 57: test_service_introspection_discovery_control_path
    Test #57: test_service_introspection_discovery_control_path ...   Passed    0.01 sec
    Start 57: test_service_introspection_discovery_control_path
    Test #57: test_service_introspection_discovery_control_path ...   Passed    0.01 sec
    Start 57: test_service_introspection_discovery_control_path
    Test #57: test_service_introspection_discovery_control_path ...   Passed    0.01 sec
    Start 57: test_service_introspection_discovery_control_path
    Test #57: test_service_introspection_discovery_control_path ...   Passed    0.01 sec
    Start 57: test_service_introspection_discovery_control_path
    Test #57: test_service_introspection_discovery_control_path ...   Passed    0.01 sec
    Start 57: test_service_introspection_discovery_control_path
    Test #57: test_service_introspection_discovery_control_path ...   Passed    0.01 sec
    Start 57: test_service_introspection_discovery_control_path
    Test #57: test_service_introspection_discovery_control_path ...   Passed    0.01 sec
    Start 57: test_service_introspection_discovery_control_path
    Test #57: test_service_introspection_discovery_control_path ...   Passed    0.01 sec
    Start 57: test_service_introspection_discovery_control_path
    Test #57: test_service_introspection_discovery_control_path ...   Passed    0.01 sec
    Start 57: test_service_introspection_discovery_control_path
    Test #57: test_service_introspection_discovery_control_path ...   Passed    0.01 sec
    Start 57: test_service_introspection_discovery_control_path
    Test #57: test_service_introspection_discovery_control_path ...   Passed    0.01 sec
    Start 57: test_service_introspection_discovery_control_path
    Test #57: test_service_introspection_discovery_control_path ...   Passed    0.01 sec
    Start 57: test_service_introspection_discovery_control_path
    Test #57: test_service_introspection_discovery_control_path ...   Passed    0.01 sec
    Start 57: test_service_introspection_discovery_control_path
    Test #57: test_service_introspection_discovery_control_path ...   Passed    0.01 sec
    Start 57: test_service_introspection_discovery_control_path
    Test #57: test_service_introspection_discovery_control_path ...   Passed    0.01 sec
    Start 57: test_service_introspection_discovery_control_path
    Test #57: test_service_introspection_discovery_control_path ...   Passed    0.01 sec
    Start 57: test_service_introspection_discovery_control_path
    Test #57: test_service_introspection_discovery_control_path ...   Passed    0.01 sec
    Start 57: test_service_introspection_discovery_control_path
    Test #57: test_service_introspection_discovery_control_path ...   Passed    0.01 sec
    Start 57: test_service_introspection_discovery_control_path
    Test #57: test_service_introspection_discovery_control_path ...   Passed    0.01 sec
    Start 57: test_service_introspection_discovery_control_path
    Test #57: test_service_introspection_discovery_control_path ...   Passed    0.01 sec
    Start 57: test_service_introspection_discovery_control_path
    Test #57: test_service_introspection_discovery_control_path ...   Passed    0.01 sec
    Start 57: test_service_introspection_discovery_control_path
    Test #57: test_service_introspection_discovery_control_path ...   Passed    0.01 sec
    Start 57: test_service_introspection_discovery_control_path
    Test #57: test_service_introspection_discovery_control_path ...   Passed    0.01 sec
    Start 57: test_service_introspection_discovery_control_path
    Test #57: test_service_introspection_discovery_control_path ...   Passed    0.01 sec
    Start 57: test_service_introspection_discovery_control_path
    Test #57: test_service_introspection_discovery_control_path ...   Passed    0.01 sec
    Start 57: test_service_introspection_discovery_control_path
    Test #57: test_service_introspection_discovery_control_path ...   Passed    0.01 sec
    Start 57: test_service_introspection_discovery_control_path
    Test #57: test_service_introspection_discovery_control_path ...   Passed    0.01 sec
    Start 57: test_service_introspection_discovery_control_path
    Test #57: test_service_introspection_discovery_control_path ...   Passed    0.01 sec
    Start 57: test_service_introspection_discovery_control_path
    Test #57: test_service_introspection_discovery_control_path ...   Passed    0.01 sec
    Start 57: test_service_introspection_discovery_control_path
    Test #57: test_service_introspection_discovery_control_path ...   Passed    0.01 sec
    Start 57: test_service_introspection_discovery_control_path
    Test #57: test_service_introspection_discovery_control_path ...   Passed    0.01 sec
    Start 57: test_service_introspection_discovery_control_path
    Test #57: test_service_introspection_discovery_control_path ...   Passed    0.01 sec
    Start 57: test_service_introspection_discovery_control_path
    Test #57: test_service_introspection_discovery_control_path ...   Passed    0.01 sec
    Start 57: test_service_introspection_discovery_control_path
    Test #57: test_service_introspection_discovery_control_path ...   Passed    0.01 sec
    Start 57: test_service_introspection_discovery_control_path
    Test #57: test_service_introspection_discovery_control_path ...   Passed    0.01 sec
    Start 57: test_service_introspection_discovery_control_path
    Test #57: test_service_introspection_discovery_control_path ...   Passed    0.01 sec
    Start 57: test_service_introspection_discovery_control_path
    Test #57: test_service_introspection_discovery_control_path ...   Passed    0.01 sec
    Start 57: test_service_introspection_discovery_control_path
    Test #57: test_service_introspection_discovery_control_path ...   Passed    0.01 sec
    Start 57: test_service_introspection_discovery_control_path
    Test #57: test_service_introspection_discovery_control_path ...   Passed    0.01 sec
    Start 57: test_service_introspection_discovery_control_path
    Test #57: test_service_introspection_discovery_control_path ...   Passed    0.01 sec
    Start 57: test_service_introspection_discovery_control_path
    Test #57: test_service_introspection_discovery_control_path ...   Passed    0.01 sec
    Start 57: test_service_introspection_discovery_control_path
    Test #57: test_service_introspection_discovery_control_path ...   Passed    0.01 sec
    Start 57: test_service_introspection_discovery_control_path
    Test #57: test_service_introspection_discovery_control_path ...   Passed    0.01 sec
    Start 57: test_service_introspection_discovery_control_path
    Test #57: test_service_introspection_discovery_control_path ...   Passed    0.01 sec
    Start 57: test_service_introspection_discovery_control_path
    Test #57: test_service_introspection_discovery_control_path ...   Passed    0.01 sec
    Start 57: test_service_introspection_discovery_control_path
    Test #57: test_service_introspection_discovery_control_path ...   Passed    0.01 sec
    Start 57: test_service_introspection_discovery_control_path
    Test #57: test_service_introspection_discovery_control_path ...   Passed    0.01 sec
    Start 57: test_service_introspection_discovery_control_path
    Test #57: test_service_introspection_discovery_control_path ...   Passed    0.01 sec
    Start 57: test_service_introspection_discovery_control_path
    Test #57: test_service_introspection_discovery_control_path ...   Passed    0.01 sec
    Start 57: test_service_introspection_discovery_control_path
    Test #57: test_service_introspection_discovery_control_path ...   Passed    0.01 sec
    Start 57: test_service_introspection_discovery_control_path
    Test #57: test_service_introspection_discovery_control_path ...   Passed    0.01 sec
    Start 57: test_service_introspection_discovery_control_path
    Test #57: test_service_introspection_discovery_control_path ...   Passed    0.01 sec
    Start 57: test_service_introspection_discovery_control_path
    Test #57: test_service_introspection_discovery_control_path ...   Passed    0.01 sec
    Start 57: test_service_introspection_discovery_control_path
    Test #57: test_service_introspection_discovery_control_path ...   Passed    0.01 sec
    Start 57: test_service_introspection_discovery_control_path
    Test #57: test_service_introspection_discovery_control_path ...   Passed    0.01 sec
    Start 57: test_service_introspection_discovery_control_path
    Test #57: test_service_introspection_discovery_control_path ...   Passed    0.01 sec
    Start 57: test_service_introspection_discovery_control_path
    Test #57: test_service_introspection_discovery_control_path ...   Passed    0.01 sec
    Start 57: test_service_introspection_discovery_control_path
    Test #57: test_service_introspection_discovery_control_path ...   Passed    0.01 sec
    Start 57: test_service_introspection_discovery_control_path
    Test #57: test_service_introspection_discovery_control_path ...   Passed    0.01 sec
    Start 57: test_service_introspection_discovery_control_path
    Test #57: test_service_introspection_discovery_control_path ...   Passed    0.01 sec
    Start 57: test_service_introspection_discovery_control_path
    Test #57: test_service_introspection_discovery_control_path ...   Passed    0.01 sec
    Start 57: test_service_introspection_discovery_control_path
    Test #57: test_service_introspection_discovery_control_path ...   Passed    0.01 sec
    Start 57: test_service_introspection_discovery_control_path
    Test #57: test_service_introspection_discovery_control_path ...   Passed    0.01 sec
    Start 57: test_service_introspection_discovery_control_path
    Test #57: test_service_introspection_discovery_control_path ...   Passed    0.01 sec
    Start 57: test_service_introspection_discovery_control_path
    Test #57: test_service_introspection_discovery_control_path ...   Passed    0.01 sec
    Start 57: test_service_introspection_discovery_control_path
    Test #57: test_service_introspection_discovery_control_path ...   Passed    0.01 sec
    Start 57: test_service_introspection_discovery_control_path
    Test #57: test_service_introspection_discovery_control_path ...   Passed    0.01 sec
    Start 57: test_service_introspection_discovery_control_path
    Test #57: test_service_introspection_discovery_control_path ...   Passed    0.01 sec
    Start 57: test_service_introspection_discovery_control_path
    Test #57: test_service_introspection_discovery_control_path ...   Passed    0.01 sec
    Start 57: test_service_introspection_discovery_control_path
    Test #57: test_service_introspection_discovery_control_path ...   Passed    0.01 sec
    Start 57: test_service_introspection_discovery_control_path
    Test #57: test_service_introspection_discovery_control_path ...   Passed    0.01 sec
    Start 57: test_service_introspection_discovery_control_path
    Test #57: test_service_introspection_discovery_control_path ...   Passed    0.01 sec
    Start 57: test_service_introspection_discovery_control_path
    Test #57: test_service_introspection_discovery_control_path ...   Passed    0.01 sec
    Start 57: test_service_introspection_discovery_control_path
    Test #57: test_service_introspection_discovery_control_path ...   Passed    0.01 sec
    Start 57: test_service_introspection_discovery_control_path
    Test #57: test_service_introspection_discovery_control_path ...   Passed    0.01 sec
    Start 57: test_service_introspection_discovery_control_path
    Test #57: test_service_introspection_discovery_control_path ...   Passed    0.01 sec
    Start 57: test_service_introspection_discovery_control_path
1/1 Test #57: test_service_introspection_discovery_control_path ...   Passed    0.01 sec

100% tests passed, 0 tests failed out of 1

Total Test time (real) =   0.87 sec
=== Repeating test_service_introspection_discovery_ordering (100 iterations) ===
Internal ctest changing into directory: /home/hep7/project/kairos/zlink/core/build
Test project /home/hep7/project/kairos/zlink/core/build
    Start 50: test_service_introspection_discovery_ordering
    Test #50: test_service_introspection_discovery_ordering ...   Passed    0.04 sec
    Start 50: test_service_introspection_discovery_ordering
    Test #50: test_service_introspection_discovery_ordering ...   Passed    0.04 sec
    Start 50: test_service_introspection_discovery_ordering
    Test #50: test_service_introspection_discovery_ordering ...   Passed    0.04 sec
    Start 50: test_service_introspection_discovery_ordering
    Test #50: test_service_introspection_discovery_ordering ...   Passed    0.04 sec
    Start 50: test_service_introspection_discovery_ordering
    Test #50: test_service_introspection_discovery_ordering ...   Passed    0.04 sec
    Start 50: test_service_introspection_discovery_ordering
    Test #50: test_service_introspection_discovery_ordering ...   Passed    0.04 sec
    Start 50: test_service_introspection_discovery_ordering
    Test #50: test_service_introspection_discovery_ordering ...   Passed    0.04 sec
    Start 50: test_service_introspection_discovery_ordering
    Test #50: test_service_introspection_discovery_ordering ...   Passed    0.04 sec
    Start 50: test_service_introspection_discovery_ordering
    Test #50: test_service_introspection_discovery_ordering ...   Passed    0.04 sec
    Start 50: test_service_introspection_discovery_ordering
    Test #50: test_service_introspection_discovery_ordering ...   Passed    0.04 sec
    Start 50: test_service_introspection_discovery_ordering
    Test #50: test_service_introspection_discovery_ordering ...   Passed    0.04 sec
    Start 50: test_service_introspection_discovery_ordering
    Test #50: test_service_introspection_discovery_ordering ...   Passed    0.04 sec
    Start 50: test_service_introspection_discovery_ordering
    Test #50: test_service_introspection_discovery_ordering ...   Passed    0.04 sec
    Start 50: test_service_introspection_discovery_ordering
    Test #50: test_service_introspection_discovery_ordering ...   Passed    0.04 sec
    Start 50: test_service_introspection_discovery_ordering
    Test #50: test_service_introspection_discovery_ordering ...   Passed    0.04 sec
    Start 50: test_service_introspection_discovery_ordering
    Test #50: test_service_introspection_discovery_ordering ...   Passed    0.04 sec
    Start 50: test_service_introspection_discovery_ordering
    Test #50: test_service_introspection_discovery_ordering ...   Passed    0.04 sec
    Start 50: test_service_introspection_discovery_ordering
    Test #50: test_service_introspection_discovery_ordering ...   Passed    0.04 sec
    Start 50: test_service_introspection_discovery_ordering
    Test #50: test_service_introspection_discovery_ordering ...   Passed    0.04 sec
    Start 50: test_service_introspection_discovery_ordering
    Test #50: test_service_introspection_discovery_ordering ...   Passed    0.04 sec
    Start 50: test_service_introspection_discovery_ordering
    Test #50: test_service_introspection_discovery_ordering ...   Passed    0.04 sec
    Start 50: test_service_introspection_discovery_ordering
    Test #50: test_service_introspection_discovery_ordering ...   Passed    0.04 sec
    Start 50: test_service_introspection_discovery_ordering
    Test #50: test_service_introspection_discovery_ordering ...   Passed    0.04 sec
    Start 50: test_service_introspection_discovery_ordering
    Test #50: test_service_introspection_discovery_ordering ...   Passed    0.04 sec
    Start 50: test_service_introspection_discovery_ordering
    Test #50: test_service_introspection_discovery_ordering ...   Passed    0.04 sec
    Start 50: test_service_introspection_discovery_ordering
    Test #50: test_service_introspection_discovery_ordering ...   Passed    0.04 sec
    Start 50: test_service_introspection_discovery_ordering
    Test #50: test_service_introspection_discovery_ordering ...   Passed    0.04 sec
    Start 50: test_service_introspection_discovery_ordering
    Test #50: test_service_introspection_discovery_ordering ...   Passed    0.04 sec
    Start 50: test_service_introspection_discovery_ordering
    Test #50: test_service_introspection_discovery_ordering ...   Passed    0.04 sec
    Start 50: test_service_introspection_discovery_ordering
    Test #50: test_service_introspection_discovery_ordering ...   Passed    0.04 sec
    Start 50: test_service_introspection_discovery_ordering
    Test #50: test_service_introspection_discovery_ordering ...   Passed    0.04 sec
    Start 50: test_service_introspection_discovery_ordering
    Test #50: test_service_introspection_discovery_ordering ...   Passed    0.04 sec
    Start 50: test_service_introspection_discovery_ordering
    Test #50: test_service_introspection_discovery_ordering ...   Passed    0.04 sec
    Start 50: test_service_introspection_discovery_ordering
    Test #50: test_service_introspection_discovery_ordering ...   Passed    0.04 sec
    Start 50: test_service_introspection_discovery_ordering
    Test #50: test_service_introspection_discovery_ordering ...   Passed    0.04 sec
    Start 50: test_service_introspection_discovery_ordering
    Test #50: test_service_introspection_discovery_ordering ...   Passed    0.04 sec
    Start 50: test_service_introspection_discovery_ordering
    Test #50: test_service_introspection_discovery_ordering ...   Passed    0.04 sec
    Start 50: test_service_introspection_discovery_ordering
    Test #50: test_service_introspection_discovery_ordering ...   Passed    0.04 sec
    Start 50: test_service_introspection_discovery_ordering
    Test #50: test_service_introspection_discovery_ordering ...   Passed    0.04 sec
    Start 50: test_service_introspection_discovery_ordering
    Test #50: test_service_introspection_discovery_ordering ...   Passed    0.04 sec
    Start 50: test_service_introspection_discovery_ordering
    Test #50: test_service_introspection_discovery_ordering ...   Passed    0.04 sec
    Start 50: test_service_introspection_discovery_ordering
    Test #50: test_service_introspection_discovery_ordering ...   Passed    0.04 sec
    Start 50: test_service_introspection_discovery_ordering
    Test #50: test_service_introspection_discovery_ordering ...   Passed    0.04 sec
    Start 50: test_service_introspection_discovery_ordering
    Test #50: test_service_introspection_discovery_ordering ...   Passed    0.04 sec
    Start 50: test_service_introspection_discovery_ordering
    Test #50: test_service_introspection_discovery_ordering ...   Passed    0.04 sec
    Start 50: test_service_introspection_discovery_ordering
    Test #50: test_service_introspection_discovery_ordering ...   Passed    0.04 sec
    Start 50: test_service_introspection_discovery_ordering
    Test #50: test_service_introspection_discovery_ordering ...   Passed    0.04 sec
    Start 50: test_service_introspection_discovery_ordering
    Test #50: test_service_introspection_discovery_ordering ...   Passed    0.04 sec
    Start 50: test_service_introspection_discovery_ordering
    Test #50: test_service_introspection_discovery_ordering ...   Passed    0.04 sec
    Start 50: test_service_introspection_discovery_ordering
    Test #50: test_service_introspection_discovery_ordering ...   Passed    0.04 sec
    Start 50: test_service_introspection_discovery_ordering
    Test #50: test_service_introspection_discovery_ordering ...   Passed    0.04 sec
    Start 50: test_service_introspection_discovery_ordering
    Test #50: test_service_introspection_discovery_ordering ...   Passed    0.04 sec
    Start 50: test_service_introspection_discovery_ordering
    Test #50: test_service_introspection_discovery_ordering ...   Passed    0.04 sec
    Start 50: test_service_introspection_discovery_ordering
    Test #50: test_service_introspection_discovery_ordering ...   Passed    0.04 sec
    Start 50: test_service_introspection_discovery_ordering
    Test #50: test_service_introspection_discovery_ordering ...   Passed    0.04 sec
    Start 50: test_service_introspection_discovery_ordering
    Test #50: test_service_introspection_discovery_ordering ...   Passed    0.04 sec
    Start 50: test_service_introspection_discovery_ordering
    Test #50: test_service_introspection_discovery_ordering ...   Passed    0.04 sec
    Start 50: test_service_introspection_discovery_ordering
    Test #50: test_service_introspection_discovery_ordering ...   Passed    0.04 sec
    Start 50: test_service_introspection_discovery_ordering
    Test #50: test_service_introspection_discovery_ordering ...   Passed    0.04 sec
    Start 50: test_service_introspection_discovery_ordering
    Test #50: test_service_introspection_discovery_ordering ...   Passed    0.04 sec
    Start 50: test_service_introspection_discovery_ordering
    Test #50: test_service_introspection_discovery_ordering ...   Passed    0.04 sec
    Start 50: test_service_introspection_discovery_ordering
    Test #50: test_service_introspection_discovery_ordering ...   Passed    0.04 sec
    Start 50: test_service_introspection_discovery_ordering
    Test #50: test_service_introspection_discovery_ordering ...   Passed    0.04 sec
    Start 50: test_service_introspection_discovery_ordering
    Test #50: test_service_introspection_discovery_ordering ...   Passed    0.04 sec
    Start 50: test_service_introspection_discovery_ordering
    Test #50: test_service_introspection_discovery_ordering ...   Passed    0.04 sec
    Start 50: test_service_introspection_discovery_ordering
    Test #50: test_service_introspection_discovery_ordering ...   Passed    0.04 sec
    Start 50: test_service_introspection_discovery_ordering
    Test #50: test_service_introspection_discovery_ordering ...   Passed    0.04 sec
    Start 50: test_service_introspection_discovery_ordering
    Test #50: test_service_introspection_discovery_ordering ...   Passed    0.05 sec
    Start 50: test_service_introspection_discovery_ordering
    Test #50: test_service_introspection_discovery_ordering ...   Passed    0.04 sec
    Start 50: test_service_introspection_discovery_ordering
    Test #50: test_service_introspection_discovery_ordering ...   Passed    0.04 sec
    Start 50: test_service_introspection_discovery_ordering
    Test #50: test_service_introspection_discovery_ordering ...   Passed    0.04 sec
    Start 50: test_service_introspection_discovery_ordering
    Test #50: test_service_introspection_discovery_ordering ...   Passed    0.04 sec
    Start 50: test_service_introspection_discovery_ordering
    Test #50: test_service_introspection_discovery_ordering ...   Passed    0.04 sec
    Start 50: test_service_introspection_discovery_ordering
    Test #50: test_service_introspection_discovery_ordering ...   Passed    0.04 sec
    Start 50: test_service_introspection_discovery_ordering
    Test #50: test_service_introspection_discovery_ordering ...   Passed    0.04 sec
    Start 50: test_service_introspection_discovery_ordering
    Test #50: test_service_introspection_discovery_ordering ...   Passed    0.04 sec
    Start 50: test_service_introspection_discovery_ordering
    Test #50: test_service_introspection_discovery_ordering ...   Passed    0.04 sec
    Start 50: test_service_introspection_discovery_ordering
    Test #50: test_service_introspection_discovery_ordering ...   Passed    0.04 sec
    Start 50: test_service_introspection_discovery_ordering
    Test #50: test_service_introspection_discovery_ordering ...   Passed    0.04 sec
    Start 50: test_service_introspection_discovery_ordering
    Test #50: test_service_introspection_discovery_ordering ...   Passed    0.04 sec
    Start 50: test_service_introspection_discovery_ordering
    Test #50: test_service_introspection_discovery_ordering ...   Passed    0.04 sec
    Start 50: test_service_introspection_discovery_ordering
    Test #50: test_service_introspection_discovery_ordering ...   Passed    0.04 sec
    Start 50: test_service_introspection_discovery_ordering
    Test #50: test_service_introspection_discovery_ordering ...   Passed    0.04 sec
    Start 50: test_service_introspection_discovery_ordering
    Test #50: test_service_introspection_discovery_ordering ...   Passed    0.04 sec
    Start 50: test_service_introspection_discovery_ordering
    Test #50: test_service_introspection_discovery_ordering ...   Passed    0.04 sec
    Start 50: test_service_introspection_discovery_ordering
    Test #50: test_service_introspection_discovery_ordering ...   Passed    0.04 sec
    Start 50: test_service_introspection_discovery_ordering
    Test #50: test_service_introspection_discovery_ordering ...   Passed    0.04 sec
    Start 50: test_service_introspection_discovery_ordering
    Test #50: test_service_introspection_discovery_ordering ...   Passed    0.04 sec
    Start 50: test_service_introspection_discovery_ordering
    Test #50: test_service_introspection_discovery_ordering ...   Passed    0.04 sec
    Start 50: test_service_introspection_discovery_ordering
    Test #50: test_service_introspection_discovery_ordering ...   Passed    0.04 sec
    Start 50: test_service_introspection_discovery_ordering
    Test #50: test_service_introspection_discovery_ordering ...   Passed    0.04 sec
    Start 50: test_service_introspection_discovery_ordering
    Test #50: test_service_introspection_discovery_ordering ...   Passed    0.04 sec
    Start 50: test_service_introspection_discovery_ordering
    Test #50: test_service_introspection_discovery_ordering ...   Passed    0.04 sec
    Start 50: test_service_introspection_discovery_ordering
    Test #50: test_service_introspection_discovery_ordering ...   Passed    0.04 sec
    Start 50: test_service_introspection_discovery_ordering
    Test #50: test_service_introspection_discovery_ordering ...   Passed    0.04 sec
    Start 50: test_service_introspection_discovery_ordering
    Test #50: test_service_introspection_discovery_ordering ...   Passed    0.04 sec
    Start 50: test_service_introspection_discovery_ordering
    Test #50: test_service_introspection_discovery_ordering ...   Passed    0.04 sec
    Start 50: test_service_introspection_discovery_ordering
    Test #50: test_service_introspection_discovery_ordering ...   Passed    0.04 sec
    Start 50: test_service_introspection_discovery_ordering
    Test #50: test_service_introspection_discovery_ordering ...   Passed    0.04 sec
    Start 50: test_service_introspection_discovery_ordering
1/1 Test #50: test_service_introspection_discovery_ordering ...   Passed    0.04 sec

100% tests passed, 0 tests failed out of 1

Total Test time (real) =   4.16 sec
=== Repeating test_service_introspection_discovery_self_close (100 iterations) ===
Internal ctest changing into directory: /home/hep7/project/kairos/zlink/core/build
Test project /home/hep7/project/kairos/zlink/core/build
    Start 51: test_service_introspection_discovery_self_close
    Test #51: test_service_introspection_discovery_self_close ...   Passed    0.03 sec
    Start 51: test_service_introspection_discovery_self_close
    Test #51: test_service_introspection_discovery_self_close ...   Passed    0.03 sec
    Start 51: test_service_introspection_discovery_self_close
    Test #51: test_service_introspection_discovery_self_close ...   Passed    0.03 sec
    Start 51: test_service_introspection_discovery_self_close
    Test #51: test_service_introspection_discovery_self_close ...   Passed    0.03 sec
    Start 51: test_service_introspection_discovery_self_close
    Test #51: test_service_introspection_discovery_self_close ...   Passed    0.03 sec
    Start 51: test_service_introspection_discovery_self_close
    Test #51: test_service_introspection_discovery_self_close ...   Passed    0.03 sec
    Start 51: test_service_introspection_discovery_self_close
    Test #51: test_service_introspection_discovery_self_close ...   Passed    0.03 sec
    Start 51: test_service_introspection_discovery_self_close
    Test #51: test_service_introspection_discovery_self_close ...   Passed    0.03 sec
    Start 51: test_service_introspection_discovery_self_close
    Test #51: test_service_introspection_discovery_self_close ...   Passed    0.03 sec
    Start 51: test_service_introspection_discovery_self_close
    Test #51: test_service_introspection_discovery_self_close ...   Passed    0.03 sec
    Start 51: test_service_introspection_discovery_self_close
    Test #51: test_service_introspection_discovery_self_close ...   Passed    0.03 sec
    Start 51: test_service_introspection_discovery_self_close
    Test #51: test_service_introspection_discovery_self_close ...   Passed    0.03 sec
    Start 51: test_service_introspection_discovery_self_close
    Test #51: test_service_introspection_discovery_self_close ...   Passed    0.03 sec
    Start 51: test_service_introspection_discovery_self_close
    Test #51: test_service_introspection_discovery_self_close ...   Passed    0.03 sec
    Start 51: test_service_introspection_discovery_self_close
    Test #51: test_service_introspection_discovery_self_close ...   Passed    0.03 sec
    Start 51: test_service_introspection_discovery_self_close
    Test #51: test_service_introspection_discovery_self_close ...   Passed    0.03 sec
    Start 51: test_service_introspection_discovery_self_close
    Test #51: test_service_introspection_discovery_self_close ...   Passed    0.03 sec
    Start 51: test_service_introspection_discovery_self_close
    Test #51: test_service_introspection_discovery_self_close ...   Passed    0.03 sec
    Start 51: test_service_introspection_discovery_self_close
    Test #51: test_service_introspection_discovery_self_close ...   Passed    0.03 sec
    Start 51: test_service_introspection_discovery_self_close
    Test #51: test_service_introspection_discovery_self_close ...   Passed    0.03 sec
    Start 51: test_service_introspection_discovery_self_close
    Test #51: test_service_introspection_discovery_self_close ...   Passed    0.03 sec
    Start 51: test_service_introspection_discovery_self_close
    Test #51: test_service_introspection_discovery_self_close ...   Passed    0.03 sec
    Start 51: test_service_introspection_discovery_self_close
    Test #51: test_service_introspection_discovery_self_close ...   Passed    0.03 sec
    Start 51: test_service_introspection_discovery_self_close
    Test #51: test_service_introspection_discovery_self_close ...   Passed    0.03 sec
    Start 51: test_service_introspection_discovery_self_close
    Test #51: test_service_introspection_discovery_self_close ...   Passed    0.03 sec
    Start 51: test_service_introspection_discovery_self_close
    Test #51: test_service_introspection_discovery_self_close ...   Passed    0.03 sec
    Start 51: test_service_introspection_discovery_self_close
    Test #51: test_service_introspection_discovery_self_close ...   Passed    0.03 sec
    Start 51: test_service_introspection_discovery_self_close
    Test #51: test_service_introspection_discovery_self_close ...   Passed    0.03 sec
    Start 51: test_service_introspection_discovery_self_close
    Test #51: test_service_introspection_discovery_self_close ...   Passed    0.03 sec
    Start 51: test_service_introspection_discovery_self_close
    Test #51: test_service_introspection_discovery_self_close ...   Passed    0.03 sec
    Start 51: test_service_introspection_discovery_self_close
    Test #51: test_service_introspection_discovery_self_close ...   Passed    0.03 sec
    Start 51: test_service_introspection_discovery_self_close
    Test #51: test_service_introspection_discovery_self_close ...   Passed    0.03 sec
    Start 51: test_service_introspection_discovery_self_close
    Test #51: test_service_introspection_discovery_self_close ...   Passed    0.03 sec
    Start 51: test_service_introspection_discovery_self_close
    Test #51: test_service_introspection_discovery_self_close ...   Passed    0.03 sec
    Start 51: test_service_introspection_discovery_self_close
    Test #51: test_service_introspection_discovery_self_close ...   Passed    0.03 sec
    Start 51: test_service_introspection_discovery_self_close
    Test #51: test_service_introspection_discovery_self_close ...   Passed    0.03 sec
    Start 51: test_service_introspection_discovery_self_close
    Test #51: test_service_introspection_discovery_self_close ...   Passed    0.03 sec
    Start 51: test_service_introspection_discovery_self_close
    Test #51: test_service_introspection_discovery_self_close ...   Passed    0.03 sec
    Start 51: test_service_introspection_discovery_self_close
    Test #51: test_service_introspection_discovery_self_close ...   Passed    0.03 sec
    Start 51: test_service_introspection_discovery_self_close
    Test #51: test_service_introspection_discovery_self_close ...   Passed    0.03 sec
    Start 51: test_service_introspection_discovery_self_close
    Test #51: test_service_introspection_discovery_self_close ...   Passed    0.03 sec
    Start 51: test_service_introspection_discovery_self_close
    Test #51: test_service_introspection_discovery_self_close ...   Passed    0.03 sec
    Start 51: test_service_introspection_discovery_self_close
    Test #51: test_service_introspection_discovery_self_close ...   Passed    0.03 sec
    Start 51: test_service_introspection_discovery_self_close
    Test #51: test_service_introspection_discovery_self_close ...   Passed    0.03 sec
    Start 51: test_service_introspection_discovery_self_close
    Test #51: test_service_introspection_discovery_self_close ...   Passed    0.03 sec
    Start 51: test_service_introspection_discovery_self_close
    Test #51: test_service_introspection_discovery_self_close ...   Passed    0.03 sec
    Start 51: test_service_introspection_discovery_self_close
    Test #51: test_service_introspection_discovery_self_close ...   Passed    0.03 sec
    Start 51: test_service_introspection_discovery_self_close
    Test #51: test_service_introspection_discovery_self_close ...   Passed    0.03 sec
    Start 51: test_service_introspection_discovery_self_close
    Test #51: test_service_introspection_discovery_self_close ...   Passed    0.03 sec
    Start 51: test_service_introspection_discovery_self_close
    Test #51: test_service_introspection_discovery_self_close ...   Passed    0.03 sec
    Start 51: test_service_introspection_discovery_self_close
    Test #51: test_service_introspection_discovery_self_close ...   Passed    0.04 sec
    Start 51: test_service_introspection_discovery_self_close
    Test #51: test_service_introspection_discovery_self_close ...   Passed    0.03 sec
    Start 51: test_service_introspection_discovery_self_close
    Test #51: test_service_introspection_discovery_self_close ...   Passed    0.03 sec
    Start 51: test_service_introspection_discovery_self_close
    Test #51: test_service_introspection_discovery_self_close ...   Passed    0.03 sec
    Start 51: test_service_introspection_discovery_self_close
    Test #51: test_service_introspection_discovery_self_close ...   Passed    0.03 sec
    Start 51: test_service_introspection_discovery_self_close
    Test #51: test_service_introspection_discovery_self_close ...   Passed    0.03 sec
    Start 51: test_service_introspection_discovery_self_close
    Test #51: test_service_introspection_discovery_self_close ...   Passed    0.03 sec
    Start 51: test_service_introspection_discovery_self_close
    Test #51: test_service_introspection_discovery_self_close ...   Passed    0.03 sec
    Start 51: test_service_introspection_discovery_self_close
    Test #51: test_service_introspection_discovery_self_close ...   Passed    0.03 sec
    Start 51: test_service_introspection_discovery_self_close
    Test #51: test_service_introspection_discovery_self_close ...   Passed    0.03 sec
    Start 51: test_service_introspection_discovery_self_close
    Test #51: test_service_introspection_discovery_self_close ...   Passed    0.03 sec
    Start 51: test_service_introspection_discovery_self_close
    Test #51: test_service_introspection_discovery_self_close ...   Passed    0.03 sec
    Start 51: test_service_introspection_discovery_self_close
    Test #51: test_service_introspection_discovery_self_close ...   Passed    0.03 sec
    Start 51: test_service_introspection_discovery_self_close
    Test #51: test_service_introspection_discovery_self_close ...   Passed    0.03 sec
    Start 51: test_service_introspection_discovery_self_close
    Test #51: test_service_introspection_discovery_self_close ...   Passed    0.03 sec
    Start 51: test_service_introspection_discovery_self_close
    Test #51: test_service_introspection_discovery_self_close ...   Passed    0.03 sec
    Start 51: test_service_introspection_discovery_self_close
    Test #51: test_service_introspection_discovery_self_close ...   Passed    0.03 sec
    Start 51: test_service_introspection_discovery_self_close
    Test #51: test_service_introspection_discovery_self_close ...   Passed    0.03 sec
    Start 51: test_service_introspection_discovery_self_close
    Test #51: test_service_introspection_discovery_self_close ...   Passed    0.03 sec
    Start 51: test_service_introspection_discovery_self_close
    Test #51: test_service_introspection_discovery_self_close ...   Passed    0.03 sec
    Start 51: test_service_introspection_discovery_self_close
    Test #51: test_service_introspection_discovery_self_close ...   Passed    0.03 sec
    Start 51: test_service_introspection_discovery_self_close
    Test #51: test_service_introspection_discovery_self_close ...   Passed    0.03 sec
    Start 51: test_service_introspection_discovery_self_close
    Test #51: test_service_introspection_discovery_self_close ...   Passed    0.03 sec
    Start 51: test_service_introspection_discovery_self_close
    Test #51: test_service_introspection_discovery_self_close ...   Passed    0.03 sec
    Start 51: test_service_introspection_discovery_self_close
    Test #51: test_service_introspection_discovery_self_close ...   Passed    0.03 sec
    Start 51: test_service_introspection_discovery_self_close
    Test #51: test_service_introspection_discovery_self_close ...   Passed    0.03 sec
    Start 51: test_service_introspection_discovery_self_close
    Test #51: test_service_introspection_discovery_self_close ...   Passed    0.03 sec
    Start 51: test_service_introspection_discovery_self_close
    Test #51: test_service_introspection_discovery_self_close ...   Passed    0.03 sec
    Start 51: test_service_introspection_discovery_self_close
    Test #51: test_service_introspection_discovery_self_close ...   Passed    0.03 sec
    Start 51: test_service_introspection_discovery_self_close
    Test #51: test_service_introspection_discovery_self_close ...   Passed    0.03 sec
    Start 51: test_service_introspection_discovery_self_close
    Test #51: test_service_introspection_discovery_self_close ...   Passed    0.03 sec
    Start 51: test_service_introspection_discovery_self_close
    Test #51: test_service_introspection_discovery_self_close ...   Passed    0.03 sec
    Start 51: test_service_introspection_discovery_self_close
    Test #51: test_service_introspection_discovery_self_close ...   Passed    0.03 sec
    Start 51: test_service_introspection_discovery_self_close
    Test #51: test_service_introspection_discovery_self_close ...   Passed    0.03 sec
    Start 51: test_service_introspection_discovery_self_close
    Test #51: test_service_introspection_discovery_self_close ...   Passed    0.03 sec
    Start 51: test_service_introspection_discovery_self_close
    Test #51: test_service_introspection_discovery_self_close ...   Passed    0.03 sec
    Start 51: test_service_introspection_discovery_self_close
    Test #51: test_service_introspection_discovery_self_close ...   Passed    0.03 sec
    Start 51: test_service_introspection_discovery_self_close
    Test #51: test_service_introspection_discovery_self_close ...   Passed    0.03 sec
    Start 51: test_service_introspection_discovery_self_close
    Test #51: test_service_introspection_discovery_self_close ...   Passed    0.03 sec
    Start 51: test_service_introspection_discovery_self_close
    Test #51: test_service_introspection_discovery_self_close ...   Passed    0.03 sec
    Start 51: test_service_introspection_discovery_self_close
    Test #51: test_service_introspection_discovery_self_close ...   Passed    0.03 sec
    Start 51: test_service_introspection_discovery_self_close
    Test #51: test_service_introspection_discovery_self_close ...   Passed    0.03 sec
    Start 51: test_service_introspection_discovery_self_close
    Test #51: test_service_introspection_discovery_self_close ...   Passed    0.03 sec
    Start 51: test_service_introspection_discovery_self_close
    Test #51: test_service_introspection_discovery_self_close ...   Passed    0.03 sec
    Start 51: test_service_introspection_discovery_self_close
    Test #51: test_service_introspection_discovery_self_close ...   Passed    0.03 sec
    Start 51: test_service_introspection_discovery_self_close
    Test #51: test_service_introspection_discovery_self_close ...   Passed    0.03 sec
    Start 51: test_service_introspection_discovery_self_close
    Test #51: test_service_introspection_discovery_self_close ...   Passed    0.03 sec
    Start 51: test_service_introspection_discovery_self_close
    Test #51: test_service_introspection_discovery_self_close ...   Passed    0.03 sec
    Start 51: test_service_introspection_discovery_self_close
    Test #51: test_service_introspection_discovery_self_close ...   Passed    0.03 sec
    Start 51: test_service_introspection_discovery_self_close
1/1 Test #51: test_service_introspection_discovery_self_close ...   Passed    0.03 sec

100% tests passed, 0 tests failed out of 1

Total Test time (real) =   3.33 sec
=== Repeating test_gateway_runtime_reads (100 iterations) ===
Internal ctest changing into directory: /home/hep7/project/kairos/zlink/core/build
Test project /home/hep7/project/kairos/zlink/core/build
    Start 97: test_gateway_runtime_reads
    Test #97: test_gateway_runtime_reads .......   Passed    0.03 sec
    Start 97: test_gateway_runtime_reads
    Test #97: test_gateway_runtime_reads .......   Passed    0.03 sec
    Start 97: test_gateway_runtime_reads
    Test #97: test_gateway_runtime_reads .......   Passed    0.03 sec
    Start 97: test_gateway_runtime_reads
    Test #97: test_gateway_runtime_reads .......   Passed    0.03 sec
    Start 97: test_gateway_runtime_reads
    Test #97: test_gateway_runtime_reads .......   Passed    0.03 sec
    Start 97: test_gateway_runtime_reads
    Test #97: test_gateway_runtime_reads .......   Passed    0.03 sec
    Start 97: test_gateway_runtime_reads
    Test #97: test_gateway_runtime_reads .......   Passed    0.03 sec
    Start 97: test_gateway_runtime_reads
    Test #97: test_gateway_runtime_reads .......   Passed    0.03 sec
    Start 97: test_gateway_runtime_reads
    Test #97: test_gateway_runtime_reads .......   Passed    0.03 sec
    Start 97: test_gateway_runtime_reads
    Test #97: test_gateway_runtime_reads .......   Passed    0.03 sec
    Start 97: test_gateway_runtime_reads
    Test #97: test_gateway_runtime_reads .......   Passed    0.03 sec
    Start 97: test_gateway_runtime_reads
    Test #97: test_gateway_runtime_reads .......   Passed    0.03 sec
    Start 97: test_gateway_runtime_reads
    Test #97: test_gateway_runtime_reads .......   Passed    0.03 sec
    Start 97: test_gateway_runtime_reads
    Test #97: test_gateway_runtime_reads .......   Passed    0.03 sec
    Start 97: test_gateway_runtime_reads
    Test #97: test_gateway_runtime_reads .......   Passed    0.03 sec
    Start 97: test_gateway_runtime_reads
    Test #97: test_gateway_runtime_reads .......   Passed    0.03 sec
    Start 97: test_gateway_runtime_reads
    Test #97: test_gateway_runtime_reads .......   Passed    0.03 sec
    Start 97: test_gateway_runtime_reads
    Test #97: test_gateway_runtime_reads .......   Passed    0.03 sec
    Start 97: test_gateway_runtime_reads
    Test #97: test_gateway_runtime_reads .......   Passed    0.03 sec
    Start 97: test_gateway_runtime_reads
    Test #97: test_gateway_runtime_reads .......   Passed    0.03 sec
    Start 97: test_gateway_runtime_reads
    Test #97: test_gateway_runtime_reads .......   Passed    0.03 sec
    Start 97: test_gateway_runtime_reads
    Test #97: test_gateway_runtime_reads .......   Passed    0.03 sec
    Start 97: test_gateway_runtime_reads
    Test #97: test_gateway_runtime_reads .......   Passed    0.03 sec
    Start 97: test_gateway_runtime_reads
    Test #97: test_gateway_runtime_reads .......   Passed    0.03 sec
    Start 97: test_gateway_runtime_reads
    Test #97: test_gateway_runtime_reads .......   Passed    0.03 sec
    Start 97: test_gateway_runtime_reads
    Test #97: test_gateway_runtime_reads .......   Passed    0.03 sec
    Start 97: test_gateway_runtime_reads
    Test #97: test_gateway_runtime_reads .......   Passed    0.03 sec
    Start 97: test_gateway_runtime_reads
    Test #97: test_gateway_runtime_reads .......   Passed    0.04 sec
    Start 97: test_gateway_runtime_reads
    Test #97: test_gateway_runtime_reads .......   Passed    0.03 sec
    Start 97: test_gateway_runtime_reads
    Test #97: test_gateway_runtime_reads .......   Passed    0.03 sec
    Start 97: test_gateway_runtime_reads
    Test #97: test_gateway_runtime_reads .......   Passed    0.03 sec
    Start 97: test_gateway_runtime_reads
    Test #97: test_gateway_runtime_reads .......   Passed    0.03 sec
    Start 97: test_gateway_runtime_reads
    Test #97: test_gateway_runtime_reads .......   Passed    0.03 sec
    Start 97: test_gateway_runtime_reads
    Test #97: test_gateway_runtime_reads .......   Passed    0.03 sec
    Start 97: test_gateway_runtime_reads
    Test #97: test_gateway_runtime_reads .......   Passed    0.03 sec
    Start 97: test_gateway_runtime_reads
    Test #97: test_gateway_runtime_reads .......   Passed    0.03 sec
    Start 97: test_gateway_runtime_reads
    Test #97: test_gateway_runtime_reads .......   Passed    0.03 sec
    Start 97: test_gateway_runtime_reads
    Test #97: test_gateway_runtime_reads .......   Passed    0.03 sec
    Start 97: test_gateway_runtime_reads
    Test #97: test_gateway_runtime_reads .......   Passed    0.03 sec
    Start 97: test_gateway_runtime_reads
    Test #97: test_gateway_runtime_reads .......   Passed    0.03 sec
    Start 97: test_gateway_runtime_reads
    Test #97: test_gateway_runtime_reads .......   Passed    0.03 sec
    Start 97: test_gateway_runtime_reads
    Test #97: test_gateway_runtime_reads .......   Passed    0.04 sec
    Start 97: test_gateway_runtime_reads
    Test #97: test_gateway_runtime_reads .......   Passed    0.03 sec
    Start 97: test_gateway_runtime_reads
    Test #97: test_gateway_runtime_reads .......   Passed    0.03 sec
    Start 97: test_gateway_runtime_reads
    Test #97: test_gateway_runtime_reads .......   Passed    0.03 sec
    Start 97: test_gateway_runtime_reads
    Test #97: test_gateway_runtime_reads .......   Passed    0.03 sec
    Start 97: test_gateway_runtime_reads
    Test #97: test_gateway_runtime_reads .......   Passed    0.03 sec
    Start 97: test_gateway_runtime_reads
    Test #97: test_gateway_runtime_reads .......   Passed    0.03 sec
    Start 97: test_gateway_runtime_reads
    Test #97: test_gateway_runtime_reads .......   Passed    0.03 sec
    Start 97: test_gateway_runtime_reads
    Test #97: test_gateway_runtime_reads .......   Passed    0.03 sec
    Start 97: test_gateway_runtime_reads
    Test #97: test_gateway_runtime_reads .......   Passed    0.03 sec
    Start 97: test_gateway_runtime_reads
    Test #97: test_gateway_runtime_reads .......   Passed    0.03 sec
    Start 97: test_gateway_runtime_reads
    Test #97: test_gateway_runtime_reads .......   Passed    0.03 sec
    Start 97: test_gateway_runtime_reads
    Test #97: test_gateway_runtime_reads .......   Passed    0.03 sec
    Start 97: test_gateway_runtime_reads
    Test #97: test_gateway_runtime_reads .......   Passed    0.03 sec
    Start 97: test_gateway_runtime_reads
    Test #97: test_gateway_runtime_reads .......   Passed    0.03 sec
    Start 97: test_gateway_runtime_reads
    Test #97: test_gateway_runtime_reads .......   Passed    0.03 sec
    Start 97: test_gateway_runtime_reads
    Test #97: test_gateway_runtime_reads .......   Passed    0.03 sec
    Start 97: test_gateway_runtime_reads
    Test #97: test_gateway_runtime_reads .......   Passed    0.03 sec
    Start 97: test_gateway_runtime_reads
    Test #97: test_gateway_runtime_reads .......   Passed    0.04 sec
    Start 97: test_gateway_runtime_reads
    Test #97: test_gateway_runtime_reads .......   Passed    0.03 sec
    Start 97: test_gateway_runtime_reads
    Test #97: test_gateway_runtime_reads .......   Passed    0.03 sec
    Start 97: test_gateway_runtime_reads
    Test #97: test_gateway_runtime_reads .......   Passed    0.03 sec
    Start 97: test_gateway_runtime_reads
    Test #97: test_gateway_runtime_reads .......   Passed    0.03 sec
    Start 97: test_gateway_runtime_reads
    Test #97: test_gateway_runtime_reads .......   Passed    0.03 sec
    Start 97: test_gateway_runtime_reads
    Test #97: test_gateway_runtime_reads .......   Passed    0.03 sec
    Start 97: test_gateway_runtime_reads
    Test #97: test_gateway_runtime_reads .......***Timeout  60.03 sec


0% tests passed, 1 tests failed out of 1

Label Time Summary:
integration    =  60.03 sec*proc (1 test)
serial         =  60.03 sec*proc (1 test)

Total Test time (real) =  62.18 sec

The following tests FAILED:
	 97 - test_gateway_runtime_reads (Timeout)
Errors while running CTest
