=== Verifying stress test registration ===
=== Stress test registration verified ===
=== Repeating test_service_introspection_discovery_control_path (10 iterations) ===
--- test_service_introspection_discovery_control_path iteration 1/10 ---
Internal ctest changing into directory: /home/hep7/project/kairos/zlink/core/build
Test project /home/hep7/project/kairos/zlink/core/build
    Start 57: test_service_introspection_discovery_control_path
1/1 Test #57: test_service_introspection_discovery_control_path ...   Passed    0.01 sec

100% tests passed, 0 tests failed out of 1

Total Test time (real) =   0.01 sec
--- test_service_introspection_discovery_control_path iteration 2/10 ---
Internal ctest changing into directory: /home/hep7/project/kairos/zlink/core/build
Test project /home/hep7/project/kairos/zlink/core/build
    Start 57: test_service_introspection_discovery_control_path
1/1 Test #57: test_service_introspection_discovery_control_path ...   Passed    0.01 sec

100% tests passed, 0 tests failed out of 1

Total Test time (real) =   0.01 sec
--- test_service_introspection_discovery_control_path iteration 3/10 ---
Internal ctest changing into directory: /home/hep7/project/kairos/zlink/core/build
Test project /home/hep7/project/kairos/zlink/core/build
    Start 57: test_service_introspection_discovery_control_path
1/1 Test #57: test_service_introspection_discovery_control_path ...   Passed    0.01 sec

100% tests passed, 0 tests failed out of 1

Total Test time (real) =   0.01 sec
--- test_service_introspection_discovery_control_path iteration 4/10 ---
Internal ctest changing into directory: /home/hep7/project/kairos/zlink/core/build
Test project /home/hep7/project/kairos/zlink/core/build
    Start 57: test_service_introspection_discovery_control_path
1/1 Test #57: test_service_introspection_discovery_control_path ...   Passed    0.01 sec

100% tests passed, 0 tests failed out of 1

Total Test time (real) =   0.01 sec
--- test_service_introspection_discovery_control_path iteration 5/10 ---
Internal ctest changing into directory: /home/hep7/project/kairos/zlink/core/build
Test project /home/hep7/project/kairos/zlink/core/build
    Start 57: test_service_introspection_discovery_control_path
1/1 Test #57: test_service_introspection_discovery_control_path ...   Passed    0.01 sec

100% tests passed, 0 tests failed out of 1

Total Test time (real) =   0.01 sec
--- test_service_introspection_discovery_control_path iteration 6/10 ---
Internal ctest changing into directory: /home/hep7/project/kairos/zlink/core/build
Test project /home/hep7/project/kairos/zlink/core/build
    Start 57: test_service_introspection_discovery_control_path
1/1 Test #57: test_service_introspection_discovery_control_path ...   Passed    0.01 sec

100% tests passed, 0 tests failed out of 1

Total Test time (real) =   0.01 sec
--- test_service_introspection_discovery_control_path iteration 7/10 ---
Internal ctest changing into directory: /home/hep7/project/kairos/zlink/core/build
Test project /home/hep7/project/kairos/zlink/core/build
    Start 57: test_service_introspection_discovery_control_path
1/1 Test #57: test_service_introspection_discovery_control_path ...   Passed    0.01 sec

100% tests passed, 0 tests failed out of 1

Total Test time (real) =   0.01 sec
--- test_service_introspection_discovery_control_path iteration 8/10 ---
Internal ctest changing into directory: /home/hep7/project/kairos/zlink/core/build
Test project /home/hep7/project/kairos/zlink/core/build
    Start 57: test_service_introspection_discovery_control_path
1/1 Test #57: test_service_introspection_discovery_control_path ...   Passed    0.01 sec

100% tests passed, 0 tests failed out of 1

Total Test time (real) =   0.01 sec
--- test_service_introspection_discovery_control_path iteration 9/10 ---
Internal ctest changing into directory: /home/hep7/project/kairos/zlink/core/build
Test project /home/hep7/project/kairos/zlink/core/build
    Start 57: test_service_introspection_discovery_control_path
1/1 Test #57: test_service_introspection_discovery_control_path ...   Passed    0.01 sec

100% tests passed, 0 tests failed out of 1

Total Test time (real) =   0.01 sec
--- test_service_introspection_discovery_control_path iteration 10/10 ---
Internal ctest changing into directory: /home/hep7/project/kairos/zlink/core/build
Test project /home/hep7/project/kairos/zlink/core/build
    Start 57: test_service_introspection_discovery_control_path
1/1 Test #57: test_service_introspection_discovery_control_path ...   Passed    0.01 sec

100% tests passed, 0 tests failed out of 1

Total Test time (real) =   0.01 sec
=== Repeating test_service_introspection_discovery_ordering (10 iterations) ===
--- test_service_introspection_discovery_ordering iteration 1/10 ---
Internal ctest changing into directory: /home/hep7/project/kairos/zlink/core/build
Test project /home/hep7/project/kairos/zlink/core/build
    Start 50: test_service_introspection_discovery_ordering
1/1 Test #50: test_service_introspection_discovery_ordering ...   Passed    0.04 sec

100% tests passed, 0 tests failed out of 1

Total Test time (real) =   0.04 sec
--- test_service_introspection_discovery_ordering iteration 2/10 ---
Internal ctest changing into directory: /home/hep7/project/kairos/zlink/core/build
Test project /home/hep7/project/kairos/zlink/core/build
    Start 50: test_service_introspection_discovery_ordering
1/1 Test #50: test_service_introspection_discovery_ordering ...   Passed    0.04 sec

100% tests passed, 0 tests failed out of 1

Total Test time (real) =   0.04 sec
--- test_service_introspection_discovery_ordering iteration 3/10 ---
Internal ctest changing into directory: /home/hep7/project/kairos/zlink/core/build
Test project /home/hep7/project/kairos/zlink/core/build
    Start 50: test_service_introspection_discovery_ordering
1/1 Test #50: test_service_introspection_discovery_ordering ...   Passed    0.04 sec

100% tests passed, 0 tests failed out of 1

Total Test time (real) =   0.04 sec
--- test_service_introspection_discovery_ordering iteration 4/10 ---
Internal ctest changing into directory: /home/hep7/project/kairos/zlink/core/build
Test project /home/hep7/project/kairos/zlink/core/build
    Start 50: test_service_introspection_discovery_ordering
1/1 Test #50: test_service_introspection_discovery_ordering ...   Passed    0.04 sec

100% tests passed, 0 tests failed out of 1

Total Test time (real) =   0.04 sec
--- test_service_introspection_discovery_ordering iteration 5/10 ---
Internal ctest changing into directory: /home/hep7/project/kairos/zlink/core/build
Test project /home/hep7/project/kairos/zlink/core/build
    Start 50: test_service_introspection_discovery_ordering
1/1 Test #50: test_service_introspection_discovery_ordering ...   Passed    0.04 sec

100% tests passed, 0 tests failed out of 1

Total Test time (real) =   0.04 sec
--- test_service_introspection_discovery_ordering iteration 6/10 ---
Internal ctest changing into directory: /home/hep7/project/kairos/zlink/core/build
Test project /home/hep7/project/kairos/zlink/core/build
    Start 50: test_service_introspection_discovery_ordering
1/1 Test #50: test_service_introspection_discovery_ordering ...   Passed    0.04 sec

100% tests passed, 0 tests failed out of 1

Total Test time (real) =   0.04 sec
--- test_service_introspection_discovery_ordering iteration 7/10 ---
Internal ctest changing into directory: /home/hep7/project/kairos/zlink/core/build
Test project /home/hep7/project/kairos/zlink/core/build
    Start 50: test_service_introspection_discovery_ordering
1/1 Test #50: test_service_introspection_discovery_ordering ...   Passed    0.04 sec

100% tests passed, 0 tests failed out of 1

Total Test time (real) =   0.04 sec
--- test_service_introspection_discovery_ordering iteration 8/10 ---
Internal ctest changing into directory: /home/hep7/project/kairos/zlink/core/build
Test project /home/hep7/project/kairos/zlink/core/build
    Start 50: test_service_introspection_discovery_ordering
1/1 Test #50: test_service_introspection_discovery_ordering ...   Passed    0.04 sec

100% tests passed, 0 tests failed out of 1

Total Test time (real) =   0.04 sec
--- test_service_introspection_discovery_ordering iteration 9/10 ---
Internal ctest changing into directory: /home/hep7/project/kairos/zlink/core/build
Test project /home/hep7/project/kairos/zlink/core/build
    Start 50: test_service_introspection_discovery_ordering
1/1 Test #50: test_service_introspection_discovery_ordering ...   Passed    0.04 sec

100% tests passed, 0 tests failed out of 1

Total Test time (real) =   0.04 sec
--- test_service_introspection_discovery_ordering iteration 10/10 ---
Internal ctest changing into directory: /home/hep7/project/kairos/zlink/core/build
Test project /home/hep7/project/kairos/zlink/core/build
    Start 50: test_service_introspection_discovery_ordering
1/1 Test #50: test_service_introspection_discovery_ordering ...   Passed    0.04 sec

100% tests passed, 0 tests failed out of 1

Total Test time (real) =   0.04 sec
=== Repeating test_service_introspection_discovery_self_close (10 iterations) ===
--- test_service_introspection_discovery_self_close iteration 1/10 ---
Internal ctest changing into directory: /home/hep7/project/kairos/zlink/core/build
Test project /home/hep7/project/kairos/zlink/core/build
    Start 51: test_service_introspection_discovery_self_close
1/1 Test #51: test_service_introspection_discovery_self_close ...   Passed    0.03 sec

100% tests passed, 0 tests failed out of 1

Total Test time (real) =   0.03 sec
--- test_service_introspection_discovery_self_close iteration 2/10 ---
Internal ctest changing into directory: /home/hep7/project/kairos/zlink/core/build
Test project /home/hep7/project/kairos/zlink/core/build
    Start 51: test_service_introspection_discovery_self_close
1/1 Test #51: test_service_introspection_discovery_self_close ...   Passed    0.03 sec

100% tests passed, 0 tests failed out of 1

Total Test time (real) =   0.03 sec
--- test_service_introspection_discovery_self_close iteration 3/10 ---
Internal ctest changing into directory: /home/hep7/project/kairos/zlink/core/build
Test project /home/hep7/project/kairos/zlink/core/build
    Start 51: test_service_introspection_discovery_self_close
1/1 Test #51: test_service_introspection_discovery_self_close ...   Passed    0.03 sec

100% tests passed, 0 tests failed out of 1

Total Test time (real) =   0.03 sec
--- test_service_introspection_discovery_self_close iteration 4/10 ---
Internal ctest changing into directory: /home/hep7/project/kairos/zlink/core/build
Test project /home/hep7/project/kairos/zlink/core/build
    Start 51: test_service_introspection_discovery_self_close
1/1 Test #51: test_service_introspection_discovery_self_close ...   Passed    0.03 sec

100% tests passed, 0 tests failed out of 1

Total Test time (real) =   0.03 sec
--- test_service_introspection_discovery_self_close iteration 5/10 ---
Internal ctest changing into directory: /home/hep7/project/kairos/zlink/core/build
Test project /home/hep7/project/kairos/zlink/core/build
    Start 51: test_service_introspection_discovery_self_close
1/1 Test #51: test_service_introspection_discovery_self_close ...   Passed    0.03 sec

100% tests passed, 0 tests failed out of 1

Total Test time (real) =   0.03 sec
--- test_service_introspection_discovery_self_close iteration 6/10 ---
Internal ctest changing into directory: /home/hep7/project/kairos/zlink/core/build
Test project /home/hep7/project/kairos/zlink/core/build
    Start 51: test_service_introspection_discovery_self_close
1/1 Test #51: test_service_introspection_discovery_self_close ...   Passed    0.03 sec

100% tests passed, 0 tests failed out of 1

Total Test time (real) =   0.03 sec
--- test_service_introspection_discovery_self_close iteration 7/10 ---
Internal ctest changing into directory: /home/hep7/project/kairos/zlink/core/build
Test project /home/hep7/project/kairos/zlink/core/build
    Start 51: test_service_introspection_discovery_self_close
1/1 Test #51: test_service_introspection_discovery_self_close ...   Passed    0.03 sec

100% tests passed, 0 tests failed out of 1

Total Test time (real) =   0.03 sec
--- test_service_introspection_discovery_self_close iteration 8/10 ---
Internal ctest changing into directory: /home/hep7/project/kairos/zlink/core/build
Test project /home/hep7/project/kairos/zlink/core/build
    Start 51: test_service_introspection_discovery_self_close
1/1 Test #51: test_service_introspection_discovery_self_close ...   Passed    0.03 sec

100% tests passed, 0 tests failed out of 1

Total Test time (real) =   0.03 sec
--- test_service_introspection_discovery_self_close iteration 9/10 ---
Internal ctest changing into directory: /home/hep7/project/kairos/zlink/core/build
Test project /home/hep7/project/kairos/zlink/core/build
    Start 51: test_service_introspection_discovery_self_close
1/1 Test #51: test_service_introspection_discovery_self_close ...   Passed    0.03 sec

100% tests passed, 0 tests failed out of 1

Total Test time (real) =   0.03 sec
--- test_service_introspection_discovery_self_close iteration 10/10 ---
Internal ctest changing into directory: /home/hep7/project/kairos/zlink/core/build
Test project /home/hep7/project/kairos/zlink/core/build
    Start 51: test_service_introspection_discovery_self_close
1/1 Test #51: test_service_introspection_discovery_self_close ...   Passed    0.03 sec

100% tests passed, 0 tests failed out of 1

Total Test time (real) =   0.03 sec
=== Repeating test_service_introspection_discovery_lifecycle (10 iterations) ===
--- test_service_introspection_discovery_lifecycle iteration 1/10 ---
Internal ctest changing into directory: /home/hep7/project/kairos/zlink/core/build
Test project /home/hep7/project/kairos/zlink/core/build
    Start 53: test_service_introspection_discovery_lifecycle
1/1 Test #53: test_service_introspection_discovery_lifecycle ...   Passed    0.01 sec

100% tests passed, 0 tests failed out of 1

Total Test time (real) =   0.01 sec
--- test_service_introspection_discovery_lifecycle iteration 2/10 ---
Internal ctest changing into directory: /home/hep7/project/kairos/zlink/core/build
Test project /home/hep7/project/kairos/zlink/core/build
    Start 53: test_service_introspection_discovery_lifecycle
1/1 Test #53: test_service_introspection_discovery_lifecycle ...   Passed    0.01 sec

100% tests passed, 0 tests failed out of 1

Total Test time (real) =   0.01 sec
--- test_service_introspection_discovery_lifecycle iteration 3/10 ---
Internal ctest changing into directory: /home/hep7/project/kairos/zlink/core/build
Test project /home/hep7/project/kairos/zlink/core/build
    Start 53: test_service_introspection_discovery_lifecycle
1/1 Test #53: test_service_introspection_discovery_lifecycle ...   Passed    0.01 sec

100% tests passed, 0 tests failed out of 1

Total Test time (real) =   0.01 sec
--- test_service_introspection_discovery_lifecycle iteration 4/10 ---
Internal ctest changing into directory: /home/hep7/project/kairos/zlink/core/build
Test project /home/hep7/project/kairos/zlink/core/build
    Start 53: test_service_introspection_discovery_lifecycle
1/1 Test #53: test_service_introspection_discovery_lifecycle ...   Passed    0.01 sec

100% tests passed, 0 tests failed out of 1

Total Test time (real) =   0.01 sec
--- test_service_introspection_discovery_lifecycle iteration 5/10 ---
Internal ctest changing into directory: /home/hep7/project/kairos/zlink/core/build
Test project /home/hep7/project/kairos/zlink/core/build
    Start 53: test_service_introspection_discovery_lifecycle
1/1 Test #53: test_service_introspection_discovery_lifecycle ...   Passed    0.01 sec

100% tests passed, 0 tests failed out of 1

Total Test time (real) =   0.01 sec
--- test_service_introspection_discovery_lifecycle iteration 6/10 ---
Internal ctest changing into directory: /home/hep7/project/kairos/zlink/core/build
Test project /home/hep7/project/kairos/zlink/core/build
    Start 53: test_service_introspection_discovery_lifecycle
1/1 Test #53: test_service_introspection_discovery_lifecycle ...   Passed    0.01 sec

100% tests passed, 0 tests failed out of 1

Total Test time (real) =   0.01 sec
--- test_service_introspection_discovery_lifecycle iteration 7/10 ---
Internal ctest changing into directory: /home/hep7/project/kairos/zlink/core/build
Test project /home/hep7/project/kairos/zlink/core/build
    Start 53: test_service_introspection_discovery_lifecycle
1/1 Test #53: test_service_introspection_discovery_lifecycle ...   Passed    0.01 sec

100% tests passed, 0 tests failed out of 1

Total Test time (real) =   0.01 sec
--- test_service_introspection_discovery_lifecycle iteration 8/10 ---
Internal ctest changing into directory: /home/hep7/project/kairos/zlink/core/build
Test project /home/hep7/project/kairos/zlink/core/build
    Start 53: test_service_introspection_discovery_lifecycle
1/1 Test #53: test_service_introspection_discovery_lifecycle ...   Passed    0.01 sec

100% tests passed, 0 tests failed out of 1

Total Test time (real) =   0.01 sec
--- test_service_introspection_discovery_lifecycle iteration 9/10 ---
Internal ctest changing into directory: /home/hep7/project/kairos/zlink/core/build
Test project /home/hep7/project/kairos/zlink/core/build
    Start 53: test_service_introspection_discovery_lifecycle
1/1 Test #53: test_service_introspection_discovery_lifecycle ...   Passed    0.01 sec

100% tests passed, 0 tests failed out of 1

Total Test time (real) =   0.01 sec
--- test_service_introspection_discovery_lifecycle iteration 10/10 ---
Internal ctest changing into directory: /home/hep7/project/kairos/zlink/core/build
Test project /home/hep7/project/kairos/zlink/core/build
    Start 53: test_service_introspection_discovery_lifecycle
1/1 Test #53: test_service_introspection_discovery_lifecycle ...   Passed    0.01 sec

100% tests passed, 0 tests failed out of 1

Total Test time (real) =   0.01 sec
=== Repeating test_service_introspection_registry_lifecycle (10 iterations) ===
--- test_service_introspection_registry_lifecycle iteration 1/10 ---
Internal ctest changing into directory: /home/hep7/project/kairos/zlink/core/build
Test project /home/hep7/project/kairos/zlink/core/build
    Start 54: test_service_introspection_registry_lifecycle
1/1 Test #54: test_service_introspection_registry_lifecycle ...   Passed    0.01 sec

100% tests passed, 0 tests failed out of 1

Total Test time (real) =   0.01 sec
--- test_service_introspection_registry_lifecycle iteration 2/10 ---
Internal ctest changing into directory: /home/hep7/project/kairos/zlink/core/build
Test project /home/hep7/project/kairos/zlink/core/build
    Start 54: test_service_introspection_registry_lifecycle
1/1 Test #54: test_service_introspection_registry_lifecycle ...   Passed    0.01 sec

100% tests passed, 0 tests failed out of 1

Total Test time (real) =   0.01 sec
--- test_service_introspection_registry_lifecycle iteration 3/10 ---
Internal ctest changing into directory: /home/hep7/project/kairos/zlink/core/build
Test project /home/hep7/project/kairos/zlink/core/build
    Start 54: test_service_introspection_registry_lifecycle
1/1 Test #54: test_service_introspection_registry_lifecycle ...   Passed    0.01 sec

100% tests passed, 0 tests failed out of 1

Total Test time (real) =   0.01 sec
--- test_service_introspection_registry_lifecycle iteration 4/10 ---
Internal ctest changing into directory: /home/hep7/project/kairos/zlink/core/build
Test project /home/hep7/project/kairos/zlink/core/build
    Start 54: test_service_introspection_registry_lifecycle
1/1 Test #54: test_service_introspection_registry_lifecycle ...   Passed    0.01 sec

100% tests passed, 0 tests failed out of 1

Total Test time (real) =   0.01 sec
--- test_service_introspection_registry_lifecycle iteration 5/10 ---
Internal ctest changing into directory: /home/hep7/project/kairos/zlink/core/build
Test project /home/hep7/project/kairos/zlink/core/build
    Start 54: test_service_introspection_registry_lifecycle
1/1 Test #54: test_service_introspection_registry_lifecycle ...   Passed    0.01 sec

100% tests passed, 0 tests failed out of 1

Total Test time (real) =   0.01 sec
--- test_service_introspection_registry_lifecycle iteration 6/10 ---
Internal ctest changing into directory: /home/hep7/project/kairos/zlink/core/build
Test project /home/hep7/project/kairos/zlink/core/build
    Start 54: test_service_introspection_registry_lifecycle
1/1 Test #54: test_service_introspection_registry_lifecycle ...   Passed    0.01 sec

100% tests passed, 0 tests failed out of 1

Total Test time (real) =   0.01 sec
--- test_service_introspection_registry_lifecycle iteration 7/10 ---
Internal ctest changing into directory: /home/hep7/project/kairos/zlink/core/build
Test project /home/hep7/project/kairos/zlink/core/build
    Start 54: test_service_introspection_registry_lifecycle
1/1 Test #54: test_service_introspection_registry_lifecycle ...   Passed    0.01 sec

100% tests passed, 0 tests failed out of 1

Total Test time (real) =   0.01 sec
--- test_service_introspection_registry_lifecycle iteration 8/10 ---
Internal ctest changing into directory: /home/hep7/project/kairos/zlink/core/build
Test project /home/hep7/project/kairos/zlink/core/build
    Start 54: test_service_introspection_registry_lifecycle
1/1 Test #54: test_service_introspection_registry_lifecycle ...   Passed    0.01 sec

100% tests passed, 0 tests failed out of 1

Total Test time (real) =   0.01 sec
--- test_service_introspection_registry_lifecycle iteration 9/10 ---
Internal ctest changing into directory: /home/hep7/project/kairos/zlink/core/build
Test project /home/hep7/project/kairos/zlink/core/build
    Start 54: test_service_introspection_registry_lifecycle
1/1 Test #54: test_service_introspection_registry_lifecycle ...   Passed    0.01 sec

100% tests passed, 0 tests failed out of 1

Total Test time (real) =   0.01 sec
--- test_service_introspection_registry_lifecycle iteration 10/10 ---
Internal ctest changing into directory: /home/hep7/project/kairos/zlink/core/build
Test project /home/hep7/project/kairos/zlink/core/build
    Start 54: test_service_introspection_registry_lifecycle
1/1 Test #54: test_service_introspection_registry_lifecycle ...   Passed    0.01 sec

100% tests passed, 0 tests failed out of 1

Total Test time (real) =   0.01 sec
=== Repeating test_service_introspection_registry_query_lifecycle (10 iterations) ===
--- test_service_introspection_registry_query_lifecycle iteration 1/10 ---
Internal ctest changing into directory: /home/hep7/project/kairos/zlink/core/build
Test project /home/hep7/project/kairos/zlink/core/build
    Start 55: test_service_introspection_registry_query_lifecycle
1/1 Test #55: test_service_introspection_registry_query_lifecycle ...   Passed    0.01 sec

100% tests passed, 0 tests failed out of 1

Total Test time (real) =   0.01 sec
--- test_service_introspection_registry_query_lifecycle iteration 2/10 ---
Internal ctest changing into directory: /home/hep7/project/kairos/zlink/core/build
Test project /home/hep7/project/kairos/zlink/core/build
    Start 55: test_service_introspection_registry_query_lifecycle
1/1 Test #55: test_service_introspection_registry_query_lifecycle ...   Passed    0.01 sec

100% tests passed, 0 tests failed out of 1

Total Test time (real) =   0.01 sec
--- test_service_introspection_registry_query_lifecycle iteration 3/10 ---
Internal ctest changing into directory: /home/hep7/project/kairos/zlink/core/build
Test project /home/hep7/project/kairos/zlink/core/build
    Start 55: test_service_introspection_registry_query_lifecycle
1/1 Test #55: test_service_introspection_registry_query_lifecycle ...   Passed    0.01 sec

100% tests passed, 0 tests failed out of 1

Total Test time (real) =   0.01 sec
--- test_service_introspection_registry_query_lifecycle iteration 4/10 ---
Internal ctest changing into directory: /home/hep7/project/kairos/zlink/core/build
Test project /home/hep7/project/kairos/zlink/core/build
    Start 55: test_service_introspection_registry_query_lifecycle
1/1 Test #55: test_service_introspection_registry_query_lifecycle ...   Passed    0.01 sec

100% tests passed, 0 tests failed out of 1

Total Test time (real) =   0.01 sec
--- test_service_introspection_registry_query_lifecycle iteration 5/10 ---
Internal ctest changing into directory: /home/hep7/project/kairos/zlink/core/build
Test project /home/hep7/project/kairos/zlink/core/build
    Start 55: test_service_introspection_registry_query_lifecycle
1/1 Test #55: test_service_introspection_registry_query_lifecycle ...   Passed    0.01 sec

100% tests passed, 0 tests failed out of 1

Total Test time (real) =   0.01 sec
--- test_service_introspection_registry_query_lifecycle iteration 6/10 ---
Internal ctest changing into directory: /home/hep7/project/kairos/zlink/core/build
Test project /home/hep7/project/kairos/zlink/core/build
    Start 55: test_service_introspection_registry_query_lifecycle
1/1 Test #55: test_service_introspection_registry_query_lifecycle ...   Passed    0.01 sec

100% tests passed, 0 tests failed out of 1

Total Test time (real) =   0.01 sec
--- test_service_introspection_registry_query_lifecycle iteration 7/10 ---
Internal ctest changing into directory: /home/hep7/project/kairos/zlink/core/build
Test project /home/hep7/project/kairos/zlink/core/build
    Start 55: test_service_introspection_registry_query_lifecycle
1/1 Test #55: test_service_introspection_registry_query_lifecycle ...   Passed    0.01 sec

100% tests passed, 0 tests failed out of 1

Total Test time (real) =   0.01 sec
--- test_service_introspection_registry_query_lifecycle iteration 8/10 ---
Internal ctest changing into directory: /home/hep7/project/kairos/zlink/core/build
Test project /home/hep7/project/kairos/zlink/core/build
    Start 55: test_service_introspection_registry_query_lifecycle
1/1 Test #55: test_service_introspection_registry_query_lifecycle ...   Passed    0.01 sec

100% tests passed, 0 tests failed out of 1

Total Test time (real) =   0.01 sec
--- test_service_introspection_registry_query_lifecycle iteration 9/10 ---
Internal ctest changing into directory: /home/hep7/project/kairos/zlink/core/build
Test project /home/hep7/project/kairos/zlink/core/build
    Start 55: test_service_introspection_registry_query_lifecycle
1/1 Test #55: test_service_introspection_registry_query_lifecycle ...   Passed    0.01 sec

100% tests passed, 0 tests failed out of 1

Total Test time (real) =   0.01 sec
--- test_service_introspection_registry_query_lifecycle iteration 10/10 ---
Internal ctest changing into directory: /home/hep7/project/kairos/zlink/core/build
Test project /home/hep7/project/kairos/zlink/core/build
    Start 55: test_service_introspection_registry_query_lifecycle
1/1 Test #55: test_service_introspection_registry_query_lifecycle ...   Passed    0.01 sec

100% tests passed, 0 tests failed out of 1

Total Test time (real) =   0.01 sec
=== Repeating test_gateway_runtime_reads (10 iterations) ===
--- test_gateway_runtime_reads iteration 1/10 ---
Internal ctest changing into directory: /home/hep7/project/kairos/zlink/core/build
Test project /home/hep7/project/kairos/zlink/core/build
    Start 98: test_gateway_runtime_reads
1/1 Test #98: test_gateway_runtime_reads .......   Passed    0.03 sec

100% tests passed, 0 tests failed out of 1

Label Time Summary:
integration    =   0.03 sec*proc (1 test)
serial         =   0.03 sec*proc (1 test)

Total Test time (real) =   0.03 sec
--- test_gateway_runtime_reads iteration 2/10 ---
Internal ctest changing into directory: /home/hep7/project/kairos/zlink/core/build
Test project /home/hep7/project/kairos/zlink/core/build
    Start 98: test_gateway_runtime_reads
1/1 Test #98: test_gateway_runtime_reads .......   Passed    0.03 sec

100% tests passed, 0 tests failed out of 1

Label Time Summary:
integration    =   0.03 sec*proc (1 test)
serial         =   0.03 sec*proc (1 test)

Total Test time (real) =   0.03 sec
--- test_gateway_runtime_reads iteration 3/10 ---
Internal ctest changing into directory: /home/hep7/project/kairos/zlink/core/build
Test project /home/hep7/project/kairos/zlink/core/build
    Start 98: test_gateway_runtime_reads
1/1 Test #98: test_gateway_runtime_reads .......   Passed    0.03 sec

100% tests passed, 0 tests failed out of 1

Label Time Summary:
integration    =   0.03 sec*proc (1 test)
serial         =   0.03 sec*proc (1 test)

Total Test time (real) =   0.03 sec
--- test_gateway_runtime_reads iteration 4/10 ---
Internal ctest changing into directory: /home/hep7/project/kairos/zlink/core/build
Test project /home/hep7/project/kairos/zlink/core/build
    Start 98: test_gateway_runtime_reads
1/1 Test #98: test_gateway_runtime_reads .......   Passed    0.04 sec

100% tests passed, 0 tests failed out of 1

Label Time Summary:
integration    =   0.04 sec*proc (1 test)
serial         =   0.04 sec*proc (1 test)

Total Test time (real) =   0.04 sec
--- test_gateway_runtime_reads iteration 5/10 ---
Internal ctest changing into directory: /home/hep7/project/kairos/zlink/core/build
Test project /home/hep7/project/kairos/zlink/core/build
    Start 98: test_gateway_runtime_reads
1/1 Test #98: test_gateway_runtime_reads .......   Passed    0.04 sec

100% tests passed, 0 tests failed out of 1

Label Time Summary:
integration    =   0.04 sec*proc (1 test)
serial         =   0.04 sec*proc (1 test)

Total Test time (real) =   0.04 sec
--- test_gateway_runtime_reads iteration 6/10 ---
Internal ctest changing into directory: /home/hep7/project/kairos/zlink/core/build
Test project /home/hep7/project/kairos/zlink/core/build
    Start 98: test_gateway_runtime_reads
1/1 Test #98: test_gateway_runtime_reads .......   Passed    0.04 sec

100% tests passed, 0 tests failed out of 1

Label Time Summary:
integration    =   0.04 sec*proc (1 test)
serial         =   0.04 sec*proc (1 test)

Total Test time (real) =   0.04 sec
--- test_gateway_runtime_reads iteration 7/10 ---
Internal ctest changing into directory: /home/hep7/project/kairos/zlink/core/build
Test project /home/hep7/project/kairos/zlink/core/build
    Start 98: test_gateway_runtime_reads
1/1 Test #98: test_gateway_runtime_reads .......   Passed    0.03 sec

100% tests passed, 0 tests failed out of 1

Label Time Summary:
integration    =   0.03 sec*proc (1 test)
serial         =   0.03 sec*proc (1 test)

Total Test time (real) =   0.03 sec
--- test_gateway_runtime_reads iteration 8/10 ---
Internal ctest changing into directory: /home/hep7/project/kairos/zlink/core/build
Test project /home/hep7/project/kairos/zlink/core/build
    Start 98: test_gateway_runtime_reads
1/1 Test #98: test_gateway_runtime_reads .......   Passed    0.03 sec

100% tests passed, 0 tests failed out of 1

Label Time Summary:
integration    =   0.03 sec*proc (1 test)
serial         =   0.03 sec*proc (1 test)

Total Test time (real) =   0.03 sec
--- test_gateway_runtime_reads iteration 9/10 ---
Internal ctest changing into directory: /home/hep7/project/kairos/zlink/core/build
Test project /home/hep7/project/kairos/zlink/core/build
    Start 98: test_gateway_runtime_reads
1/1 Test #98: test_gateway_runtime_reads .......   Passed    0.03 sec

100% tests passed, 0 tests failed out of 1

Label Time Summary:
integration    =   0.03 sec*proc (1 test)
serial         =   0.03 sec*proc (1 test)

Total Test time (real) =   0.03 sec
--- test_gateway_runtime_reads iteration 10/10 ---
Internal ctest changing into directory: /home/hep7/project/kairos/zlink/core/build
Test project /home/hep7/project/kairos/zlink/core/build
    Start 98: test_gateway_runtime_reads
1/1 Test #98: test_gateway_runtime_reads .......   Passed    0.03 sec

100% tests passed, 0 tests failed out of 1

Label Time Summary:
integration    =   0.03 sec*proc (1 test)
serial         =   0.03 sec*proc (1 test)

Total Test time (real) =   0.03 sec
=== Repeating test_gateway_send_plane_updates (10 iterations) ===
--- test_gateway_send_plane_updates iteration 1/10 ---
Internal ctest changing into directory: /home/hep7/project/kairos/zlink/core/build
Test project /home/hep7/project/kairos/zlink/core/build
    Start 100: test_gateway_send_plane_updates
1/1 Test #100: test_gateway_send_plane_updates ...   Passed   16.16 sec

100% tests passed, 0 tests failed out of 1

Label Time Summary:
regression    =  16.16 sec*proc (1 test)
serial        =  16.16 sec*proc (1 test)

Total Test time (real) =  16.16 sec
--- test_gateway_send_plane_updates iteration 2/10 ---
Internal ctest changing into directory: /home/hep7/project/kairos/zlink/core/build
Test project /home/hep7/project/kairos/zlink/core/build
    Start 100: test_gateway_send_plane_updates
1/1 Test #100: test_gateway_send_plane_updates ...   Passed   10.12 sec

100% tests passed, 0 tests failed out of 1

Label Time Summary:
regression    =  10.12 sec*proc (1 test)
serial        =  10.12 sec*proc (1 test)

Total Test time (real) =  10.12 sec
--- test_gateway_send_plane_updates iteration 3/10 ---
Internal ctest changing into directory: /home/hep7/project/kairos/zlink/core/build
Test project /home/hep7/project/kairos/zlink/core/build
    Start 100: test_gateway_send_plane_updates
1/1 Test #100: test_gateway_send_plane_updates ...   Passed   14.14 sec

100% tests passed, 0 tests failed out of 1

Label Time Summary:
regression    =  14.14 sec*proc (1 test)
serial        =  14.14 sec*proc (1 test)

Total Test time (real) =  14.15 sec
--- test_gateway_send_plane_updates iteration 4/10 ---
Internal ctest changing into directory: /home/hep7/project/kairos/zlink/core/build
Test project /home/hep7/project/kairos/zlink/core/build
    Start 100: test_gateway_send_plane_updates
1/1 Test #100: test_gateway_send_plane_updates ...   Passed   20.19 sec

100% tests passed, 0 tests failed out of 1

Label Time Summary:
regression    =  20.19 sec*proc (1 test)
serial        =  20.19 sec*proc (1 test)

Total Test time (real) =  20.19 sec
--- test_gateway_send_plane_updates iteration 5/10 ---
Internal ctest changing into directory: /home/hep7/project/kairos/zlink/core/build
Test project /home/hep7/project/kairos/zlink/core/build
    Start 100: test_gateway_send_plane_updates
1/1 Test #100: test_gateway_send_plane_updates ...   Passed   14.14 sec

100% tests passed, 0 tests failed out of 1

Label Time Summary:
regression    =  14.14 sec*proc (1 test)
serial        =  14.14 sec*proc (1 test)

Total Test time (real) =  14.14 sec
--- test_gateway_send_plane_updates iteration 6/10 ---
Internal ctest changing into directory: /home/hep7/project/kairos/zlink/core/build
Test project /home/hep7/project/kairos/zlink/core/build
    Start 100: test_gateway_send_plane_updates
1/1 Test #100: test_gateway_send_plane_updates ...   Passed   16.16 sec

100% tests passed, 0 tests failed out of 1

Label Time Summary:
regression    =  16.16 sec*proc (1 test)
serial        =  16.16 sec*proc (1 test)

Total Test time (real) =  16.16 sec
--- test_gateway_send_plane_updates iteration 7/10 ---
Internal ctest changing into directory: /home/hep7/project/kairos/zlink/core/build
Test project /home/hep7/project/kairos/zlink/core/build
    Start 100: test_gateway_send_plane_updates
1/1 Test #100: test_gateway_send_plane_updates ...   Passed   14.15 sec

100% tests passed, 0 tests failed out of 1

Label Time Summary:
regression    =  14.15 sec*proc (1 test)
serial        =  14.15 sec*proc (1 test)

Total Test time (real) =  14.15 sec
--- test_gateway_send_plane_updates iteration 8/10 ---
Internal ctest changing into directory: /home/hep7/project/kairos/zlink/core/build
Test project /home/hep7/project/kairos/zlink/core/build
    Start 100: test_gateway_send_plane_updates
1/1 Test #100: test_gateway_send_plane_updates ...   Passed   16.17 sec

100% tests passed, 0 tests failed out of 1

Label Time Summary:
regression    =  16.17 sec*proc (1 test)
serial        =  16.17 sec*proc (1 test)

Total Test time (real) =  16.17 sec
--- test_gateway_send_plane_updates iteration 9/10 ---
Internal ctest changing into directory: /home/hep7/project/kairos/zlink/core/build
Test project /home/hep7/project/kairos/zlink/core/build
    Start 100: test_gateway_send_plane_updates
1/1 Test #100: test_gateway_send_plane_updates ...   Passed   18.17 sec

100% tests passed, 0 tests failed out of 1

Label Time Summary:
regression    =  18.17 sec*proc (1 test)
serial        =  18.17 sec*proc (1 test)

Total Test time (real) =  18.17 sec
--- test_gateway_send_plane_updates iteration 10/10 ---
Internal ctest changing into directory: /home/hep7/project/kairos/zlink/core/build
Test project /home/hep7/project/kairos/zlink/core/build
    Start 100: test_gateway_send_plane_updates
1/1 Test #100: test_gateway_send_plane_updates ...   Passed   16.16 sec

100% tests passed, 0 tests failed out of 1

Label Time Summary:
regression    =  16.16 sec*proc (1 test)
serial        =  16.16 sec*proc (1 test)

Total Test time (real) =  16.16 sec
=== Repeating test_gateway_attach_query_ordering (10 iterations) ===
--- test_gateway_attach_query_ordering iteration 1/10 ---
Internal ctest changing into directory: /home/hep7/project/kairos/zlink/core/build
Test project /home/hep7/project/kairos/zlink/core/build
    Start 101: test_gateway_attach_query_ordering
1/1 Test #101: test_gateway_attach_query_ordering ...   Passed    0.02 sec

100% tests passed, 0 tests failed out of 1

Label Time Summary:
integration    =   0.02 sec*proc (1 test)
serial         =   0.02 sec*proc (1 test)

Total Test time (real) =   0.02 sec
--- test_gateway_attach_query_ordering iteration 2/10 ---
Internal ctest changing into directory: /home/hep7/project/kairos/zlink/core/build
Test project /home/hep7/project/kairos/zlink/core/build
    Start 101: test_gateway_attach_query_ordering
1/1 Test #101: test_gateway_attach_query_ordering ...   Passed    0.02 sec

100% tests passed, 0 tests failed out of 1

Label Time Summary:
integration    =   0.02 sec*proc (1 test)
serial         =   0.02 sec*proc (1 test)

Total Test time (real) =   0.02 sec
--- test_gateway_attach_query_ordering iteration 3/10 ---
Internal ctest changing into directory: /home/hep7/project/kairos/zlink/core/build
Test project /home/hep7/project/kairos/zlink/core/build
    Start 101: test_gateway_attach_query_ordering
1/1 Test #101: test_gateway_attach_query_ordering ...   Passed    0.02 sec

100% tests passed, 0 tests failed out of 1

Label Time Summary:
integration    =   0.02 sec*proc (1 test)
serial         =   0.02 sec*proc (1 test)

Total Test time (real) =   0.02 sec
--- test_gateway_attach_query_ordering iteration 4/10 ---
Internal ctest changing into directory: /home/hep7/project/kairos/zlink/core/build
Test project /home/hep7/project/kairos/zlink/core/build
    Start 101: test_gateway_attach_query_ordering
1/1 Test #101: test_gateway_attach_query_ordering ...   Passed    0.02 sec

100% tests passed, 0 tests failed out of 1

Label Time Summary:
integration    =   0.02 sec*proc (1 test)
serial         =   0.02 sec*proc (1 test)

Total Test time (real) =   0.02 sec
--- test_gateway_attach_query_ordering iteration 5/10 ---
Internal ctest changing into directory: /home/hep7/project/kairos/zlink/core/build
Test project /home/hep7/project/kairos/zlink/core/build
    Start 101: test_gateway_attach_query_ordering
1/1 Test #101: test_gateway_attach_query_ordering ...   Passed    0.02 sec

100% tests passed, 0 tests failed out of 1

Label Time Summary:
integration    =   0.02 sec*proc (1 test)
serial         =   0.02 sec*proc (1 test)

Total Test time (real) =   0.02 sec
--- test_gateway_attach_query_ordering iteration 6/10 ---
Internal ctest changing into directory: /home/hep7/project/kairos/zlink/core/build
Test project /home/hep7/project/kairos/zlink/core/build
    Start 101: test_gateway_attach_query_ordering
1/1 Test #101: test_gateway_attach_query_ordering ...   Passed    0.02 sec

100% tests passed, 0 tests failed out of 1

Label Time Summary:
integration    =   0.02 sec*proc (1 test)
serial         =   0.02 sec*proc (1 test)

Total Test time (real) =   0.02 sec
--- test_gateway_attach_query_ordering iteration 7/10 ---
Internal ctest changing into directory: /home/hep7/project/kairos/zlink/core/build
Test project /home/hep7/project/kairos/zlink/core/build
    Start 101: test_gateway_attach_query_ordering
1/1 Test #101: test_gateway_attach_query_ordering ...   Passed    0.02 sec

100% tests passed, 0 tests failed out of 1

Label Time Summary:
integration    =   0.02 sec*proc (1 test)
serial         =   0.02 sec*proc (1 test)

Total Test time (real) =   0.02 sec
--- test_gateway_attach_query_ordering iteration 8/10 ---
Internal ctest changing into directory: /home/hep7/project/kairos/zlink/core/build
Test project /home/hep7/project/kairos/zlink/core/build
    Start 101: test_gateway_attach_query_ordering
1/1 Test #101: test_gateway_attach_query_ordering ...   Passed    0.02 sec

100% tests passed, 0 tests failed out of 1

Label Time Summary:
integration    =   0.02 sec*proc (1 test)
serial         =   0.02 sec*proc (1 test)

Total Test time (real) =   0.02 sec
--- test_gateway_attach_query_ordering iteration 9/10 ---
Internal ctest changing into directory: /home/hep7/project/kairos/zlink/core/build
Test project /home/hep7/project/kairos/zlink/core/build
    Start 101: test_gateway_attach_query_ordering
1/1 Test #101: test_gateway_attach_query_ordering ...   Passed    0.02 sec

100% tests passed, 0 tests failed out of 1

Label Time Summary:
integration    =   0.02 sec*proc (1 test)
serial         =   0.02 sec*proc (1 test)

Total Test time (real) =   0.02 sec
--- test_gateway_attach_query_ordering iteration 10/10 ---
Internal ctest changing into directory: /home/hep7/project/kairos/zlink/core/build
Test project /home/hep7/project/kairos/zlink/core/build
    Start 101: test_gateway_attach_query_ordering
1/1 Test #101: test_gateway_attach_query_ordering ...   Passed    0.02 sec

100% tests passed, 0 tests failed out of 1

Label Time Summary:
integration    =   0.02 sec*proc (1 test)
serial         =   0.02 sec*proc (1 test)

Total Test time (real) =   0.02 sec
=== Repeating test_gateway_send_ready_self_close (10 iterations) ===
--- test_gateway_send_ready_self_close iteration 1/10 ---
Internal ctest changing into directory: /home/hep7/project/kairos/zlink/core/build
Test project /home/hep7/project/kairos/zlink/core/build
    Start 97: test_gateway_send_ready_self_close
1/1 Test #97: test_gateway_send_ready_self_close ...   Passed    6.04 sec

100% tests passed, 0 tests failed out of 1

Label Time Summary:
integration    =   6.04 sec*proc (1 test)
serial         =   6.04 sec*proc (1 test)

Total Test time (real) =   6.04 sec
--- test_gateway_send_ready_self_close iteration 2/10 ---
Internal ctest changing into directory: /home/hep7/project/kairos/zlink/core/build
Test project /home/hep7/project/kairos/zlink/core/build
    Start 97: test_gateway_send_ready_self_close
1/1 Test #97: test_gateway_send_ready_self_close ...   Passed    8.03 sec

100% tests passed, 0 tests failed out of 1

Label Time Summary:
integration    =   8.03 sec*proc (1 test)
serial         =   8.03 sec*proc (1 test)

Total Test time (real) =   8.04 sec
--- test_gateway_send_ready_self_close iteration 3/10 ---
Internal ctest changing into directory: /home/hep7/project/kairos/zlink/core/build
Test project /home/hep7/project/kairos/zlink/core/build
    Start 97: test_gateway_send_ready_self_close
1/1 Test #97: test_gateway_send_ready_self_close ...   Passed    4.03 sec

100% tests passed, 0 tests failed out of 1

Label Time Summary:
integration    =   4.03 sec*proc (1 test)
serial         =   4.03 sec*proc (1 test)

Total Test time (real) =   4.04 sec
--- test_gateway_send_ready_self_close iteration 4/10 ---
Internal ctest changing into directory: /home/hep7/project/kairos/zlink/core/build
Test project /home/hep7/project/kairos/zlink/core/build
    Start 97: test_gateway_send_ready_self_close
1/1 Test #97: test_gateway_send_ready_self_close ...   Passed    2.02 sec

100% tests passed, 0 tests failed out of 1

Label Time Summary:
integration    =   2.02 sec*proc (1 test)
serial         =   2.02 sec*proc (1 test)

Total Test time (real) =   2.02 sec
--- test_gateway_send_ready_self_close iteration 5/10 ---
Internal ctest changing into directory: /home/hep7/project/kairos/zlink/core/build
Test project /home/hep7/project/kairos/zlink/core/build
    Start 97: test_gateway_send_ready_self_close
1/1 Test #97: test_gateway_send_ready_self_close ...   Passed    2.03 sec

100% tests passed, 0 tests failed out of 1

Label Time Summary:
integration    =   2.03 sec*proc (1 test)
serial         =   2.03 sec*proc (1 test)

Total Test time (real) =   2.04 sec
--- test_gateway_send_ready_self_close iteration 6/10 ---
Internal ctest changing into directory: /home/hep7/project/kairos/zlink/core/build
Test project /home/hep7/project/kairos/zlink/core/build
    Start 97: test_gateway_send_ready_self_close
1/1 Test #97: test_gateway_send_ready_self_close ...   Passed    0.02 sec

100% tests passed, 0 tests failed out of 1

Label Time Summary:
integration    =   0.02 sec*proc (1 test)
serial         =   0.02 sec*proc (1 test)

Total Test time (real) =   0.02 sec
--- test_gateway_send_ready_self_close iteration 7/10 ---
Internal ctest changing into directory: /home/hep7/project/kairos/zlink/core/build
Test project /home/hep7/project/kairos/zlink/core/build
    Start 97: test_gateway_send_ready_self_close
1/1 Test #97: test_gateway_send_ready_self_close ...   Passed    8.04 sec

100% tests passed, 0 tests failed out of 1

Label Time Summary:
integration    =   8.04 sec*proc (1 test)
serial         =   8.04 sec*proc (1 test)

Total Test time (real) =   8.05 sec
--- test_gateway_send_ready_self_close iteration 8/10 ---
Internal ctest changing into directory: /home/hep7/project/kairos/zlink/core/build
Test project /home/hep7/project/kairos/zlink/core/build
    Start 97: test_gateway_send_ready_self_close
1/1 Test #97: test_gateway_send_ready_self_close ...   Passed    4.03 sec

100% tests passed, 0 tests failed out of 1

Label Time Summary:
integration    =   4.03 sec*proc (1 test)
serial         =   4.03 sec*proc (1 test)

Total Test time (real) =   4.03 sec
--- test_gateway_send_ready_self_close iteration 9/10 ---
Internal ctest changing into directory: /home/hep7/project/kairos/zlink/core/build
Test project /home/hep7/project/kairos/zlink/core/build
    Start 97: test_gateway_send_ready_self_close
1/1 Test #97: test_gateway_send_ready_self_close ...   Passed    0.02 sec

100% tests passed, 0 tests failed out of 1

Label Time Summary:
integration    =   0.02 sec*proc (1 test)
serial         =   0.02 sec*proc (1 test)

Total Test time (real) =   0.03 sec
--- test_gateway_send_ready_self_close iteration 10/10 ---
Internal ctest changing into directory: /home/hep7/project/kairos/zlink/core/build
Test project /home/hep7/project/kairos/zlink/core/build
    Start 97: test_gateway_send_ready_self_close
1/1 Test #97: test_gateway_send_ready_self_close ...   Passed   10.04 sec

100% tests passed, 0 tests failed out of 1

Label Time Summary:
integration    =  10.04 sec*proc (1 test)
serial         =  10.04 sec*proc (1 test)

Total Test time (real) =  10.04 sec
=== Repeating test_gateway_monitor_self_close (10 iterations) ===
--- test_gateway_monitor_self_close iteration 1/10 ---
Internal ctest changing into directory: /home/hep7/project/kairos/zlink/core/build
Test project /home/hep7/project/kairos/zlink/core/build
    Start 102: test_gateway_monitor_self_close
1/1 Test #102: test_gateway_monitor_self_close ...   Passed    0.03 sec

100% tests passed, 0 tests failed out of 1

Label Time Summary:
integration    =   0.03 sec*proc (1 test)
serial         =   0.03 sec*proc (1 test)

Total Test time (real) =   0.03 sec
--- test_gateway_monitor_self_close iteration 2/10 ---
Internal ctest changing into directory: /home/hep7/project/kairos/zlink/core/build
Test project /home/hep7/project/kairos/zlink/core/build
    Start 102: test_gateway_monitor_self_close
1/1 Test #102: test_gateway_monitor_self_close ...   Passed    0.03 sec

100% tests passed, 0 tests failed out of 1

Label Time Summary:
integration    =   0.03 sec*proc (1 test)
serial         =   0.03 sec*proc (1 test)

Total Test time (real) =   0.03 sec
--- test_gateway_monitor_self_close iteration 3/10 ---
Internal ctest changing into directory: /home/hep7/project/kairos/zlink/core/build
Test project /home/hep7/project/kairos/zlink/core/build
    Start 102: test_gateway_monitor_self_close
1/1 Test #102: test_gateway_monitor_self_close ...   Passed    0.03 sec

100% tests passed, 0 tests failed out of 1

Label Time Summary:
integration    =   0.03 sec*proc (1 test)
serial         =   0.03 sec*proc (1 test)

Total Test time (real) =   0.03 sec
--- test_gateway_monitor_self_close iteration 4/10 ---
Internal ctest changing into directory: /home/hep7/project/kairos/zlink/core/build
Test project /home/hep7/project/kairos/zlink/core/build
    Start 102: test_gateway_monitor_self_close
1/1 Test #102: test_gateway_monitor_self_close ...   Passed    0.03 sec

100% tests passed, 0 tests failed out of 1

Label Time Summary:
integration    =   0.03 sec*proc (1 test)
serial         =   0.03 sec*proc (1 test)

Total Test time (real) =   0.03 sec
--- test_gateway_monitor_self_close iteration 5/10 ---
Internal ctest changing into directory: /home/hep7/project/kairos/zlink/core/build
Test project /home/hep7/project/kairos/zlink/core/build
    Start 102: test_gateway_monitor_self_close
1/1 Test #102: test_gateway_monitor_self_close ...   Passed    0.03 sec

100% tests passed, 0 tests failed out of 1

Label Time Summary:
integration    =   0.03 sec*proc (1 test)
serial         =   0.03 sec*proc (1 test)

Total Test time (real) =   0.03 sec
--- test_gateway_monitor_self_close iteration 6/10 ---
Internal ctest changing into directory: /home/hep7/project/kairos/zlink/core/build
Test project /home/hep7/project/kairos/zlink/core/build
    Start 102: test_gateway_monitor_self_close
1/1 Test #102: test_gateway_monitor_self_close ...   Passed    0.03 sec

100% tests passed, 0 tests failed out of 1

Label Time Summary:
integration    =   0.03 sec*proc (1 test)
serial         =   0.03 sec*proc (1 test)

Total Test time (real) =   0.03 sec
--- test_gateway_monitor_self_close iteration 7/10 ---
Internal ctest changing into directory: /home/hep7/project/kairos/zlink/core/build
Test project /home/hep7/project/kairos/zlink/core/build
    Start 102: test_gateway_monitor_self_close
1/1 Test #102: test_gateway_monitor_self_close ...   Passed    0.03 sec

100% tests passed, 0 tests failed out of 1

Label Time Summary:
integration    =   0.03 sec*proc (1 test)
serial         =   0.03 sec*proc (1 test)

Total Test time (real) =   0.03 sec
--- test_gateway_monitor_self_close iteration 8/10 ---
Internal ctest changing into directory: /home/hep7/project/kairos/zlink/core/build
Test project /home/hep7/project/kairos/zlink/core/build
    Start 102: test_gateway_monitor_self_close
1/1 Test #102: test_gateway_monitor_self_close ...   Passed    0.03 sec

100% tests passed, 0 tests failed out of 1

Label Time Summary:
integration    =   0.03 sec*proc (1 test)
serial         =   0.03 sec*proc (1 test)

Total Test time (real) =   0.03 sec
--- test_gateway_monitor_self_close iteration 9/10 ---
Internal ctest changing into directory: /home/hep7/project/kairos/zlink/core/build
Test project /home/hep7/project/kairos/zlink/core/build
    Start 102: test_gateway_monitor_self_close
1/1 Test #102: test_gateway_monitor_self_close ...   Passed    0.03 sec

100% tests passed, 0 tests failed out of 1

Label Time Summary:
integration    =   0.03 sec*proc (1 test)
serial         =   0.03 sec*proc (1 test)

Total Test time (real) =   0.03 sec
--- test_gateway_monitor_self_close iteration 10/10 ---
Internal ctest changing into directory: /home/hep7/project/kairos/zlink/core/build
Test project /home/hep7/project/kairos/zlink/core/build
    Start 102: test_gateway_monitor_self_close
1/1 Test #102: test_gateway_monitor_self_close ...   Passed    0.03 sec

100% tests passed, 0 tests failed out of 1

Label Time Summary:
integration    =   0.03 sec*proc (1 test)
serial         =   0.03 sec*proc (1 test)

Total Test time (real) =   0.03 sec
=== Repeating test_spot_service_introspection_monitors (10 iterations) ===
--- test_spot_service_introspection_monitors iteration 1/10 ---
Internal ctest changing into directory: /home/hep7/project/kairos/zlink/core/build
Test project /home/hep7/project/kairos/zlink/core/build
    Start 72: test_spot_service_introspection_monitors
1/1 Test #72: test_spot_service_introspection_monitors ...   Passed    4.51 sec

100% tests passed, 0 tests failed out of 1

Label Time Summary:
integration    =   4.51 sec*proc (1 test)
serial         =   4.51 sec*proc (1 test)

Total Test time (real) =   4.51 sec
--- test_spot_service_introspection_monitors iteration 2/10 ---
Internal ctest changing into directory: /home/hep7/project/kairos/zlink/core/build
Test project /home/hep7/project/kairos/zlink/core/build
    Start 72: test_spot_service_introspection_monitors
1/1 Test #72: test_spot_service_introspection_monitors ...   Passed    4.51 sec

100% tests passed, 0 tests failed out of 1

Label Time Summary:
integration    =   4.51 sec*proc (1 test)
serial         =   4.51 sec*proc (1 test)

Total Test time (real) =   4.51 sec
--- test_spot_service_introspection_monitors iteration 3/10 ---
Internal ctest changing into directory: /home/hep7/project/kairos/zlink/core/build
Test project /home/hep7/project/kairos/zlink/core/build
    Start 72: test_spot_service_introspection_monitors
1/1 Test #72: test_spot_service_introspection_monitors ...   Passed    4.51 sec

100% tests passed, 0 tests failed out of 1

Label Time Summary:
integration    =   4.51 sec*proc (1 test)
serial         =   4.51 sec*proc (1 test)

Total Test time (real) =   4.52 sec
--- test_spot_service_introspection_monitors iteration 4/10 ---
Internal ctest changing into directory: /home/hep7/project/kairos/zlink/core/build
Test project /home/hep7/project/kairos/zlink/core/build
    Start 72: test_spot_service_introspection_monitors
1/1 Test #72: test_spot_service_introspection_monitors ...   Passed    4.51 sec

100% tests passed, 0 tests failed out of 1

Label Time Summary:
integration    =   4.51 sec*proc (1 test)
serial         =   4.51 sec*proc (1 test)

Total Test time (real) =   4.51 sec
--- test_spot_service_introspection_monitors iteration 5/10 ---
Internal ctest changing into directory: /home/hep7/project/kairos/zlink/core/build
Test project /home/hep7/project/kairos/zlink/core/build
    Start 72: test_spot_service_introspection_monitors
1/1 Test #72: test_spot_service_introspection_monitors ...   Passed    4.51 sec

100% tests passed, 0 tests failed out of 1

Label Time Summary:
integration    =   4.51 sec*proc (1 test)
serial         =   4.51 sec*proc (1 test)

Total Test time (real) =   4.51 sec
--- test_spot_service_introspection_monitors iteration 6/10 ---
Internal ctest changing into directory: /home/hep7/project/kairos/zlink/core/build
Test project /home/hep7/project/kairos/zlink/core/build
    Start 72: test_spot_service_introspection_monitors
1/1 Test #72: test_spot_service_introspection_monitors ...   Passed    4.51 sec

100% tests passed, 0 tests failed out of 1

Label Time Summary:
integration    =   4.51 sec*proc (1 test)
serial         =   4.51 sec*proc (1 test)

Total Test time (real) =   4.51 sec
--- test_spot_service_introspection_monitors iteration 7/10 ---
Internal ctest changing into directory: /home/hep7/project/kairos/zlink/core/build
Test project /home/hep7/project/kairos/zlink/core/build
    Start 72: test_spot_service_introspection_monitors
1/1 Test #72: test_spot_service_introspection_monitors ...   Passed    4.51 sec

100% tests passed, 0 tests failed out of 1

Label Time Summary:
integration    =   4.51 sec*proc (1 test)
serial         =   4.51 sec*proc (1 test)

Total Test time (real) =   4.51 sec
--- test_spot_service_introspection_monitors iteration 8/10 ---
Internal ctest changing into directory: /home/hep7/project/kairos/zlink/core/build
Test project /home/hep7/project/kairos/zlink/core/build
    Start 72: test_spot_service_introspection_monitors
1/1 Test #72: test_spot_service_introspection_monitors ...   Passed    4.51 sec

100% tests passed, 0 tests failed out of 1

Label Time Summary:
integration    =   4.51 sec*proc (1 test)
serial         =   4.51 sec*proc (1 test)

Total Test time (real) =   4.51 sec
--- test_spot_service_introspection_monitors iteration 9/10 ---
Internal ctest changing into directory: /home/hep7/project/kairos/zlink/core/build
Test project /home/hep7/project/kairos/zlink/core/build
    Start 72: test_spot_service_introspection_monitors
1/1 Test #72: test_spot_service_introspection_monitors ...   Passed    4.51 sec

100% tests passed, 0 tests failed out of 1

Label Time Summary:
integration    =   4.51 sec*proc (1 test)
serial         =   4.51 sec*proc (1 test)

Total Test time (real) =   4.51 sec
--- test_spot_service_introspection_monitors iteration 10/10 ---
Internal ctest changing into directory: /home/hep7/project/kairos/zlink/core/build
Test project /home/hep7/project/kairos/zlink/core/build
    Start 72: test_spot_service_introspection_monitors
1/1 Test #72: test_spot_service_introspection_monitors ...   Passed    4.51 sec

100% tests passed, 0 tests failed out of 1

Label Time Summary:
integration    =   4.51 sec*proc (1 test)
serial         =   4.51 sec*proc (1 test)

Total Test time (real) =   4.51 sec
=== Repeating test_spot_service_introspection_late_connect (10 iterations) ===
--- test_spot_service_introspection_late_connect iteration 1/10 ---
Internal ctest changing into directory: /home/hep7/project/kairos/zlink/core/build
Test project /home/hep7/project/kairos/zlink/core/build
    Start 73: test_spot_service_introspection_late_connect
1/1 Test #73: test_spot_service_introspection_late_connect ...   Passed    4.76 sec

100% tests passed, 0 tests failed out of 1

Label Time Summary:
integration    =   4.76 sec*proc (1 test)
serial         =   4.76 sec*proc (1 test)

Total Test time (real) =   4.76 sec
--- test_spot_service_introspection_late_connect iteration 2/10 ---
Internal ctest changing into directory: /home/hep7/project/kairos/zlink/core/build
Test project /home/hep7/project/kairos/zlink/core/build
    Start 73: test_spot_service_introspection_late_connect
1/1 Test #73: test_spot_service_introspection_late_connect ...   Passed    4.56 sec

100% tests passed, 0 tests failed out of 1

Label Time Summary:
integration    =   4.56 sec*proc (1 test)
serial         =   4.56 sec*proc (1 test)

Total Test time (real) =   4.56 sec
--- test_spot_service_introspection_late_connect iteration 3/10 ---
Internal ctest changing into directory: /home/hep7/project/kairos/zlink/core/build
Test project /home/hep7/project/kairos/zlink/core/build
    Start 73: test_spot_service_introspection_late_connect
1/1 Test #73: test_spot_service_introspection_late_connect ...   Passed    4.56 sec

100% tests passed, 0 tests failed out of 1

Label Time Summary:
integration    =   4.56 sec*proc (1 test)
serial         =   4.56 sec*proc (1 test)

Total Test time (real) =   4.56 sec
--- test_spot_service_introspection_late_connect iteration 4/10 ---
Internal ctest changing into directory: /home/hep7/project/kairos/zlink/core/build
Test project /home/hep7/project/kairos/zlink/core/build
    Start 73: test_spot_service_introspection_late_connect
1/1 Test #73: test_spot_service_introspection_late_connect ...   Passed    4.76 sec

100% tests passed, 0 tests failed out of 1

Label Time Summary:
integration    =   4.76 sec*proc (1 test)
serial         =   4.76 sec*proc (1 test)

Total Test time (real) =   4.77 sec
--- test_spot_service_introspection_late_connect iteration 5/10 ---
Internal ctest changing into directory: /home/hep7/project/kairos/zlink/core/build
Test project /home/hep7/project/kairos/zlink/core/build
    Start 73: test_spot_service_introspection_late_connect
1/1 Test #73: test_spot_service_introspection_late_connect ...   Passed    4.76 sec

100% tests passed, 0 tests failed out of 1

Label Time Summary:
integration    =   4.76 sec*proc (1 test)
serial         =   4.76 sec*proc (1 test)

Total Test time (real) =   4.76 sec
--- test_spot_service_introspection_late_connect iteration 6/10 ---
Internal ctest changing into directory: /home/hep7/project/kairos/zlink/core/build
Test project /home/hep7/project/kairos/zlink/core/build
    Start 73: test_spot_service_introspection_late_connect
1/1 Test #73: test_spot_service_introspection_late_connect ...   Passed    4.56 sec

100% tests passed, 0 tests failed out of 1

Label Time Summary:
integration    =   4.56 sec*proc (1 test)
serial         =   4.56 sec*proc (1 test)

Total Test time (real) =   4.56 sec
--- test_spot_service_introspection_late_connect iteration 7/10 ---
Internal ctest changing into directory: /home/hep7/project/kairos/zlink/core/build
Test project /home/hep7/project/kairos/zlink/core/build
    Start 73: test_spot_service_introspection_late_connect
1/1 Test #73: test_spot_service_introspection_late_connect ...   Passed    4.56 sec

100% tests passed, 0 tests failed out of 1

Label Time Summary:
integration    =   4.56 sec*proc (1 test)
serial         =   4.56 sec*proc (1 test)

Total Test time (real) =   4.56 sec
--- test_spot_service_introspection_late_connect iteration 8/10 ---
Internal ctest changing into directory: /home/hep7/project/kairos/zlink/core/build
Test project /home/hep7/project/kairos/zlink/core/build
    Start 73: test_spot_service_introspection_late_connect
1/1 Test #73: test_spot_service_introspection_late_connect ...   Passed    4.51 sec

100% tests passed, 0 tests failed out of 1

Label Time Summary:
integration    =   4.51 sec*proc (1 test)
serial         =   4.51 sec*proc (1 test)

Total Test time (real) =   4.52 sec
--- test_spot_service_introspection_late_connect iteration 9/10 ---
Internal ctest changing into directory: /home/hep7/project/kairos/zlink/core/build
Test project /home/hep7/project/kairos/zlink/core/build
    Start 73: test_spot_service_introspection_late_connect
1/1 Test #73: test_spot_service_introspection_late_connect ...   Passed    4.56 sec

100% tests passed, 0 tests failed out of 1

Label Time Summary:
integration    =   4.56 sec*proc (1 test)
serial         =   4.56 sec*proc (1 test)

Total Test time (real) =   4.56 sec
--- test_spot_service_introspection_late_connect iteration 10/10 ---
Internal ctest changing into directory: /home/hep7/project/kairos/zlink/core/build
Test project /home/hep7/project/kairos/zlink/core/build
    Start 73: test_spot_service_introspection_late_connect
1/1 Test #73: test_spot_service_introspection_late_connect ...   Passed    4.56 sec

100% tests passed, 0 tests failed out of 1

Label Time Summary:
integration    =   4.56 sec*proc (1 test)
serial         =   4.56 sec*proc (1 test)

Total Test time (real) =   4.56 sec
=== Repeating test_spot_service_introspection_subscription_ready_loss (10 iterations) ===
--- test_spot_service_introspection_subscription_ready_loss iteration 1/10 ---
Internal ctest changing into directory: /home/hep7/project/kairos/zlink/core/build
Test project /home/hep7/project/kairos/zlink/core/build
    Start 74: test_spot_service_introspection_subscription_ready_loss
1/1 Test #74: test_spot_service_introspection_subscription_ready_loss ...   Passed    4.51 sec

100% tests passed, 0 tests failed out of 1

Label Time Summary:
integration    =   4.51 sec*proc (1 test)
serial         =   4.51 sec*proc (1 test)

Total Test time (real) =   4.51 sec
--- test_spot_service_introspection_subscription_ready_loss iteration 2/10 ---
Internal ctest changing into directory: /home/hep7/project/kairos/zlink/core/build
Test project /home/hep7/project/kairos/zlink/core/build
    Start 74: test_spot_service_introspection_subscription_ready_loss
1/1 Test #74: test_spot_service_introspection_subscription_ready_loss ...   Passed    4.51 sec

100% tests passed, 0 tests failed out of 1

Label Time Summary:
integration    =   4.51 sec*proc (1 test)
serial         =   4.51 sec*proc (1 test)

Total Test time (real) =   4.51 sec
--- test_spot_service_introspection_subscription_ready_loss iteration 3/10 ---
Internal ctest changing into directory: /home/hep7/project/kairos/zlink/core/build
Test project /home/hep7/project/kairos/zlink/core/build
    Start 74: test_spot_service_introspection_subscription_ready_loss
1/1 Test #74: test_spot_service_introspection_subscription_ready_loss ...   Passed    4.51 sec

100% tests passed, 0 tests failed out of 1

Label Time Summary:
integration    =   4.51 sec*proc (1 test)
serial         =   4.51 sec*proc (1 test)

Total Test time (real) =   4.52 sec
--- test_spot_service_introspection_subscription_ready_loss iteration 4/10 ---
Internal ctest changing into directory: /home/hep7/project/kairos/zlink/core/build
Test project /home/hep7/project/kairos/zlink/core/build
    Start 74: test_spot_service_introspection_subscription_ready_loss
1/1 Test #74: test_spot_service_introspection_subscription_ready_loss ...   Passed    4.51 sec

100% tests passed, 0 tests failed out of 1

Label Time Summary:
integration    =   4.51 sec*proc (1 test)
serial         =   4.51 sec*proc (1 test)

Total Test time (real) =   4.51 sec
--- test_spot_service_introspection_subscription_ready_loss iteration 5/10 ---
Internal ctest changing into directory: /home/hep7/project/kairos/zlink/core/build
Test project /home/hep7/project/kairos/zlink/core/build
    Start 74: test_spot_service_introspection_subscription_ready_loss
1/1 Test #74: test_spot_service_introspection_subscription_ready_loss ...   Passed    4.51 sec

100% tests passed, 0 tests failed out of 1

Label Time Summary:
integration    =   4.51 sec*proc (1 test)
serial         =   4.51 sec*proc (1 test)

Total Test time (real) =   4.51 sec
--- test_spot_service_introspection_subscription_ready_loss iteration 6/10 ---
Internal ctest changing into directory: /home/hep7/project/kairos/zlink/core/build
Test project /home/hep7/project/kairos/zlink/core/build
    Start 74: test_spot_service_introspection_subscription_ready_loss
1/1 Test #74: test_spot_service_introspection_subscription_ready_loss ...   Passed    4.51 sec

100% tests passed, 0 tests failed out of 1

Label Time Summary:
integration    =   4.51 sec*proc (1 test)
serial         =   4.51 sec*proc (1 test)

Total Test time (real) =   4.52 sec
--- test_spot_service_introspection_subscription_ready_loss iteration 7/10 ---
Internal ctest changing into directory: /home/hep7/project/kairos/zlink/core/build
Test project /home/hep7/project/kairos/zlink/core/build
    Start 74: test_spot_service_introspection_subscription_ready_loss
1/1 Test #74: test_spot_service_introspection_subscription_ready_loss ...   Passed    4.51 sec

100% tests passed, 0 tests failed out of 1

Label Time Summary:
integration    =   4.51 sec*proc (1 test)
serial         =   4.51 sec*proc (1 test)

Total Test time (real) =   4.52 sec
--- test_spot_service_introspection_subscription_ready_loss iteration 8/10 ---
Internal ctest changing into directory: /home/hep7/project/kairos/zlink/core/build
Test project /home/hep7/project/kairos/zlink/core/build
    Start 74: test_spot_service_introspection_subscription_ready_loss
1/1 Test #74: test_spot_service_introspection_subscription_ready_loss ...   Passed    4.51 sec

100% tests passed, 0 tests failed out of 1

Label Time Summary:
integration    =   4.51 sec*proc (1 test)
serial         =   4.51 sec*proc (1 test)

Total Test time (real) =   4.51 sec
--- test_spot_service_introspection_subscription_ready_loss iteration 9/10 ---
Internal ctest changing into directory: /home/hep7/project/kairos/zlink/core/build
Test project /home/hep7/project/kairos/zlink/core/build
    Start 74: test_spot_service_introspection_subscription_ready_loss
1/1 Test #74: test_spot_service_introspection_subscription_ready_loss ...   Passed    4.51 sec

100% tests passed, 0 tests failed out of 1

Label Time Summary:
integration    =   4.51 sec*proc (1 test)
serial         =   4.51 sec*proc (1 test)

Total Test time (real) =   4.51 sec
--- test_spot_service_introspection_subscription_ready_loss iteration 10/10 ---
Internal ctest changing into directory: /home/hep7/project/kairos/zlink/core/build
Test project /home/hep7/project/kairos/zlink/core/build
    Start 74: test_spot_service_introspection_subscription_ready_loss
1/1 Test #74: test_spot_service_introspection_subscription_ready_loss ...   Passed    4.51 sec

100% tests passed, 0 tests failed out of 1

Label Time Summary:
integration    =   4.51 sec*proc (1 test)
serial         =   4.51 sec*proc (1 test)

Total Test time (real) =   4.51 sec
=== Repeating test_spot_service_introspection_handler_monitor_close (10 iterations) ===
--- test_spot_service_introspection_handler_monitor_close iteration 1/10 ---
Internal ctest changing into directory: /home/hep7/project/kairos/zlink/core/build
Test project /home/hep7/project/kairos/zlink/core/build
    Start 75: test_spot_service_introspection_handler_monitor_close
1/1 Test #75: test_spot_service_introspection_handler_monitor_close ...   Passed   20.85 sec

100% tests passed, 0 tests failed out of 1

Label Time Summary:
integration    =  20.85 sec*proc (1 test)
serial         =  20.85 sec*proc (1 test)

Total Test time (real) =  20.85 sec
--- test_spot_service_introspection_handler_monitor_close iteration 2/10 ---
Internal ctest changing into directory: /home/hep7/project/kairos/zlink/core/build
Test project /home/hep7/project/kairos/zlink/core/build
    Start 75: test_spot_service_introspection_handler_monitor_close
1/1 Test #75: test_spot_service_introspection_handler_monitor_close ...   Passed   20.83 sec

100% tests passed, 0 tests failed out of 1

Label Time Summary:
integration    =  20.83 sec*proc (1 test)
serial         =  20.83 sec*proc (1 test)

Total Test time (real) =  20.83 sec
--- test_spot_service_introspection_handler_monitor_close iteration 3/10 ---
Internal ctest changing into directory: /home/hep7/project/kairos/zlink/core/build
Test project /home/hep7/project/kairos/zlink/core/build
    Start 75: test_spot_service_introspection_handler_monitor_close
1/1 Test #75: test_spot_service_introspection_handler_monitor_close ...   Passed   20.84 sec

100% tests passed, 0 tests failed out of 1

Label Time Summary:
integration    =  20.84 sec*proc (1 test)
serial         =  20.84 sec*proc (1 test)

Total Test time (real) =  20.85 sec
--- test_spot_service_introspection_handler_monitor_close iteration 4/10 ---
Internal ctest changing into directory: /home/hep7/project/kairos/zlink/core/build
Test project /home/hep7/project/kairos/zlink/core/build
    Start 75: test_spot_service_introspection_handler_monitor_close
1/1 Test #75: test_spot_service_introspection_handler_monitor_close ...   Passed   20.84 sec

100% tests passed, 0 tests failed out of 1

Label Time Summary:
integration    =  20.84 sec*proc (1 test)
serial         =  20.84 sec*proc (1 test)

Total Test time (real) =  20.84 sec
--- test_spot_service_introspection_handler_monitor_close iteration 5/10 ---
Internal ctest changing into directory: /home/hep7/project/kairos/zlink/core/build
Test project /home/hep7/project/kairos/zlink/core/build
    Start 75: test_spot_service_introspection_handler_monitor_close
1/1 Test #75: test_spot_service_introspection_handler_monitor_close ...   Passed   20.83 sec

100% tests passed, 0 tests failed out of 1

Label Time Summary:
integration    =  20.83 sec*proc (1 test)
serial         =  20.83 sec*proc (1 test)

Total Test time (real) =  20.84 sec
--- test_spot_service_introspection_handler_monitor_close iteration 6/10 ---
Internal ctest changing into directory: /home/hep7/project/kairos/zlink/core/build
Test project /home/hep7/project/kairos/zlink/core/build
    Start 75: test_spot_service_introspection_handler_monitor_close
1/1 Test #75: test_spot_service_introspection_handler_monitor_close ...   Passed   20.84 sec

100% tests passed, 0 tests failed out of 1

Label Time Summary:
integration    =  20.84 sec*proc (1 test)
serial         =  20.84 sec*proc (1 test)

Total Test time (real) =  20.84 sec
--- test_spot_service_introspection_handler_monitor_close iteration 7/10 ---
Internal ctest changing into directory: /home/hep7/project/kairos/zlink/core/build
Test project /home/hep7/project/kairos/zlink/core/build
    Start 75: test_spot_service_introspection_handler_monitor_close
1/1 Test #75: test_spot_service_introspection_handler_monitor_close ...   Passed   20.79 sec

100% tests passed, 0 tests failed out of 1

Label Time Summary:
integration    =  20.79 sec*proc (1 test)
serial         =  20.79 sec*proc (1 test)

Total Test time (real) =  20.79 sec
--- test_spot_service_introspection_handler_monitor_close iteration 8/10 ---
Internal ctest changing into directory: /home/hep7/project/kairos/zlink/core/build
Test project /home/hep7/project/kairos/zlink/core/build
    Start 75: test_spot_service_introspection_handler_monitor_close
1/1 Test #75: test_spot_service_introspection_handler_monitor_close ...   Passed   20.90 sec

100% tests passed, 0 tests failed out of 1

Label Time Summary:
integration    =  20.90 sec*proc (1 test)
serial         =  20.90 sec*proc (1 test)

Total Test time (real) =  20.90 sec
--- test_spot_service_introspection_handler_monitor_close iteration 9/10 ---
Internal ctest changing into directory: /home/hep7/project/kairos/zlink/core/build
Test project /home/hep7/project/kairos/zlink/core/build
    Start 75: test_spot_service_introspection_handler_monitor_close
1/1 Test #75: test_spot_service_introspection_handler_monitor_close ...   Passed   20.73 sec

100% tests passed, 0 tests failed out of 1

Label Time Summary:
integration    =  20.73 sec*proc (1 test)
serial         =  20.73 sec*proc (1 test)

Total Test time (real) =  20.74 sec
--- test_spot_service_introspection_handler_monitor_close iteration 10/10 ---
Internal ctest changing into directory: /home/hep7/project/kairos/zlink/core/build
Test project /home/hep7/project/kairos/zlink/core/build
    Start 75: test_spot_service_introspection_handler_monitor_close
1/1 Test #75: test_spot_service_introspection_handler_monitor_close ...   Passed   20.79 sec

100% tests passed, 0 tests failed out of 1

Label Time Summary:
integration    =  20.79 sec*proc (1 test)
serial         =  20.79 sec*proc (1 test)

Total Test time (real) =  20.79 sec
=== Repeating test_spot_service_introspection_snapshots (10 iterations) ===
--- test_spot_service_introspection_snapshots iteration 1/10 ---
Internal ctest changing into directory: /home/hep7/project/kairos/zlink/core/build
Test project /home/hep7/project/kairos/zlink/core/build
    Start 80: test_spot_service_introspection_snapshots
1/1 Test #80: test_spot_service_introspection_snapshots ...   Passed    4.56 sec

100% tests passed, 0 tests failed out of 1

Label Time Summary:
integration    =   4.56 sec*proc (1 test)
serial         =   4.56 sec*proc (1 test)

Total Test time (real) =   4.56 sec
--- test_spot_service_introspection_snapshots iteration 2/10 ---
Internal ctest changing into directory: /home/hep7/project/kairos/zlink/core/build
Test project /home/hep7/project/kairos/zlink/core/build
    Start 80: test_spot_service_introspection_snapshots
1/1 Test #80: test_spot_service_introspection_snapshots ...   Passed    4.56 sec

100% tests passed, 0 tests failed out of 1

Label Time Summary:
integration    =   4.56 sec*proc (1 test)
serial         =   4.56 sec*proc (1 test)

Total Test time (real) =   4.56 sec
--- test_spot_service_introspection_snapshots iteration 3/10 ---
Internal ctest changing into directory: /home/hep7/project/kairos/zlink/core/build
Test project /home/hep7/project/kairos/zlink/core/build
    Start 80: test_spot_service_introspection_snapshots
1/1 Test #80: test_spot_service_introspection_snapshots ...   Passed    4.56 sec

100% tests passed, 0 tests failed out of 1

Label Time Summary:
integration    =   4.56 sec*proc (1 test)
serial         =   4.56 sec*proc (1 test)

Total Test time (real) =   4.56 sec
--- test_spot_service_introspection_snapshots iteration 4/10 ---
Internal ctest changing into directory: /home/hep7/project/kairos/zlink/core/build
Test project /home/hep7/project/kairos/zlink/core/build
    Start 80: test_spot_service_introspection_snapshots
1/1 Test #80: test_spot_service_introspection_snapshots ...   Passed    4.56 sec

100% tests passed, 0 tests failed out of 1

Label Time Summary:
integration    =   4.56 sec*proc (1 test)
serial         =   4.56 sec*proc (1 test)

Total Test time (real) =   4.56 sec
--- test_spot_service_introspection_snapshots iteration 5/10 ---
Internal ctest changing into directory: /home/hep7/project/kairos/zlink/core/build
Test project /home/hep7/project/kairos/zlink/core/build
    Start 80: test_spot_service_introspection_snapshots
1/1 Test #80: test_spot_service_introspection_snapshots ...   Passed    4.56 sec

100% tests passed, 0 tests failed out of 1

Label Time Summary:
integration    =   4.56 sec*proc (1 test)
serial         =   4.56 sec*proc (1 test)

Total Test time (real) =   4.56 sec
--- test_spot_service_introspection_snapshots iteration 6/10 ---
Internal ctest changing into directory: /home/hep7/project/kairos/zlink/core/build
Test project /home/hep7/project/kairos/zlink/core/build
    Start 80: test_spot_service_introspection_snapshots
1/1 Test #80: test_spot_service_introspection_snapshots ...   Passed    4.56 sec

100% tests passed, 0 tests failed out of 1

Label Time Summary:
integration    =   4.56 sec*proc (1 test)
serial         =   4.56 sec*proc (1 test)

Total Test time (real) =   4.56 sec
--- test_spot_service_introspection_snapshots iteration 7/10 ---
Internal ctest changing into directory: /home/hep7/project/kairos/zlink/core/build
Test project /home/hep7/project/kairos/zlink/core/build
    Start 80: test_spot_service_introspection_snapshots
1/1 Test #80: test_spot_service_introspection_snapshots ...   Passed    4.56 sec

100% tests passed, 0 tests failed out of 1

Label Time Summary:
integration    =   4.56 sec*proc (1 test)
serial         =   4.56 sec*proc (1 test)

Total Test time (real) =   4.56 sec
--- test_spot_service_introspection_snapshots iteration 8/10 ---
Internal ctest changing into directory: /home/hep7/project/kairos/zlink/core/build
Test project /home/hep7/project/kairos/zlink/core/build
    Start 80: test_spot_service_introspection_snapshots
1/1 Test #80: test_spot_service_introspection_snapshots ...   Passed    4.56 sec

100% tests passed, 0 tests failed out of 1

Label Time Summary:
integration    =   4.56 sec*proc (1 test)
serial         =   4.56 sec*proc (1 test)

Total Test time (real) =   4.56 sec
--- test_spot_service_introspection_snapshots iteration 9/10 ---
Internal ctest changing into directory: /home/hep7/project/kairos/zlink/core/build
Test project /home/hep7/project/kairos/zlink/core/build
    Start 80: test_spot_service_introspection_snapshots
1/1 Test #80: test_spot_service_introspection_snapshots ...   Passed    4.56 sec

100% tests passed, 0 tests failed out of 1

Label Time Summary:
integration    =   4.56 sec*proc (1 test)
serial         =   4.56 sec*proc (1 test)

Total Test time (real) =   4.56 sec
--- test_spot_service_introspection_snapshots iteration 10/10 ---
Internal ctest changing into directory: /home/hep7/project/kairos/zlink/core/build
Test project /home/hep7/project/kairos/zlink/core/build
    Start 80: test_spot_service_introspection_snapshots
1/1 Test #80: test_spot_service_introspection_snapshots ...   Passed    4.56 sec

100% tests passed, 0 tests failed out of 1

Label Time Summary:
integration    =   4.56 sec*proc (1 test)
serial         =   4.56 sec*proc (1 test)

Total Test time (real) =   4.56 sec
=== Thread-safe contract stress completed ===
