=== Verifying stress test registration ===
=== Stress test registration verified ===
=== Repeating test_monitor_enhanced (10 iterations) ===
--- test_monitor_enhanced iteration 1/10 ---
Internal ctest changing into directory: /home/hep7/project/kairos/zlink/core/build
Test project /home/hep7/project/kairos/zlink/core/build
    Start 3: test_monitor_enhanced
1/1 Test #3: test_monitor_enhanced ............   Passed    0.01 sec

100% tests passed, 0 tests failed out of 1

Label Time Summary:
integration    =   0.01 sec*proc (1 test)
serial         =   0.01 sec*proc (1 test)

Total Test time (real) =   0.01 sec
--- test_monitor_enhanced iteration 2/10 ---
Internal ctest changing into directory: /home/hep7/project/kairos/zlink/core/build
Test project /home/hep7/project/kairos/zlink/core/build
    Start 3: test_monitor_enhanced
1/1 Test #3: test_monitor_enhanced ............   Passed    0.01 sec

100% tests passed, 0 tests failed out of 1

Label Time Summary:
integration    =   0.01 sec*proc (1 test)
serial         =   0.01 sec*proc (1 test)

Total Test time (real) =   0.01 sec
--- test_monitor_enhanced iteration 3/10 ---
Internal ctest changing into directory: /home/hep7/project/kairos/zlink/core/build
Test project /home/hep7/project/kairos/zlink/core/build
    Start 3: test_monitor_enhanced
1/1 Test #3: test_monitor_enhanced ............   Passed    0.01 sec

100% tests passed, 0 tests failed out of 1

Label Time Summary:
integration    =   0.01 sec*proc (1 test)
serial         =   0.01 sec*proc (1 test)

Total Test time (real) =   0.01 sec
--- test_monitor_enhanced iteration 4/10 ---
Internal ctest changing into directory: /home/hep7/project/kairos/zlink/core/build
Test project /home/hep7/project/kairos/zlink/core/build
    Start 3: test_monitor_enhanced
1/1 Test #3: test_monitor_enhanced ............   Passed    0.01 sec

100% tests passed, 0 tests failed out of 1

Label Time Summary:
integration    =   0.01 sec*proc (1 test)
serial         =   0.01 sec*proc (1 test)

Total Test time (real) =   0.01 sec
--- test_monitor_enhanced iteration 5/10 ---
Internal ctest changing into directory: /home/hep7/project/kairos/zlink/core/build
Test project /home/hep7/project/kairos/zlink/core/build
    Start 3: test_monitor_enhanced
1/1 Test #3: test_monitor_enhanced ............   Passed    0.01 sec

100% tests passed, 0 tests failed out of 1

Label Time Summary:
integration    =   0.01 sec*proc (1 test)
serial         =   0.01 sec*proc (1 test)

Total Test time (real) =   0.01 sec
--- test_monitor_enhanced iteration 6/10 ---
Internal ctest changing into directory: /home/hep7/project/kairos/zlink/core/build
Test project /home/hep7/project/kairos/zlink/core/build
    Start 3: test_monitor_enhanced
1/1 Test #3: test_monitor_enhanced ............   Passed    0.01 sec

100% tests passed, 0 tests failed out of 1

Label Time Summary:
integration    =   0.01 sec*proc (1 test)
serial         =   0.01 sec*proc (1 test)

Total Test time (real) =   0.01 sec
--- test_monitor_enhanced iteration 7/10 ---
Internal ctest changing into directory: /home/hep7/project/kairos/zlink/core/build
Test project /home/hep7/project/kairos/zlink/core/build
    Start 3: test_monitor_enhanced
1/1 Test #3: test_monitor_enhanced ............   Passed    0.01 sec

100% tests passed, 0 tests failed out of 1

Label Time Summary:
integration    =   0.01 sec*proc (1 test)
serial         =   0.01 sec*proc (1 test)

Total Test time (real) =   0.01 sec
--- test_monitor_enhanced iteration 8/10 ---
Internal ctest changing into directory: /home/hep7/project/kairos/zlink/core/build
Test project /home/hep7/project/kairos/zlink/core/build
    Start 3: test_monitor_enhanced
1/1 Test #3: test_monitor_enhanced ............   Passed    0.01 sec

100% tests passed, 0 tests failed out of 1

Label Time Summary:
integration    =   0.01 sec*proc (1 test)
serial         =   0.01 sec*proc (1 test)

Total Test time (real) =   0.01 sec
--- test_monitor_enhanced iteration 9/10 ---
Internal ctest changing into directory: /home/hep7/project/kairos/zlink/core/build
Test project /home/hep7/project/kairos/zlink/core/build
    Start 3: test_monitor_enhanced
1/1 Test #3: test_monitor_enhanced ............   Passed    0.01 sec

100% tests passed, 0 tests failed out of 1

Label Time Summary:
integration    =   0.01 sec*proc (1 test)
serial         =   0.01 sec*proc (1 test)

Total Test time (real) =   0.01 sec
--- test_monitor_enhanced iteration 10/10 ---
Internal ctest changing into directory: /home/hep7/project/kairos/zlink/core/build
Test project /home/hep7/project/kairos/zlink/core/build
    Start 3: test_monitor_enhanced
1/1 Test #3: test_monitor_enhanced ............   Passed    0.01 sec

100% tests passed, 0 tests failed out of 1

Label Time Summary:
integration    =   0.01 sec*proc (1 test)
serial         =   0.01 sec*proc (1 test)

Total Test time (real) =   0.01 sec
=== Repeating test_monitor_perf_contract (10 iterations) ===
--- test_monitor_perf_contract iteration 1/10 ---
Internal ctest changing into directory: /home/hep7/project/kairos/zlink/core/build
Test project /home/hep7/project/kairos/zlink/core/build
    Start 5: test_monitor_perf_contract
1/1 Test #5: test_monitor_perf_contract .......   Passed    0.23 sec

100% tests passed, 0 tests failed out of 1

Label Time Summary:
integration    =   0.23 sec*proc (1 test)
serial         =   0.23 sec*proc (1 test)

Total Test time (real) =   0.23 sec
--- test_monitor_perf_contract iteration 2/10 ---
Internal ctest changing into directory: /home/hep7/project/kairos/zlink/core/build
Test project /home/hep7/project/kairos/zlink/core/build
    Start 5: test_monitor_perf_contract
1/1 Test #5: test_monitor_perf_contract .......   Passed    0.24 sec

100% tests passed, 0 tests failed out of 1

Label Time Summary:
integration    =   0.24 sec*proc (1 test)
serial         =   0.24 sec*proc (1 test)

Total Test time (real) =   0.24 sec
--- test_monitor_perf_contract iteration 3/10 ---
Internal ctest changing into directory: /home/hep7/project/kairos/zlink/core/build
Test project /home/hep7/project/kairos/zlink/core/build
    Start 5: test_monitor_perf_contract
1/1 Test #5: test_monitor_perf_contract .......   Passed    0.73 sec

100% tests passed, 0 tests failed out of 1

Label Time Summary:
integration    =   0.73 sec*proc (1 test)
serial         =   0.73 sec*proc (1 test)

Total Test time (real) =   0.73 sec
--- test_monitor_perf_contract iteration 4/10 ---
Internal ctest changing into directory: /home/hep7/project/kairos/zlink/core/build
Test project /home/hep7/project/kairos/zlink/core/build
    Start 5: test_monitor_perf_contract
1/1 Test #5: test_monitor_perf_contract .......   Passed    0.73 sec

100% tests passed, 0 tests failed out of 1

Label Time Summary:
integration    =   0.73 sec*proc (1 test)
serial         =   0.73 sec*proc (1 test)

Total Test time (real) =   0.74 sec
--- test_monitor_perf_contract iteration 5/10 ---
Internal ctest changing into directory: /home/hep7/project/kairos/zlink/core/build
Test project /home/hep7/project/kairos/zlink/core/build
    Start 5: test_monitor_perf_contract
1/1 Test #5: test_monitor_perf_contract .......   Passed    0.25 sec

100% tests passed, 0 tests failed out of 1

Label Time Summary:
integration    =   0.25 sec*proc (1 test)
serial         =   0.25 sec*proc (1 test)

Total Test time (real) =   0.25 sec
--- test_monitor_perf_contract iteration 6/10 ---
Internal ctest changing into directory: /home/hep7/project/kairos/zlink/core/build
Test project /home/hep7/project/kairos/zlink/core/build
    Start 5: test_monitor_perf_contract
1/1 Test #5: test_monitor_perf_contract .......   Passed    0.27 sec

100% tests passed, 0 tests failed out of 1

Label Time Summary:
integration    =   0.27 sec*proc (1 test)
serial         =   0.27 sec*proc (1 test)

Total Test time (real) =   0.27 sec
--- test_monitor_perf_contract iteration 7/10 ---
Internal ctest changing into directory: /home/hep7/project/kairos/zlink/core/build
Test project /home/hep7/project/kairos/zlink/core/build
    Start 5: test_monitor_perf_contract
1/1 Test #5: test_monitor_perf_contract .......   Passed    0.26 sec

100% tests passed, 0 tests failed out of 1

Label Time Summary:
integration    =   0.26 sec*proc (1 test)
serial         =   0.26 sec*proc (1 test)

Total Test time (real) =   0.26 sec
--- test_monitor_perf_contract iteration 8/10 ---
Internal ctest changing into directory: /home/hep7/project/kairos/zlink/core/build
Test project /home/hep7/project/kairos/zlink/core/build
    Start 5: test_monitor_perf_contract
1/1 Test #5: test_monitor_perf_contract .......   Passed    0.25 sec

100% tests passed, 0 tests failed out of 1

Label Time Summary:
integration    =   0.25 sec*proc (1 test)
serial         =   0.25 sec*proc (1 test)

Total Test time (real) =   0.25 sec
--- test_monitor_perf_contract iteration 9/10 ---
Internal ctest changing into directory: /home/hep7/project/kairos/zlink/core/build
Test project /home/hep7/project/kairos/zlink/core/build
    Start 5: test_monitor_perf_contract
1/1 Test #5: test_monitor_perf_contract .......   Passed    0.26 sec

100% tests passed, 0 tests failed out of 1

Label Time Summary:
integration    =   0.26 sec*proc (1 test)
serial         =   0.26 sec*proc (1 test)

Total Test time (real) =   0.26 sec
--- test_monitor_perf_contract iteration 10/10 ---
Internal ctest changing into directory: /home/hep7/project/kairos/zlink/core/build
Test project /home/hep7/project/kairos/zlink/core/build
    Start 5: test_monitor_perf_contract
1/1 Test #5: test_monitor_perf_contract .......   Passed    0.26 sec

100% tests passed, 0 tests failed out of 1

Label Time Summary:
integration    =   0.26 sec*proc (1 test)
serial         =   0.26 sec*proc (1 test)

Total Test time (real) =   0.26 sec
=== Repeating test_spot_service_introspection_monitors (10 iterations) ===
--- test_spot_service_introspection_monitors iteration 1/10 ---
Internal ctest changing into directory: /home/hep7/project/kairos/zlink/core/build
Test project /home/hep7/project/kairos/zlink/core/build
    Start 35: test_spot_service_introspection_monitors
1/1 Test #35: test_spot_service_introspection_monitors ...   Passed    4.60 sec

100% tests passed, 0 tests failed out of 1

Label Time Summary:
integration    =   4.60 sec*proc (1 test)
serial         =   4.60 sec*proc (1 test)

Total Test time (real) =   4.60 sec
--- test_spot_service_introspection_monitors iteration 2/10 ---
Internal ctest changing into directory: /home/hep7/project/kairos/zlink/core/build
Test project /home/hep7/project/kairos/zlink/core/build
    Start 35: test_spot_service_introspection_monitors
1/1 Test #35: test_spot_service_introspection_monitors ...   Passed    4.60 sec

100% tests passed, 0 tests failed out of 1

Label Time Summary:
integration    =   4.60 sec*proc (1 test)
serial         =   4.60 sec*proc (1 test)

Total Test time (real) =   4.60 sec
--- test_spot_service_introspection_monitors iteration 3/10 ---
Internal ctest changing into directory: /home/hep7/project/kairos/zlink/core/build
Test project /home/hep7/project/kairos/zlink/core/build
    Start 35: test_spot_service_introspection_monitors
1/1 Test #35: test_spot_service_introspection_monitors ...   Passed    4.59 sec

100% tests passed, 0 tests failed out of 1

Label Time Summary:
integration    =   4.59 sec*proc (1 test)
serial         =   4.59 sec*proc (1 test)

Total Test time (real) =   4.59 sec
--- test_spot_service_introspection_monitors iteration 4/10 ---
Internal ctest changing into directory: /home/hep7/project/kairos/zlink/core/build
Test project /home/hep7/project/kairos/zlink/core/build
    Start 35: test_spot_service_introspection_monitors
1/1 Test #35: test_spot_service_introspection_monitors ...   Passed    4.59 sec

100% tests passed, 0 tests failed out of 1

Label Time Summary:
integration    =   4.59 sec*proc (1 test)
serial         =   4.59 sec*proc (1 test)

Total Test time (real) =   4.59 sec
--- test_spot_service_introspection_monitors iteration 5/10 ---
Internal ctest changing into directory: /home/hep7/project/kairos/zlink/core/build
Test project /home/hep7/project/kairos/zlink/core/build
    Start 35: test_spot_service_introspection_monitors
1/1 Test #35: test_spot_service_introspection_monitors ...   Passed    4.61 sec

100% tests passed, 0 tests failed out of 1

Label Time Summary:
integration    =   4.61 sec*proc (1 test)
serial         =   4.61 sec*proc (1 test)

Total Test time (real) =   4.62 sec
--- test_spot_service_introspection_monitors iteration 6/10 ---
Internal ctest changing into directory: /home/hep7/project/kairos/zlink/core/build
Test project /home/hep7/project/kairos/zlink/core/build
    Start 35: test_spot_service_introspection_monitors
1/1 Test #35: test_spot_service_introspection_monitors ...   Passed    4.59 sec

100% tests passed, 0 tests failed out of 1

Label Time Summary:
integration    =   4.59 sec*proc (1 test)
serial         =   4.59 sec*proc (1 test)

Total Test time (real) =   4.59 sec
--- test_spot_service_introspection_monitors iteration 7/10 ---
Internal ctest changing into directory: /home/hep7/project/kairos/zlink/core/build
Test project /home/hep7/project/kairos/zlink/core/build
    Start 35: test_spot_service_introspection_monitors
1/1 Test #35: test_spot_service_introspection_monitors ...   Passed    4.59 sec

100% tests passed, 0 tests failed out of 1

Label Time Summary:
integration    =   4.59 sec*proc (1 test)
serial         =   4.59 sec*proc (1 test)

Total Test time (real) =   4.59 sec
--- test_spot_service_introspection_monitors iteration 8/10 ---
Internal ctest changing into directory: /home/hep7/project/kairos/zlink/core/build
Test project /home/hep7/project/kairos/zlink/core/build
    Start 35: test_spot_service_introspection_monitors
1/1 Test #35: test_spot_service_introspection_monitors ...   Passed    4.59 sec

100% tests passed, 0 tests failed out of 1

Label Time Summary:
integration    =   4.59 sec*proc (1 test)
serial         =   4.59 sec*proc (1 test)

Total Test time (real) =   4.59 sec
--- test_spot_service_introspection_monitors iteration 9/10 ---
Internal ctest changing into directory: /home/hep7/project/kairos/zlink/core/build
Test project /home/hep7/project/kairos/zlink/core/build
    Start 35: test_spot_service_introspection_monitors
1/1 Test #35: test_spot_service_introspection_monitors ...   Passed    4.64 sec

100% tests passed, 0 tests failed out of 1

Label Time Summary:
integration    =   4.64 sec*proc (1 test)
serial         =   4.64 sec*proc (1 test)

Total Test time (real) =   4.64 sec
--- test_spot_service_introspection_monitors iteration 10/10 ---
Internal ctest changing into directory: /home/hep7/project/kairos/zlink/core/build
Test project /home/hep7/project/kairos/zlink/core/build
    Start 35: test_spot_service_introspection_monitors
1/1 Test #35: test_spot_service_introspection_monitors ...   Passed    4.59 sec

100% tests passed, 0 tests failed out of 1

Label Time Summary:
integration    =   4.59 sec*proc (1 test)
serial         =   4.59 sec*proc (1 test)

Total Test time (real) =   4.59 sec
=== Repeating test_spot_service_introspection_late_connect (10 iterations) ===
--- test_spot_service_introspection_late_connect iteration 1/10 ---
Internal ctest changing into directory: /home/hep7/project/kairos/zlink/core/build
Test project /home/hep7/project/kairos/zlink/core/build
    Start 36: test_spot_service_introspection_late_connect
1/1 Test #36: test_spot_service_introspection_late_connect ...   Passed    4.59 sec

100% tests passed, 0 tests failed out of 1

Label Time Summary:
integration    =   4.59 sec*proc (1 test)
serial         =   4.59 sec*proc (1 test)

Total Test time (real) =   4.60 sec
--- test_spot_service_introspection_late_connect iteration 2/10 ---
Internal ctest changing into directory: /home/hep7/project/kairos/zlink/core/build
Test project /home/hep7/project/kairos/zlink/core/build
    Start 36: test_spot_service_introspection_late_connect
1/1 Test #36: test_spot_service_introspection_late_connect ...   Passed    4.62 sec

100% tests passed, 0 tests failed out of 1

Label Time Summary:
integration    =   4.62 sec*proc (1 test)
serial         =   4.62 sec*proc (1 test)

Total Test time (real) =   4.62 sec
--- test_spot_service_introspection_late_connect iteration 3/10 ---
Internal ctest changing into directory: /home/hep7/project/kairos/zlink/core/build
Test project /home/hep7/project/kairos/zlink/core/build
    Start 36: test_spot_service_introspection_late_connect
1/1 Test #36: test_spot_service_introspection_late_connect ...   Passed    4.64 sec

100% tests passed, 0 tests failed out of 1

Label Time Summary:
integration    =   4.64 sec*proc (1 test)
serial         =   4.64 sec*proc (1 test)

Total Test time (real) =   4.64 sec
--- test_spot_service_introspection_late_connect iteration 4/10 ---
Internal ctest changing into directory: /home/hep7/project/kairos/zlink/core/build
Test project /home/hep7/project/kairos/zlink/core/build
    Start 36: test_spot_service_introspection_late_connect
1/1 Test #36: test_spot_service_introspection_late_connect ...   Passed    4.79 sec

100% tests passed, 0 tests failed out of 1

Label Time Summary:
integration    =   4.79 sec*proc (1 test)
serial         =   4.79 sec*proc (1 test)

Total Test time (real) =   4.79 sec
--- test_spot_service_introspection_late_connect iteration 5/10 ---
Internal ctest changing into directory: /home/hep7/project/kairos/zlink/core/build
Test project /home/hep7/project/kairos/zlink/core/build
    Start 36: test_spot_service_introspection_late_connect
1/1 Test #36: test_spot_service_introspection_late_connect ...   Passed    4.80 sec

100% tests passed, 0 tests failed out of 1

Label Time Summary:
integration    =   4.80 sec*proc (1 test)
serial         =   4.80 sec*proc (1 test)

Total Test time (real) =   4.80 sec
--- test_spot_service_introspection_late_connect iteration 6/10 ---
Internal ctest changing into directory: /home/hep7/project/kairos/zlink/core/build
Test project /home/hep7/project/kairos/zlink/core/build
    Start 36: test_spot_service_introspection_late_connect
1/1 Test #36: test_spot_service_introspection_late_connect ...   Passed    4.60 sec

100% tests passed, 0 tests failed out of 1

Label Time Summary:
integration    =   4.60 sec*proc (1 test)
serial         =   4.60 sec*proc (1 test)

Total Test time (real) =   4.60 sec
--- test_spot_service_introspection_late_connect iteration 7/10 ---
Internal ctest changing into directory: /home/hep7/project/kairos/zlink/core/build
Test project /home/hep7/project/kairos/zlink/core/build
    Start 36: test_spot_service_introspection_late_connect
1/1 Test #36: test_spot_service_introspection_late_connect ...   Passed    4.60 sec

100% tests passed, 0 tests failed out of 1

Label Time Summary:
integration    =   4.60 sec*proc (1 test)
serial         =   4.60 sec*proc (1 test)

Total Test time (real) =   4.61 sec
--- test_spot_service_introspection_late_connect iteration 8/10 ---
Internal ctest changing into directory: /home/hep7/project/kairos/zlink/core/build
Test project /home/hep7/project/kairos/zlink/core/build
    Start 36: test_spot_service_introspection_late_connect
1/1 Test #36: test_spot_service_introspection_late_connect ...   Passed    4.81 sec

100% tests passed, 0 tests failed out of 1

Label Time Summary:
integration    =   4.81 sec*proc (1 test)
serial         =   4.81 sec*proc (1 test)

Total Test time (real) =   4.81 sec
--- test_spot_service_introspection_late_connect iteration 9/10 ---
Internal ctest changing into directory: /home/hep7/project/kairos/zlink/core/build
Test project /home/hep7/project/kairos/zlink/core/build
    Start 36: test_spot_service_introspection_late_connect
1/1 Test #36: test_spot_service_introspection_late_connect ...   Passed    4.60 sec

100% tests passed, 0 tests failed out of 1

Label Time Summary:
integration    =   4.60 sec*proc (1 test)
serial         =   4.60 sec*proc (1 test)

Total Test time (real) =   4.60 sec
--- test_spot_service_introspection_late_connect iteration 10/10 ---
Internal ctest changing into directory: /home/hep7/project/kairos/zlink/core/build
Test project /home/hep7/project/kairos/zlink/core/build
    Start 36: test_spot_service_introspection_late_connect
1/1 Test #36: test_spot_service_introspection_late_connect ...   Passed    4.59 sec

100% tests passed, 0 tests failed out of 1

Label Time Summary:
integration    =   4.59 sec*proc (1 test)
serial         =   4.59 sec*proc (1 test)

Total Test time (real) =   4.59 sec
=== Repeating test_spot_service_introspection_subscription_ready_loss (10 iterations) ===
--- test_spot_service_introspection_subscription_ready_loss iteration 1/10 ---
Internal ctest changing into directory: /home/hep7/project/kairos/zlink/core/build
Test project /home/hep7/project/kairos/zlink/core/build
    Start 37: test_spot_service_introspection_subscription_ready_loss
1/1 Test #37: test_spot_service_introspection_subscription_ready_loss ...   Passed    4.59 sec

100% tests passed, 0 tests failed out of 1

Label Time Summary:
integration    =   4.59 sec*proc (1 test)
serial         =   4.59 sec*proc (1 test)

Total Test time (real) =   4.59 sec
--- test_spot_service_introspection_subscription_ready_loss iteration 2/10 ---
Internal ctest changing into directory: /home/hep7/project/kairos/zlink/core/build
Test project /home/hep7/project/kairos/zlink/core/build
    Start 37: test_spot_service_introspection_subscription_ready_loss
1/1 Test #37: test_spot_service_introspection_subscription_ready_loss ...   Passed    4.58 sec

100% tests passed, 0 tests failed out of 1

Label Time Summary:
integration    =   4.58 sec*proc (1 test)
serial         =   4.58 sec*proc (1 test)

Total Test time (real) =   4.58 sec
--- test_spot_service_introspection_subscription_ready_loss iteration 3/10 ---
Internal ctest changing into directory: /home/hep7/project/kairos/zlink/core/build
Test project /home/hep7/project/kairos/zlink/core/build
    Start 37: test_spot_service_introspection_subscription_ready_loss
1/1 Test #37: test_spot_service_introspection_subscription_ready_loss ...   Passed    4.59 sec

100% tests passed, 0 tests failed out of 1

Label Time Summary:
integration    =   4.59 sec*proc (1 test)
serial         =   4.59 sec*proc (1 test)

Total Test time (real) =   4.59 sec
--- test_spot_service_introspection_subscription_ready_loss iteration 4/10 ---
Internal ctest changing into directory: /home/hep7/project/kairos/zlink/core/build
Test project /home/hep7/project/kairos/zlink/core/build
    Start 37: test_spot_service_introspection_subscription_ready_loss
1/1 Test #37: test_spot_service_introspection_subscription_ready_loss ...   Passed    4.61 sec

100% tests passed, 0 tests failed out of 1

Label Time Summary:
integration    =   4.61 sec*proc (1 test)
serial         =   4.61 sec*proc (1 test)

Total Test time (real) =   4.61 sec
--- test_spot_service_introspection_subscription_ready_loss iteration 5/10 ---
Internal ctest changing into directory: /home/hep7/project/kairos/zlink/core/build
Test project /home/hep7/project/kairos/zlink/core/build
    Start 37: test_spot_service_introspection_subscription_ready_loss
1/1 Test #37: test_spot_service_introspection_subscription_ready_loss ...   Passed    4.58 sec

100% tests passed, 0 tests failed out of 1

Label Time Summary:
integration    =   4.58 sec*proc (1 test)
serial         =   4.58 sec*proc (1 test)

Total Test time (real) =   4.58 sec
--- test_spot_service_introspection_subscription_ready_loss iteration 6/10 ---
Internal ctest changing into directory: /home/hep7/project/kairos/zlink/core/build
Test project /home/hep7/project/kairos/zlink/core/build
    Start 37: test_spot_service_introspection_subscription_ready_loss
1/1 Test #37: test_spot_service_introspection_subscription_ready_loss ...   Passed    4.58 sec

100% tests passed, 0 tests failed out of 1

Label Time Summary:
integration    =   4.58 sec*proc (1 test)
serial         =   4.58 sec*proc (1 test)

Total Test time (real) =   4.58 sec
--- test_spot_service_introspection_subscription_ready_loss iteration 7/10 ---
Internal ctest changing into directory: /home/hep7/project/kairos/zlink/core/build
Test project /home/hep7/project/kairos/zlink/core/build
    Start 37: test_spot_service_introspection_subscription_ready_loss
1/1 Test #37: test_spot_service_introspection_subscription_ready_loss ...   Passed    4.58 sec

100% tests passed, 0 tests failed out of 1

Label Time Summary:
integration    =   4.58 sec*proc (1 test)
serial         =   4.58 sec*proc (1 test)

Total Test time (real) =   4.58 sec
--- test_spot_service_introspection_subscription_ready_loss iteration 8/10 ---
Internal ctest changing into directory: /home/hep7/project/kairos/zlink/core/build
Test project /home/hep7/project/kairos/zlink/core/build
    Start 37: test_spot_service_introspection_subscription_ready_loss
1/1 Test #37: test_spot_service_introspection_subscription_ready_loss ...   Passed    4.59 sec

100% tests passed, 0 tests failed out of 1

Label Time Summary:
integration    =   4.59 sec*proc (1 test)
serial         =   4.59 sec*proc (1 test)

Total Test time (real) =   4.59 sec
--- test_spot_service_introspection_subscription_ready_loss iteration 9/10 ---
Internal ctest changing into directory: /home/hep7/project/kairos/zlink/core/build
Test project /home/hep7/project/kairos/zlink/core/build
    Start 37: test_spot_service_introspection_subscription_ready_loss
1/1 Test #37: test_spot_service_introspection_subscription_ready_loss ...   Passed    4.59 sec

100% tests passed, 0 tests failed out of 1

Label Time Summary:
integration    =   4.59 sec*proc (1 test)
serial         =   4.59 sec*proc (1 test)

Total Test time (real) =   4.59 sec
--- test_spot_service_introspection_subscription_ready_loss iteration 10/10 ---
Internal ctest changing into directory: /home/hep7/project/kairos/zlink/core/build
Test project /home/hep7/project/kairos/zlink/core/build
    Start 37: test_spot_service_introspection_subscription_ready_loss
1/1 Test #37: test_spot_service_introspection_subscription_ready_loss ...   Passed    4.59 sec

100% tests passed, 0 tests failed out of 1

Label Time Summary:
integration    =   4.59 sec*proc (1 test)
serial         =   4.59 sec*proc (1 test)

Total Test time (real) =   4.59 sec
=== Repeating test_spot_service_introspection_handler_monitor_close (10 iterations) ===
--- test_spot_service_introspection_handler_monitor_close iteration 1/10 ---
Internal ctest changing into directory: /home/hep7/project/kairos/zlink/core/build
Test project /home/hep7/project/kairos/zlink/core/build
    Start 38: test_spot_service_introspection_handler_monitor_close
1/1 Test #38: test_spot_service_introspection_handler_monitor_close ...   Passed   21.83 sec

100% tests passed, 0 tests failed out of 1

Label Time Summary:
integration    =  21.83 sec*proc (1 test)
serial         =  21.83 sec*proc (1 test)

Total Test time (real) =  21.83 sec
--- test_spot_service_introspection_handler_monitor_close iteration 2/10 ---
Internal ctest changing into directory: /home/hep7/project/kairos/zlink/core/build
Test project /home/hep7/project/kairos/zlink/core/build
    Start 38: test_spot_service_introspection_handler_monitor_close
1/1 Test #38: test_spot_service_introspection_handler_monitor_close ...   Passed   21.81 sec

100% tests passed, 0 tests failed out of 1

Label Time Summary:
integration    =  21.81 sec*proc (1 test)
serial         =  21.81 sec*proc (1 test)

Total Test time (real) =  21.82 sec
--- test_spot_service_introspection_handler_monitor_close iteration 3/10 ---
Internal ctest changing into directory: /home/hep7/project/kairos/zlink/core/build
Test project /home/hep7/project/kairos/zlink/core/build
    Start 38: test_spot_service_introspection_handler_monitor_close
1/1 Test #38: test_spot_service_introspection_handler_monitor_close ...   Passed   21.76 sec

100% tests passed, 0 tests failed out of 1

Label Time Summary:
integration    =  21.76 sec*proc (1 test)
serial         =  21.76 sec*proc (1 test)

Total Test time (real) =  21.76 sec
--- test_spot_service_introspection_handler_monitor_close iteration 4/10 ---
Internal ctest changing into directory: /home/hep7/project/kairos/zlink/core/build
Test project /home/hep7/project/kairos/zlink/core/build
    Start 38: test_spot_service_introspection_handler_monitor_close
1/1 Test #38: test_spot_service_introspection_handler_monitor_close ...   Passed   21.76 sec

100% tests passed, 0 tests failed out of 1

Label Time Summary:
integration    =  21.76 sec*proc (1 test)
serial         =  21.76 sec*proc (1 test)

Total Test time (real) =  21.76 sec
--- test_spot_service_introspection_handler_monitor_close iteration 5/10 ---
Internal ctest changing into directory: /home/hep7/project/kairos/zlink/core/build
Test project /home/hep7/project/kairos/zlink/core/build
    Start 38: test_spot_service_introspection_handler_monitor_close
1/1 Test #38: test_spot_service_introspection_handler_monitor_close ...   Passed   21.84 sec

100% tests passed, 0 tests failed out of 1

Label Time Summary:
integration    =  21.84 sec*proc (1 test)
serial         =  21.84 sec*proc (1 test)

Total Test time (real) =  21.84 sec
--- test_spot_service_introspection_handler_monitor_close iteration 6/10 ---
Internal ctest changing into directory: /home/hep7/project/kairos/zlink/core/build
Test project /home/hep7/project/kairos/zlink/core/build
    Start 38: test_spot_service_introspection_handler_monitor_close
1/1 Test #38: test_spot_service_introspection_handler_monitor_close ...   Passed   21.72 sec

100% tests passed, 0 tests failed out of 1

Label Time Summary:
integration    =  21.72 sec*proc (1 test)
serial         =  21.72 sec*proc (1 test)

Total Test time (real) =  21.72 sec
--- test_spot_service_introspection_handler_monitor_close iteration 7/10 ---
Internal ctest changing into directory: /home/hep7/project/kairos/zlink/core/build
Test project /home/hep7/project/kairos/zlink/core/build
    Start 38: test_spot_service_introspection_handler_monitor_close
1/1 Test #38: test_spot_service_introspection_handler_monitor_close ...   Passed   21.83 sec

100% tests passed, 0 tests failed out of 1

Label Time Summary:
integration    =  21.83 sec*proc (1 test)
serial         =  21.83 sec*proc (1 test)

Total Test time (real) =  21.84 sec
--- test_spot_service_introspection_handler_monitor_close iteration 8/10 ---
Internal ctest changing into directory: /home/hep7/project/kairos/zlink/core/build
Test project /home/hep7/project/kairos/zlink/core/build
    Start 38: test_spot_service_introspection_handler_monitor_close
1/1 Test #38: test_spot_service_introspection_handler_monitor_close ...   Passed   21.74 sec

100% tests passed, 0 tests failed out of 1

Label Time Summary:
integration    =  21.74 sec*proc (1 test)
serial         =  21.74 sec*proc (1 test)

Total Test time (real) =  21.74 sec
--- test_spot_service_introspection_handler_monitor_close iteration 9/10 ---
Internal ctest changing into directory: /home/hep7/project/kairos/zlink/core/build
Test project /home/hep7/project/kairos/zlink/core/build
    Start 38: test_spot_service_introspection_handler_monitor_close
1/1 Test #38: test_spot_service_introspection_handler_monitor_close ...   Passed   21.80 sec

100% tests passed, 0 tests failed out of 1

Label Time Summary:
integration    =  21.80 sec*proc (1 test)
serial         =  21.80 sec*proc (1 test)

Total Test time (real) =  21.81 sec
--- test_spot_service_introspection_handler_monitor_close iteration 10/10 ---
Internal ctest changing into directory: /home/hep7/project/kairos/zlink/core/build
Test project /home/hep7/project/kairos/zlink/core/build
    Start 38: test_spot_service_introspection_handler_monitor_close
1/1 Test #38: test_spot_service_introspection_handler_monitor_close ...   Passed   21.67 sec

100% tests passed, 0 tests failed out of 1

Label Time Summary:
integration    =  21.67 sec*proc (1 test)
serial         =  21.67 sec*proc (1 test)

Total Test time (real) =  21.67 sec
=== Repeating test_spot_service_introspection_snapshots (10 iterations) ===
--- test_spot_service_introspection_snapshots iteration 1/10 ---
Internal ctest changing into directory: /home/hep7/project/kairos/zlink/core/build
Test project /home/hep7/project/kairos/zlink/core/build
    Start 44: test_spot_service_introspection_snapshots
1/1 Test #44: test_spot_service_introspection_snapshots ...   Passed    4.64 sec

100% tests passed, 0 tests failed out of 1

Label Time Summary:
integration    =   4.64 sec*proc (1 test)
serial         =   4.64 sec*proc (1 test)

Total Test time (real) =   4.65 sec
--- test_spot_service_introspection_snapshots iteration 2/10 ---
Internal ctest changing into directory: /home/hep7/project/kairos/zlink/core/build
Test project /home/hep7/project/kairos/zlink/core/build
    Start 44: test_spot_service_introspection_snapshots
1/1 Test #44: test_spot_service_introspection_snapshots ...   Passed    4.65 sec

100% tests passed, 0 tests failed out of 1

Label Time Summary:
integration    =   4.65 sec*proc (1 test)
serial         =   4.65 sec*proc (1 test)

Total Test time (real) =   4.66 sec
--- test_spot_service_introspection_snapshots iteration 3/10 ---
Internal ctest changing into directory: /home/hep7/project/kairos/zlink/core/build
Test project /home/hep7/project/kairos/zlink/core/build
    Start 44: test_spot_service_introspection_snapshots
1/1 Test #44: test_spot_service_introspection_snapshots ...   Passed    4.59 sec

100% tests passed, 0 tests failed out of 1

Label Time Summary:
integration    =   4.59 sec*proc (1 test)
serial         =   4.59 sec*proc (1 test)

Total Test time (real) =   4.60 sec
--- test_spot_service_introspection_snapshots iteration 4/10 ---
Internal ctest changing into directory: /home/hep7/project/kairos/zlink/core/build
Test project /home/hep7/project/kairos/zlink/core/build
    Start 44: test_spot_service_introspection_snapshots
1/1 Test #44: test_spot_service_introspection_snapshots ...   Passed    4.64 sec

100% tests passed, 0 tests failed out of 1

Label Time Summary:
integration    =   4.64 sec*proc (1 test)
serial         =   4.64 sec*proc (1 test)

Total Test time (real) =   4.64 sec
--- test_spot_service_introspection_snapshots iteration 5/10 ---
Internal ctest changing into directory: /home/hep7/project/kairos/zlink/core/build
Test project /home/hep7/project/kairos/zlink/core/build
    Start 44: test_spot_service_introspection_snapshots
1/1 Test #44: test_spot_service_introspection_snapshots ...   Passed    4.81 sec

100% tests passed, 0 tests failed out of 1

Label Time Summary:
integration    =   4.81 sec*proc (1 test)
serial         =   4.81 sec*proc (1 test)

Total Test time (real) =   4.81 sec
--- test_spot_service_introspection_snapshots iteration 6/10 ---
Internal ctest changing into directory: /home/hep7/project/kairos/zlink/core/build
Test project /home/hep7/project/kairos/zlink/core/build
    Start 44: test_spot_service_introspection_snapshots
1/1 Test #44: test_spot_service_introspection_snapshots ...   Passed    4.72 sec

100% tests passed, 0 tests failed out of 1

Label Time Summary:
integration    =   4.72 sec*proc (1 test)
serial         =   4.72 sec*proc (1 test)

Total Test time (real) =   4.72 sec
--- test_spot_service_introspection_snapshots iteration 7/10 ---
Internal ctest changing into directory: /home/hep7/project/kairos/zlink/core/build
Test project /home/hep7/project/kairos/zlink/core/build
    Start 44: test_spot_service_introspection_snapshots
1/1 Test #44: test_spot_service_introspection_snapshots ...   Passed    4.60 sec

100% tests passed, 0 tests failed out of 1

Label Time Summary:
integration    =   4.60 sec*proc (1 test)
serial         =   4.60 sec*proc (1 test)

Total Test time (real) =   4.61 sec
--- test_spot_service_introspection_snapshots iteration 8/10 ---
Internal ctest changing into directory: /home/hep7/project/kairos/zlink/core/build
Test project /home/hep7/project/kairos/zlink/core/build
    Start 44: test_spot_service_introspection_snapshots
1/1 Test #44: test_spot_service_introspection_snapshots ...   Passed    4.79 sec

100% tests passed, 0 tests failed out of 1

Label Time Summary:
integration    =   4.79 sec*proc (1 test)
serial         =   4.79 sec*proc (1 test)

Total Test time (real) =   4.79 sec
--- test_spot_service_introspection_snapshots iteration 9/10 ---
Internal ctest changing into directory: /home/hep7/project/kairos/zlink/core/build
Test project /home/hep7/project/kairos/zlink/core/build
    Start 44: test_spot_service_introspection_snapshots
1/1 Test #44: test_spot_service_introspection_snapshots ...   Passed    4.65 sec

100% tests passed, 0 tests failed out of 1

Label Time Summary:
integration    =   4.65 sec*proc (1 test)
serial         =   4.65 sec*proc (1 test)

Total Test time (real) =   4.65 sec
--- test_spot_service_introspection_snapshots iteration 10/10 ---
Internal ctest changing into directory: /home/hep7/project/kairos/zlink/core/build
Test project /home/hep7/project/kairos/zlink/core/build
    Start 44: test_spot_service_introspection_snapshots
1/1 Test #44: test_spot_service_introspection_snapshots ...   Passed    4.61 sec

100% tests passed, 0 tests failed out of 1

Label Time Summary:
integration    =   4.61 sec*proc (1 test)
serial         =   4.61 sec*proc (1 test)

Total Test time (real) =   4.61 sec
=== Thread-safe contract stress completed ===
