[2026-02-18 08:41:58] run scope stacks=cppserver sizes=64,1024,65536
[2026-02-18 08:41:58] settings host=127.0.0.1 ccu=10000 duration=5 repeats=3 inflight=1 client_io_threads=4 server_io_threads=2 max_attempts=10 retry_delay=2s case_gap=1s server_start_timeout=40s port_scan_limit=5000 sndbuf=1048576 rcvbuf=1048576 backlog=32768 tcp_nodelay=1 base_port=20826
[2026-02-18 08:41:58] build stream client
[2026-02-18 08:41:59] build cppserver server
[2026-02-18 08:42:02] run start stack=cppserver size=64 repeat=1 attempt=1 ccu=10000 duration=5 inflight=1 port=20827
[2026-02-18 08:42:07] run pass stack=cppserver size=64 repeat=1 tp=367940.40 p95_us=28123.38
[2026-02-18 08:42:08] run start stack=cppserver size=64 repeat=2 attempt=1 ccu=10000 duration=5 inflight=1 port=20829
[2026-02-18 08:42:14] run pass stack=cppserver size=64 repeat=2 tp=365124.20 p95_us=28134.82
[2026-02-18 08:42:15] run start stack=cppserver size=64 repeat=3 attempt=1 ccu=10000 duration=5 inflight=1 port=20831
[2026-02-18 08:42:20] run pass stack=cppserver size=64 repeat=3 tp=365107.80 p95_us=29119.71
[2026-02-18 08:42:21] run start stack=cppserver size=1024 repeat=1 attempt=1 ccu=10000 duration=5 inflight=1 port=20833
[2026-02-18 08:42:26] run pass stack=cppserver size=1024 repeat=1 tp=332770.60 p95_us=25076.92
[2026-02-18 08:42:27] run start stack=cppserver size=1024 repeat=2 attempt=1 ccu=10000 duration=5 inflight=1 port=20835
[2026-02-18 08:42:33] run pass stack=cppserver size=1024 repeat=2 tp=323159.80 p95_us=31850.63
[2026-02-18 08:42:34] run start stack=cppserver size=1024 repeat=3 attempt=1 ccu=10000 duration=5 inflight=1 port=20837
[2026-02-18 08:42:40] run pass stack=cppserver size=1024 repeat=3 tp=331927.00 p95_us=30608.14
[2026-02-18 08:42:41] run start stack=cppserver size=65536 repeat=1 attempt=1 ccu=10000 duration=5 inflight=1 port=20838
[2026-02-18 08:42:48] run pass stack=cppserver size=65536 repeat=1 tp=67754.00 p95_us=43493.70
[2026-02-18 08:42:48] run start stack=cppserver size=65536 repeat=2 attempt=1 ccu=10000 duration=5 inflight=1 port=20839
[2026-02-18 08:42:55] run pass stack=cppserver size=65536 repeat=2 tp=70979.60 p95_us=44704.79
[2026-02-18 08:42:56] run start stack=cppserver size=65536 repeat=3 attempt=1 ccu=10000 duration=5 inflight=1 port=20841
[2026-02-18 08:43:03] run pass stack=cppserver size=65536 repeat=3 tp=70516.80 p95_us=44669.14
[2026-02-18 08:43:04] result_dir=doc/plan/baseline/20260218_rrtie_cpp_all
[2026-02-18 08:43:04] metrics_csv=doc/plan/baseline/20260218_rrtie_cpp_all/metrics.csv
[2026-02-18 08:43:04] summary_json=doc/plan/baseline/20260218_rrtie_cpp_all/summary.json
[2026-02-18 08:43:04] comparison_md=doc/plan/baseline/20260218_rrtie_cpp_all/comparison.md
[2026-02-18 08:43:04] completed all runs
