
## Effective Options (single)
- runs: 1
- duration_seconds: 5
- latency_seconds: 5
- timeout_seconds: 120
- sndtimeo_ms: 200
- recvtimeo_ms: 200
- hwm: 16
- sndhwm: 16
- rcvhwm: 16
- io_threads: 0
- xpub_nodrop: 1
- patterns: PUBSUB
- transports: tcp,inproc
- msg_sizes: 64
- build_dir: /home/hep7/project/kairos/zlink/core/build/bin

## PATTERN: PUBSUB
  > Benchmarking libzmq for PUBSUB...
  > Benchmarking zlink for PUBSUB...
### Transport: tcp
| Size   | Metric     |  Standard libzmq |            zlink |  Diff (%) |
|--------|------------|------------------|------------------|-----------|
| 64B    | Throughput |    530.85 Kmsg/s |    557.21 Kmsg/s |    +4.96% |
| 64B    | Latency    |         77.50 ms |        333.38 ms |  -330.17% |
| 64B    | SndPending |              N/A |             9.00 |       N/A |
| 64B    | RcvPending |              N/A |            15.00 |       N/A |
| 64B    | RcvEnd     |              N/A |             0.00 |       N/A |
  > Benchmarking libzmq for PUBSUB...
  > Benchmarking zlink for PUBSUB...
### Transport: inproc
| Size   | Metric     |  Standard libzmq |            zlink |  Diff (%) |
|--------|------------|------------------|------------------|-----------|
| 64B    | Throughput |    946.48 Kmsg/s |   1119.59 Kmsg/s |   +18.29% |
| 64B    | Latency    |          0.02 ms |          0.01 ms |   +17.57% |
| 64B    | SndPending |              N/A |            20.00 |       N/A |
| 64B    | RcvPending |              N/A |            28.00 |       N/A |
| 64B    | RcvEnd     |              N/A |             0.00 |       N/A |

Saved result file: /home/hep7/project/kairos/zlink/core/bench/with_zmq/results/single/report/perf_linux_20260328_082433_codex_20260328_pubsub_queue_probe_hwm16.txt
