
## Effective Options (single)
- runs: 1
- duration_seconds: 5
- latency_seconds: 5
- timeout_seconds: 120
- sndtimeo_ms: 200
- recvtimeo_ms: 200
- hwm: 1000
- sndhwm: 1000
- rcvhwm: 1000
- io_threads: 0
- xpub_nodrop: 1
- patterns: PUBSUB
- transports: tcp,inproc
- msg_sizes: 64
- build_dir: /home/hep7/project/kairos/zlink/core/build/bin

## PATTERN: PUBSUB
  > Benchmarking libzmq for PUBSUB...
  > Benchmarking zlink for PUBSUB...
### Transport: tcp
| Size   | Metric     |  Standard libzmq |            zlink |  Diff (%) |
|--------|------------|------------------|------------------|-----------|
| 64B    | Throughput |   3347.61 Kmsg/s |   2382.65 Kmsg/s |   -28.83% |
| 64B    | Latency    |         57.75 ms |          0.05 ms |   +99.91% |
  > Benchmarking libzmq for PUBSUB...
  > Benchmarking zlink for PUBSUB...
### Transport: inproc
| Size   | Metric     |  Standard libzmq |            zlink |  Diff (%) |
|--------|------------|------------------|------------------|-----------|
| 64B    | Throughput |   3971.43 Kmsg/s |   2149.74 Kmsg/s |   -45.87% |
| 64B    | Latency    |          0.01 ms |          0.02 ms |   -47.96% |

Saved result file: /home/hep7/project/kairos/zlink/core/bench/with_zmq/results/single/report/perf_linux_20260328_080439_codex_20260328_pubsub_hwm_probe_1000.txt
