
## Effective Options (single)
- runs: 1
- duration_seconds: 5
- latency_seconds: 5
- timeout_seconds: 120
- sndtimeo_ms: 200
- recvtimeo_ms: 200
- hwm: 16
- sndhwm: 16
- rcvhwm: 16
- io_threads: 0
- xpub_nodrop: 1
- patterns: PUBSUB
- transports: tcp,inproc
- msg_sizes: 64
- build_dir: /home/hep7/project/kairos/zlink/core/build/bin

## PATTERN: PUBSUB
  > Benchmarking libzmq for PUBSUB...
  > Benchmarking zlink for PUBSUB...
### Transport: tcp
| Size   | Metric     |  Standard libzmq |            zlink |  Diff (%) |
|--------|------------|------------------|------------------|-----------|
| 64B    | Throughput |    542.96 Kmsg/s |    609.95 Kmsg/s |   +12.34% |
| 64B    | Latency    |         72.33 ms |        290.32 ms |  -301.36% |
  > Benchmarking libzmq for PUBSUB...
  > Benchmarking zlink for PUBSUB...
### Transport: inproc
| Size   | Metric     |  Standard libzmq |            zlink |  Diff (%) |
|--------|------------|------------------|------------------|-----------|
| 64B    | Throughput |   1107.70 Kmsg/s |   1165.16 Kmsg/s |    +5.19% |
| 64B    | Latency    |          0.01 ms |          0.01 ms |    -5.76% |

Saved result file: /home/hep7/project/kairos/zlink/core/bench/with_zmq/results/single/report/perf_linux_20260328_080329_codex_20260328_pubsub_hwm_probe_16.txt
