
## Effective Options (single)
- runs: 1
- duration_seconds: 5
- latency_seconds: 5
- timeout_seconds: 120
- sndtimeo_ms: 200
- recvtimeo_ms: 200
- hwm: 256
- sndhwm: 256
- rcvhwm: 256
- io_threads: 0
- xpub_nodrop: 1
- patterns: PUBSUB
- transports: tcp,inproc
- msg_sizes: 64
- build_dir: /home/hep7/project/kairos/zlink/core/build/bin

## PATTERN: PUBSUB
  > Benchmarking libzmq for PUBSUB...
  > Benchmarking zlink for PUBSUB...
### Transport: tcp
| Size   | Metric     |  Standard libzmq |            zlink |  Diff (%) |
|--------|------------|------------------|------------------|-----------|
| 64B    | Throughput |   3178.66 Kmsg/s |   2477.68 Kmsg/s |   -22.05% |
| 64B    | Latency    |         58.32 ms |          0.05 ms |   +99.91% |
  > Benchmarking libzmq for PUBSUB...
  > Benchmarking zlink for PUBSUB...
### Transport: inproc
| Size   | Metric     |  Standard libzmq |            zlink |  Diff (%) |
|--------|------------|------------------|------------------|-----------|
| 64B    | Throughput |   3440.43 Kmsg/s |   2097.50 Kmsg/s |   -39.03% |
| 64B    | Latency    |          0.01 ms |          0.01 ms |    +9.38% |

Saved result file: /home/hep7/project/kairos/zlink/core/bench/with_zmq/results/single/report/perf_linux_20260328_080415_codex_20260328_pubsub_hwm_probe_256.txt
