
## Effective Options (single)
- runs: 1
- duration_seconds: 5
- latency_seconds: 5
- timeout_seconds: 120
- sndtimeo_ms: 200
- recvtimeo_ms: 200
- hwm: 1000
- sndhwm: 1000
- rcvhwm: 1000
- io_threads: 0
- xpub_nodrop: 1
- patterns: PUBSUB
- transports: tcp,inproc
- msg_sizes: 64
- build_dir: /home/hep7/project/kairos/zlink/core/build/bin

## PATTERN: PUBSUB
  > Benchmarking libzmq for PUBSUB...
  > Benchmarking zlink for PUBSUB...
### Transport: tcp
| Size   | Metric     |  Standard libzmq |            zlink |  Diff (%) |
|--------|------------|------------------|------------------|-----------|
| 64B    | Throughput |   3745.86 Kmsg/s |   2519.11 Kmsg/s |   -32.75% |
| 64B    | Latency    |         53.65 ms |          0.05 ms |   +99.90% |
| 64B    | SndPending |              N/A |           654.00 |       N/A |
| 64B    | RcvPending |              N/A |           513.00 |       N/A |
| 64B    | RcvEnd     |              N/A |             0.00 |       N/A |
  > Benchmarking libzmq for PUBSUB...
  > Benchmarking zlink for PUBSUB...
### Transport: inproc
| Size   | Metric     |  Standard libzmq |            zlink |  Diff (%) |
|--------|------------|------------------|------------------|-----------|
| 64B    | Throughput |   3654.06 Kmsg/s |   2188.13 Kmsg/s |   -40.12% |
| 64B    | Latency    |          0.04 ms |          0.03 ms |   +12.49% |
| 64B    | SndPending |              N/A |          1450.00 |       N/A |
| 64B    | RcvPending |              N/A |           725.00 |       N/A |
| 64B    | RcvEnd     |              N/A |             0.00 |       N/A |

Saved result file: /home/hep7/project/kairos/zlink/core/bench/with_zmq/results/single/report/perf_linux_20260328_082400_codex_20260328_pubsub_queue_probe_report.txt
