
## Effective Options (single)
- runs: 1
- duration_seconds: 5
- latency_seconds: 5
- timeout_seconds: 120
- sndtimeo_ms: 200
- recvtimeo_ms: 200
- hwm: 1000
- sndhwm: 1000
- rcvhwm: 1000
- io_threads: 0
- xpub_nodrop: 0
- patterns: PUBSUB
- transports: tcp,inproc
- msg_sizes: 64
- build_dir: /home/hep7/project/kairos/zlink/core/build/bin

## PATTERN: PUBSUB
  > Benchmarking libzmq for PUBSUB...
  > Benchmarking zlink for PUBSUB...
### Transport: tcp
| Size   | Metric     |  Standard libzmq |            zlink |  Diff (%) |
|--------|------------|------------------|------------------|-----------|
| 64B    | Throughput |   1216.00 Kmsg/s |   1219.36 Kmsg/s |    +0.28% |
| 64B    | Latency    |          0.16 ms |          0.09 ms |   +45.52% |
| 64B    | SndPending |              N/A |           508.00 |       N/A |
| 64B    | RcvPending |              N/A |           622.00 |       N/A |
| 64B    | RcvEnd     |              N/A |             0.00 |       N/A |
  > Benchmarking libzmq for PUBSUB...
  > Benchmarking zlink for PUBSUB...
### Transport: inproc
| Size   | Metric     |  Standard libzmq |            zlink |  Diff (%) |
|--------|------------|------------------|------------------|-----------|
| 64B    | Throughput |   2430.94 Kmsg/s |   2148.13 Kmsg/s |   -11.63% |
| 64B    | Latency    |          0.02 ms |          0.02 ms |   +24.58% |
| 64B    | SndPending |              N/A |           946.00 |       N/A |
| 64B    | RcvPending |              N/A |          1017.00 |       N/A |
| 64B    | RcvEnd     |              N/A |             0.00 |       N/A |

Saved result file: /home/hep7/project/kairos/zlink/core/bench/with_zmq/results/single/report/perf_linux_20260328_082433_codex_20260328_pubsub_queue_probe_nodrop0.txt
