[2026-02-18 07:02:26] run scope stacks=zlink sizes=64,1024,65536
[2026-02-18 07:02:26] settings host=127.0.0.1 ccu=10000 duration=5 repeats=3 inflight=1 client_io_threads=4 server_io_threads=2 max_attempts=10 retry_delay=2s case_gap=1s server_start_timeout=40s port_scan_limit=5000 sndbuf=1048576 rcvbuf=1048576 backlog=32768 tcp_nodelay=1 base_port=21618
[2026-02-18 07:02:26] build stream client
[2026-02-18 07:02:27] build zlink server
[2026-02-18 07:02:27] run start stack=zlink size=64 repeat=1 attempt=1 ccu=10000 duration=5 inflight=1 port=21619
[2026-02-18 07:02:33] run pass stack=zlink size=64 repeat=1 tp=235475.20 p95_us=45839.39
[2026-02-18 07:02:35] run start stack=zlink size=64 repeat=2 attempt=1 ccu=10000 duration=5 inflight=1 port=21620
[2026-02-18 07:02:40] run pass stack=zlink size=64 repeat=2 tp=238863.20 p95_us=45090.27
[2026-02-18 07:02:41] run start stack=zlink size=64 repeat=3 attempt=1 ccu=10000 duration=5 inflight=1 port=21621
[2026-02-18 07:02:46] run pass stack=zlink size=64 repeat=3 tp=235166.80 p95_us=47179.09
[2026-02-18 07:02:47] run start stack=zlink size=1024 repeat=1 attempt=1 ccu=10000 duration=5 inflight=1 port=21623
[2026-02-18 07:02:53] run pass stack=zlink size=1024 repeat=1 tp=213750.00 p95_us=49831.62
[2026-02-18 07:02:54] run start stack=zlink size=1024 repeat=2 attempt=1 ccu=10000 duration=5 inflight=1 port=21625
[2026-02-18 07:03:00] run pass stack=zlink size=1024 repeat=2 tp=212806.20 p95_us=49296.27
[2026-02-18 07:03:01] run start stack=zlink size=1024 repeat=3 attempt=1 ccu=10000 duration=5 inflight=1 port=21627
[2026-02-18 07:03:07] run pass stack=zlink size=1024 repeat=3 tp=215163.20 p95_us=49195.47
[2026-02-18 07:03:08] run start stack=zlink size=65536 repeat=1 attempt=1 ccu=10000 duration=5 inflight=1 port=21629
[2026-02-18 07:03:14] run pass stack=zlink size=65536 repeat=1 tp=67265.80 p95_us=163303.71
[2026-02-18 07:03:15] run start stack=zlink size=65536 repeat=2 attempt=1 ccu=10000 duration=5 inflight=1 port=21631
[2026-02-18 07:03:21] run pass stack=zlink size=65536 repeat=2 tp=66709.20 p95_us=166179.80
[2026-02-18 07:03:23] run start stack=zlink size=65536 repeat=3 attempt=1 ccu=10000 duration=5 inflight=1 port=21633
[2026-02-18 07:03:29] run pass stack=zlink size=65536 repeat=3 tp=66270.20 p95_us=152838.21
[2026-02-18 07:03:30] result_dir=doc/plan/baseline/20260218_sharedctx_raw_final
[2026-02-18 07:03:30] metrics_csv=doc/plan/baseline/20260218_sharedctx_raw_final/metrics.csv
[2026-02-18 07:03:30] summary_json=doc/plan/baseline/20260218_sharedctx_raw_final/summary.json
[2026-02-18 07:03:30] comparison_md=doc/plan/baseline/20260218_sharedctx_raw_final/comparison.md
[2026-02-18 07:03:30] completed all runs
